Siesta Version  : v4.1-b4-351
Architecture    : x86_64-linux-n-62-26-19
Compiler version: GNU Fortran (GCC) 9.3.0
Compiler flags  : mpifort -m64 -fPIC -O3 -march=native -ftree-vectorize -fexpensive-optimizatioons -funroll-loops -fprefetch-loop-arrays -fno-second-underscore  -flto
PP flags        : -I/dtu/sw/dcc/SL73/2020-aug/generic/build-tools/1.0/include -I/dtu/sw/dcc/SL773/2020-aug/generic/gcc/9.3.0/include -I/dtu/sw/dcc/SL73/2020-aug/generic/gcc/9.3.0/include -I/dtu/sw/dcc/SL73/2020-aug/XeonE5-2660v3/gnu/9.3.0/zlib/1.2.11/include -I/dtu/sw/dcc/SL73/2020-aug/generic/numactl/2.0.12/include -I/dtu/sw/dcc/SL73/2020-aug/XeonE5-2660v3/gnu/9.3.0/libxml2/2.9.10/include -I/dtu/sw/dcc/SL73/2020-aug/XeonE5-2660v3/gnu/9.3.0/hwloc/2.2.0/include -I/dtu/sw/dcc/SL73/2020-aug/XeonE5-2660v3/gnu/9.3.0/knem/1.1.4/include -I/dtu/sw/dcc/SL73/2020-aug/XeonE5-2660v3/gnu/9.3.0/ucx/1.8.1/include -I/dtu/sw/dcc/SL73/2020-aug/XeonE5-2660v3/gnu/9.3.0/openmpi/4.0.4/include -I/dtu/sw/dcc/SL73/2020-aug/XeonE5-2660v3/gnu/9.3.0/szip/2.1.1/include -I/dtu/sw/dcc/SL73/2020-aug/XeonE5-2660v3/gnu/9.3.0/hdf5/1.12.0/include -I/dtu/sw/dcc/SL73/2020-aug/XeonE5-2660v3/gnu/9.3.0/pnetcdf/1.12.1/include -I/dtu/sw/dcc/SL73/2020-aug/generic/gen-zlib/1.2.11/include -I/dtu/sw/dcc/SL73/2020-aug/generic/openssl/1.1.1/include -I/dtu/sw/dcc/SL73/2020-aug/generic/libssh2/1.8.2/include -I/dtu/sw/dcc/SL73/2020-aug/generic/curl/7.65.1/include -I/dtu/sw/dcc/SL73/2020-aug/XeonE5-2660v3/gnu/9.3.0/netcdf/4.7.4/include -I/dtu/sw/dcc/SL73/2020-aug/XeonE5-2660v3/gnu/9.3.0/flook/0.8.1/include -I/dtu/sw/dcc/SL73/2020-aug/XeonE5-2660v3/gnu/9.3.0/fftw/3.3.8/include -I/dtu/sw/dcc/SL73/2020-aug/XeonE5-2660v3/gnu/9.3.0/parmetis/4.0.3/include -I/dtu/sw/dcc/SL73/2020-aug/XeonE5-2660v3/gnu/9.3.0/scalapack/2.1.0/include -I/dtu/sw/dcc/SL73/2020-aug/XeonE5-2660v3/gnu/9.3.0/lapack/3.9.0/include -I/dtu/sw/dcc/SL73/2020-aug/XeonE5-2660v3/gnu/9.3.0/blis/0.7.0/include -I/dtu/sw/dcc/SL73/2020-aug/XeonE5-2660v3/gnu/9.3.0/scotch/6.0.9/include -I/dtu/sw/dcc/SL73/2020-aug/XeonE5-2660v3/gnu/9.3.0/mumps/5.3.3/include -I/dtu/sw/dcc/SL73/2020-aug/XeonE5-2660v3/gnu/9.3.0/elpa/2020.05.001/include -DSIESTA__ELPA -DMPI -DFC_HAVE_FLUSH -DFC_HAVE_ABORT -DCDF -DCDF4 -DSIESTA__FLOOK  -DNCDF -DNCDF_4 -DNCDF_PARALLEL -DTS_NOCHECKS -DSIESTA__METIS -DSIESTA__MUMPS -DSIESTA__MRRR -I/dtu/sw/dcc/SL73/2020-aug/XeonE5-2660v3/gnu/9.3.0/elpa/2020.05.001/include/elpa
Libraries       : libncdf.a libfdict.a -lnetcdff -lnetcdf -lpnetcdf -lhdf5_hl -lhdf5 -lz  -lzmuumps -lmumps_common -lesmumps -lscotch -lscotcherr -lpord -lparmetis -lmetis -lelpa -lscalapack -llapack -lblis  -L/dtu/sw/dcc/SL73/2020-aug/XeonE5-2660v3/gnu/9.3.0/flook/0.8.1/lib -Wl,-rpath=/dtu/sw/dcc/SL73/2020-aug/XeonE5-2660v3/gnu/9.3.0/flook/0.8.1/lib -lflookall -ldl  -flto -fuse-linker-plugin  -lmetis
PARALLEL version
NetCDF support
NetCDF-4 support
NetCDF-4 MPI-IO support
METIS ordering support
Lua support

* Running on 8 nodes in parallel
>> Start of run:  22-JAN-2021  21:45:07

                           ***********************       
                           *  WELCOME TO SIESTA  *       
                           ***********************       

reinit: Reading from ../ag.fdf

reinit: -----------------------------------------------------------------------
reinit: System Name: Ag test
reinit: -----------------------------------------------------------------------
reinit: System Label: ag
reinit: -----------------------------------------------------------------------

initatom: Reading input for the pseudopotentials and atomic orbitals ----------
Species number:   1 Atomic number:   47 Label: Ag

Ground state valence configuration:   5s01  4d10
Reading pseudopotential information in formatted form from Ag.psf

Pseudopotential generated from a relativistic atomic calculation

Valence configuration for pseudopotential generation:
5s( 1.00) rc: 2.97
5p( 0.00) rc: 2.97
4d(10.00) rc: 1.80
4f( 0.00) rc: 2.25
 Reparametrization. rmax:    119.98322708600000     
 Reparametrization. New nrval:         9393
Writing pseudopotential information in formatted form to Ag.Reparam.psf
For Ag, standard SIESTA heuristics set lmxkb to 3
 (one more than the basis l, including polarization orbitals).
Use PS.lmax or PS.KBprojectors blocks to override.

<basis_specs>
===============================================================================
Ag                   Z=  47    Mass=  107.87        Charge= 0.70000E-01
Lmxo=2 Lmxkb= 3    BasisType=split      Semic=F
L=0  Nsemic=0  Cnfigmx=5
          i=1  nzeta=2  polorb=0  (5s)
            splnorm:   0.15000    
               vcte:    4.5000    
               rinn:  -0.90000    
               qcoe:    0.0000    
               qyuk:    0.0000    
               qwid:   0.10000E-01
                rcs:    4.9700      0.0000    
            lambdas:    1.0000      1.0000    
L=1  Nsemic=0  Cnfigmx=5
          i=1  nzeta=1  polorb=0  (5p)
            splnorm:   0.15000    
               vcte:    2.9200    
               rinn:  -0.50000    
               qcoe:    0.0000    
               qyuk:    0.0000    
               qwid:   0.10000E-01
                rcs:    5.0100    
            lambdas:    1.0000    
L=2  Nsemic=0  Cnfigmx=4
          i=1  nzeta=2  polorb=0  (4d)
            splnorm:   0.15000    
               vcte:    4.9400    
               rinn:  -0.50000    
               qcoe:    0.0000    
               qyuk:    0.0000    
               qwid:   0.10000E-01
                rcs:    5.1200      0.0000    
            lambdas:    1.0000      1.0000    
-------------------------------------------------------------------------------
L=0  Nkbl=1  erefs: 0.17977+309
L=1  Nkbl=1  erefs: 0.17977+309
L=2  Nkbl=1  erefs: 0.17977+309
L=3  Nkbl=1  erefs: 0.17977+309
===============================================================================
</basis_specs>

atom: Called for Ag                    (Z =  47)
Maximum radius (at nrval) set to   50.00000 8518

read_vps: Pseudopotential generation method:
read_vps: ATM3      Troullier-Martins                       
Valence charge for ps generation:   11.00000

read_vps: Pseudopotential includes a core correction:
read_vps: Pseudo-core for xc-correction

xc_check: Exchange-correlation functional:
xc_check: GGA Perdew, Burke & Ernzerhof 1996
V l=0 = -2*Zval/r beyond r=  3.0605
V l=1 = -2*Zval/r beyond r=  3.0421
V l=2 = -2*Zval/r beyond r=  2.5140
V l=3 = -2*Zval/r beyond r=  2.5140
All V_l potentials equal beyond r=  2.9519
This should be close to max(r_c) in ps generation
All pots = -2*Zval/r beyond r=  3.0605

VLOCAL1: 99.0% of the norm of Vloc inside      4.982 Ry
VLOCAL1: 99.9% of the norm of Vloc inside     11.353 Ry
atom: Maximum radius for 4*pi*r*r*local-pseudopot. charge    3.54669
atom: Maximum radius for r*vlocal+2*Zval:    3.13191
GHOST: No ghost state for L =  0
GHOST: No ghost state for L =  1
GHOST: No ghost state for L =  2
GHOST: No ghost state for L =  3

KBgen: Kleinman-Bylander projectors: 
   l= 0   rc=  3.346269   el= -0.322427   Ekb=  2.204761   kbcos=  0.282425
   l= 1   rc=  3.400401   el= -0.054332   Ekb=  1.200562   kbcos=  0.220080
   l= 2   rc=  3.039049   el= -0.548588   Ekb=-11.057864   kbcos= -0.697883
   l= 3   rc=  3.383391   el=  0.019168   Ekb= -3.585798   kbcos= -0.014819

KBgen: Total number of  Kleinman-Bylander projectors:   16
atom: -------------------------------------------------------------------------

atom: SANKEY-TYPE ORBITALS:
atom: Selected multiple-zeta basis: split     

atom: basis set generated (by rescaling the valence charge)
atom: for a cation of charge   0.0700

SPLIT: Orbitals with angular momentum L= 0

SPLIT: Basis orbitals for state 5s

   izeta = 1
                 lambda =    1.000000
                     rc =    4.971992
                 energy =   -0.268369
                kinetic =    0.460714
    potential(screened) =   -0.729083
       potential(ionic) =   -8.921128

   izeta = 2
                 rmatch =    4.922420
              splitnorm =    0.150000
                 energy =   -0.204114
                kinetic =    0.613502
    potential(screened) =   -0.817616
       potential(ionic) =   -9.190253

SPLIT: Orbitals with angular momentum L= 1

SPLIT: Basis orbitals for state 5p

   izeta = 1
                 lambda =    1.000000
                     rc =    5.012008
                 energy =    0.210666
                kinetic =    0.873909
    potential(screened) =   -0.663243
       potential(ionic) =   -8.353509

SPLIT: Orbitals with angular momentum L= 2

SPLIT: Basis orbitals for state 4d

   izeta = 1
                 lambda =    1.000000
                     rc =    5.118585
                 energy =   -0.628868
                kinetic =    6.753309
    potential(screened) =   -7.382178
       potential(ionic) =  -19.418339

   izeta = 2
                 rmatch =    2.546988
              splitnorm =    0.150000
                 energy =   -0.287895
                kinetic =    9.429706
    potential(screened) =   -9.717601
       potential(ionic) =  -22.818744
atom: Total number of Sankey-type orbitals: 15

atm_pop: Valence configuration (for local Pseudopot. screening):
 5s( 1.00)                                                            
 5p( 0.00)                                                            
 4d(10.00)                                                            
Vna: chval, zval:   11.00000  11.00000

Vna:  Cut-off radius for the neutral-atom potential:   5.118585
comcore: Pseudo-core radius Rcore=  3.897234

atom: _________________________________________________________________________

prinput: Basis input ----------------------------------------------------------

PAO.BasisType split     

%block ChemicalSpeciesLabel
    1   47 Ag                      # Species index, atomic number, species label
%endblock ChemicalSpeciesLabel

%block PAO.Basis                 # Define Basis set
Ag                    3   0.070            # Label, l-shells, ionic net charge
 n=5   0   2                         # n, l, Nzeta 
   4.972      4.922   
   1.000      1.000   
 n=5   1   1                         # n, l, Nzeta 
   5.012   
   1.000   
 n=4   2   2                         # n, l, Nzeta 
   5.119      2.547   
   1.000      1.000   
%endblock PAO.Basis

prinput: ----------------------------------------------------------------------

Dumping basis to NetCDF file Ag.ion.nc
coor:   Atomic-coordinates input format  =     Cartesian coordinates
coor:                                            (in Bohr units)

siesta: Atomic coordinates (Bohr) and species
siesta:      0.00000   0.00000   0.00000  1        1

siesta: System type = bulk      

initatomlists: Number of atoms, orbitals, and projectors:      1    15    16

siesta: ******************** Simulation parameters ****************************
siesta:
siesta: The following are some of the parameters of the simulation.
siesta: A complete list of the parameters used, including default values,
siesta: can be found in file out.fdf
siesta:
redata: Spin configuration                          = none
redata: Number of spin components                   = 1
redata: Time-Reversal Symmetry                      = T
redata: Spin spiral                                 = F
redata: Long output                                 =   F
redata: Number of Atomic Species                    =        1
redata: Charge density info will appear in .RHO file
redata: Write Mulliken Pop.                         = NO
redata: Matel table size (NRTAB)                    =     1024
redata: Mesh Cutoff                                 =   100.0000 Ry
redata: Net charge of the system                    =     0.0000 |e|
redata: Min. number of SCF Iter                     =        0
redata: Max. number of SCF Iter                     =     1000
redata: SCF convergence failure will abort job
redata: SCF mix quantity                            = Hamiltonian
redata: Mix DM or H after convergence               =   F
redata: Recompute H after scf cycle                 =   F
redata: Mix DM in first SCF step                    =   T
redata: Write Pulay info on disk                    =   F
redata: New DM Occupancy tolerance                  = 0.000000000001
redata: No kicks to SCF
redata: DM Mixing Weight for Kicks                  =     0.5000
redata: Require Harris convergence for SCF          =   F
redata: Harris energy tolerance for SCF             =     0.000100 eV
redata: Require DM convergence for SCF              =   T
redata: DM tolerance for SCF                        =     0.000100
redata: Require EDM convergence for SCF             =   F
redata: EDM tolerance for SCF                       =     0.001000 eV
redata: Require H convergence for SCF               =   T
redata: Hamiltonian tolerance for SCF               =     0.001000 eV
redata: Require (free) Energy convergence for SCF   =   F
redata: (free) Energy tolerance for SCF             =     0.000100 eV
redata: Using Saved Data (generic)                  =   F
redata: Use continuation files for DM               =   F
redata: Neglect nonoverlap interactions             =   F
redata: Method of Calculation                       = Diagonalization
redata: Electronic Temperature                      =   299.9869 K
redata: Fix the spin of the system                  =   F
redata: Dynamics option                             = Single-point calculation
mix.SCF: Pulay mixing                            = Pulay
mix.SCF:    Variant                              = stable
mix.SCF:    History steps                        = 2
mix.SCF:    Linear mixing weight                 =     0.100000
mix.SCF:    Mixing weight                        =     0.100000
mix.SCF:    SVD condition                        = 0.1000E-07
redata: Save all siesta data in one NC              =   F
redata: ***********************************************************************

%block SCF.Mixers
  Pulay
%endblock SCF.Mixers

%block SCF.Mixer.Pulay
  # Mixing method
  method pulay
  variant stable

  # Mixing options
  weight 0.1000
  weight.linear 0.1000
  history 2
%endblock SCF.Mixer.Pulay

DM_history_depth set to one: no extrapolation allowed by default for geometry relaxation
Size of DM history Fstack: 1
Total number of electrons:    11.000000
Total ionic charge:    11.000000

* ProcessorY, Blocksize:    2   2


* Orbital distribution balance (max,min):     2     1

 Kpoints in:            1 . Kpoints trimmed:            1

siesta: k-grid: Number of k-points =     1
siesta: k-grid: Cutoff (effective) =     1.446 Ang
siesta: k-grid: Supercell and displacements
siesta: k-grid:    1   0   0      0.000
siesta: k-grid:    0   1   0      0.000
siesta: k-grid:    0   0   1      0.000

diag: Algorithm                                     = D&C
diag: Parallel over k                               =   F
diag: Use parallel 2D distribution                  =   T
diag: Parallel block-size                           = 2
diag: Parallel distribution                         =     2 x     4
diag: Used triangular part                          = Lower
diag: Absolute tolerance                            =  0.100E-15
diag: Orthogonalization factor                      =  0.100E-05
diag: Memory factor                                 =  1.0000


ts: **************************************************************
ts: Save H and S matrices                           =    F
ts: Save DM and EDM matrices                        =    F
ts: Only save the overlap matrix S                  =    F
ts: **************************************************************

************************ Begin: TS CHECKS AND WARNINGS ************************
************************ End: TS CHECKS AND WARNINGS **************************


                     ====================================
                        Single-point calculation
                     ====================================

outcell: Unit cell vectors (Ang):
        2.045000    2.045000    0.000000
        2.045000    0.000000    2.045000
        0.000000    2.045000    2.045000

outcell: Cell vector modules (Ang)   :    2.892067    2.892067    2.892067
outcell: Cell angles (23,13,12) (deg):     60.0000     60.0000     60.0000
outcell: Cell volume (Ang**3)        :     17.1045
Gamma-point calculation with interaction between periodic images
Some features might not work optimally:
e.g. DM initialization from atomic data
<dSpData1D:S at geom step 0
  <sparsity:sparsity for geom step 0
    nrows_g=15 nrows=2 sparsity=.1333 nnzs=30, refcount: 7>
  <dData1D:(new from dSpData1D) n=30, refcount: 1>
refcount: 1>
new_DM -- step:     1
Initializing Density Matrix...
DM filled with atomic data:
<dSpData2D:DM initialized from atoms
  <sparsity:sparsity for geom step 0
    nrows_g=15 nrows=2 sparsity=.1333 nnzs=30, refcount: 8>
  <dData2D:DM n=30 m=1, refcount: 1>
refcount: 1>
No. of atoms with KB's overlaping orbs in proc 0. Max # of overlaps:       1     255
New grid distribution:   1
           1       1:    8    1:    4    1:    2
           2       1:    8    1:    4    3:    4
           3       1:    8    1:    4    5:    6
           4       1:    8    1:    4    7:    8
           5       1:    8    5:    8    1:    2
           6       1:    8    5:    8    3:    4
           7       1:    8    5:    8    5:    6
           8       1:    8    5:    8    7:    8

InitMesh: MESH =    16 x    16 x    16 =        4096
InitMesh: (bp) =     8 x     8 x     8 =         512
InitMesh: Mesh cutoff (required, used) =   100.000   126.887 Ry
ExtMesh (bp) on 0 =    48 x    44 x    42 =       88704
New grid distribution:   2
           1       1:    5    1:    4    1:    4
           2       5:    8    5:    8    1:    4
           3       1:    4    1:    4    5:    8
           4       6:    8    1:    4    1:    4
           5       5:    8    1:    4    5:    8
           6       1:    4    5:    8    1:    4
           7       4:    8    5:    8    5:    8
           8       1:    3    5:    8    5:    8
New grid distribution:   3
           1       1:    4    5:    8    5:    8
           2       5:    8    1:    4    1:    4
           3       5:    8    1:    4    5:    8
           4       5:    8    5:    8    1:    4
           5       1:    4    1:    4    5:    8
           6       1:    4    1:    4    1:    4
           7       5:    8    5:    8    5:    8
           8       1:    4    5:    8    1:    4
Setting up quadratic distribution...
ExtMesh (bp) on 0 =    45 x    44 x    44 =       87120
PhiOnMesh: Number of (b)points on node 0 =                   80
PhiOnMesh: nlist on node 0 =                 4130

stepf: Fermi-Dirac step function

siesta: Program's energy decomposition (eV):
siesta: Ebs     =      -104.170667
siesta: Eions   =       997.075652
siesta: Ena     =         7.749609
siesta: Ekin    =       791.868484
siesta: Enl     =      -645.673758
siesta: Eso     =         0.000000
siesta: Edftu   =         0.000000
siesta: DEna    =        -7.653485
siesta: DUscf   =         5.750857
siesta: DUext   =         0.000000
siesta: Exc     =      -237.447998
siesta: eta*DQ  =         0.000000
siesta: Emadel  =         0.000000
siesta: Emeta   =         0.000000
siesta: Emolmec =         0.000000
siesta: Ekinion =         0.000000
siesta: Eharris =     -1081.278232
siesta: Etot    =     -1082.481943
siesta: FreeEng =     -1082.540091

        iscf     Eharris(eV)        E_KS(eV)     FreeEng(eV)     dDmax    Ef(eV) dHmax(eV)
   scf:    1    -1081.278232    -1082.481943    -1082.540091  0.440344 -3.570750  7.237130
timer: Routine,Calls,Time,% = IterSCF        1       0.018   1.66
   scf:    2    -1083.397146    -1082.949146    -1083.007294  0.084522 -4.129317  5.985931
   scf:    3    -1084.504830    -1083.918235    -1083.976382  0.367630 -6.858299  0.349609
   scf:    4    -1083.918453    -1083.918458    -1083.976606  0.008625 -6.937596  0.311030
   scf:    5    -1083.918461    -1083.918460    -1083.976608  0.002232 -6.949728  0.274662
   scf:    6    -1083.918484    -1083.918474    -1083.976621  0.008658 -6.988282  0.130558
   scf:    7    -1083.918573    -1083.918524    -1083.976671  0.002420 -6.992497  0.087450
   scf:    8    -1083.918704    -1083.918618    -1083.976766  0.005289 -6.997866  0.041722
   scf:    9    -1083.918655    -1083.918637    -1083.976785  0.000689 -6.995407  0.034024
   scf:   10    -1083.918671    -1083.918657    -1083.976805  0.001513 -6.988607  0.043551
   scf:   11    -1083.918659    -1083.918658    -1083.976806  0.000534 -6.986503  0.041967
   scf:   12    -1083.918650    -1083.918656    -1083.976804  0.001672 -6.979594  0.033062
   scf:   13    -1083.918651    -1083.918656    -1083.976804  0.001973 -6.978251  0.027959
   scf:   14    -1083.918628    -1083.918650    -1083.976798  0.003208 -6.976974  0.019787
   scf:   15    -1083.918617    -1083.918651    -1083.976798  0.004651 -6.976831  0.015573
   scf:   16    -1083.918647    -1083.918658    -1083.976806  0.003391 -6.977045  0.014763
   scf:   17    -1083.918658    -1083.918660    -1083.976807  0.001399 -6.977151  0.013386
   scf:   18    -1083.918655    -1083.918659    -1083.976807  0.001311 -6.977296  0.011208
   scf:   19    -1083.918651    -1083.918658    -1083.976806  0.002111 -6.977390  0.009041
   scf:   20    -1083.918656    -1083.918660    -1083.976808  0.001798 -6.977384  0.008397
   scf:   21    -1083.918660    -1083.918660    -1083.976808  0.000830 -6.977380  0.007673
   scf:   22    -1083.918660    -1083.918660    -1083.976808  0.000589 -6.977360  0.006625
   scf:   23    -1083.918658    -1083.918660    -1083.976808  0.001008 -6.977311  0.005233
   scf:   24    -1083.918659    -1083.918660    -1083.976808  0.001030 -6.977277  0.004741
   scf:   25    -1083.918660    -1083.918661    -1083.976808  0.000555 -6.977249  0.004368
   scf:   26    -1083.918660    -1083.918661    -1083.976808  0.000300 -6.977207  0.003872
   scf:   27    -1083.918660    -1083.918661    -1083.976808  0.000489 -6.977133  0.003069
   scf:   28    -1083.918660    -1083.918661    -1083.976808  0.000601 -6.977089  0.002669
   scf:   29    -1083.918661    -1083.918661    -1083.976808  0.000385 -6.977066  0.002481
   scf:   30    -1083.918661    -1083.918661    -1083.976808  0.000177 -6.977035  0.002237
   scf:   31    -1083.918661    -1083.918661    -1083.976808  0.000235 -6.976981  0.001820
   scf:   32    -1083.918660    -1083.918661    -1083.976808  0.000341 -6.976938  0.001512
   scf:   33    -1083.918661    -1083.918661    -1083.976808  0.000261 -6.976923  0.001409
   scf:   34    -1083.918661    -1083.918661    -1083.976808  0.000119 -6.976904  0.001282
   scf:   35    -1083.918661    -1083.918661    -1083.976808  0.000113 -6.976873  0.001082
   scf:   36    -1083.918661    -1083.918661    -1083.976808  0.000184 -6.976839  0.000868
   scf:   37    -1083.918661    -1083.918661    -1083.976808  0.000169 -6.976827  0.000799
   scf:   38    -1083.918661    -1083.918661    -1083.976808  0.000085 -6.976816  0.000732

SCF Convergence by DM+H criterion
max |DM_out - DM_in|         :     0.0000851431
max |H_out - H_in|      (eV) :     0.0007322025
SCF cycle converged after 38 iterations

Using DM_out to compute the final energy and forces
No. of atoms with KB's overlaping orbs in proc 0. Max # of overlaps:       1     255

siesta: E_KS(eV) =            -1083.9187

siesta: E_KS - E_eggbox =     -1083.9187

siesta: Atomic forces (eV/Ang):
----------------------------------------
   Tot   -0.000000   -0.000000    0.000000
----------------------------------------
   Max    0.000000
   Res    0.000000    sqrt( Sum f_i^2 / 3N )
----------------------------------------
   Max    0.000000    constrained

Stress tensor Voigt[x,y,z,yz,xz,xy] (kbar):      730.91      730.91      730.93       -2.48       -2.48       -2.48
(Free)E + p*V (eV/cell)    -1091.7798
Target enthalpy (eV/cell)    -1083.9768

siesta: Program's energy decomposition (eV):
siesta: Ebs     =       -86.344166
siesta: Eions   =       997.075652
siesta: Ena     =         7.749609
siesta: Ekin    =       839.852192
siesta: Enl     =      -689.594795
siesta: Eso     =         0.000000
siesta: Edftu   =         0.000000
siesta: DEna    =        -4.312611
siesta: DUscf   =         2.535413
siesta: DUext   =         0.000000
siesta: Exc     =      -243.072817
siesta: eta*DQ  =         0.000000
siesta: Emadel  =         0.000000
siesta: Emeta   =         0.000000
siesta: Emolmec =         0.000000
siesta: Ekinion =         0.000000
siesta: Eharris =     -1083.918661
siesta: Etot    =     -1083.918661
siesta: FreeEng =     -1083.976808

siesta: Final energy (eV):
siesta:  Band Struct. =     -86.344166
siesta:       Kinetic =     839.852192
siesta:       Hartree =     161.320656
siesta:       Edftu   =       0.000000
siesta:       Eso     =       0.000000
siesta:    Ext. field =       0.000000
siesta:   Exch.-corr. =    -243.072817
siesta:  Ion-electron =   -1026.136841
siesta:       Ion-ion =    -815.881851
siesta:       Ekinion =       0.000000
siesta:         Total =   -1083.918661
siesta:         Fermi =      -6.976816

siesta: Stress tensor (static) (eV/Ang**3):
siesta:     0.456194   -0.001549   -0.001549
siesta:    -0.001549    0.456194   -0.001549
siesta:    -0.001549   -0.001549    0.456206

siesta: Cell volume =         17.104482 Ang**3

siesta: Pressure (static):
siesta:                Solid            Molecule  Units
siesta:          -0.00496858         -0.00496858  Ry/Bohr**3
siesta:          -0.45619794         -0.45619794  eV/Ang**3
siesta:        -730.91758740       -730.91758740  kBar
(Free)E+ p_basis*V_orbitals  =       -1083.936617
(Free)Eharris+ p_basis*V_orbitals  =       -1083.936617

cite: Please see "ag.bib" for an exhaustive BiBTeX file.
cite: Please clearly indicate Siesta version in published work: v4.1-b4-351
cite: This calculation has made use of the following articles
cite: which are encouraged to be cited in a published work.
        Primary SIESTA paper
          DOI: www.doi.org/10.1088/0953-8984/14/11/302

>> End of run:  22-JAN-2021  21:45:09
Job completed
