Siesta Version: siesta-3.2
Architecture  : SIESTA_ARCH
Compiler flags: FFLAGS
PARALLEL version
NetCDF support

* Running on    4 nodes in parallel
>> Start of run:  24-MAR-2013  18:19:40

                           ***********************       
                           *  WELCOME TO SIESTA  *       
                           ***********************       

reinit: Reading from standard input
************************** Dump of input data file ****************************
SystemName	Barium titanate (BaTiO3) cubic structure
SystemLabel	batio3
NumberOfSpecies		3
NumberOfAtoms		5
%block ChemicalSpeciesLabel
      1      56     Ba
      2      22     Ti
      3       8     O
%endblock ChemicalSpeciesLabel
%block PS.lmax
   Ba    3
   Ti    3
    O    3
%endblock PS.lmax
PAO.BasisType    split
%block PAO.Basis
Ba    5      0.70
 n=5    0    1   E     98.95      5.90
   6.39899920099572
   1.00000000000000
 n=6    0    2   E     97.95      6.50
   6.99956358549850        5.99949655050583
   1.00000000000000        1.00000000000000
 n=5    1    1   E     96.95      6.09
   6.59922580635556
   1.00000000000000
 n=5    2    1   E     95.95      6.60
   7.09995685034315
   1.00000000000000
 n=6    1    1   E     94.96      6.60
   7.09996103032325
   1.00000000000000
Ti    5      1.91
 n=3    0    1   E     93.95      5.20
   5.69946662616249
   1.00000000000000
 n=3    1    1   E     95.47      5.20
   5.69941339465994
   1.00000000000000
 n=4    0    2   E     96.47      5.60
   6.09996398975307        5.09944363262274
   1.00000000000000        1.00000000000000
 n=3    2    2   E     46.05      4.95
   5.94327035784617        4.70009988294302
   1.00000000000000        1.00000000000000
 n=4    1    1   E      0.50      1.77
   3.05365979938936
   1.00000000000000
O     3     -0.28
 n=2    0    2   E     40.58      3.95
   4.95272270428712        3.60331408800389
   1.00000000000000        1.00000000000000
 n=2    1    2   E     36.78      4.35
   4.99990228025066        3.89745395068600
   1.00000000000000        1.00000000000000
 n=3    2    1   E     21.69      0.93
   2.73276990670788
   1.00000000000000
%endblock PAO.Basis
LatticeConstant      7.57 bohr
%block LatticeVectors
  1.00  0.00  0.00
  0.00  1.00  0.00
  0.00  0.00  1.00
%endblock LatticeVectors
AtomicCoordinatesFormat    Fractional
%block AtomicCoordinatesAndAtomicSpecies
  0.00  0.00  0.00        1
  0.50  0.50  0.50        2
  0.00  0.50  0.50        3
  0.50  0.00  0.50        3
  0.50  0.50  0.00        3
%endblock AtomicCoordinatesAndAtomicSpecies
%block kgrid_Monkhorst_Pack
   8  0  0  0.5
   0  8  0  0.5
   0  0  8  0.5
%endblock kgrid_Monkhorst_Pack
MeshCutoff             200 Ry
DM.NumberPulay         3
DM.UseSaveDM           F
DM.MixingWeight        0.0200      # New DM amount for next SCF cycle
DM.Tolerance           1.d-4       # Tolerance in maximum difference
                                   # between input and output DM
DM.NumberKick          15
DM.KickMixingWeight    1.000
ElectronicTemperature  100 K
MaxSCFIterations       2
%block GridCellSampling
   0.5  0.0  0.0
   0.0  0.5  0.0
   0.0  0.0  0.5
   0.0  0.5  0.5
   0.5  0.0  0.5
   0.5  0.5  0.0
   0.5  0.5  0.5
%endblock GridCellSampling
WriteCoorStep      .true.
WriteForces        .true.
************************** End of input data file *****************************

reinit: -----------------------------------------------------------------------
reinit: System Name: Barium titanate (BaTiO3) cubic structure
reinit: -----------------------------------------------------------------------
reinit: System Label: batio3                                                      
reinit: -----------------------------------------------------------------------

initatom: Reading input for the pseudopotentials and atomic orbitals ----------
 Species number:            1  Label: Ba Atomic number:          56
 Species number:            2  Label: Ti Atomic number:          22
 Species number:            3  Label: O Atomic number:           8
Ground state valence configuration:   6s02
Reading pseudopotential information in formatted form from Ba.psf

Pseudopotential generated from a relativistic atomic calculation
There are spin-orbit pseudopotentials available
Spin-orbit interaction is not included in this calculation

Valence configuration for pseudopotential generation:
5s( 2.00) rc: 1.73
5p( 6.00) rc: 1.99
5d( 0.00) rc: 2.49
4f( 0.00) rc: 0.50
Ground state valence configuration:   4s02  3d02
Reading pseudopotential information in formatted form from Ti.psf

Pseudopotential generated from a relativistic atomic calculation
There are spin-orbit pseudopotentials available
Spin-orbit interaction is not included in this calculation

Valence configuration for pseudopotential generation:
3s( 2.00) rc: 1.30
3p( 6.00) rc: 1.30
3d( 2.00) rc: 1.30
4f( 0.00) rc: 1.98
Ground state valence configuration:   2s02  2p04
Reading pseudopotential information in formatted form from O.psf

Valence configuration for pseudopotential generation:
2s( 2.00) rc: 1.14
2p( 4.00) rc: 1.14
3d( 0.00) rc: 1.14
4f( 0.00) rc: 1.14
Semicore shell(s) with  8 electrons included in the valence for
Ba
Semicore shell(s) with  8 electrons included in the valence for
Ti
relmxkb: Read Max KB Ang. Momentum=    3 for species Ba
relmxkb: Read Max KB Ang. Momentum=    3 for species Ti
relmxkb: Read Max KB Ang. Momentum=    3 for species O

<basis_specs>
===============================================================================
Ba                   Z=  56    Mass=  137.33        Charge= 0.70000    
Lmxo=2 Lmxkb= 3    BasisType=split      Semic=T
L=0  Nsemic=1  Cnfigmx=6
          n=1  nzeta=1  polorb=0
            splnorm:   0.15000    
               vcte:    98.950    
               rinn:    5.9000    
                rcs:    6.3990    
            lambdas:    1.0000    
          n=2  nzeta=2  polorb=0
            splnorm:   0.15000    
               vcte:    97.950    
               rinn:    6.5000    
                rcs:    6.9996      5.9995    
            lambdas:    1.0000      1.0000    
L=1  Nsemic=1  Cnfigmx=6
          n=1  nzeta=1  polorb=0
            splnorm:   0.15000    
               vcte:    96.950    
               rinn:    6.0900    
                rcs:    6.5992    
            lambdas:    1.0000    
          n=2  nzeta=1  polorb=0
            splnorm:   0.15000    
               vcte:    94.960    
               rinn:    6.6000    
                rcs:    7.1000    
            lambdas:    1.0000    
L=2  Nsemic=0  Cnfigmx=5
          n=1  nzeta=1  polorb=0
            splnorm:   0.15000    
               vcte:    95.950    
               rinn:    6.6000    
                rcs:    7.1000    
            lambdas:    1.0000    
-------------------------------------------------------------------------------
L=0  Nkbl=2  erefs: 0.17977+309 0.17977+309
L=1  Nkbl=2  erefs: 0.17977+309 0.17977+309
L=2  Nkbl=1  erefs: 0.17977+309
L=3  Nkbl=1  erefs: 0.17977+309
===============================================================================
</basis_specs>

atom: Called for Ba                    (Z =  56)

read_vps: Pseudopotential generation method:
read_vps: ATM3      Troullier-Martins                       
Total valence charge:    8.00000

atom: Pseudopotential generated from an ionic configuration
atom: with net charge 2.00

xc_check: Exchange-correlation functional:
xc_check: Ceperley-Alder
V l=0 = -2*Zval/r beyond r=  3.0408
V l=1 = -2*Zval/r beyond r=  3.0408
V l=2 = -2*Zval/r beyond r=  3.0408
V l=3 = -2*Zval/r beyond r=  3.0408
All V_l potentials equal beyond r=  2.3980
This should be close to max(r_c) in ps generation
All pots = -2*Zval/r beyond r=  3.0408

VLOCAL1: 99.0% of the norm of Vloc inside      7.549 Ry
VLOCAL1: 99.9% of the norm of Vloc inside     17.204 Ry
atom: Maximum radius for 4*pi*r*r*local-pseudopot. charge    2.89253
atom: Maximum radius for r*vlocal+2*Zval:    2.55265
KBgen: More than one KB projector for l=  0
KBgen: ghost states analysis will be not performed
KBgen: More than one KB projector for l=  1
KBgen: ghost states analysis will be not performed
GHOST: No ghost state for L =  2
GHOST: No ghost state for L =  3

KBgen: Kleinman-Bylander projectors: 
   l= 0   rc=  3.079089   el= -3.386946   Ekb= 10.724425   kbcos=  0.241185
   l= 0   rc=  3.489071   el= -0.913761   Ekb= -2.933060   kbcos= -0.061684
   l= 1   rc=  3.157038   el= -2.283249   Ekb=  5.047295   kbcos=  0.299477
   l= 1   rc=  3.622397   el= -0.655160   Ekb= -1.272406   kbcos= -0.038998
   l= 2   rc=  3.318905   el= -0.958059   Ekb=  1.647301   kbcos=  0.327554
   l= 3   rc=  2.856602   el= -0.787057   Ekb=-60.816228   kbcos= -0.434775

KBgen: Total number of  Kleinman-Bylander projectors:   20
atom: -------------------------------------------------------------------------

atom: SANKEY-TYPE ORBITALS:
atom: Selected multiple-zeta basis: split     

atom: basis set generated (by rescaling the valence charge)
atom: for a cation of charge   0.7000

SPLIT: Orbitals with angular momentum L= 0

SPLIT: Basis orbitals for state 5s

   izeta = 1
                 lambda =    1.000000
                     rc =    6.518482
                 energy =   -2.111149
                kinetic =    1.019268
    potential(screened) =   -3.130417
       potential(ionic) =  -11.404495

SPLIT: Basis orbitals for state 6s

   izeta = 1
                 lambda =    1.000000
                     rc =    7.026172
                 energy =   -0.144977
                kinetic =    0.699691
    potential(screened) =   -0.844668
       potential(ionic) =   -5.701538

   izeta = 2
                 rmatch =    6.047476
              splitnorm =    0.877005
                 energy =    0.431199
                kinetic =    1.160814
    potential(screened) =   -0.729615
       potential(ionic) =   -6.764926

SPLIT: Orbitals with angular momentum L= 1

SPLIT: Basis orbitals for state 5p

   izeta = 1
                 lambda =    1.000000
                     rc =    6.683499
                 energy =   -1.104428
                kinetic =    1.361081
    potential(screened) =   -2.465510
       potential(ionic) =  -10.040308

SPLIT: Basis orbitals for state 6p

   izeta = 1
                 lambda =    1.000000
                     rc =    7.204041
                 energy =    0.107526
                kinetic =    0.941328
    potential(screened) =   -0.833802
       potential(ionic) =   -5.462010

SPLIT: Orbitals with angular momentum L= 2

SPLIT: Basis orbitals for state 5d

   izeta = 1
                 lambda =    1.000000
                     rc =    7.204041
                 energy =   -0.055970
                kinetic =    1.086999
    potential(screened) =   -1.142969
       potential(ionic) =   -6.717380
atom: Total number of Sankey-type orbitals: 14

atm_pop: Valence configuration (for local Pseudopot. screening):
 5s( 2.00) 6s( 2.00)                                                  
 5p( 6.00) 6p( 0.00)                                                  
 5d( 0.00)                                                            
Vna: chval, zval:   10.00000  10.00000

Vna:  Cut-off radius for the neutral-atom potential:   7.026172

atom: _________________________________________________________________________

<basis_specs>
===============================================================================
Ti                   Z=  22    Mass=  47.880        Charge=  1.9100    
Lmxo=2 Lmxkb= 3    BasisType=split      Semic=T
L=0  Nsemic=1  Cnfigmx=4
          n=1  nzeta=1  polorb=0
            splnorm:   0.15000    
               vcte:    93.950    
               rinn:    5.2000    
                rcs:    5.6995    
            lambdas:    1.0000    
          n=2  nzeta=2  polorb=0
            splnorm:   0.15000    
               vcte:    96.470    
               rinn:    5.6000    
                rcs:    6.1000      5.0994    
            lambdas:    1.0000      1.0000    
L=1  Nsemic=1  Cnfigmx=4
          n=1  nzeta=1  polorb=0
            splnorm:   0.15000    
               vcte:    95.470    
               rinn:    5.2000    
                rcs:    5.6994    
            lambdas:    1.0000    
          n=2  nzeta=1  polorb=0
            splnorm:   0.15000    
               vcte:   0.50000    
               rinn:    1.7700    
                rcs:    3.0537    
            lambdas:    1.0000    
L=2  Nsemic=0  Cnfigmx=3
          n=1  nzeta=2  polorb=0
            splnorm:   0.15000    
               vcte:    46.050    
               rinn:    4.9500    
                rcs:    5.9433      4.7001    
            lambdas:    1.0000      1.0000    
-------------------------------------------------------------------------------
L=0  Nkbl=2  erefs: 0.17977+309 0.17977+309
L=1  Nkbl=2  erefs: 0.17977+309 0.17977+309
L=2  Nkbl=1  erefs: 0.17977+309
L=3  Nkbl=1  erefs: 0.17977+309
===============================================================================
</basis_specs>

atom: Called for Ti                    (Z =  22)

read_vps: Pseudopotential generation method:
read_vps: ATM3      Troullier-Martins                       
Total valence charge:   10.00000

atom: Pseudopotential generated from an ionic configuration
atom: with net charge 2.00

xc_check: Exchange-correlation functional:
xc_check: Ceperley-Alder
V l=0 = -2*Zval/r beyond r=  1.3619
V l=1 = -2*Zval/r beyond r=  1.3450
V l=2 = -2*Zval/r beyond r=  1.3619
V l=3 = -2*Zval/r beyond r=  1.9570
All V_l potentials equal beyond r=  1.9570
This should be close to max(r_c) in ps generation
All pots = -2*Zval/r beyond r=  1.9570

VLOCAL1: 99.0% of the norm of Vloc inside     11.334 Ry
VLOCAL1: 99.9% of the norm of Vloc inside     25.831 Ry
atom: Maximum radius for 4*pi*r*r*local-pseudopot. charge    2.39028
atom: Maximum radius for r*vlocal+2*Zval:    2.08320
KBgen: More than one KB projector for l=  0
KBgen: ghost states analysis will be not performed
KBgen: More than one KB projector for l=  1
KBgen: ghost states analysis will be not performed
GHOST: No ghost state for L =  2
GHOST: No ghost state for L =  3

KBgen: Kleinman-Bylander projectors: 
   l= 0   rc=  2.135936   el= -5.743976   Ekb= -5.805318   kbcos= -0.455192
   l= 0   rc=  2.245453   el= -1.267778   Ekb= 19.285053   kbcos=  0.028076
   l= 1   rc=  2.135936   el= -4.022769   Ekb= -4.339349   kbcos= -0.763416
   l= 1   rc=  2.273699   el= -0.909433   Ekb= -2.226591   kbcos= -0.073996
   l= 2   rc=  2.109401   el= -1.465431   Ekb=-15.974261   kbcos= -0.485371
   l= 3   rc=  2.390280   el= -0.279946   Ekb= -1.793497   kbcos= -0.025582

KBgen: Total number of  Kleinman-Bylander projectors:   20
atom: -------------------------------------------------------------------------

atom: SANKEY-TYPE ORBITALS:
atom: Selected multiple-zeta basis: split     

atom: basis set generated (by rescaling the valence charge)
atom: for a cation of charge   1.9100

SPLIT: Orbitals with angular momentum L= 0

SPLIT: Basis orbitals for state 3s

   izeta = 1
                 lambda =    1.000000
                     rc =    5.806269
                 energy =   -5.597682
                kinetic =    2.110270
    potential(screened) =   -7.707952
       potential(ionic) =  -22.848412

SPLIT: Basis orbitals for state 4s

   izeta = 1
                 lambda =    1.000000
                     rc =    6.103968
                 energy =   -1.179234
                kinetic =    1.125882
    potential(screened) =   -2.305116
       potential(ionic) =  -10.096665

   izeta = 2
                 rmatch =    5.124001
              splitnorm =    0.277785
                 energy =   -1.061654
                kinetic =    1.729786
    potential(screened) =   -2.791440
       potential(ionic) =  -11.724056

SPLIT: Orbitals with angular momentum L= 1

SPLIT: Basis orbitals for state 3p

   izeta = 1
                 lambda =    1.000000
                     rc =    5.806269
                 energy =   -3.881705
                kinetic =    4.778405
    potential(screened) =   -8.660110
       potential(ionic) =  -23.263886

SPLIT: Basis orbitals for state 4p

   izeta = 1
                 lambda =    1.000000
                     rc =    3.107819
                 energy =    0.770505
                kinetic =    5.534371
    potential(screened) =   -4.763865
       potential(ionic) =  -15.502075

SPLIT: Orbitals with angular momentum L= 2

SPLIT: Basis orbitals for state 3d

   izeta = 1
                 lambda =    1.000000
                     rc =    5.953258
                 energy =   -1.340771
                kinetic =    7.362238
    potential(screened) =   -8.703009
       potential(ionic) =  -21.522617

   izeta = 2
                 rmatch =    4.753750
              splitnorm =    0.009122
                 energy =   -1.328728
* WARNING: effective split_norm is quite small. Orbitals will be very similar.
                kinetic =    7.784434
    potential(screened) =   -9.113162
       potential(ionic) =  -22.268396
atom: Total number of Sankey-type orbitals: 19

atm_pop: Valence configuration (for local Pseudopot. screening):
 3s( 2.00) 4s( 2.00)                                                  
 3p( 6.00) 4p( 0.00)                                                  
 3d( 2.00)                                                            
Vna: chval, zval:   12.00000  12.00000

Vna:  Cut-off radius for the neutral-atom potential:   6.103968

atom: _________________________________________________________________________

<basis_specs>
===============================================================================
O                    Z=   8    Mass=  16.000        Charge=-0.28000    
Lmxo=2 Lmxkb= 3    BasisType=split      Semic=F
L=0  Nsemic=0  Cnfigmx=2
          n=1  nzeta=2  polorb=0
            splnorm:   0.15000    
               vcte:    40.580    
               rinn:    3.9500    
                rcs:    4.9527      3.6033    
            lambdas:    1.0000      1.0000    
L=1  Nsemic=0  Cnfigmx=2
          n=1  nzeta=2  polorb=0
            splnorm:   0.15000    
               vcte:    36.780    
               rinn:    4.3500    
                rcs:    4.9999      3.8975    
            lambdas:    1.0000      1.0000    
L=2  Nsemic=0  Cnfigmx=3
          n=1  nzeta=1  polorb=0
            splnorm:   0.15000    
               vcte:    21.690    
               rinn:   0.93000    
                rcs:    2.7328    
            lambdas:    1.0000    
-------------------------------------------------------------------------------
L=0  Nkbl=1  erefs: 0.17977+309
L=1  Nkbl=1  erefs: 0.17977+309
L=2  Nkbl=1  erefs: 0.17977+309
L=3  Nkbl=1  erefs: 0.17977+309
===============================================================================
</basis_specs>

atom: Called for O                     (Z =   8)

read_vps: Pseudopotential generation method:
read_vps: ATM3      Troullier-Martins                       
Total valence charge:    6.00000

xc_check: Exchange-correlation functional:
xc_check: Ceperley-Alder
V l=0 = -2*Zval/r beyond r=  1.1278
V l=1 = -2*Zval/r beyond r=  1.1278
V l=2 = -2*Zval/r beyond r=  1.1278
V l=3 = -2*Zval/r beyond r=  1.1138
All V_l potentials equal beyond r=  1.1278
This should be close to max(r_c) in ps generation
All pots = -2*Zval/r beyond r=  1.1278

VLOCAL1: 99.0% of the norm of Vloc inside     34.126 Ry
VLOCAL1: 99.9% of the norm of Vloc inside     77.774 Ry
atom: Maximum radius for 4*pi*r*r*local-pseudopot. charge    1.37759
atom: Maximum radius for r*vlocal+2*Zval:    1.18566
GHOST: No ghost state for L =  0
GHOST: No ghost state for L =  1
GHOST: No ghost state for L =  2
GHOST: No ghost state for L =  3

KBgen: Kleinman-Bylander projectors: 
   l= 0   rc=  1.294105   el= -1.742414   Ekb=  9.135903   kbcos=  0.326910
   l= 1   rc=  1.294105   el= -0.676589   Ekb= -8.124878   kbcos= -0.395047
   l= 2   rc=  1.448233   el=  0.002386   Ekb= -2.039267   kbcos= -0.003484
   l= 3   rc=  1.561052   el=  0.003508   Ekb= -0.799141   kbcos= -0.000344

KBgen: Total number of  Kleinman-Bylander projectors:   16
atom: -------------------------------------------------------------------------

atom: SANKEY-TYPE ORBITALS:
atom: Selected multiple-zeta basis: split     

atom: basis set generated (by rescaling the valence charge)
atom: for an anion of charge  -0.2800

SPLIT: Orbitals with angular momentum L= 0

SPLIT: Basis orbitals for state 2s

   izeta = 1
                 lambda =    1.000000
                     rc =    4.930772
                 energy =   -1.739193
                kinetic =    1.445061
    potential(screened) =   -3.184254
       potential(ionic) =  -10.962557

   izeta = 2
                 rmatch =    3.652726
              splitnorm =    0.027759
                 energy =   -1.717885
* WARNING: effective split_norm is quite small. Orbitals will be very similar.
                kinetic =    1.725080
    potential(screened) =   -3.442965
       potential(ionic) =  -11.514570

SPLIT: Orbitals with angular momentum L= 1

SPLIT: Basis orbitals for state 2p

   izeta = 1
                 lambda =    1.000000
                     rc =    5.055603
                 energy =   -0.666651
                kinetic =    4.372891
    potential(screened) =   -5.039542
       potential(ionic) =  -12.474029

   izeta = 2
                 rmatch =    3.937239
              splitnorm =    0.041494
                 energy =   -0.646289
* WARNING: effective split_norm is quite small. Orbitals will be very similar.
                kinetic =    5.236356
    potential(screened) =   -5.882646
       potential(ionic) =  -13.808487

SPLIT: Orbitals with angular momentum L= 2

SPLIT: Basis orbitals for state 3d

   izeta = 1
                 lambda =    1.000000
                     rc =    2.774434
                 energy =    3.678926
                kinetic =    6.313626
    potential(screened) =   -2.634699
       potential(ionic) =   -9.713508
atom: Total number of Sankey-type orbitals: 13

atm_pop: Valence configuration (for local Pseudopot. screening):
 2s( 2.00)                                                            
 2p( 4.00)                                                            
 3d( 0.00)                                                            
Vna: chval, zval:    6.00000   6.00000

Vna:  Cut-off radius for the neutral-atom potential:   5.055603

atom: _________________________________________________________________________

prinput: Basis input ----------------------------------------------------------

PAO.BasisType split     

%block ChemicalSpeciesLabel
    1   56 Ba                      # Species index, atomic number, species label
    2   22 Ti                      # Species index, atomic number, species label
    3    8 O                       # Species index, atomic number, species label
%endblock ChemicalSpeciesLabel

%block PAO.Basis                 # Define Basis set
Ba                    5   0.700            # Label, l-shells, ionic net charge
 n=5   0   1                         # n, l, Nzeta 
   6.518   
   1.000   
 n=6   0   2                         # n, l, Nzeta 
   7.026      6.047   
   1.000      1.000   
 n=5   1   1                         # n, l, Nzeta 
   6.683   
   1.000   
 n=6   1   1                         # n, l, Nzeta 
   7.204   
   1.000   
 n=5   2   1                         # n, l, Nzeta 
   7.204   
   1.000   
Ti                    5   1.910            # Label, l-shells, ionic net charge
 n=3   0   1                         # n, l, Nzeta 
   5.806   
   1.000   
 n=4   0   2                         # n, l, Nzeta 
   6.104      5.124   
   1.000      1.000   
 n=3   1   1                         # n, l, Nzeta 
   5.806   
   1.000   
 n=4   1   1                         # n, l, Nzeta 
   3.108   
   1.000   
 n=3   2   2                         # n, l, Nzeta 
   5.953      4.754   
   1.000      1.000   
O                     3  -0.280            # Label, l-shells, ionic net charge
 n=2   0   2                         # n, l, Nzeta 
   4.931      3.653   
   1.000      1.000   
 n=2   1   2                         # n, l, Nzeta 
   5.056      3.937   
   1.000      1.000   
 n=3   2   1                         # n, l, Nzeta 
   2.774   
   1.000   
%endblock PAO.Basis

prinput: ----------------------------------------------------------------------

Dumping basis to NetCDF file Ba.ion.nc
Dumping basis to NetCDF file Ti.ion.nc
Dumping basis to NetCDF file O.ion.nc
coor:   Atomic-coordinates input format  =     Fractional

siesta: Atomic coordinates (Bohr) and species
siesta:      0.00000   0.00000   0.00000  1        1
siesta:      3.78500   3.78500   3.78500  2        2
siesta:      0.00000   3.78500   3.78500  3        3
siesta:      3.78500   0.00000   3.78500  3        4
siesta:      3.78500   3.78500   0.00000  3        5

siesta: System type = bulk      

initatomlists: Number of atoms, orbitals, and projectors:      5    72    88

siesta: ******************** Simulation parameters ****************************
siesta:
siesta: The following are some of the parameters of the simulation.
siesta: A complete list of the parameters used, including default values,
siesta: can be found in file out.fdf
siesta:
redata: Non-Collinear-spin run           =     F
redata: SpinPolarized (Up/Down) run      =     F
redata: Number of spin components        =     1
redata: Long output                      =     F
redata: Number of Atomic Species         =        3
redata: Charge density info will appear in .RHO file
redata: Write Mulliken Pop.              =     NO
redata: Mesh Cutoff                      =   200.0000  Ry
redata: Net charge of the system         =     0.0000 |e|
redata: Max. number of SCF Iter          =        2
redata: Performing Pulay mixing using    =     3 iterations
redata: Mix DM in first SCF step ?       =     F
redata: Write Pulay info on disk?        =     F
redata: Discard 1st Pulay DM after  kick =     F
redata: New DM Mixing Weight             =     0.0200
redata: New DM Occupancy tolerance       = 0.000000000001
redata: Kick with linear mixing every    =    15 iterations
redata: DM Mixing Weight for Kicks       =     1.0000
redata: DM Tolerance for SCF             =     0.000100
redata: Require Energy convergence for SCF =     F
redata: DM Energy tolerance for SCF      =     0.000100 eV
redata: Require Harris convergence for SCF =     F
redata: DM Harris energy tolerance for SCF =     0.000100 eV
redata: Using Saved Data (generic)   =     F
redata: Use continuation files for DM    =     F
redata: Neglect nonoverlap interactions  =     F
redata: Method of Calculation            =     Diagonalization
redata: Divide and Conquer               =     T
redata: Electronic Temperature           =     0.0006  Ry
redata: Fix the spin of the system       =     F
redata: Dynamics option                  =     Verlet MD run
redata: Initial MD time step             =        1
redata:   Final MD time step             =        1
redata: Length of MD time step           =     1.0000  fs
redata: Initial Temperature of MD run    =     0.0000  K
redata: Perform a MD quench              =     F
redata: ***********************************************************************
Total number of electrons:    40.000000
Total ionic charge:    40.000000

* ProcessorY, Blocksize:    2  18

 Kpoints in:          256 . Kpoints trimmed:          256

siesta: k-grid: Number of k-points =   256
siesta: k-grid: Cutoff (effective) =    16.023 Ang
siesta: k-grid: Supercell and displacements
siesta: k-grid:    8   0   0      0.500
siesta: k-grid:    0   8   0      0.500
siesta: k-grid:    0   0   8      0.500
Naive supercell factors:     6    6    6

superc: Internal auxiliary supercell:     6 x     6 x     6  =     216
superc: Number of atoms, orbitals, and projectors:   1080  15552  19008

* Maximum dynamic memory allocated =     3 MB

siesta:                 ==============================
                            Begin MD step =      1
                        ==============================

outcoor: Atomic coordinates (fractional):                   
    0.00000000    0.00000000    0.00000000   1       1  Ba
    0.50000000    0.50000000    0.50000000   2       2  Ti
    0.00000000    0.50000000    0.50000000   3       3  O
    0.50000000    0.00000000    0.50000000   3       4  O
    0.50000000    0.50000000    0.00000000   3       5  O

superc: Internal auxiliary supercell:     6 x     6 x     6  =     216
superc: Number of atoms, orbitals, and projectors:   1080  15552  19008

outcell: Unit cell vectors (Ang):
        4.005870    0.000000    0.000000
        0.000000    4.005870    0.000000
        0.000000    0.000000    4.005870

outcell: Cell vector modules (Ang)   :    4.005870    4.005870    4.005870
outcell: Cell angles (23,13,12) (deg):     90.0000     90.0000     90.0000
outcell: Cell volume (Ang**3)        :     64.2822
New_DM. Step:     1
Initializing Density Matrix...

InitMesh: MESH =    36 x    36 x    36 =       46656
InitMesh: Mesh cutoff (required, used) =   200.000   223.210 Ry

* Maximum dynamic memory allocated =    35 MB

stepf: Fermi-Dirac step function

siesta: Program's energy decomposition (eV):
siesta: Ebs     =      -919.530993
siesta: Eions   =      5133.559120
siesta: Ena     =       829.873358
siesta: Ekin    =      1668.379157
siesta: Enl     =      -401.365750
siesta: DEna    =         0.000056
siesta: DUscf   =         0.000000
siesta: DUext   =         0.000000
siesta: Exc     =      -563.482705
siesta: eta*DQ  =         0.000000
siesta: Emadel  =         0.000000
siesta: Emeta   =         0.000000
siesta: Emolmec =         0.000000
siesta: Ekinion =         0.000000
siesta: Eharris =     -3617.963433
siesta: Etot    =     -3600.155005
siesta: FreeEng =     -3600.155005

siesta: iscf   Eharris(eV)      E_KS(eV)   FreeEng(eV)   dDmax  Ef(eV)
siesta:    1    -3617.9634    -3600.1550    -3600.1550  1.9614 -5.3223
timer: Routine,Calls,Time,% = IterSCF        1      79.832  90.83
elaps: Routine,Calls,Wall,% = IterSCF        1      19.989  90.43
grdsam: Reading %block GridCellSampling
grdsam: Grid-cell sampling, point   0
grdsam: Generating displacements for grid-cell sampling
grdsam: Grid-cell sampling, point   1
grdsam: Grid-cell sampling, point   2
grdsam: Grid-cell sampling, point   3
grdsam: Grid-cell sampling, point   4
grdsam: Grid-cell sampling, point   5
grdsam: Grid-cell sampling, point   6
grdsam: Grid-cell sampling, point   7

siesta: E_KS(eV) =            -3562.6843

siesta: E_KS - E_eggbox =     -3562.6843

siesta: Atomic forces (eV/Ang):
     1    0.000006    0.000006    0.000008
     2   -0.000000    0.000002    0.000004
     3   -0.000034    0.000026    0.000031
     4    0.000025   -0.000030    0.000033
     5    0.000017    0.000017   -0.000027
----------------------------------------
   Tot    0.000014    0.000022    0.000048
----------------------------------------
   Max    0.000034
   Res    0.000021    sqrt( Sum f_i^2 / 3N )
----------------------------------------
   Max    0.000034    constrained

Stress-tensor-Voigt (kbar):      388.10      388.10      388.09        0.00       -0.00       -0.00
(Free)E + p*V (eV/cell)    -3578.2551
Target enthalpy (eV/cell)    -3562.6843

siesta: Stress tensor (static) (eV/Ang**3):
         0.242227    0.000000   -0.000000
         0.000000    0.242227   -0.000000
        -0.000000   -0.000000    0.242226

siesta: Pressure (static):       -388.09449344  kBar

siesta: Stress tensor (total) (eV/Ang**3):
         0.242227    0.000000   -0.000000
         0.000000    0.242227   -0.000000
        -0.000000   -0.000000    0.242226

siesta: Pressure (total):       -388.09449344  kBar

siesta: Temp_ion =       0.000 K

* Maximum dynamic memory allocated =    35 MB

siesta: Program's energy decomposition (eV):
siesta: Ebs     =      -919.530993
siesta: Eions   =      5133.559120
siesta: Ena     =       829.873358
siesta: Ekin    =      1871.644336
siesta: Enl     =      -409.659641
siesta: DEna    =      -181.352658
siesta: DUscf   =        63.061777
siesta: DUext   =         0.000000
siesta: Exc     =      -602.692328
siesta: eta*DQ  =         0.000000
siesta: Emadel  =         0.000000
siesta: Emeta   =         0.000000
siesta: Emolmec =         0.000000
siesta: Ekinion =         0.000000
siesta: Eharris =     -3617.963433
siesta: Etot    =     -3562.684275
siesta: FreeEng =     -3562.684275

siesta: Final energy (eV):
siesta:  Band Struct. =    -919.530993
siesta:       Kinetic =    1871.644336
siesta:       Hartree =     875.397827
siesta:    Ext. field =       0.000000
siesta:   Exch.-corr. =    -602.692328
siesta:  Ion-electron =   -3619.199695
siesta:       Ion-ion =   -2087.834417
siesta:       Ekinion =       0.000000
siesta:         Total =   -3562.684275

siesta: Stress tensor (static) (eV/Ang**3):
siesta:     0.242227    0.000000   -0.000000
siesta:     0.000000    0.242227   -0.000000
siesta:    -0.000000   -0.000000    0.242226

siesta: Cell volume =         64.282168 Ang**3

siesta: Pressure (static):
siesta:                Solid            Molecule  Units
siesta:          -0.00263816         -0.00263817  Ry/Bohr**3
siesta:          -0.24222691         -0.24222799  eV/Ang**3
siesta:        -388.09449344       -388.09622746  kBar
(Free)E+ p_basis*V_orbitals  =       -3559.481241
(Free)Eharris+ p_basis*V_orbitals  =       -3577.289669

* Maximum dynamic memory allocated : Node    0 =    35 MB
* Maximum dynamic memory allocated : Node    1 =    32 MB
* Maximum dynamic memory allocated : Node    2 =    31 MB
* Maximum dynamic memory allocated : Node    3 =    31 MB

* Maximum memory occured during matrixMtoO                    

timer: CPU execution times:
timer:  Routine       Calls   Time/call    Tot.time        %
timer:  siesta            1     259.839     259.839   100.00
timer:  Setup             1       3.309       3.309     1.27
timer:  bands             1       0.004       0.004     0.00
timer:  writewave         1       0.004       0.004     0.00
timer:  KSV_init          1       0.004       0.004     0.00
timer:  IterMD            1     255.964     255.964    98.51
timer:  hsparse           1       0.207       0.207     0.08
timer:  overlap           1       3.177       3.177     1.22
timer:  IterSCF           1      79.832      79.832    30.72
timer:  kinefsm           2       1.546       3.092     1.19
timer:  nlefsm            2      14.936      29.872    11.50
timer:  DHSCF             9      20.220     181.980    70.04
timer:  DHSCF1            1       0.395       0.395     0.15
timer:  DHSCF2            8      15.922     127.378    49.02
timer:  REORD            70       0.000       0.004     0.00
timer:  POISON           17       0.012       0.196     0.08
timer:  DHSCF3            9       1.750      15.750     6.06
timer:  rhoofd            9       1.400      12.604     4.85
timer:  cellXC            9       0.018       0.165     0.06
timer:  vmat              2       1.122       2.244     0.86
timer:  MolMec            2       0.000       0.000     0.00
timer:  diagon            1      26.057      26.057    10.03
timer:  c-eigval        256       0.041      10.392     4.00
timer:  c-buildHS       256       0.009       2.276     0.88
timer:  cdiag           512       0.034      17.216     6.63
timer:  cdiag1          512       0.001       0.616     0.24
timer:  cdiag2          512       0.003       1.434     0.55
timer:  cdiag3          512       0.021      10.846     4.17
timer:  cdiag4          512       0.000       0.240     0.09
timer:  c-eigvec        256       0.044      11.265     4.34
timer:  c-buildD        256       0.017       4.375     1.68
timer:  DHSCF4            8       4.806      38.445    14.80
timer:  dfscf             8       4.223      33.784    13.00
timer:  overfsm           1       0.055       0.055     0.02
timer:  optical           1       0.422       0.422     0.16
  

elaps: ELAPSED times:
elaps:  Routine       Calls   Time/call    Tot.time        %
elaps:  siesta            1      65.101      65.101   100.00
elaps:  Setup             1       0.914       0.914     1.40
elaps:  bands             1       0.001       0.001     0.00
elaps:  writewave         1       0.001       0.001     0.00
elaps:  KSV_init          1       0.001       0.001     0.00
elaps:  IterMD            1      64.045      64.045    98.38
elaps:  hsparse           1       0.080       0.080     0.12
elaps:  overlap           1       0.851       0.851     1.31
elaps:  IterSCF           1      19.989      19.989    30.70
elaps:  kinefsm           2       0.416       0.833     1.28
elaps:  nlefsm            2       4.733       9.466    14.54
elaps:  DHSCF             9       5.066      45.593    70.03
elaps:  DHSCF1            1       0.105       0.105     0.16
elaps:  DHSCF2            8       3.871      30.968    47.57
elaps:  REORD            70       0.000       0.003     0.00
elaps:  POISON           17       0.003       0.050     0.08
elaps:  DHSCF3            9       0.438       3.938     6.05
elaps:  rhoofd            9       0.365       3.289     5.05
elaps:  cellXC            9       0.005       0.041     0.06
elaps:  vmat              2       0.280       0.561     0.86
elaps:  MolMec            2       0.000       0.000     0.00
elaps:  diagon            1       6.526       6.526    10.02
elaps:  c-eigval        256       0.010       2.606     4.00
elaps:  c-buildHS       256       0.004       0.911     1.40
elaps:  cdiag           512       0.007       3.350     5.15
elaps:  cdiag1          512       0.000       0.158     0.24
elaps:  cdiag2          512       0.001       0.319     0.49
elaps:  cdiag3          512       0.005       2.757     4.23
elaps:  cdiag4          512       0.000       0.058     0.09
elaps:  c-eigvec        256       0.010       2.504     3.85
elaps:  c-buildD        256       0.005       1.406     2.16
elaps:  DHSCF4            8       1.322      10.579    16.25
elaps:  dfscf             8       1.170       9.361    14.38
elaps:  overfsm           1       0.021       0.021     0.03
elaps:  optical           1       0.000       0.000     0.00
  
>> End of run:  24-MAR-2013  18:20:45
