Siesta Version: siesta-3.2
Architecture  : SIESTA_ARCH
Compiler flags: FFLAGS
PARALLEL version
NetCDF support

* Running on    4 nodes in parallel
>> Start of run:  24-MAR-2013  18:21:16

                           ***********************       
                           *  WELCOME TO SIESTA  *       
                           ***********************       

reinit: Reading from standard input
************************** Dump of input data file ****************************
SystemName          Water molecule with Bessel Orbitals
SystemLabel         bessel
NumberOfAtoms       5
NumberOfSpecies     3
%block ChemicalSpeciesLabel
 1  8  O      # Species index, atomic number, species label
 2  1  H
 3  -100 Bessel
%endblock ChemicalSpeciesLabel
AtomicCoordinatesFormat  Ang
%block AtomicCoordinatesAndAtomicSpecies
 0.000  0.000  0.000  1
 0.757  0.586  0.000  2
-0.757  0.586  0.000  2
 0.3785 0.293  0.000  3
-0.3785 0.293  0.000  3
%endblock AtomicCoordinatesAndAtomicSpecies
%block PAO.Basis
Bessel    1
 n=1    0    1
   2.0
   1.0
%endblock PAO.Basis
************************** End of input data file *****************************

reinit: -----------------------------------------------------------------------
reinit: System Name: Water molecule with Bessel Orbitals
reinit: -----------------------------------------------------------------------
reinit: System Label: bessel                                                      
reinit: -----------------------------------------------------------------------

initatom: Reading input for the pseudopotentials and atomic orbitals ----------
 Species number:            1  Label: O Atomic number:           8
 Species number:            2  Label: H Atomic number:           1
 Species number:            3  Label: Bessel (floating Bessel functions)
Ground state valence configuration:   2s02  2p04
Reading pseudopotential information in formatted form from O.psf

Valence configuration for pseudopotential generation:
2s( 2.00) rc: 1.14
2p( 4.00) rc: 1.14
3d( 0.00) rc: 1.14
4f( 0.00) rc: 1.14
Ground state valence configuration:   1s01
Reading pseudopotential information in formatted form from H.psf

Valence configuration for pseudopotential generation:
1s( 1.00) rc: 1.25
2p( 0.00) rc: 1.25
3d( 0.00) rc: 1.25
4f( 0.00) rc: 1.25
For O, standard SIESTA heuristics set lmxkb to 3
 (one more than the basis l, including polarization orbitals).
Use PS.lmax or PS.KBprojectors blocks to override.
For H, standard SIESTA heuristics set lmxkb to 2
 (one more than the basis l, including polarization orbitals).
Use PS.lmax or PS.KBprojectors blocks to override.

<basis_specs>
===============================================================================
O                    Z=   8    Mass=  16.000        Charge= 0.17977+309
Lmxo=1 Lmxkb= 3    BasisType=split      Semic=F
L=0  Nsemic=0  Cnfigmx=2
          n=1  nzeta=2  polorb=0
            splnorm:   0.15000    
               vcte:    0.0000    
               rinn:    0.0000    
                rcs:    0.0000      0.0000    
            lambdas:    1.0000      1.0000    
L=1  Nsemic=0  Cnfigmx=2
          n=1  nzeta=2  polorb=1
            splnorm:   0.15000    
               vcte:    0.0000    
               rinn:    0.0000    
                rcs:    0.0000      0.0000    
            lambdas:    1.0000      1.0000    
-------------------------------------------------------------------------------
L=0  Nkbl=1  erefs: 0.17977+309
L=1  Nkbl=1  erefs: 0.17977+309
L=2  Nkbl=1  erefs: 0.17977+309
L=3  Nkbl=1  erefs: 0.17977+309
===============================================================================
</basis_specs>

atom: Called for O                     (Z =   8)

read_vps: Pseudopotential generation method:
read_vps: ATM3      Troullier-Martins                       
Total valence charge:    6.00000

xc_check: Exchange-correlation functional:
xc_check: Ceperley-Alder
V l=0 = -2*Zval/r beyond r=  1.1278
V l=1 = -2*Zval/r beyond r=  1.1278
V l=2 = -2*Zval/r beyond r=  1.1278
V l=3 = -2*Zval/r beyond r=  1.1138
All V_l potentials equal beyond r=  1.1278
This should be close to max(r_c) in ps generation
All pots = -2*Zval/r beyond r=  1.1278

VLOCAL1: 99.0% of the norm of Vloc inside     34.126 Ry
VLOCAL1: 99.9% of the norm of Vloc inside     77.774 Ry
atom: Maximum radius for 4*pi*r*r*local-pseudopot. charge    1.37759
atom: Maximum radius for r*vlocal+2*Zval:    1.18566
GHOST: No ghost state for L =  0
GHOST: No ghost state for L =  1
GHOST: No ghost state for L =  2
GHOST: No ghost state for L =  3

KBgen: Kleinman-Bylander projectors: 
   l= 0   rc=  1.294105   el= -1.742414   Ekb=  9.135903   kbcos=  0.326910
   l= 1   rc=  1.294105   el= -0.676589   Ekb= -8.124878   kbcos= -0.395047
   l= 2   rc=  1.448233   el=  0.002386   Ekb= -2.039267   kbcos= -0.003484
   l= 3   rc=  1.561052   el=  0.003508   Ekb= -0.799141   kbcos= -0.000344

KBgen: Total number of  Kleinman-Bylander projectors:   16
atom: -------------------------------------------------------------------------

atom: SANKEY-TYPE ORBITALS:
atom: Selected multiple-zeta basis: split     

SPLIT: Orbitals with angular momentum L= 0

SPLIT: Basis orbitals for state 2s

SPLIT: PAO cut-off radius determined from an
SPLIT: energy shift=  0.020000 Ry

   izeta = 1
                 lambda =    1.000000
                     rc =    3.305093
                 energy =   -1.723766
                kinetic =    1.614911
    potential(screened) =   -3.338677
       potential(ionic) =  -11.304675

   izeta = 2
                 rmatch =    2.510382
              splitnorm =    0.150000
                 energy =   -1.471299
                kinetic =    2.446434
    potential(screened) =   -3.917732
       potential(ionic) =  -12.476133

SPLIT: Orbitals with angular momentum L= 1

SPLIT: Basis orbitals for state 2p

SPLIT: PAO cut-off radius determined from an
SPLIT: energy shift=  0.020000 Ry

   izeta = 1
                 lambda =    1.000000
                     rc =    3.937239
                 energy =   -0.658841
                kinetic =    5.005986
    potential(screened) =   -5.664827
       potential(ionic) =  -13.452360

   izeta = 2
                 rmatch =    2.541963
              splitnorm =    0.150000
                 energy =   -0.367441
                kinetic =    7.530509
    potential(screened) =   -7.897949
       potential(ionic) =  -16.611953

POLgen: Perturbative polarization orbital with L=  2

POLgen: Polarization orbital for state 2p

   izeta = 1
                     rc =    3.937239
                 energy =    2.398520
                kinetic =    4.716729
    potential(screened) =   -2.318209
       potential(ionic) =   -8.603170
atom: Total number of Sankey-type orbitals: 13

atm_pop: Valence configuration (for local Pseudopot. screening):
 2s( 2.00)                                                            
 2p( 4.00)                                                            
Vna: chval, zval:    6.00000   6.00000

Vna:  Cut-off radius for the neutral-atom potential:   3.937239

atom: _________________________________________________________________________

<basis_specs>
===============================================================================
H                    Z=   1    Mass=  1.0100        Charge= 0.17977+309
Lmxo=0 Lmxkb= 2    BasisType=split      Semic=F
L=0  Nsemic=0  Cnfigmx=1
          n=1  nzeta=2  polorb=1
            splnorm:   0.15000    
               vcte:    0.0000    
               rinn:    0.0000    
                rcs:    0.0000      0.0000    
            lambdas:    1.0000      1.0000    
-------------------------------------------------------------------------------
L=0  Nkbl=1  erefs: 0.17977+309
L=1  Nkbl=1  erefs: 0.17977+309
L=2  Nkbl=1  erefs: 0.17977+309
===============================================================================
</basis_specs>

atom: Called for H                     (Z =   1)

read_vps: Pseudopotential generation method:
read_vps: ATM3      Troullier-Martins                       
Total valence charge:    1.00000

xc_check: Exchange-correlation functional:
xc_check: Ceperley-Alder
V l=0 = -2*Zval/r beyond r=  1.2343
V l=1 = -2*Zval/r beyond r=  1.2189
V l=2 = -2*Zval/r beyond r=  1.2189
All V_l potentials equal beyond r=  1.2343
This should be close to max(r_c) in ps generation
All pots = -2*Zval/r beyond r=  1.2343

VLOCAL1: 99.0% of the norm of Vloc inside     28.493 Ry
VLOCAL1: 99.9% of the norm of Vloc inside     64.935 Ry
atom: Maximum radius for 4*pi*r*r*local-pseudopot. charge    1.45251
atom: Maximum radius for r*vlocal+2*Zval:    1.21892
GHOST: No ghost state for L =  0
GHOST: No ghost state for L =  1
GHOST: No ghost state for L =  2

KBgen: Kleinman-Bylander projectors: 
   l= 0   rc=  1.364359   el= -0.467325   Ekb= -2.005361   kbcos= -0.336422
   l= 1   rc=  1.434438   el=  0.001430   Ekb= -0.501708   kbcos= -0.021697
   l= 2   rc=  1.470814   el=  0.002365   Ekb= -0.190555   kbcos= -0.002281

KBgen: Total number of  Kleinman-Bylander projectors:    9
atom: -------------------------------------------------------------------------

atom: SANKEY-TYPE ORBITALS:
atom: Selected multiple-zeta basis: split     

SPLIT: Orbitals with angular momentum L= 0

SPLIT: Basis orbitals for state 1s

SPLIT: PAO cut-off radius determined from an
SPLIT: energy shift=  0.020000 Ry

   izeta = 1
                 lambda =    1.000000
                     rc =    4.828263
                 energy =   -0.449375
                kinetic =    0.929372
    potential(screened) =   -1.378747
       potential(ionic) =   -1.915047

   izeta = 2
                 rmatch =    3.854947
              splitnorm =    0.150000
                 energy =   -0.336153
                kinetic =    1.505294
    potential(screened) =   -1.841447
       potential(ionic) =   -2.413582

POLgen: Perturbative polarization orbital with L=  1

POLgen: Polarization orbital for state 1s

   izeta = 1
                     rc =    4.828263
                 energy =    0.706972
                kinetic =    1.396397
    potential(screened) =   -0.689424
       potential(ionic) =   -1.169792
atom: Total number of Sankey-type orbitals:  5

atm_pop: Valence configuration (for local Pseudopot. screening):
 1s( 1.00)                                                            
Vna: chval, zval:    1.00000   1.00000

Vna:  Cut-off radius for the neutral-atom potential:   4.828263

atom: _________________________________________________________________________

<basis_specs>
===============================================================================
Bessel               Z=-100    Mass= 0.10000E+41    Charge= 0.17977+309
Lmxo=0 Lmxkb=-1    BasisType=split      Semic=F
L=0  Nsemic=0  Cnfigmx=1
          n=1  nzeta=1  polorb=0
            splnorm:   0.15000    
               vcte:    0.0000    
               rinn:    0.0000    
                rcs:    2.0000    
            lambdas:    1.0000    
-------------------------------------------------------------------------------
===============================================================================
</basis_specs>

atom: Called for Z=-100( Floating Bessel functions)

Bessel: floating Bessel functions with angular momentum L= 0

   izeta = 1
                     rc =    2.011274
                 energy =    2.439817

atom: Total number of floating Bessel orbitals:  1

atom: _________________________________________________________________________

prinput: Basis input ----------------------------------------------------------

PAO.BasisType split     

%block ChemicalSpeciesLabel
    1    8 O                       # Species index, atomic number, species label
    2    1 H                       # Species index, atomic number, species label
    3 -100 Bessel                  # Species index, atomic number, species label
%endblock ChemicalSpeciesLabel

%block PAO.Basis                 # Define Basis set
O                     2                    # Species label, number of l-shells
 n=2   0   2                         # n, l, Nzeta 
   3.305      2.510   
   1.000      1.000   
 n=2   1   2 P   1                   # n, l, Nzeta, Polarization, NzetaPol
   3.937      2.542   
   1.000      1.000   
H                     1                    # Species label, number of l-shells
 n=1   0   2 P   1                   # n, l, Nzeta, Polarization, NzetaPol
   4.828      3.855   
   1.000      1.000   
Bessel                1                    # Species label, number of l-shells
 n=1   0   1                         # n, l, Nzeta 
   2.011   
   1.000   
%endblock PAO.Basis

prinput: ----------------------------------------------------------------------

Dumping basis to NetCDF file O.ion.nc
Dumping basis to NetCDF file H.ion.nc
Dumping basis to NetCDF file Bessel.ion.nc
coor:   Atomic-coordinates input format  =     Cartesian coordinates
coor:                                          (in Angstroms)

siesta: Atomic coordinates (Bohr) and species
siesta:      0.00000   0.00000   0.00000  1        1
siesta:      1.43052   1.10738   0.00000  2        2
siesta:     -1.43052   1.10738   0.00000  2        3
siesta:      0.71526   0.55369   0.00000  3        4
siesta:     -0.71526   0.55369   0.00000  3        5

siesta: Automatic unit cell vectors (Ang):
siesta:    7.286412    0.000000    0.000000
siesta:    0.000000    5.746952    0.000000
siesta:    0.000000    0.000000    5.621012

siesta: System type = molecule  

initatomlists: Number of atoms, orbitals, and projectors:      5    25    34

siesta: ******************** Simulation parameters ****************************
siesta:
siesta: The following are some of the parameters of the simulation.
siesta: A complete list of the parameters used, including default values,
siesta: can be found in file out.fdf
siesta:
redata: Non-Collinear-spin run           =     F
redata: SpinPolarized (Up/Down) run      =     F
redata: Number of spin components        =     1
redata: Long output                      =     F
redata: Number of Atomic Species         =        3
redata: Charge density info will appear in .RHO file
redata: Write Mulliken Pop.              =     NO
redata: Mesh Cutoff                      =   100.0000  Ry
redata: Net charge of the system         =     0.0000 |e|
redata: Max. number of SCF Iter          =       50
redata: Mixing is linear
redata: Mix DM in first SCF step ?       =     F
redata: Write Pulay info on disk?        =     F
redata: Discard 1st Pulay DM after  kick =     F
redata: New DM Mixing Weight             =     0.2500
redata: New DM Occupancy tolerance       = 0.000000000001
redata: No kicks to SCF
redata: DM Mixing Weight for Kicks       =     0.5000
redata: DM Tolerance for SCF             =     0.000100
redata: Require Energy convergence for SCF =     F
redata: DM Energy tolerance for SCF      =     0.000100 eV
redata: Require Harris convergence for SCF =     F
redata: DM Harris energy tolerance for SCF =     0.000100 eV
redata: Using Saved Data (generic)   =     F
redata: Use continuation files for DM    =     F
redata: Neglect nonoverlap interactions  =     F
redata: Method of Calculation            =     Diagonalization
redata: Divide and Conquer               =     T
redata: Electronic Temperature           =     0.0019  Ry
redata: Fix the spin of the system       =     F
redata: Dynamics option                  =     Verlet MD run
redata: Initial MD time step             =        1
redata:   Final MD time step             =        1
redata: Length of MD time step           =     1.0000  fs
redata: Initial Temperature of MD run    =     0.0000  K
redata: Perform a MD quench              =     F
redata: ***********************************************************************
Total number of electrons:     8.000000
Total ionic charge:     8.000000

* ProcessorY, Blocksize:    2   7

 Kpoints in:            1 . Kpoints trimmed:            1

siesta: k-grid: Number of k-points =     1
siesta: k-grid: Cutoff (effective) =     2.811 Ang
siesta: k-grid: Supercell and displacements
siesta: k-grid:    1   0   0      0.000
siesta: k-grid:    0   1   0      0.000
siesta: k-grid:    0   0   1      0.000

* Maximum dynamic memory allocated =     3 MB

siesta:                 ==============================
                            Begin MD step =      1
                        ==============================

outcell: Unit cell vectors (Ang):
        7.286412    0.000000    0.000000
        0.000000    5.746952    0.000000
        0.000000    0.000000    5.621012

outcell: Cell vector modules (Ang)   :    7.286412    5.746952    5.621012
outcell: Cell angles (23,13,12) (deg):     90.0000     90.0000     90.0000
outcell: Cell volume (Ang**3)        :    235.3780
siesta: WARNING: Atoms     1     5 too close: rij =    0.478656 Ang
siesta: WARNING: Atoms     2     4 too close: rij =    0.478656 Ang
siesta: WARNING: Atoms     3     5 too close: rij =    0.478656 Ang
New_DM. Step:     1
Initializing Density Matrix...

InitMesh: MESH =    48 x    36 x    36 =       62208
InitMesh: Mesh cutoff (required, used) =   100.000   108.450 Ry

* Maximum dynamic memory allocated =     3 MB

stepf: Fermi-Dirac step function

siesta: Program's energy decomposition (eV):
siesta: Ebs     =      -124.146949
siesta: Eions   =       815.854478
siesta: Ena     =       175.154321
siesta: Ekin    =       341.667405
siesta: Enl     =       -52.736757
siesta: DEna    =        -0.000002
siesta: DUscf   =         0.000000
siesta: DUext   =         0.000000
siesta: Exc     =      -109.897180
siesta: eta*DQ  =         0.000000
siesta: Emadel  =         0.000000
siesta: Emeta   =         0.000000
siesta: Emolmec =         0.000000
siesta: Ekinion =         0.000000
siesta: Eharris =      -466.554405
siesta: Etot    =      -461.666691
siesta: FreeEng =      -461.666691

siesta: iscf   Eharris(eV)      E_KS(eV)   FreeEng(eV)   dDmax  Ef(eV)
siesta:    1     -466.5544     -461.6667     -461.6667  1.4401 -7.5506
timer: Routine,Calls,Time,% = IterSCF        1       4.030  60.63
elaps: Routine,Calls,Wall,% = IterSCF        1       0.991  56.76
siesta:    2     -467.2832     -465.0226     -465.0226  0.2139 -2.9211
siesta:    3     -465.9505     -465.3256     -465.3256  0.0594 -4.6211
siesta:    4     -465.8475     -465.4619     -465.4619  0.0250 -5.0852
siesta:    5     -465.8384     -465.5566     -465.5566  0.0136 -5.2158
siesta:    6     -465.8374     -465.6268     -465.6268  0.0085 -5.2513
siesta:    7     -465.8373     -465.6794     -465.6794  0.0058 -5.2596
siesta:    8     -465.8373     -465.7189     -465.7189  0.0042 -5.2607
siesta:    9     -465.8373     -465.7485     -465.7485  0.0030 -5.2601
siesta:   10     -465.8373     -465.7707     -465.7707  0.0022 -5.2594
siesta:   11     -465.8373     -465.7874     -465.7874  0.0016 -5.2588
siesta:   12     -465.8373     -465.7998     -465.7998  0.0012 -5.2584
siesta:   13     -465.8373     -465.8092     -465.8092  0.0009 -5.2581
siesta:   14     -465.8373     -465.8162     -465.8162  0.0007 -5.2580
siesta:   15     -465.8373     -465.8215     -465.8215  0.0005 -5.2579
siesta:   16     -465.8373     -465.8254     -465.8254  0.0004 -5.2578
siesta:   17     -465.8373     -465.8284     -465.8284  0.0003 -5.2577
siesta:   18     -465.8373     -465.8306     -465.8306  0.0002 -5.2577
siesta:   19     -465.8373     -465.8323     -465.8323  0.0001 -5.2577
siesta:   20     -465.8373     -465.8335     -465.8335  0.0001 -5.2577
siesta:   21     -465.8373     -465.8345     -465.8345  0.0001 -5.2577

siesta: E_KS(eV) =             -465.8352

siesta: E_KS - E_eggbox =      -465.8352

siesta: Atomic forces (eV/Ang):
----------------------------------------
   Tot   -0.000004   -0.051197    0.000000
----------------------------------------
   Max    0.694329
   Res    0.324140    sqrt( Sum f_i^2 / 3N )
----------------------------------------
   Max    0.694329    constrained

Stress-tensor-Voigt (kbar):       -6.57       -2.92       -1.01        0.00        0.00        0.00
(Free)E + p*V (eV/cell)     -465.3211
Target enthalpy (eV/cell)     -465.8352

siesta: Stress tensor (static) (eV/Ang**3):
        -0.004101    0.000000    0.000000
         0.000000   -0.001824   -0.000000
         0.000000    0.000000   -0.000628

siesta: Pressure (static):          3.49950826  kBar

siesta: Stress tensor (total) (eV/Ang**3):
        -0.004101    0.000000    0.000000
         0.000000   -0.001824   -0.000000
         0.000000    0.000000   -0.000628

siesta: Pressure (total):          3.49950826  kBar

siesta: Temp_ion =       0.000 K

* Maximum dynamic memory allocated =     4 MB

siesta: Program's energy decomposition (eV):
siesta: Ebs     =      -104.363644
siesta: Eions   =       815.854478
siesta: Ena     =       175.154321
siesta: Ekin    =       353.867731
siesta: Enl     =       -63.181328
siesta: DEna    =        -3.376903
siesta: DUscf   =         0.753249
siesta: DUext   =         0.000000
siesta: Exc     =      -113.197756
siesta: eta*DQ  =         0.000000
siesta: Emadel  =         0.000000
siesta: Emeta   =         0.000000
siesta: Emolmec =         0.000000
siesta: Ekinion =         0.000000
siesta: Eharris =      -465.837278
siesta: Etot    =      -465.835164
siesta: FreeEng =      -465.835164

siesta: Final energy (eV):
siesta:  Band Struct. =    -104.363644
siesta:       Kinetic =     353.867731
siesta:       Hartree =     385.115794
siesta:    Ext. field =       0.000000
siesta:   Exch.-corr. =    -113.197756
siesta:  Ion-electron =   -1080.143232
siesta:       Ion-ion =     -11.477701
siesta:       Ekinion =       0.000000
siesta:         Total =    -465.835164

siesta: Atomic forces (eV/Ang):
siesta:      1   -0.000004   -0.694329    0.000000
siesta:      2    0.664653    0.323005   -0.000000
siesta:      3   -0.664654    0.323006    0.000000
siesta:      4   -0.029244   -0.001440    0.000000
siesta:      5    0.029244   -0.001440   -0.000000
siesta: ----------------------------------------
siesta:    Tot   -0.000004   -0.051197    0.000000

siesta: Stress tensor (static) (eV/Ang**3):
siesta:    -0.004101    0.000000    0.000000
siesta:     0.000000   -0.001824   -0.000000
siesta:     0.000000    0.000000   -0.000628

siesta: Cell volume =        235.378012 Ang**3

siesta: Pressure (static):
siesta:                Solid            Molecule  Units
siesta:           0.00002379          0.00000251  Ry/Bohr**3
siesta:           0.00218420          0.00023008  eV/Ang**3
siesta:           3.49950826          0.36863662  kBar
(Free)E+ p_basis*V_orbitals  =        -465.237388
(Free)Eharris+ p_basis*V_orbitals  =        -465.240200

siesta: Electric dipole (a.u.)  =    0.000000    0.560077   -0.000000
siesta: Electric dipole (Debye) =    0.000000    1.423574   -0.000000

* Maximum dynamic memory allocated : Node    0 =     4 MB
* Maximum dynamic memory allocated : Node    1 =     4 MB
* Maximum dynamic memory allocated : Node    2 =     3 MB
* Maximum dynamic memory allocated : Node    3 =     3 MB

* Maximum memory occured during ranger                        

timer: CPU execution times:
timer:  Routine       Calls   Time/call    Tot.time        %
timer:  siesta            1       8.324       8.324   100.00
timer:  Setup             1       2.081       2.081    25.00
timer:  bands             1       0.000       0.000     0.00
timer:  writewave         1       0.004       0.004     0.05
timer:  KSV_init          1       0.000       0.000     0.00
timer:  IterMD            1       6.201       6.201    74.50
timer:  hsparse           1       0.003       0.003     0.04
timer:  overlap           1       0.327       0.327     3.93
timer:  IterSCF          21       0.261       5.483    65.87
timer:  kinefsm           2       0.142       0.284     3.41
timer:  nlefsm            2       1.486       2.973    35.71
timer:  DHSCF            22       0.070       1.542    18.52
timer:  DHSCF1            1       0.053       0.053     0.64
timer:  DHSCF2            1       0.091       0.091     1.09
timer:  REORD           178       0.000       0.026     0.31
timer:  POISON           23       0.016       0.379     4.55
timer:  DHSCF3           22       0.060       1.323    15.89
timer:  rhoofd           22       0.014       0.306     3.68
timer:  cellXC           22       0.015       0.326     3.92
timer:  vmat             22       0.009       0.188     2.26
timer:  MolMec            2       0.000       0.000     0.00
timer:  diagon           21       0.008       0.168     2.02
timer:  r-eigvec         21       0.008       0.168     2.02
timer:  r-buildHS        21       0.000       0.000     0.00
timer:  rdiag            21       0.008       0.166     1.99
timer:  rdiag1           21       0.001       0.020     0.24
timer:  rdiag2           21       0.000       0.007     0.08
timer:  rdiag3           21       0.006       0.127     1.53
timer:  rdiag4           21       0.000       0.007     0.08
timer:  r-buildD         21       0.000       0.000     0.00
timer:  DHSCF4            1       0.072       0.072     0.86
timer:  dfscf             1       0.058       0.058     0.70
timer:  overfsm           1       0.000       0.000     0.00
timer:  optical           1       0.033       0.033     0.40
  

elaps: ELAPSED times:
elaps:  Routine       Calls   Time/call    Tot.time        %
elaps:  siesta            1       2.167       2.167    99.95
elaps:  Setup             1       0.601       0.601    27.72
elaps:  bands             1       0.000       0.000     0.00
elaps:  writewave         1       0.001       0.001     0.05
elaps:  KSV_init          1       0.000       0.000     0.00
elaps:  IterMD            1       1.555       1.555    71.73
elaps:  hsparse           1       0.000       0.000     0.00
elaps:  overlap           1       0.079       0.079     3.64
elaps:  IterSCF          21       0.065       1.355    62.50
elaps:  kinefsm           2       0.034       0.069     3.18
elaps:  nlefsm            2       0.364       0.728    33.58
elaps:  DHSCF            22       0.018       0.390    17.99
elaps:  DHSCF1            1       0.013       0.013     0.60
elaps:  DHSCF2            1       0.023       0.023     1.06
elaps:  REORD           178       0.000       0.009     0.42
elaps:  POISON           23       0.004       0.090     4.15
elaps:  DHSCF3           22       0.015       0.333    15.36
elaps:  rhoofd           22       0.004       0.091     4.20
elaps:  cellXC           22       0.004       0.078     3.60
elaps:  vmat             22       0.002       0.051     2.35
elaps:  MolMec            2       0.000       0.000     0.00
elaps:  diagon           21       0.002       0.041     1.89
elaps:  r-eigvec         21       0.002       0.041     1.89
elaps:  r-buildHS        21       0.000       0.000     0.00
elaps:  rdiag            21       0.002       0.041     1.89
elaps:  rdiag1           21       0.000       0.003     0.14
elaps:  rdiag2           21       0.000       0.005     0.23
elaps:  rdiag3           21       0.001       0.030     1.38
elaps:  rdiag4           21       0.000       0.002     0.09
elaps:  r-buildD         21       0.000       0.000     0.00
elaps:  DHSCF4            1       0.021       0.021     0.97
elaps:  dfscf             1       0.017       0.017     0.78
elaps:  overfsm           1       0.001       0.001     0.05
elaps:  optical           1       0.000       0.000     0.00
  
>> End of run:  24-MAR-2013  18:21:18
