Siesta Version  : v4.1-b4-351
Architecture    : x86_64-linux-n-62-26-19
Compiler version: GNU Fortran (GCC) 9.3.0
Compiler flags  : mpifort -m64 -fPIC -O3 -march=native -ftree-vectorize -fexpensive-optimizatioons -funroll-loops -fprefetch-loop-arrays -fno-second-underscore  -flto
PP flags        : -I/dtu/sw/dcc/SL73/2020-aug/generic/build-tools/1.0/include -I/dtu/sw/dcc/SL773/2020-aug/generic/gcc/9.3.0/include -I/dtu/sw/dcc/SL73/2020-aug/generic/gcc/9.3.0/include -I/dtu/sw/dcc/SL73/2020-aug/XeonE5-2660v3/gnu/9.3.0/zlib/1.2.11/include -I/dtu/sw/dcc/SL73/2020-aug/generic/numactl/2.0.12/include -I/dtu/sw/dcc/SL73/2020-aug/XeonE5-2660v3/gnu/9.3.0/libxml2/2.9.10/include -I/dtu/sw/dcc/SL73/2020-aug/XeonE5-2660v3/gnu/9.3.0/hwloc/2.2.0/include -I/dtu/sw/dcc/SL73/2020-aug/XeonE5-2660v3/gnu/9.3.0/knem/1.1.4/include -I/dtu/sw/dcc/SL73/2020-aug/XeonE5-2660v3/gnu/9.3.0/ucx/1.8.1/include -I/dtu/sw/dcc/SL73/2020-aug/XeonE5-2660v3/gnu/9.3.0/openmpi/4.0.4/include -I/dtu/sw/dcc/SL73/2020-aug/XeonE5-2660v3/gnu/9.3.0/szip/2.1.1/include -I/dtu/sw/dcc/SL73/2020-aug/XeonE5-2660v3/gnu/9.3.0/hdf5/1.12.0/include -I/dtu/sw/dcc/SL73/2020-aug/XeonE5-2660v3/gnu/9.3.0/pnetcdf/1.12.1/include -I/dtu/sw/dcc/SL73/2020-aug/generic/gen-zlib/1.2.11/include -I/dtu/sw/dcc/SL73/2020-aug/generic/openssl/1.1.1/include -I/dtu/sw/dcc/SL73/2020-aug/generic/libssh2/1.8.2/include -I/dtu/sw/dcc/SL73/2020-aug/generic/curl/7.65.1/include -I/dtu/sw/dcc/SL73/2020-aug/XeonE5-2660v3/gnu/9.3.0/netcdf/4.7.4/include -I/dtu/sw/dcc/SL73/2020-aug/XeonE5-2660v3/gnu/9.3.0/flook/0.8.1/include -I/dtu/sw/dcc/SL73/2020-aug/XeonE5-2660v3/gnu/9.3.0/fftw/3.3.8/include -I/dtu/sw/dcc/SL73/2020-aug/XeonE5-2660v3/gnu/9.3.0/parmetis/4.0.3/include -I/dtu/sw/dcc/SL73/2020-aug/XeonE5-2660v3/gnu/9.3.0/scalapack/2.1.0/include -I/dtu/sw/dcc/SL73/2020-aug/XeonE5-2660v3/gnu/9.3.0/lapack/3.9.0/include -I/dtu/sw/dcc/SL73/2020-aug/XeonE5-2660v3/gnu/9.3.0/blis/0.7.0/include -I/dtu/sw/dcc/SL73/2020-aug/XeonE5-2660v3/gnu/9.3.0/scotch/6.0.9/include -I/dtu/sw/dcc/SL73/2020-aug/XeonE5-2660v3/gnu/9.3.0/mumps/5.3.3/include -I/dtu/sw/dcc/SL73/2020-aug/XeonE5-2660v3/gnu/9.3.0/elpa/2020.05.001/include -DSIESTA__ELPA -DMPI -DFC_HAVE_FLUSH -DFC_HAVE_ABORT -DCDF -DCDF4 -DSIESTA__FLOOK  -DNCDF -DNCDF_4 -DNCDF_PARALLEL -DTS_NOCHECKS -DSIESTA__METIS -DSIESTA__MUMPS -DSIESTA__MRRR -I/dtu/sw/dcc/SL73/2020-aug/XeonE5-2660v3/gnu/9.3.0/elpa/2020.05.001/include/elpa
Libraries       : libncdf.a libfdict.a -lnetcdff -lnetcdf -lpnetcdf -lhdf5_hl -lhdf5 -lz  -lzmuumps -lmumps_common -lesmumps -lscotch -lscotcherr -lpord -lparmetis -lmetis -lelpa -lscalapack -llapack -lblis  -L/dtu/sw/dcc/SL73/2020-aug/XeonE5-2660v3/gnu/9.3.0/flook/0.8.1/lib -Wl,-rpath=/dtu/sw/dcc/SL73/2020-aug/XeonE5-2660v3/gnu/9.3.0/flook/0.8.1/lib -lflookall -ldl  -flto -fuse-linker-plugin  -lmetis
PARALLEL version
NetCDF support
NetCDF-4 support
NetCDF-4 MPI-IO support
METIS ordering support
Lua support

* Running on 8 nodes in parallel
>> Start of run:  22-JAN-2021  21:47:28

                           ***********************       
                           *  WELCOME TO SIESTA  *       
                           ***********************       

reinit: Reading from ../bessel-rich.fdf

reinit: -----------------------------------------------------------------------
reinit: System Name: Water molecule with various Bessel Orbitals
reinit: -----------------------------------------------------------------------
reinit: System Label: bessel-rich
reinit: -----------------------------------------------------------------------

initatom: Reading input for the pseudopotentials and atomic orbitals ----------
Species number:   1 Atomic number:    8 Label: O
Species number:   2 Atomic number:    1 Label: H
Species number:   3 Label: Bessel (floating Bessel functions)
Species number:   4 Label: J (floating Bessel functions)

Ground state valence configuration:   2s02  2p04
Reading pseudopotential information in formatted form from O.psf

Valence configuration for pseudopotential generation:
2s( 2.00) rc: 1.14
2p( 4.00) rc: 1.14
3d( 0.00) rc: 1.14
4f( 0.00) rc: 1.14
Dumping pseudopotential information in formatted form in O.psdump
Ground state valence configuration:   1s01
Reading pseudopotential information in formatted form from H.psf

Valence configuration for pseudopotential generation:
1s( 1.00) rc: 1.25
2p( 0.00) rc: 1.25
3d( 0.00) rc: 1.25
4f( 0.00) rc: 1.25
Dumping pseudopotential information in formatted form in H.psdump
For O, standard SIESTA heuristics set lmxkb to 3
 (one more than the basis l, including polarization orbitals).
Use PS.lmax or PS.KBprojectors blocks to override.
For H, standard SIESTA heuristics set lmxkb to 2
 (one more than the basis l, including polarization orbitals).
Use PS.lmax or PS.KBprojectors blocks to override.

<basis_specs>
===============================================================================
O                    Z=   8    Mass=  16.000        Charge= 0.17977+309
Lmxo=1 Lmxkb= 3    BasisType=split      Semic=F
L=0  Nsemic=0  Cnfigmx=2
          i=1  nzeta=2  polorb=0  (2s)
            splnorm:   0.15000    
               vcte:    0.0000    
               rinn:    0.0000    
               qcoe:    0.0000    
               qyuk:    0.0000    
               qwid:   0.10000E-01
                rcs:    0.0000      0.0000    
            lambdas:    1.0000      1.0000    
L=1  Nsemic=0  Cnfigmx=2
          i=1  nzeta=2  polorb=1  (2p)
            splnorm:   0.15000    
               vcte:    0.0000    
               rinn:    0.0000    
               qcoe:    0.0000    
               qyuk:    0.0000    
               qwid:   0.10000E-01
                rcs:    0.0000      0.0000    
            lambdas:    1.0000      1.0000    
-------------------------------------------------------------------------------
L=0  Nkbl=1  erefs: 0.17977+309
L=1  Nkbl=1  erefs: 0.17977+309
L=2  Nkbl=1  erefs: 0.17977+309
L=3  Nkbl=1  erefs: 0.17977+309
===============================================================================
</basis_specs>

atom: Called for O                     (Z =   8)

read_vps: Pseudopotential generation method:
read_vps: ATM3      Troullier-Martins                       
Valence charge for ps generation:    6.00000

xc_check: Exchange-correlation functional:
xc_check: Ceperley-Alder
V l=0 = -2*Zval/r beyond r=  1.1278
V l=1 = -2*Zval/r beyond r=  1.1278
V l=2 = -2*Zval/r beyond r=  1.1278
V l=3 = -2*Zval/r beyond r=  1.1138
All V_l potentials equal beyond r=  1.1278
This should be close to max(r_c) in ps generation
All pots = -2*Zval/r beyond r=  1.1278

VLOCAL1: 99.0% of the norm of Vloc inside     34.126 Ry
VLOCAL1: 99.9% of the norm of Vloc inside     77.774 Ry
atom: Maximum radius for 4*pi*r*r*local-pseudopot. charge    1.37759
atom: Maximum radius for r*vlocal+2*Zval:    1.18566
GHOST: No ghost state for L =  0
GHOST: No ghost state for L =  1
GHOST: No ghost state for L =  2
GHOST: No ghost state for L =  3

KBgen: Kleinman-Bylander projectors: 
   l= 0   rc=  1.294105   el= -1.742414   Ekb=  9.135903   kbcos=  0.326910
   l= 1   rc=  1.294105   el= -0.676589   Ekb= -8.124878   kbcos= -0.395047
   l= 2   rc=  1.448233   el=  0.002386   Ekb= -2.039267   kbcos= -0.003484
   l= 3   rc=  1.561052   el=  0.003508   Ekb= -0.799141   kbcos= -0.000344

KBgen: Total number of  Kleinman-Bylander projectors:   16
atom: -------------------------------------------------------------------------

atom: SANKEY-TYPE ORBITALS:
atom: Selected multiple-zeta basis: split     

SPLIT: Orbitals with angular momentum L= 0

SPLIT: Basis orbitals for state 2s

SPLIT: PAO cut-off radius determined from an
SPLIT: energy shift=  0.020000 Ry

   izeta = 1
                 lambda =    1.000000
                     rc =    3.305093
                 energy =   -1.723766
                kinetic =    1.614911
    potential(screened) =   -3.338677
       potential(ionic) =  -11.304675

   izeta = 2
                 rmatch =    2.510382
              splitnorm =    0.150000
                 energy =   -1.471299
                kinetic =    2.446434
    potential(screened) =   -3.917732
       potential(ionic) =  -12.476133

SPLIT: Orbitals with angular momentum L= 1

SPLIT: Basis orbitals for state 2p

SPLIT: PAO cut-off radius determined from an
SPLIT: energy shift=  0.020000 Ry

   izeta = 1
                 lambda =    1.000000
                     rc =    3.937239
                 energy =   -0.658841
                kinetic =    5.005986
    potential(screened) =   -5.664827
       potential(ionic) =  -13.452360

   izeta = 2
                 rmatch =    2.541963
              splitnorm =    0.150000
                 energy =   -0.367441
                kinetic =    7.530509
    potential(screened) =   -7.897949
       potential(ionic) =  -16.611953

POLgen: Perturbative polarization orbital with L=  2

POLgen: Polarization orbital for state 2p

   izeta = 1
                     rc =    3.937239
                 energy =    2.398520
                kinetic =    4.716729
    potential(screened) =   -2.318209
       potential(ionic) =   -8.603170
atom: Total number of Sankey-type orbitals: 13

atm_pop: Valence configuration (for local Pseudopot. screening):
 2s( 2.00)                                                            
 2p( 4.00)                                                            
Vna: chval, zval:    6.00000   6.00000

Vna:  Cut-off radius for the neutral-atom potential:   3.937239

atom: _________________________________________________________________________

<basis_specs>
===============================================================================
H                    Z=   1    Mass=  1.0100        Charge= 0.17977+309
Lmxo=0 Lmxkb= 2    BasisType=split      Semic=F
L=0  Nsemic=0  Cnfigmx=1
          i=1  nzeta=2  polorb=1  (1s)
            splnorm:   0.15000    
               vcte:    0.0000    
               rinn:    0.0000    
               qcoe:    0.0000    
               qyuk:    0.0000    
               qwid:   0.10000E-01
                rcs:    0.0000      0.0000    
            lambdas:    1.0000      1.0000    
-------------------------------------------------------------------------------
L=0  Nkbl=1  erefs: 0.17977+309
L=1  Nkbl=1  erefs: 0.17977+309
L=2  Nkbl=1  erefs: 0.17977+309
===============================================================================
</basis_specs>

atom: Called for H                     (Z =   1)

read_vps: Pseudopotential generation method:
read_vps: ATM3      Troullier-Martins                       
Valence charge for ps generation:    1.00000

xc_check: Exchange-correlation functional:
xc_check: Ceperley-Alder
V l=0 = -2*Zval/r beyond r=  1.2343
V l=1 = -2*Zval/r beyond r=  1.2189
V l=2 = -2*Zval/r beyond r=  1.2189
All V_l potentials equal beyond r=  1.2343
This should be close to max(r_c) in ps generation
All pots = -2*Zval/r beyond r=  1.2343

VLOCAL1: 99.0% of the norm of Vloc inside     28.493 Ry
VLOCAL1: 99.9% of the norm of Vloc inside     64.935 Ry
atom: Maximum radius for 4*pi*r*r*local-pseudopot. charge    1.45251
atom: Maximum radius for r*vlocal+2*Zval:    1.21892
GHOST: No ghost state for L =  0
GHOST: No ghost state for L =  1
GHOST: No ghost state for L =  2

KBgen: Kleinman-Bylander projectors: 
   l= 0   rc=  1.364359   el= -0.467325   Ekb= -2.005361   kbcos= -0.336422
   l= 1   rc=  1.434438   el=  0.001430   Ekb= -0.501708   kbcos= -0.021697
   l= 2   rc=  1.470814   el=  0.002365   Ekb= -0.190555   kbcos= -0.002281

KBgen: Total number of  Kleinman-Bylander projectors:    9
atom: -------------------------------------------------------------------------

atom: SANKEY-TYPE ORBITALS:
atom: Selected multiple-zeta basis: split     

SPLIT: Orbitals with angular momentum L= 0

SPLIT: Basis orbitals for state 1s

SPLIT: PAO cut-off radius determined from an
SPLIT: energy shift=  0.020000 Ry

   izeta = 1
                 lambda =    1.000000
                     rc =    4.828263
                 energy =   -0.449375
                kinetic =    0.929372
    potential(screened) =   -1.378747
       potential(ionic) =   -1.915047

   izeta = 2
                 rmatch =    3.854947
              splitnorm =    0.150000
                 energy =   -0.336153
                kinetic =    1.505294
    potential(screened) =   -1.841447
       potential(ionic) =   -2.413582

POLgen: Perturbative polarization orbital with L=  1

POLgen: Polarization orbital for state 1s

   izeta = 1
                     rc =    4.828263
                 energy =    0.706972
                kinetic =    1.396397
    potential(screened) =   -0.689424
       potential(ionic) =   -1.169792
atom: Total number of Sankey-type orbitals:  5

atm_pop: Valence configuration (for local Pseudopot. screening):
 1s( 1.00)                                                            
Vna: chval, zval:    1.00000   1.00000

Vna:  Cut-off radius for the neutral-atom potential:   4.828263

atom: _________________________________________________________________________

<basis_specs>
===============================================================================
Bessel               Z=-100    Mass= 0.10000E+41    Charge= 0.17977+309
Lmxo=1 Lmxkb=-1    BasisType=split      Semic=F
L=0  Nsemic=1  Cnfigmx=2
          i=1  nzeta=1  polorb=0  (1s)
            splnorm:   0.15000    
               vcte:    0.0000    
               rinn:    0.0000    
               qcoe:    0.0000    
               qyuk:    0.0000    
               qwid:   0.10000E-01
                rcs:    2.0000    
            lambdas:    1.0000    
          i=2  nzeta=1  polorb=0  (2s)
            splnorm:   0.15000    
               vcte:    0.0000    
               rinn:    0.0000    
               qcoe:    0.0000    
               qyuk:    0.0000    
               qwid:   0.10000E-01
                rcs:    2.5000    
            lambdas:    1.0000    
L=1  Nsemic=0  Cnfigmx=3
          i=1  nzeta=1  polorb=0  (3p)
            splnorm:   0.15000    
               vcte:    0.0000    
               rinn:    0.0000    
               qcoe:    0.0000    
               qyuk:    0.0000    
               qwid:   0.10000E-01
                rcs:    3.5000    
            lambdas:    1.0000    
===============================================================================
</basis_specs>

atom: Called for Bessel                (Z =-100) ( Floating Bessel functions ) 

Bessel: floating Bessel functions with angular momentum L= 0

Bessel: Basis orbitals for "state" 1s

   izeta = 1
                     rc =    2.011274
                 energy =    2.439817

Bessel: Basis orbitals for "state" 2s

   izeta = 1
                     rc =    2.519390
                 energy =    1.554924

Bessel: floating Bessel functions with angular momentum L= 1

Bessel: Basis orbitals for "state" 3p

   izeta = 1
                     rc =    3.487864
                 energy =    1.659713

atom: Total number of floating Bessel orbitals:  5

atom: _________________________________________________________________________

<basis_specs>
===============================================================================
J                    Z=-100    Mass= 0.10000E+41    Charge= 0.17977+309
Lmxo=1 Lmxkb=-1    BasisType=split      Semic=F
L=0  Nsemic=0  Cnfigmx=2
          i=1  nzeta=7  polorb=0  (2s)
            splnorm:   0.15000    
               vcte:    0.0000    
               rinn:    0.0000    
               qcoe:    0.0000    
               qyuk:    0.0000    
               qwid:   0.10000E-01
                rcs:    4.5000      4.5000      4.5000      4.5000    
            lambdas:    1.0000      1.0000      1.0000      1.0000    
L=1  Nsemic=0  Cnfigmx=2
          i=1  nzeta=3  polorb=0  (2p)
            splnorm:   0.15000    
               vcte:    0.0000    
               rinn:    0.0000    
               qcoe:    0.0000    
               qyuk:    0.0000    
               qwid:   0.10000E-01
                rcs:    4.5000      4.5000      5.0000    
            lambdas:    1.0000      1.0000      1.0000    
===============================================================================
</basis_specs>

atom: Called for J                     (Z =-100) ( Floating Bessel functions ) 

Bessel: floating Bessel functions with angular momentum L= 0

Bessel: Basis orbitals for "state" 2s

   izeta = 1
                     rc =    4.479210
                 energy =    0.491923

   izeta = 2
                     rc =    4.479210
                 energy =    1.967691

   izeta = 3
                     rc =    4.479210
                 energy =    4.427304

   izeta = 4
                     rc =    4.479210
                 energy =    7.870760

   izeta = 5
                     rc =    4.479210
                 energy =   12.298054

   izeta = 6
                     rc =    4.479210
                 energy =   17.709175

   izeta = 7
                     rc =    4.479210
                 energy =   24.104105

Bessel: floating Bessel functions with angular momentum L= 1

Bessel: Basis orbitals for "state" 2p

   izeta = 1
                     rc =    4.479210
                 energy =    1.006350

   izeta = 2
                     rc =    4.479210
                 energy =    2.974558

   izeta = 3
                     rc =    5.075940
                 energy =    4.614751

atom: Total number of floating Bessel orbitals: 16

atom: _________________________________________________________________________

prinput: Basis input ----------------------------------------------------------

PAO.BasisType split     

%block ChemicalSpeciesLabel
    1    8 O                       # Species index, atomic number, species label
    2    1 H                       # Species index, atomic number, species label
    3 -100 Bessel                  # Species index, atomic number, species label
    4 -100 J                       # Species index, atomic number, species label
%endblock ChemicalSpeciesLabel

%block PAO.Basis                 # Define Basis set
O                     2                    # Species label, number of l-shells
 n=2   0   2                         # n, l, Nzeta 
   3.305      2.510   
   1.000      1.000   
 n=2   1   2 P   1                   # n, l, Nzeta, Polarization, NzetaPol
   3.937      2.542   
   1.000      1.000   
H                     1                    # Species label, number of l-shells
 n=1   0   2 P   1                   # n, l, Nzeta, Polarization, NzetaPol
   4.828      3.855   
   1.000      1.000   
Bessel                3                    # Species label, number of l-shells
 n=1   0   1                         # n, l, Nzeta 
   2.011   
   1.000   
 n=2   0   1                         # n, l, Nzeta 
   2.519   
   1.000   
 n=3   1   1                         # n, l, Nzeta 
   3.488   
   1.000   
J                     2                    # Species label, number of l-shells
 n=2   0   7                         # n, l, Nzeta 
   4.479      4.479      4.479      4.479      4.479      4.479      4.479   
   1.000      1.000      1.000      1.000      1.000      1.000      1.000   
 n=2   1   3                         # n, l, Nzeta 
   4.479      4.479      5.076   
   1.000      1.000      1.000   
%endblock PAO.Basis

prinput: ----------------------------------------------------------------------

Dumping basis to NetCDF file O.ion.nc
Dumping basis to NetCDF file H.ion.nc
Dumping basis to NetCDF file Bessel.ion.nc
Dumping basis to NetCDF file J.ion.nc
coor:   Atomic-coordinates input format  =     Cartesian coordinates
coor:                                          (in Angstroms)

siesta: Atomic coordinates (Bohr) and species
siesta:      0.00000   0.00000   0.00000  1        1
siesta:      1.43052   1.10738   0.00000  2        2
siesta:     -1.43052   1.10738   0.00000  2        3
siesta:      0.71526   0.55369   0.00000  3        4
siesta:     -0.71526   0.55369   0.00000  3        5
siesta:      0.71526   0.55369   0.00000  4        6
siesta:     -0.71526   0.55369   0.00000  4        7

siesta: Automatic unit cell vectors (Ang):
siesta:    7.286412    0.000000    0.000000
siesta:    0.000000    6.087484    0.000000
siesta:    0.000000    0.000000    5.909356

siesta: System type = molecule  

initatomlists: Number of atoms, orbitals, and projectors:      7    65    34

siesta: ******************** Simulation parameters ****************************
siesta:
siesta: The following are some of the parameters of the simulation.
siesta: A complete list of the parameters used, including default values,
siesta: can be found in file out.fdf
siesta:
redata: Spin configuration                          = none
redata: Number of spin components                   = 1
redata: Time-Reversal Symmetry                      = T
redata: Spin spiral                                 = F
redata: Long output                                 =   F
redata: Number of Atomic Species                    =        4
redata: Charge density info will appear in .RHO file
redata: Write Mulliken Pop.                         = NO
redata: Matel table size (NRTAB)                    =     1024
redata: Mesh Cutoff                                 =   300.0000 Ry
redata: Net charge of the system                    =     0.0000 |e|
redata: Min. number of SCF Iter                     =        0
redata: Max. number of SCF Iter                     =     1000
redata: SCF convergence failure will abort job
redata: SCF mix quantity                            = Hamiltonian
redata: Mix DM or H after convergence               =   F
redata: Recompute H after scf cycle                 =   F
redata: Mix DM in first SCF step                    =   T
redata: Write Pulay info on disk                    =   F
redata: New DM Occupancy tolerance                  = 0.000000000001
redata: No kicks to SCF
redata: DM Mixing Weight for Kicks                  =     0.5000
redata: Require Harris convergence for SCF          =   F
redata: Harris energy tolerance for SCF             =     0.000100 eV
redata: Require DM convergence for SCF              =   T
redata: DM tolerance for SCF                        =     0.000100
redata: Require EDM convergence for SCF             =   F
redata: EDM tolerance for SCF                       =     0.001000 eV
redata: Require H convergence for SCF               =   T
redata: Hamiltonian tolerance for SCF               =     0.001000 eV
redata: Require (free) Energy convergence for SCF   =   F
redata: (free) Energy tolerance for SCF             =     0.000100 eV
redata: Using Saved Data (generic)                  =   F
redata: Use continuation files for DM               =   F
redata: Neglect nonoverlap interactions             =   F
redata: Method of Calculation                       = Diagonalization
redata: Electronic Temperature                      =   299.9869 K
redata: Fix the spin of the system                  =   F
redata: Dynamics option                             = Single-point calculation
mix.SCF: Pulay mixing                            = Pulay
mix.SCF:    Variant                              = stable
mix.SCF:    History steps                        = 2
mix.SCF:    Linear mixing weight                 =     0.250000
mix.SCF:    Mixing weight                        =     0.250000
mix.SCF:    SVD condition                        = 0.1000E-07
redata: Save all siesta data in one NC              =   F
redata: ***********************************************************************

%block SCF.Mixers
  Pulay
%endblock SCF.Mixers

%block SCF.Mixer.Pulay
  # Mixing method
  method pulay
  variant stable

  # Mixing options
  weight 0.2500
  weight.linear 0.2500
  history 2
%endblock SCF.Mixer.Pulay

DM_history_depth set to one: no extrapolation allowed by default for geometry relaxation
Size of DM history Fstack: 1
Total number of electrons:     8.000000
Total ionic charge:     8.000000

* ProcessorY, Blocksize:    2   8


* Orbital distribution balance (max,min):     9     8

 Kpoints in:            1 . Kpoints trimmed:            1

siesta: k-grid: Number of k-points =     1
siesta: k-grid: Cutoff (effective) =     2.955 Ang
siesta: k-grid: Supercell and displacements
siesta: k-grid:    1   0   0      0.000
siesta: k-grid:    0   1   0      0.000
siesta: k-grid:    0   0   1      0.000

diag: Algorithm                                     = D&C
diag: Parallel over k                               =   F
diag: Use parallel 2D distribution                  =   T
diag: Parallel block-size                           = 8
diag: Parallel distribution                         =     2 x     4
diag: Used triangular part                          = Lower
diag: Absolute tolerance                            =  0.100E-15
diag: Orthogonalization factor                      =  0.100E-05
diag: Memory factor                                 =  1.0000


ts: **************************************************************
ts: Save H and S matrices                           =    F
ts: Save DM and EDM matrices                        =    F
ts: Only save the overlap matrix S                  =    F
ts: **************************************************************

************************ Begin: TS CHECKS AND WARNINGS ************************
************************ End: TS CHECKS AND WARNINGS **************************


                     ====================================
                        Single-point calculation
                     ====================================

outcell: Unit cell vectors (Ang):
        7.286412    0.000000    0.000000
        0.000000    6.087484    0.000000
        0.000000    0.000000    5.909356

outcell: Cell vector modules (Ang)   :    7.286412    6.087484    5.909356
outcell: Cell angles (23,13,12) (deg):     90.0000     90.0000     90.0000
outcell: Cell volume (Ang**3)        :    262.1149
<dSpData1D:S at geom step 0
  <sparsity:sparsity for geom step 0
    nrows_g=65 nrows=9 sparsity=.1385 nnzs=585, refcount: 7>
  <dData1D:(new from dSpData1D) n=585, refcount: 1>
refcount: 1>
new_DM -- step:     1
Initializing Density Matrix...
DM filled with atomic data:
<dSpData2D:DM initialized from atoms
  <sparsity:sparsity for geom step 0
    nrows_g=65 nrows=9 sparsity=.1385 nnzs=585, refcount: 8>
  <dData2D:DM n=585 m=1, refcount: 1>
refcount: 1>
No. of atoms with KB's overlaping orbs in proc 0. Max # of overlaps:       3      65
New grid distribution:   1
           1       1:   40    1:   16    1:    8
           2       1:   40    1:   16    9:   16
           3       1:   40    1:   16   17:   24
           4       1:   40    1:   16   25:   32
           5       1:   40   17:   32    1:    8
           6       1:   40   17:   32    9:   16
           7       1:   40   17:   32   17:   24
           8       1:   40   17:   32   25:   32

InitMesh: MESH =    80 x    64 x    64 =      327680
InitMesh: (bp) =    40 x    32 x    32 =       40960
InitMesh: Mesh cutoff (required, used) =   300.000   305.482 Ry
ExtMesh (bp) on 0 =   100 x    76 x    68 =      516800
New grid distribution:   2
           1      12:   40   10:   32    1:   11
           2      12:   40    1:    9    1:   11
           3      12:   40    1:    8   12:   32
           4       1:   11    1:    9   12:   32
           5       1:   11   10:   32    1:   11
           6       1:   11    1:    9    1:   11
           7      12:   40    9:   32   12:   32
           8       1:   11   10:   32   12:   32
New grid distribution:   3
           1      18:   40    1:   11    1:   13
           2       1:   17    1:   11   14:   32
           3       1:   17   12:   32   14:   32
           4      18:   40    1:   11   14:   32
           5      18:   40   12:   32    1:   13
           6       1:   17   13:   32    1:   13
           7      18:   40   12:   32   14:   32
           8       1:   17    1:   12    1:   13
Setting up quadratic distribution...
ExtMesh (bp) on 0 =    89 x    83 x    71 =      524477
PhiOnMesh: Number of (b)points on node 0 =                 7337
PhiOnMesh: nlist on node 0 =                72557

stepf: Fermi-Dirac step function

siesta: Program's energy decomposition (eV):
siesta: Ebs     =       -86.309647
siesta: Eions   =       815.854478
siesta: Ena     =       175.155695
siesta: Ekin    =       373.272427
siesta: Enl     =       -68.530099
siesta: Eso     =         0.000000
siesta: Edftu   =         0.000000
siesta: DEna    =       -15.367783
siesta: DUscf   =         1.924041
siesta: DUext   =         0.000000
siesta: Exc     =      -116.532622
siesta: eta*DQ  =         0.000000
siesta: Emadel  =         0.000000
siesta: Emeta   =         0.000000
siesta: Emolmec =         0.000000
siesta: Ekinion =         0.000000
siesta: Eharris =      -468.945160
siesta: Etot    =      -465.932819
siesta: FreeEng =      -465.932819

        iscf     Eharris(eV)        E_KS(eV)     FreeEng(eV)     dDmax    Ef(eV) dHmax(eV)
   scf:    1     -468.945160     -465.932819     -465.932819  1.774497 -8.477996  6.699394
timer: Routine,Calls,Time,% = IterSCF        1       0.118   2.46
   scf:    2     -466.967394     -466.550024     -466.550024  0.033355 -7.299026  2.507038
   scf:    3     -466.643635     -466.628601     -466.628601  0.022871 -6.537130  0.295080
   scf:    4     -466.635815     -466.632403     -466.632403  0.006735 -6.473157  0.220617
   scf:    5     -466.635850     -466.634547     -466.634547  0.014505 -1.639178  0.042399
   scf:    6     -466.634701     -466.634636     -466.634636  0.000809 -1.630524  0.019880
   scf:    7     -466.634671     -466.634655     -466.634655  0.000463 -1.630205  0.014256
   scf:    8     -466.634667     -466.634661     -466.634661  0.000305 -1.631986  0.011141
   scf:    9     -466.634666     -466.634664     -466.634664  0.000476 -1.637047  0.004355
   scf:   10     -466.634664     -466.634664     -466.634664  0.000091 -1.639216  0.002274
   scf:   11     -466.634664     -466.634664     -466.634664  0.000021 -1.640109  0.001556
   scf:   12     -466.634664     -466.634664     -466.634664  0.000015 -1.640324  0.000841

SCF Convergence by DM+H criterion
max |DM_out - DM_in|         :     0.0000154394
max |H_out - H_in|      (eV) :     0.0008408279
SCF cycle converged after 12 iterations

Using DM_out to compute the final energy and forces
No. of atoms with KB's overlaping orbs in proc 0. Max # of overlaps:       3      65

siesta: E_KS(eV) =             -466.6347

siesta: E_KS - E_eggbox =      -466.6347

siesta: Atomic forces (eV/Ang):
----------------------------------------
   Tot    0.000000   -0.001237    0.000000
----------------------------------------
   Max    0.365703
   Res    0.166555    sqrt( Sum f_i^2 / 3N )
----------------------------------------
   Max    0.365703    constrained

Stress tensor Voigt[x,y,z,yz,xz,xy] (kbar):       -3.40       -0.65       -0.12        0.00       -0.00       -0.00
(Free)E + p*V (eV/cell)     -466.4076
Target enthalpy (eV/cell)     -466.6347

siesta: Program's energy decomposition (eV):
siesta: Ebs     =      -107.116183
siesta: Eions   =       815.854478
siesta: Ena     =       175.155695
siesta: Ekin    =       351.398528
siesta: Enl     =       -62.966528
siesta: Eso     =         0.000000
siesta: Edftu   =         0.000000
siesta: DEna    =        -2.356797
siesta: DUscf   =         0.774123
siesta: DUext   =         0.000000
siesta: Exc     =      -112.785206
siesta: eta*DQ  =         0.000000
siesta: Emadel  =         0.000000
siesta: Emeta   =         0.000000
siesta: Emolmec =         0.000000
siesta: Ekinion =         0.000000
siesta: Eharris =      -466.634664
siesta: Etot    =      -466.634664
siesta: FreeEng =      -466.634664

siesta: Final energy (eV):
siesta:  Band Struct. =    -107.116183
siesta:       Kinetic =     351.398528
siesta:       Hartree =     388.120273
siesta:       Edftu   =       0.000000
siesta:       Eso     =       0.000000
siesta:    Ext. field =       0.000000
siesta:   Exch.-corr. =    -112.785206
siesta:  Ion-electron =   -1086.979559
siesta:       Ion-ion =      -6.388700
siesta:       Ekinion =       0.000000
siesta:         Total =    -466.634664
siesta:         Fermi =      -1.640324

siesta: Atomic forces (eV/Ang):
siesta:      1   -0.000000    0.012402    0.000000
siesta:      2    0.365703    0.278464    0.000000
siesta:      3   -0.365703    0.278464    0.000000
siesta:      4   -0.001601   -0.002664   -0.000000
siesta:      5    0.001601   -0.002664   -0.000000
siesta:      6   -0.005775   -0.282619   -0.000000
siesta:      7    0.005775   -0.282619   -0.000000
siesta: ----------------------------------------
siesta:    Tot    0.000000   -0.001237    0.000000

siesta: Stress tensor (static) (eV/Ang**3):
siesta:    -0.002121   -0.000000    0.000000
siesta:    -0.000000   -0.000405   -0.000000
siesta:    -0.000000    0.000000   -0.000073

siesta: Cell volume =        262.114919 Ang**3

siesta: Pressure (static):
siesta:                Solid            Molecule  Units
siesta:           0.00000943         -0.00000037  Ry/Bohr**3
siesta:           0.00086620         -0.00003377  eV/Ang**3
siesta:           1.38782428         -0.05410503  kBar
(Free)E+ p_basis*V_orbitals  =        -464.490305
(Free)Eharris+ p_basis*V_orbitals  =        -464.490305

siesta: Electric dipole (a.u.)  =    0.000000    0.657622   -0.000000
siesta: Electric dipole (Debye) =    0.000000    1.671509   -0.000000

cite: Please see "bessel-rich.bib" for an exhaustive BiBTeX file.
cite: Please clearly indicate Siesta version in published work: v4.1-b4-351
cite: This calculation has made use of the following articles
cite: which are encouraged to be cited in a published work.
        Primary SIESTA paper
          DOI: www.doi.org/10.1088/0953-8984/14/11/302

>> End of run:  22-JAN-2021  21:47:34
Job completed
