Siesta Version  : v4.1-b4-351
Architecture    : x86_64-linux-n-62-26-19
Compiler version: GNU Fortran (GCC) 9.3.0
Compiler flags  : mpifort -m64 -fPIC -O3 -march=native -ftree-vectorize -fexpensive-optimizatioons -funroll-loops -fprefetch-loop-arrays -fno-second-underscore  -flto
PP flags        : -I/dtu/sw/dcc/SL73/2020-aug/generic/build-tools/1.0/include -I/dtu/sw/dcc/SL773/2020-aug/generic/gcc/9.3.0/include -I/dtu/sw/dcc/SL73/2020-aug/generic/gcc/9.3.0/include -I/dtu/sw/dcc/SL73/2020-aug/XeonE5-2660v3/gnu/9.3.0/zlib/1.2.11/include -I/dtu/sw/dcc/SL73/2020-aug/generic/numactl/2.0.12/include -I/dtu/sw/dcc/SL73/2020-aug/XeonE5-2660v3/gnu/9.3.0/libxml2/2.9.10/include -I/dtu/sw/dcc/SL73/2020-aug/XeonE5-2660v3/gnu/9.3.0/hwloc/2.2.0/include -I/dtu/sw/dcc/SL73/2020-aug/XeonE5-2660v3/gnu/9.3.0/knem/1.1.4/include -I/dtu/sw/dcc/SL73/2020-aug/XeonE5-2660v3/gnu/9.3.0/ucx/1.8.1/include -I/dtu/sw/dcc/SL73/2020-aug/XeonE5-2660v3/gnu/9.3.0/openmpi/4.0.4/include -I/dtu/sw/dcc/SL73/2020-aug/XeonE5-2660v3/gnu/9.3.0/szip/2.1.1/include -I/dtu/sw/dcc/SL73/2020-aug/XeonE5-2660v3/gnu/9.3.0/hdf5/1.12.0/include -I/dtu/sw/dcc/SL73/2020-aug/XeonE5-2660v3/gnu/9.3.0/pnetcdf/1.12.1/include -I/dtu/sw/dcc/SL73/2020-aug/generic/gen-zlib/1.2.11/include -I/dtu/sw/dcc/SL73/2020-aug/generic/openssl/1.1.1/include -I/dtu/sw/dcc/SL73/2020-aug/generic/libssh2/1.8.2/include -I/dtu/sw/dcc/SL73/2020-aug/generic/curl/7.65.1/include -I/dtu/sw/dcc/SL73/2020-aug/XeonE5-2660v3/gnu/9.3.0/netcdf/4.7.4/include -I/dtu/sw/dcc/SL73/2020-aug/XeonE5-2660v3/gnu/9.3.0/flook/0.8.1/include -I/dtu/sw/dcc/SL73/2020-aug/XeonE5-2660v3/gnu/9.3.0/fftw/3.3.8/include -I/dtu/sw/dcc/SL73/2020-aug/XeonE5-2660v3/gnu/9.3.0/parmetis/4.0.3/include -I/dtu/sw/dcc/SL73/2020-aug/XeonE5-2660v3/gnu/9.3.0/scalapack/2.1.0/include -I/dtu/sw/dcc/SL73/2020-aug/XeonE5-2660v3/gnu/9.3.0/lapack/3.9.0/include -I/dtu/sw/dcc/SL73/2020-aug/XeonE5-2660v3/gnu/9.3.0/blis/0.7.0/include -I/dtu/sw/dcc/SL73/2020-aug/XeonE5-2660v3/gnu/9.3.0/scotch/6.0.9/include -I/dtu/sw/dcc/SL73/2020-aug/XeonE5-2660v3/gnu/9.3.0/mumps/5.3.3/include -I/dtu/sw/dcc/SL73/2020-aug/XeonE5-2660v3/gnu/9.3.0/elpa/2020.05.001/include -DSIESTA__ELPA -DMPI -DFC_HAVE_FLUSH -DFC_HAVE_ABORT -DCDF -DCDF4 -DSIESTA__FLOOK  -DNCDF -DNCDF_4 -DNCDF_PARALLEL -DTS_NOCHECKS -DSIESTA__METIS -DSIESTA__MUMPS -DSIESTA__MRRR -I/dtu/sw/dcc/SL73/2020-aug/XeonE5-2660v3/gnu/9.3.0/elpa/2020.05.001/include/elpa
Libraries       : libncdf.a libfdict.a -lnetcdff -lnetcdf -lpnetcdf -lhdf5_hl -lhdf5 -lz  -lzmuumps -lmumps_common -lesmumps -lscotch -lscotcherr -lpord -lparmetis -lmetis -lelpa -lscalapack -llapack -lblis  -L/dtu/sw/dcc/SL73/2020-aug/XeonE5-2660v3/gnu/9.3.0/flook/0.8.1/lib -Wl,-rpath=/dtu/sw/dcc/SL73/2020-aug/XeonE5-2660v3/gnu/9.3.0/flook/0.8.1/lib -lflookall -ldl  -flto -fuse-linker-plugin  -lmetis
PARALLEL version
NetCDF support
NetCDF-4 support
NetCDF-4 MPI-IO support
METIS ordering support
Lua support

* Running on 8 nodes in parallel
>> Start of run:  22-JAN-2021  21:48:23

                           ***********************       
                           *  WELCOME TO SIESTA  *       
                           ***********************       

reinit: Reading from ../chargeconf-h2o.fdf

reinit: -----------------------------------------------------------------------
reinit: System Name: Water monomer for basis tests
reinit: -----------------------------------------------------------------------
reinit: System Label: chargeconf-h2o
reinit: -----------------------------------------------------------------------

initatom: Reading input for the pseudopotentials and atomic orbitals ----------
Species number:   1 Atomic number:    8 Label: O
Species number:   2 Atomic number:    1 Label: H

Ground state valence configuration:   2s02  2p04
Reading pseudopotential information in formatted form from O.psf

Valence configuration for pseudopotential generation:
2s( 2.00) rc: 1.14
2p( 4.00) rc: 1.14
3d( 0.00) rc: 1.14
4f( 0.00) rc: 1.14
Ground state valence configuration:   1s01
Reading pseudopotential information in formatted form from H.psf

Valence configuration for pseudopotential generation:
1s( 1.00) rc: 1.25
2p( 0.00) rc: 1.25
3d( 0.00) rc: 1.25
4f( 0.00) rc: 1.25
For O, standard SIESTA heuristics set lmxkb to 3
 (one more than the basis l, including polarization orbitals).
Use PS.lmax or PS.KBprojectors blocks to override.
For H, standard SIESTA heuristics set lmxkb to 2
 (one more than the basis l, including polarization orbitals).
Use PS.lmax or PS.KBprojectors blocks to override.

<basis_specs>
===============================================================================
O                    Z=   8    Mass=  16.000        Charge= 0.17977+309
Lmxo=2 Lmxkb= 3    BasisType=split      Semic=F
L=0  Nsemic=0  Cnfigmx=2
          i=1  nzeta=3  polorb=0  (2s)
            splnorm:   0.15000    
               vcte:    50.000    
               rinn:    8.0000    
               qcoe:    0.0000    
               qyuk:    0.0000    
               qwid:   0.10000E-01
                rcs:    8.0000      3.5000      2.0000    
            lambdas:    1.0000      1.0000      1.0000    
L=1  Nsemic=0  Cnfigmx=2
          i=1  nzeta=3  polorb=0  (2p)
            splnorm:   0.15000    
               vcte:    10.000    
               rinn:    8.0000    
               qcoe:    0.0000    
               qyuk:    0.0000    
               qwid:   0.10000    
                rcs:    8.0000      3.5000      2.0000    
            lambdas:    1.0000      1.0000      1.0000    
L=2  Nsemic=0  Cnfigmx=3
          i=1  nzeta=1  polorb=0  (3d)
            splnorm:   0.15000    
               vcte:    50.000    
               rinn:    9.0000    
               qcoe:    8.5000    
               qyuk:   0.40000    
               qwid:   0.10000E-01
                rcs:    8.0000    
            lambdas:    1.0000    
-------------------------------------------------------------------------------
L=0  Nkbl=1  erefs: 0.17977+309
L=1  Nkbl=1  erefs: 0.17977+309
L=2  Nkbl=1  erefs: 0.17977+309
L=3  Nkbl=1  erefs: 0.17977+309
===============================================================================
</basis_specs>

atom: Called for O                     (Z =   8)

read_vps: Pseudopotential generation method:
read_vps: ATM3      Troullier-Martins                       
Valence charge for ps generation:    6.00000

xc_check: Exchange-correlation functional:
xc_check: GGA Perdew, Burke & Ernzerhof 1996
xc_check: WARNING: Pseudopotential generated with LDA CA functional
V l=0 = -2*Zval/r beyond r=  1.1278
V l=1 = -2*Zval/r beyond r=  1.1278
V l=2 = -2*Zval/r beyond r=  1.1278
V l=3 = -2*Zval/r beyond r=  1.1138
All V_l potentials equal beyond r=  1.1278
This should be close to max(r_c) in ps generation
All pots = -2*Zval/r beyond r=  1.1278

VLOCAL1: 99.0% of the norm of Vloc inside     34.126 Ry
VLOCAL1: 99.9% of the norm of Vloc inside     77.774 Ry
atom: Maximum radius for 4*pi*r*r*local-pseudopot. charge    1.37759
atom: Maximum radius for r*vlocal+2*Zval:    1.18566
GHOST: No ghost state for L =  0
GHOST: No ghost state for L =  1
GHOST: No ghost state for L =  2
GHOST: No ghost state for L =  3

KBgen: Kleinman-Bylander projectors: 
   l= 0   rc=  1.294105   el= -1.764717   Ekb=  9.120606   kbcos=  0.329038
   l= 1   rc=  1.294105   el= -0.698441   Ekb= -8.119783   kbcos= -0.400859
   l= 2   rc=  1.448233   el=  0.002031   Ekb= -2.039067   kbcos= -0.003490
   l= 3   rc=  1.561052   el=  0.003153   Ekb= -0.799361   kbcos= -0.000345

KBgen: Total number of  Kleinman-Bylander projectors:   16
atom: -------------------------------------------------------------------------

atom: SANKEY-TYPE ORBITALS:
atom: Selected multiple-zeta basis: split     

SPLIT: Orbitals with angular momentum L= 0

SPLIT: Basis orbitals for state 2s

   izeta = 1
                 lambda =    1.000000
                     rc =    8.129670
                 energy =   -1.764787
                kinetic =    1.548672
    potential(screened) =   -3.313459
       potential(ionic) =  -11.189566

   izeta = 2
                 rmatch =    3.562532
              splitnorm =    0.022926
                 energy =   -1.731315
* WARNING: effective split_norm is quite small. Orbitals will be very similar.
                kinetic =    1.814335
    potential(screened) =   -3.545651
       potential(ionic) =  -11.674007

   izeta = 3
                 rmatch =    2.004519
              splitnorm =    0.368418
                 energy =   -0.962194
                kinetic =    3.371907
    potential(screened) =   -4.334102
       potential(ionic) =  -13.196386

SPLIT: Orbitals with angular momentum L= 1

SPLIT: Basis orbitals for state 2p

   izeta = 1
                 lambda =    1.000000
                     rc =    8.129670
                 energy =   -0.698486
                kinetic =    4.858471
    potential(screened) =   -5.556957
       potential(ionic) =  -13.207447

   izeta = 2
                 rmatch =    3.562532
              splitnorm =    0.050381
                 energy =   -0.640043
                kinetic =    5.863677
    potential(screened) =   -6.503719
       potential(ionic) =  -14.659742

   izeta = 3
                 rmatch =    2.004519
              splitnorm =    0.323653
                 energy =    0.080315
                kinetic =    9.701391
    potential(screened) =   -9.621077
       potential(ionic) =  -18.727440

SPLIT: Orbitals with angular momentum L= 2

SPLIT: Basis orbitals for state 3d
Charge confinement: Q:     8.5000

   izeta = 1
                 lambda =    1.000000
                     rc =    8.129670
                 energy =    2.994281
                kinetic =    5.785419
    potential(screened) =   -2.791138
       potential(ionic) =   -9.545833
atom: Total number of Sankey-type orbitals: 17

atm_pop: Valence configuration (for local Pseudopot. screening):
 2s( 2.00)                                                            
 2p( 4.00)                                                            
 3d( 0.00)                                                            
Vna: chval, zval:    6.00000   6.00000

Vna:  Cut-off radius for the neutral-atom potential:   8.129670

atom: _________________________________________________________________________

<basis_specs>
===============================================================================
H                    Z=   1    Mass=  1.0100        Charge= 0.17977+309
Lmxo=1 Lmxkb= 2    BasisType=split      Semic=F
L=0  Nsemic=0  Cnfigmx=1
          i=1  nzeta=3  polorb=0  (1s)
            splnorm:   0.15000    
               vcte:    50.000    
               rinn:    8.0000    
               qcoe:    0.0000    
               qyuk:    0.0000    
               qwid:   0.10000E-01
                rcs:    8.0000      3.5000      2.0000    
            lambdas:    1.0000      1.0000      1.0000    
L=1  Nsemic=0  Cnfigmx=2
          i=1  nzeta=1  polorb=0  (2p)
            splnorm:   0.15000    
               vcte:    50.000    
               rinn:    9.0000    
               qcoe:    5.5000    
               qyuk:   0.50000    
               qwid:   0.10000E-01
                rcs:    8.0000    
            lambdas:    1.0000    
-------------------------------------------------------------------------------
L=0  Nkbl=1  erefs: 0.17977+309
L=1  Nkbl=1  erefs: 0.17977+309
L=2  Nkbl=1  erefs: 0.17977+309
===============================================================================
</basis_specs>

atom: Called for H                     (Z =   1)

read_vps: Pseudopotential generation method:
read_vps: ATM3      Troullier-Martins                       
Valence charge for ps generation:    1.00000

xc_check: Exchange-correlation functional:
xc_check: GGA Perdew, Burke & Ernzerhof 1996
xc_check: WARNING: Pseudopotential generated with LDA CA functional
V l=0 = -2*Zval/r beyond r=  1.2343
V l=1 = -2*Zval/r beyond r=  1.2189
V l=2 = -2*Zval/r beyond r=  1.2189
All V_l potentials equal beyond r=  1.2343
This should be close to max(r_c) in ps generation
All pots = -2*Zval/r beyond r=  1.2343

VLOCAL1: 99.0% of the norm of Vloc inside     28.493 Ry
VLOCAL1: 99.9% of the norm of Vloc inside     64.935 Ry
atom: Maximum radius for 4*pi*r*r*local-pseudopot. charge    1.45251
atom: Maximum radius for r*vlocal+2*Zval:    1.21892
GHOST: No ghost state for L =  0
GHOST: No ghost state for L =  1
GHOST: No ghost state for L =  2

KBgen: Kleinman-Bylander projectors: 
   l= 0   rc=  1.364359   el= -0.488086   Ekb= -2.002077   kbcos= -0.347561
   l= 1   rc=  1.434438   el=  0.001075   Ekb= -0.501617   kbcos= -0.021754
   l= 2   rc=  1.470814   el=  0.002010   Ekb= -0.190607   kbcos= -0.002284

KBgen: Total number of  Kleinman-Bylander projectors:    9
atom: -------------------------------------------------------------------------

atom: SANKEY-TYPE ORBITALS:
atom: Selected multiple-zeta basis: split     

SPLIT: Orbitals with angular momentum L= 0

SPLIT: Basis orbitals for state 1s

   izeta = 1
                 lambda =    1.000000
                     rc =    7.962068
                 energy =   -0.487842
                kinetic =    0.875333
    potential(screened) =   -1.363175
       potential(ionic) =   -1.870385

   izeta = 2
                 rmatch =    3.487864
              splitnorm =    0.250305
                 energy =   -0.302898
                kinetic =    1.737007
    potential(screened) =   -2.039906
       potential(ionic) =   -2.579409

   izeta = 3
                 rmatch =    2.011274
              splitnorm =    0.661862
                 energy =    0.762508
                kinetic =    3.889507
    potential(screened) =   -3.127000
       potential(ionic) =   -3.667294

SPLIT: Orbitals with angular momentum L= 1

SPLIT: Basis orbitals for state 2p
Charge confinement: Q:     5.5000

   izeta = 1
                 lambda =    1.000000
                     rc =    7.962068
                 energy =    1.563120
                kinetic =    2.655916
    potential(screened) =   -1.092796
       potential(ionic) =   -1.610734
atom: Total number of Sankey-type orbitals:  6

atm_pop: Valence configuration (for local Pseudopot. screening):
 1s( 1.00)                                                            
 2p( 0.00)                                                            
Vna: chval, zval:    1.00000   1.00000

Vna:  Cut-off radius for the neutral-atom potential:   7.962068

atom: _________________________________________________________________________

prinput: Basis input ----------------------------------------------------------

PAO.BasisType split     

%block ChemicalSpeciesLabel
    1    8 O                       # Species index, atomic number, species label
    2    1 H                       # Species index, atomic number, species label
%endblock ChemicalSpeciesLabel

%block PAO.Basis                 # Define Basis set
O                     3                    # Species label, number of l-shells
 n=2   0   3                         # n, l, Nzeta 
   8.130      3.563      2.005   
   1.000      1.000      1.000   
 n=2   1   3                         # n, l, Nzeta 
   8.130      3.563      2.005   
   1.000      1.000      1.000   
 n=3   2   1                         # n, l, Nzeta 
   8.130   
   1.000   
H                     2                    # Species label, number of l-shells
 n=1   0   3                         # n, l, Nzeta 
   7.962      3.488      2.011   
   1.000      1.000      1.000   
 n=2   1   1                         # n, l, Nzeta 
   7.962   
   1.000   
%endblock PAO.Basis

prinput: ----------------------------------------------------------------------

Dumping basis to NetCDF file O.ion.nc
Dumping basis to NetCDF file H.ion.nc
coor:   Atomic-coordinates input format  =     Cartesian coordinates
coor:                                          (in Angstroms)

siesta: Atomic coordinates (Bohr) and species
siesta:      0.75855   0.82662   1.45215  1        1
siesta:      0.00848  -0.00832   0.00033  2        2
siesta:      0.00894  -0.00821   2.90427  2        3

siesta: System type = molecule  

initatomlists: Number of atoms, orbitals, and projectors:      3    29    34

siesta: ******************** Simulation parameters ****************************
siesta:
siesta: The following are some of the parameters of the simulation.
siesta: A complete list of the parameters used, including default values,
siesta: can be found in file out.fdf
siesta:
redata: Spin configuration                          = none
redata: Number of spin components                   = 1
redata: Time-Reversal Symmetry                      = T
redata: Spin spiral                                 = F
redata: Long output                                 =   F
redata: Number of Atomic Species                    =        2
redata: Charge density info will appear in .RHO file
redata: Write Mulliken Pop.                         = NO
redata: Matel table size (NRTAB)                    =     1024
redata: Mesh Cutoff                                 =   200.0000 Ry
redata: Net charge of the system                    =     0.0000 |e|
redata: Min. number of SCF Iter                     =        0
redata: Max. number of SCF Iter                     =     1000
redata: SCF convergence failure will abort job
redata: SCF mix quantity                            = Hamiltonian
redata: Mix DM or H after convergence               =   F
redata: Recompute H after scf cycle                 =   F
redata: Mix DM in first SCF step                    =   T
redata: Write Pulay info on disk                    =   F
redata: New DM Occupancy tolerance                  = 0.000000000001
redata: No kicks to SCF
redata: DM Mixing Weight for Kicks                  =     0.5000
redata: Require Harris convergence for SCF          =   F
redata: Harris energy tolerance for SCF             =     0.000100 eV
redata: Require DM convergence for SCF              =   T
redata: DM tolerance for SCF                        =     0.000010
redata: Require EDM convergence for SCF             =   F
redata: EDM tolerance for SCF                       =     0.001000 eV
redata: Require H convergence for SCF               =   T
redata: Hamiltonian tolerance for SCF               =     0.001000 eV
redata: Require (free) Energy convergence for SCF   =   F
redata: (free) Energy tolerance for SCF             =     0.000100 eV
redata: Using Saved Data (generic)                  =   F
redata: Use continuation files for DM               =   T
redata: Neglect nonoverlap interactions             =   F
redata: Method of Calculation                       = Diagonalization
redata: Electronic Temperature                      =    58.0222 K
redata: Fix the spin of the system                  =   F
redata: Dynamics option                             = Single-point calculation
mix.SCF: Pulay mixing                            = Pulay
mix.SCF:    Variant                              = stable
mix.SCF:    History steps                        = 3
mix.SCF:    Linear mixing weight                 =     0.300000
mix.SCF:    Mixing weight                        =     0.300000
mix.SCF:    SVD condition                        = 0.1000E-07
redata: Save all siesta data in one NC              =   F
redata: ***********************************************************************

%block SCF.Mixers
  Pulay
%endblock SCF.Mixers

%block SCF.Mixer.Pulay
  # Mixing method
  method pulay
  variant stable

  # Mixing options
  weight 0.3000
  weight.linear 0.3000
  history 3
%endblock SCF.Mixer.Pulay

DM_history_depth set to one: no extrapolation allowed by default for geometry relaxation
Size of DM history Fstack: 1
Total number of electrons:     8.000000
Total ionic charge:     8.000000

* ProcessorY, Blocksize:    2   3


* Orbital distribution balance (max,min):     6     3

 Kpoints in:            1 . Kpoints trimmed:            1

siesta: k-grid: Number of k-points =     1
siesta: k-grid: Cutoff (effective) =    10.000 Ang
siesta: k-grid: Supercell and displacements
siesta: k-grid:    1   0   0      0.000
siesta: k-grid:    0   1   0      0.000
siesta: k-grid:    0   0   1      0.000

diag: Algorithm                                     = D&C
diag: Parallel over k                               =   F
diag: Use parallel 2D distribution                  =   T
diag: Parallel block-size                           = 3
diag: Parallel distribution                         =     2 x     4
diag: Used triangular part                          = Lower
diag: Absolute tolerance                            =  0.100E-15
diag: Orthogonalization factor                      =  0.100E-05
diag: Memory factor                                 =  1.0000


ts: **************************************************************
ts: Save H and S matrices                           =    F
ts: Save DM and EDM matrices                        =    F
ts: Only save the overlap matrix S                  =    F
ts: **************************************************************

************************ Begin: TS CHECKS AND WARNINGS ************************
************************ End: TS CHECKS AND WARNINGS **************************


                     ====================================
                        Single-point calculation
                     ====================================

outcell: Unit cell vectors (Ang):
       20.000000    0.000000    0.000000
        0.000000   20.000000    0.000000
        0.000000    0.000000   20.000000

outcell: Cell vector modules (Ang)   :   20.000000   20.000000   20.000000
outcell: Cell angles (23,13,12) (deg):     90.0000     90.0000     90.0000
outcell: Cell volume (Ang**3)        :   8000.0000
<dSpData1D:S at geom step 0
  <sparsity:sparsity for geom step 0
    nrows_g=29 nrows=6 sparsity=.2069 nnzs=174, refcount: 7>
  <dData1D:(new from dSpData1D) n=174, refcount: 1>
refcount: 1>
new_DM -- step:     1
Initializing Density Matrix...

Attempting to read DM from file... Failed...
DM filled with atomic data:
<dSpData2D:DM initialized from atoms
  <sparsity:sparsity for geom step 0
    nrows_g=29 nrows=6 sparsity=.2069 nnzs=174, refcount: 8>
  <dData2D:DM n=174 m=1, refcount: 1>
refcount: 1>
No. of atoms with KB's overlaping orbs in proc 0. Max # of overlaps:       3      29
New grid distribution:   1
           1       1:   90    1:   45    1:   23
           2       1:   90    1:   45   24:   46
           3       1:   90    1:   45   47:   68
           4       1:   90    1:   45   69:   90
           5       1:   90   46:   90    1:   23
           6       1:   90   46:   90   24:   46
           7       1:   90   46:   90   47:   68
           8       1:   90   46:   90   69:   90

InitMesh: MESH =   180 x   180 x   180 =     5832000
InitMesh: (bp) =    90 x    90 x    90 =      729000
InitMesh: Mesh cutoff (required, used) =   200.000   223.865 Ry
ExtMesh (bp) on 0 =   170 x   125 x   103 =     2188750
New grid distribution:   2
           1       1:   16   17:   90    1:   13
           2       1:   23   17:   90   14:   90
           3      16:   90    1:   16   14:   90
           4       1:   15    1:   16   14:   90
           5      17:   90   17:   90    1:   13
           6      24:   90   17:   90   14:   90
           7      17:   90    1:   16    1:   13
           8       1:   16    1:   16    1:   13
New grid distribution:   3
           1       1:   18   19:   90    1:   17
           2       1:   35   21:   90   18:   90
           3      18:   90    1:   20   18:   90
           4       1:   17    1:   20   18:   90
           5      19:   90   19:   90    1:   17
           6      36:   90   21:   90   18:   90
           7      19:   90    1:   18    1:   17
           8       1:   18    1:   18    1:   17
Setting up quadratic distribution...
ExtMesh (bp) on 0 =    96 x   154 x    93 =     1374912
PhiOnMesh: Number of (b)points on node 0 =                15392
PhiOnMesh: nlist on node 0 =                67146

stepf: Fermi-Dirac step function

siesta: Program's energy decomposition (eV):
siesta: Ebs     =       -66.563033
siesta: Eions   =       815.854479
siesta: Ena     =       181.209487
siesta: Ekin    =       395.644168
siesta: Enl     =       -74.492815
siesta: Eso     =         0.000000
siesta: Edftu   =         0.000000
siesta: DEna    =       -36.300988
siesta: DUscf   =         5.159453
siesta: DUext   =         0.000000
siesta: Exc     =      -122.635412
siesta: eta*DQ  =         0.000000
siesta: Emadel  =         0.000000
siesta: Emeta   =         0.000000
siesta: Emolmec =         0.000000
siesta: Ekinion =         0.000000
siesta: Eharris =      -465.312179
siesta: Etot    =      -467.270587
siesta: FreeEng =      -467.270587

        iscf     Eharris(eV)        E_KS(eV)     FreeEng(eV)     dDmax    Ef(eV) dHmax(eV)
   scf:    1     -465.312179     -467.270587     -467.270587  0.958552 -8.335510 13.592310
timer: Routine,Calls,Time,% = IterSCF        1       1.239  34.70
   scf:    2     -470.866747     -469.577177     -469.577177  0.765996 -5.609455  3.062760
   scf:    3     -469.684220     -469.667300     -469.667300  0.309191 -4.663351  0.534095
   scf:    4     -469.672189     -469.671752     -469.671752  0.026984 -4.323480  0.284783
   scf:    5     -469.673235     -469.672874     -469.672874  0.033285 -4.238413  0.009157
   scf:    6     -469.672878     -469.672877     -469.672877  0.000666 -4.241117  0.002702
   scf:    7     -469.672879     -469.672878     -469.672878  0.000676 -4.241847  0.000812
   scf:    8     -469.672878     -469.672878     -469.672878  0.000207 -4.241781  0.000506
   scf:    9     -469.672878     -469.672878     -469.672878  0.000371 -4.241662  0.000056
   scf:   10     -469.672878     -469.672878     -469.672878  0.000011 -4.241673  0.000045
   scf:   11     -469.672878     -469.672878     -469.672878  0.000048 -4.241707  0.000005
   scf:   12     -469.672878     -469.672878     -469.672878  0.000003 -4.241703  0.000002

SCF Convergence by DM+H criterion
max |DM_out - DM_in|         :     0.0000034540
max |H_out - H_in|      (eV) :     0.0000017904
SCF cycle converged after 12 iterations

Using DM_out to compute the final energy and forces
No. of atoms with KB's overlaping orbs in proc 0. Max # of overlaps:       3      29

siesta: E_KS(eV) =             -469.6729

siesta: E_KS - E_eggbox =      -469.6729

siesta: Atomic forces (eV/Ang):
----------------------------------------
   Tot   -0.039565   -0.043853   -0.022294
----------------------------------------
   Max    0.381778
   Res    0.244855    sqrt( Sum f_i^2 / 3N )
----------------------------------------
   Max    0.381778    constrained

Stress tensor Voigt[x,y,z,yz,xz,xy] (kbar):        0.03        0.04        0.09       -0.00       -0.00        0.03
(Free)E + p*V (eV/cell)     -469.9389
Target enthalpy (eV/cell)     -469.6729

siesta: Program's energy decomposition (eV):
siesta: Ebs     =      -108.625228
siesta: Eions   =       815.854479
siesta: Ena     =       181.209487
siesta: Ekin    =       352.218803
siesta: Enl     =       -63.579984
siesta: Eso     =         0.000000
siesta: Edftu   =         0.000000
siesta: DEna    =        -9.880046
siesta: DUscf   =         1.330354
siesta: DUext   =         0.000000
siesta: Exc     =      -115.117013
siesta: eta*DQ  =         0.000000
siesta: Emadel  =         0.000000
siesta: Emeta   =         0.000000
siesta: Emolmec =         0.000000
siesta: Ekinion =         0.000000
siesta: Eharris =      -469.672878
siesta: Etot    =      -469.672878
siesta: FreeEng =      -469.672878

siesta: Final energy (eV):
siesta:  Band Struct. =    -108.625228
siesta:       Kinetic =     352.218803
siesta:       Hartree =     517.387340
siesta:       Edftu   =       0.000000
siesta:       Eso     =       0.000000
siesta:    Ext. field =       0.000000
siesta:   Exch.-corr. =    -115.117013
siesta:  Ion-electron =   -1346.312593
siesta:       Ion-ion =     122.150585
siesta:       Ekinion =       0.000000
siesta:         Total =    -469.672878
siesta:         Fermi =      -4.241703

siesta: Atomic forces (eV/Ang):
siesta:      1   -0.347858   -0.381778   -0.015578
siesta:      2    0.153669    0.168683    0.286417
siesta:      3    0.154624    0.169243   -0.293133
siesta: ----------------------------------------
siesta:    Tot   -0.039565   -0.043853   -0.022294

siesta: Stress tensor (static) (eV/Ang**3):
siesta:     0.000019    0.000017   -0.000000
siesta:     0.000017    0.000023   -0.000000
siesta:    -0.000000   -0.000000    0.000059

siesta: Cell volume =       8000.000000 Ang**3

siesta: Pressure (static):
siesta:                Solid            Molecule  Units
siesta:          -0.00000036         -0.00000003  Ry/Bohr**3
siesta:          -0.00003325         -0.00000240  eV/Ang**3
siesta:          -0.05327171         -0.00385041  kBar
(Free)E+ p_basis*V_orbitals  =        -466.698628
(Free)Eharris+ p_basis*V_orbitals  =        -466.698628

siesta: Electric dipole (a.u.)  =   -0.515191   -0.573556    0.000106
siesta: Electric dipole (Debye) =   -1.309487   -1.457835    0.000270

cite: Please see "chargeconf-h2o.bib" for an exhaustive BiBTeX file.
cite: Please clearly indicate Siesta version in published work: v4.1-b4-351
cite: This calculation has made use of the following articles
cite: which are encouraged to be cited in a published work.
        Primary SIESTA paper
          DOI: www.doi.org/10.1088/0953-8984/14/11/302

>> End of run:  22-JAN-2021  21:48:35
Job completed
