Siesta Version: siesta-3.2
Architecture  : SIESTA_ARCH
Compiler flags: FFLAGS
PARALLEL version
NetCDF support

* Running on    4 nodes in parallel
>> Start of run:  24-MAR-2013  18:24:23

                           ***********************       
                           *  WELCOME TO SIESTA  *       
                           ***********************       

reinit: Reading from standard input
************************** Dump of input data file ****************************
# -----------------------------------------------------------------------------
# FDF for bcc iron
#
# GGA, Ferromagnetic.
# Scalar-relativistic pseudopotential with non-linear partial-core correction
#
# E. Artacho, April 1999
# -----------------------------------------------------------------------------
SystemName       bcc Fe ferro GGA   # Descriptive name of the system
SystemLabel            fe           # Short name for naming files
# Output options
WriteCoorStep
WriteMullikenPop       1
# Species and atoms
NumberOfSpecies        1
NumberOfAtoms          1
%block ChemicalSpeciesLabel
  1  26  Fe
%endblock ChemicalSpeciesLabel
# Basis
PAO.EnergyShift       50 meV
PAO.BasisSize         DZP
%block PAO.Basis
  Fe  2
  0  2  P
  6. 0.
  2  2
  0. 0.
%endblock PAO.Basis
LatticeConstant       2.87 Ang
%block LatticeVectors
 0.50000   0.500000  0.500000
 0.50000  -0.500000  0.500000
 0.50000   0.500000 -0.500000
%endblock LatticeVectors
KgridCutoff          15. Ang
%block BandLines
  1  0.00000   0.000000  0.000000  \Gamma
 40  2.00000   0.000000  0.000000  H
 28  1.00000   1.000000  0.000000  N
 28  0.00000   0.000000  0.000000  \Gamma
 34  1.00000   1.000000  1.000000  P
%endblock BandLines
xc.functional         GGA           # Exchange-correlation functional
xc.authors            PBE           # Exchange-correlation version
SpinPolarized         true          # Logical parameters are: yes or no
MeshCutoff           150. Ry        # Mesh cutoff. real space mesh
# SCF options
MaxSCFIterations       40           # Maximum number of SCF iter
DM.MixingWeight       0.1           # New DM amount for next SCF cycle
DM.Tolerance          1.d-3         # Tolerance in maximum difference
                                    # between input and output DM
DM.UseSaveDM          true          # to use continuation files
DM.NumberPulay         3
Diag.DivideAndConquer .false.
SolutionMethod        diagon        # OrderN or Diagon
ElectronicTemperature  25 meV       # Temp. for Fermi smearing
# MD options
MD.TypeOfRun           cg           # Type of dynamics:
MD.NumCGsteps           0           # Number of CG steps for
                                    #   coordinate optimization
MD.MaxCGDispl          0.1 Ang      # Maximum atomic displacement
                                    #   in one CG step (Bohr)
MD.MaxForceTol         0.04 eV/Ang  # Tolerance in the maximum
                                    #   atomic force (Ry/Bohr)
# Atomic coordinates
AtomicCoordinatesFormat     Fractional
%block AtomicCoordinatesAndAtomicSpecies
  0.000000000000    0.000000000000    0.000000000000  1
%endblock AtomicCoordinatesAndAtomicSpecies
save-hs T
************************** End of input data file *****************************

reinit: -----------------------------------------------------------------------
reinit: System Name: bcc Fe ferro GGA
reinit: -----------------------------------------------------------------------
reinit: System Label: fe                                                          
reinit: -----------------------------------------------------------------------

initatom: Reading input for the pseudopotentials and atomic orbitals ----------
 Species number:            1  Label: Fe Atomic number:          26
Ground state valence configuration:   4s02  3d06
Reading pseudopotential information in formatted form from Fe.psf

Pseudopotential generated from a relativistic atomic calculation
There are spin-orbit pseudopotentials available
Spin-orbit interaction is not included in this calculation

Valence configuration for pseudopotential generation:
4s( 2.00) rc: 2.00
4p( 0.00) rc: 2.00
3d( 6.00) rc: 2.00
4f( 0.00) rc: 2.00
For Fe, standard SIESTA heuristics set lmxkb to 3
 (one more than the basis l, including polarization orbitals).
Use PS.lmax or PS.KBprojectors blocks to override.
 Warning: Empty PAO shell. l =           1
 Will have a KB projector anyway...

<basis_specs>
===============================================================================
Fe                   Z=  26    Mass=  55.850        Charge= 0.17977+309
Lmxo=2 Lmxkb= 3    BasisType=split      Semic=F
L=0  Nsemic=0  Cnfigmx=4
          n=1  nzeta=2  polorb=1
            splnorm:   0.15000    
               vcte:    0.0000    
               rinn:    0.0000    
                rcs:    6.0000      0.0000    
            lambdas:    1.0000      1.0000    
L=1  Nsemic=0  Cnfigmx=4
L=2  Nsemic=0  Cnfigmx=3
          n=1  nzeta=2  polorb=0
            splnorm:   0.15000    
               vcte:    0.0000    
               rinn:    0.0000    
                rcs:    0.0000      0.0000    
            lambdas:    1.0000      1.0000    
-------------------------------------------------------------------------------
L=0  Nkbl=1  erefs: 0.17977+309
L=1  Nkbl=1  erefs: 0.17977+309
L=2  Nkbl=1  erefs: 0.17977+309
L=3  Nkbl=1  erefs: 0.17977+309
===============================================================================
</basis_specs>

atom: Called for Fe                    (Z =  26)

read_vps: Pseudopotential generation method:
read_vps: ATM3      Troullier-Martins                       
Total valence charge:    8.00000

read_vps: Pseudopotential includes a core correction:
read_vps: Pseudo-core for xc-correction

xc_check: Exchange-correlation functional:
xc_check: GGA Perdew, Burke & Ernzerhof 1996
V l=0 = -2*Zval/r beyond r=  2.7645
V l=1 = -2*Zval/r beyond r=  2.7645
V l=2 = -2*Zval/r beyond r=  2.7645
V l=3 = -2*Zval/r beyond r=  2.7645
All V_l potentials equal beyond r=  1.9726
This should be close to max(r_c) in ps generation
All pots = -2*Zval/r beyond r=  2.7645
Using large-core scheme for Vlocal

atom: Estimated core radius    2.76453
atom: Maximum radius for 4*pi*r*r*local-pseudopot. charge    3.05528
atom: Maximum radius for r*vlocal+2*Zval:    2.79930
GHOST: No ghost state for L =  0
GHOST: No ghost state for L =  1
GHOST: No ghost state for L =  2
GHOST: No ghost state for L =  3

KBgen: Kleinman-Bylander projectors: 
   l= 0   rc=  2.047986   el= -0.388305   Ekb=  4.259322   kbcos=  0.262992
   l= 1   rc=  2.047986   el= -0.097543   Ekb=  2.850785   kbcos=  0.194191
   l= 2   rc=  2.022544   el= -0.553241   Ekb=-12.567334   kbcos= -0.683368
   l= 3   rc=  2.047986   el=  0.003178   Ekb= -1.649997   kbcos= -0.006611

KBgen: Total number of  Kleinman-Bylander projectors:   16
atom: -------------------------------------------------------------------------

atom: SANKEY-TYPE ORBITALS:
atom: Selected multiple-zeta basis: split     

SPLIT: Orbitals with angular momentum L= 0

SPLIT: Basis orbitals for state 4s

   izeta = 1
                 lambda =    1.000000
                     rc =    6.000769
                 energy =   -0.359899
                kinetic =    0.368794
    potential(screened) =   -0.728693
       potential(ionic) =   -6.200046

   izeta = 2
                 rmatch =    5.852607
              splitnorm =    0.150000
                 energy =   -0.302546
                kinetic =    0.545359
    potential(screened) =   -0.847905
       potential(ionic) =   -6.625795

SPLIT: Orbitals with angular momentum L= 2

SPLIT: Basis orbitals for state 3d

SPLIT: PAO cut-off radius determined from an
SPLIT: energy shift=  0.003675 Ry

   izeta = 1
                 lambda =    1.000000
                     rc =    4.791692
                 energy =   -0.550136
                kinetic =    9.305457
    potential(screened) =   -9.855593
       potential(ionic) =  -18.595677

   izeta = 2
                 rmatch =    2.235267
              splitnorm =    0.150000
                 energy =   -0.167121
                kinetic =   12.792830
    potential(screened) =  -12.959951
       potential(ionic) =  -22.329706

POLgen: Perturbative polarization orbital with L=  1

POLgen: Polarization orbital for state 4s

   izeta = 1
                     rc =    6.000769
                 energy =   -0.010549
                kinetic =    0.693233
    potential(screened) =   -0.703782
       potential(ionic) =   -5.834871
atom: Total number of Sankey-type orbitals: 15

atm_pop: Valence configuration (for local Pseudopot. screening):
 4s( 2.00)                                                            
 4p( 0.00)                                                            
 3d( 6.00)                                                            
Vna: chval, zval:    8.00000   8.00000

Vna:  Cut-off radius for the neutral-atom potential:   6.000769
comcore: Pseudo-core radius Rcore=  3.778693

atom: _________________________________________________________________________

prinput: Basis input ----------------------------------------------------------

PAO.BasisType split     

%block ChemicalSpeciesLabel
    1   26 Fe                      # Species index, atomic number, species label
%endblock ChemicalSpeciesLabel

%block PAO.Basis                 # Define Basis set
Fe                    2                    # Species label, number of l-shells
 n=4   0   2 P   1                   # n, l, Nzeta, Polarization, NzetaPol
   6.001      5.853   
   1.000      1.000   
 n=3   2   2                         # n, l, Nzeta 
   4.792      2.235   
   1.000      1.000   
%endblock PAO.Basis

prinput: ----------------------------------------------------------------------

Dumping basis to NetCDF file Fe.ion.nc
coor:   Atomic-coordinates input format  =     Fractional

siesta: Atomic coordinates (Bohr) and species
siesta:      0.00000   0.00000   0.00000  1        1

siesta: System type = bulk      

initatomlists: Number of atoms, orbitals, and projectors:      1    15    16

siesta: ******************** Simulation parameters ****************************
siesta:
siesta: The following are some of the parameters of the simulation.
siesta: A complete list of the parameters used, including default values,
siesta: can be found in file out.fdf
siesta:
redata: Non-Collinear-spin run           =     F
redata: SpinPolarized (Up/Down) run      =     T
redata: Number of spin components        =     2
redata: Long output                      =     F
redata: Number of Atomic Species         =        1
redata: Charge density info will appear in .RHO file
redata: Write Mulliken Pop.              =     Atomic and Orbital charges
redata: Mesh Cutoff                      =   150.0000  Ry
redata: Net charge of the system         =     0.0000 |e|
redata: Max. number of SCF Iter          =       40
redata: Performing Pulay mixing using    =     3 iterations
redata: Mix DM in first SCF step ?       =     F
redata: Write Pulay info on disk?        =     F
redata: Discard 1st Pulay DM after  kick =     F
redata: New DM Mixing Weight             =     0.1000
redata: New DM Occupancy tolerance       = 0.000000000001
redata: No kicks to SCF
redata: DM Mixing Weight for Kicks       =     0.5000
redata: DM Tolerance for SCF             =     0.001000
redata: Require Energy convergence for SCF =     F
redata: DM Energy tolerance for SCF      =     0.000100 eV
redata: Require Harris convergence for SCF =     F
redata: DM Harris energy tolerance for SCF =     0.000100 eV
redata: Antiferro initial spin density   =     F
redata: Using Saved Data (generic)   =     F
redata: Use continuation files for DM    =     T
redata: Neglect nonoverlap interactions  =     F
redata: Method of Calculation            =     Diagonalization
redata: Divide and Conquer               =     F
redata: Electronic Temperature           =     0.0018  Ry
redata: Fix the spin of the system       =     F
redata: Dynamics option                  =     CG coord. optimization
redata: Variable cell                    =     F
redata: Use continuation files for CG    =     F
redata: Max atomic displ per move        =     0.1890  Bohr
redata: Maximum number of CG moves       =        0
redata: Force tolerance                  =     0.0016  Ry/Bohr
redata: ***********************************************************************
Total number of electrons:     8.000000
Total ionic charge:     8.000000

* ProcessorY, Blocksize:    2   4

 Kpoints in:         1183 . Kpoints trimmed:         1099

siesta: k-grid: Number of k-points =  1099
siesta: k-grid: Cutoff (effective) =    16.156 Ang
siesta: k-grid: Supercell and displacements
siesta: k-grid:    0  13   0      0.000
siesta: k-grid:    0   0  13      0.000
siesta: k-grid:   13   0   0      0.000
Naive supercell factors:     7    7    7

superc: Internal auxiliary supercell:     7 x     7 x     7  =     343
superc: Number of atoms, orbitals, and projectors:    343   5145   5488

* Maximum dynamic memory allocated =     1 MB

siesta:                 ==============================
                            Begin CG move =      0
                        ==============================

outcoor: Atomic coordinates (fractional):                   
    0.00000000    0.00000000    0.00000000   1       1  Fe

superc: Internal auxiliary supercell:     7 x     7 x     7  =     343
superc: Number of atoms, orbitals, and projectors:    343   5145   5488

outcell: Unit cell vectors (Ang):
        1.435000    1.435000    1.435000
        1.435000   -1.435000    1.435000
        1.435000    1.435000   -1.435000

outcell: Cell vector modules (Ang)   :    2.485493    2.485493    2.485493
outcell: Cell angles (23,13,12) (deg):    109.4712     70.5288     70.5288
outcell: Cell volume (Ang**3)        :     11.8200
New_DM. Step:     1
Initializing Density Matrix...

initdm: Initial spin polarization (Qup-Qdown) =    4.000000

InitMesh: MESH =    16 x    16 x    16 =        4096
InitMesh: Mesh cutoff (required, used) =   150.000   171.794 Ry

* Maximum dynamic memory allocated =     7 MB

stepf: Fermi-Dirac step function

siesta: Program's energy decomposition (eV):
siesta: Ebs     =       -64.254200
siesta: Eions   =       711.951407
siesta: Ena     =        22.613121
siesta: Ekin    =       769.702469
siesta: Enl     =      -468.825683
siesta: DEna    =         0.000002
siesta: DUscf   =         0.000000
siesta: DUext   =         0.000000
siesta: Exc     =      -393.596704
siesta: eta*DQ  =         0.000000
siesta: Emadel  =         0.000000
siesta: Emeta   =         0.000000
siesta: Emolmec =         0.000000
siesta: Ekinion =         0.000000
siesta: Eharris =      -781.882593
siesta: Etot    =      -782.058202
siesta: FreeEng =      -782.058202

siesta: iscf   Eharris(eV)      E_KS(eV)   FreeEng(eV)   dDmax  Ef(eV)
siesta:    1     -781.8826     -782.0582     -782.0582  0.9323 -5.2101
timer: Routine,Calls,Time,% = IterSCF        1      38.232  95.18
elaps: Routine,Calls,Wall,% = IterSCF        1       9.593  95.10
siesta:    2     -782.2938     -782.1240     -782.1266  0.0611 -6.2765
siesta:    3     -782.2462     -782.1190     -782.1206  0.0796 -6.0974
siesta:    4     -782.2284     -782.1789     -782.1806  0.0298 -5.7868
siesta:    5     -782.2260     -782.1761     -782.1787  0.0304 -5.8430
siesta:    6     -782.2360     -782.2210     -782.2235  0.0199 -5.8035
siesta:    7     -782.2343     -782.2207     -782.2236  0.0183 -5.8888
siesta:    8     -782.2365     -782.2309     -782.2338  0.0153 -5.9078
siesta:    9     -782.2371     -782.2327     -782.2356  0.0144 -5.9090
siesta:   10     -782.2414     -782.2363     -782.2391  0.0117 -5.8738
siesta:   11     -782.2411     -782.2327     -782.2351  0.0092 -5.8783
siesta:   12     -782.2418     -782.2304     -782.2329  0.0070 -5.8726
siesta:   13     -782.2420     -782.2284     -782.2309  0.0067 -5.8784
siesta:   14     -782.2421     -782.2286     -782.2311  0.0063 -5.8846
siesta:   15     -782.2422     -782.2358     -782.2383  0.0048 -5.8940
siesta:   16     -782.2422     -782.2369     -782.2394  0.0045 -5.8936
siesta:   17     -782.2426     -782.2437     -782.2463  0.0028 -5.8861
siesta:   18     -782.2426     -782.2435     -782.2460  0.0026 -5.8873
siesta:   19     -782.2427     -782.2405     -782.2430  0.0014 -5.8967
siesta:   20     -782.2427     -782.2388     -782.2414  0.0017 -5.8956
siesta:   21     -782.2426     -782.2387     -782.2413  0.0017 -5.8944
siesta:   22     -782.2428     -782.2410     -782.2436  0.0011 -5.8899
siesta:   23     -782.2428     -782.2420     -782.2446  0.0008 -5.8896

siesta: E_KS(eV) =             -782.2434

siesta: E_KS - E_eggbox =      -782.2434

siesta: Atomic forces (eV/Ang):
----------------------------------------
   Tot   -0.000025    0.000013    0.000008
----------------------------------------
   Max    0.000025
   Res    0.000017    sqrt( Sum f_i^2 / 3N )
----------------------------------------
   Max    0.000025    constrained

Stress-tensor-Voigt (kbar):       -9.84       -9.84       -9.83       -5.20        5.20       -5.20
(Free)E + p*V (eV/cell)     -782.1734
Target enthalpy (eV/cell)     -782.2460

mulliken: Mulliken Atomic and Orbital Populations:

mulliken: Spin UP 

Species: Fe                  
Atom  Qatom  Qorb
               4s      4s      3dxy    3dyz    3dz2    3dxz    3dx2-y2 3dxy    
               3dyz    3dz2    3dxz    3dx2-y2 4Ppy    4Ppz    4Ppx    
   1  5.156  -0.151   0.446   0.905   0.905   0.968   0.905   0.968  -0.029
             -0.029  -0.022  -0.029  -0.022   0.114   0.114   0.114

mulliken: Qtot =        5.156

mulliken: Spin DOWN 

Species: Fe                  
Atom  Qatom  Qorb
               4s      4s      3dxy    3dyz    3dz2    3dxz    3dx2-y2 3dxy    
               3dyz    3dz2    3dxz    3dx2-y2 4Ppy    4Ppz    4Ppx    
   1  2.844  -0.244   0.544   0.539   0.539   0.343   0.539   0.343  -0.050
             -0.050  -0.042  -0.050  -0.042   0.158   0.158   0.158

mulliken: Qtot =        2.844

* Maximum dynamic memory allocated =     8 MB
Computing bands...

siesta: Program's energy decomposition (eV):
siesta: Ebs     =       -64.849111
siesta: Eions   =       711.951407
siesta: Ena     =        22.613121
siesta: Ekin    =       770.614655
siesta: Enl     =      -473.839635
siesta: DEna    =         0.789611
siesta: DUscf   =         0.020396
siesta: DUext   =         0.000000
siesta: Exc     =      -390.490136
siesta: eta*DQ  =         0.000000
siesta: Emadel  =         0.000000
siesta: Emeta   =         0.000000
siesta: Emolmec =         0.000000
siesta: Ekinion =         0.000000
siesta: Eharris =      -782.242789
siesta: Etot    =      -782.243394
siesta: FreeEng =      -782.245970

siesta: Final energy (eV):
siesta:  Band Struct. =     -64.849111
siesta:       Kinetic =     770.614655
siesta:       Hartree =      86.229991
siesta:    Ext. field =       0.000000
siesta:   Exch.-corr. =    -390.490136
siesta:  Ion-electron =    -819.144239
siesta:       Ion-ion =    -429.453666
siesta:       Ekinion =       0.000000
siesta:         Total =    -782.243394

siesta: Stress tensor (static) (eV/Ang**3):
siesta:    -0.006139   -0.003248   -0.003248
siesta:    -0.003248   -0.006140    0.003249
siesta:    -0.003248    0.003249   -0.006138

siesta: Cell volume =         11.819952 Ang**3

siesta: Pressure (static):
siesta:                Solid            Molecule  Units
siesta:           0.00006686          0.00006686  Ry/Bohr**3
siesta:           0.00613896          0.00613896  eV/Ang**3
siesta:           9.83579944          9.83579944  kBar
(Free)E+ p_basis*V_orbitals  =        -781.661886
(Free)Eharris+ p_basis*V_orbitals  =        -781.662641

siesta: Total spin polarization (Qup-Qdown) =    2.312787

* Maximum dynamic memory allocated : Node    0 =     8 MB
* Maximum dynamic memory allocated : Node    1 =     7 MB
* Maximum dynamic memory allocated : Node    2 =     7 MB
* Maximum dynamic memory allocated : Node    3 =     8 MB

* Maximum memory occured during matrixOtoM                    

timer: CPU execution times:
timer:  Routine       Calls   Time/call    Tot.time        %
timer:  siesta            1     702.120     702.120   100.00
timer:  Setup             1       1.299       1.299     0.18
timer:  bands             3       0.516       1.547     0.22
timer:  writewave         1       0.004       0.004     0.00
timer:  KSV_init          1       0.000       0.000     0.00
timer:  IterMD            1     697.428     697.428    99.33
timer:  hsparse           1       0.019       0.019     0.00
timer:  overlap           1       0.407       0.407     0.06
timer:  IterSCF          23      30.130     692.986    98.70
timer:  kinefsm           2       0.183       0.366     0.05
timer:  nlefsm            2       3.123       6.246     0.89
timer:  DHSCF            24       0.441      10.593     1.51
timer:  DHSCF1            1       0.144       0.144     0.02
timer:  DHSCF2            1       1.588       1.588     0.23
timer:  REORD           218       0.000       0.001     0.00
timer:  POISON           25       0.001       0.034     0.00
timer:  DHSCF3           24       0.344       8.256     1.18
timer:  rhoofd           24       0.165       3.954     0.56
timer:  cellXC           24       0.020       0.472     0.07
timer:  vmat             24       0.151       3.612     0.51
timer:  MolMec            2       0.000       0.000     0.00
timer:  diagon           23      29.323     674.432    96.06
timer:  c-eigval      50816       0.006     282.398    40.22
timer:  c-buildHS     50816       0.001      40.485     5.77
timer:  cdiag        101370       0.006     566.106    80.63
timer:  cdiag1       101370       0.000      35.757     5.09
timer:  cdiag2       101370       0.000      45.438     6.47
timer:  cdiag3       101370       0.003     345.909    49.27
timer:  cdiag4       101370       0.000       7.505     1.07
timer:  c-eigvec      50554       0.007     358.848    51.11
timer:  c-buildD      50554       0.001      30.741     4.38
timer:  DHSCF4            1       0.600       0.600     0.09
timer:  dfscf             1       0.494       0.494     0.07
timer:  overfsm           1       0.011       0.011     0.00
timer:  optical           1       0.000       0.000     0.00
  

elaps: ELAPSED times:
elaps:  Routine       Calls   Time/call    Tot.time        %
elaps:  siesta            1     175.812     175.812   100.00
elaps:  Setup             1       0.333       0.333     0.19
elaps:  bands             3       0.132       0.395     0.22
elaps:  writewave         1       0.000       0.000     0.00
elaps:  KSV_init          1       0.000       0.000     0.00
elaps:  IterMD            1     174.622     174.622    99.32
elaps:  hsparse           1       0.006       0.006     0.00
elaps:  overlap           1       0.084       0.084     0.05
elaps:  IterSCF          23       7.545     173.545    98.71
elaps:  kinefsm           2       0.037       0.075     0.04
elaps:  nlefsm            2       0.953       1.907     1.08
elaps:  DHSCF            24       0.110       2.646     1.51
elaps:  DHSCF1            1       0.036       0.036     0.02
elaps:  DHSCF2            1       0.397       0.397     0.23
elaps:  REORD           218       0.000       0.002     0.00
elaps:  POISON           25       0.000       0.003     0.00
elaps:  DHSCF3           24       0.086       2.066     1.18
elaps:  rhoofd           24       0.043       1.029     0.59
elaps:  cellXC           24       0.005       0.118     0.07
elaps:  vmat             24       0.037       0.899     0.51
elaps:  MolMec            2       0.000       0.000     0.00
elaps:  diagon           23       7.332     168.639    95.92
elaps:  c-eigval      50816       0.001      70.574    40.14
elaps:  c-buildHS     50816       0.000      15.939     9.07
elaps:  cdiag        101370       0.001     111.515    63.43
elaps:  cdiag1       101370       0.000       6.857     3.90
elaps:  cdiag2       101370       0.000      10.426     5.93
elaps:  cdiag3       101370       0.001      87.718    49.89
elaps:  cdiag4       101370       0.000       1.666     0.95
elaps:  c-eigvec      50554       0.002      77.456    44.06
elaps:  c-buildD      50554       0.000      19.505    11.09
elaps:  DHSCF4            1       0.145       0.145     0.08
elaps:  dfscf             1       0.118       0.118     0.07
elaps:  overfsm           1       0.003       0.003     0.00
elaps:  optical           1       0.000       0.000     0.00
  
>> End of run:  24-MAR-2013  18:27:19
