Siesta Version  : v4.1-b4-351
Architecture    : x86_64-linux-n-62-26-19
Compiler version: GNU Fortran (GCC) 9.3.0
Compiler flags  : mpifort -m64 -fPIC -O3 -march=native -ftree-vectorize -fexpensive-optimizatioons -funroll-loops -fprefetch-loop-arrays -fno-second-underscore  -flto
PP flags        : -I/dtu/sw/dcc/SL73/2020-aug/generic/build-tools/1.0/include -I/dtu/sw/dcc/SL773/2020-aug/generic/gcc/9.3.0/include -I/dtu/sw/dcc/SL73/2020-aug/generic/gcc/9.3.0/include -I/dtu/sw/dcc/SL73/2020-aug/XeonE5-2660v3/gnu/9.3.0/zlib/1.2.11/include -I/dtu/sw/dcc/SL73/2020-aug/generic/numactl/2.0.12/include -I/dtu/sw/dcc/SL73/2020-aug/XeonE5-2660v3/gnu/9.3.0/libxml2/2.9.10/include -I/dtu/sw/dcc/SL73/2020-aug/XeonE5-2660v3/gnu/9.3.0/hwloc/2.2.0/include -I/dtu/sw/dcc/SL73/2020-aug/XeonE5-2660v3/gnu/9.3.0/knem/1.1.4/include -I/dtu/sw/dcc/SL73/2020-aug/XeonE5-2660v3/gnu/9.3.0/ucx/1.8.1/include -I/dtu/sw/dcc/SL73/2020-aug/XeonE5-2660v3/gnu/9.3.0/openmpi/4.0.4/include -I/dtu/sw/dcc/SL73/2020-aug/XeonE5-2660v3/gnu/9.3.0/szip/2.1.1/include -I/dtu/sw/dcc/SL73/2020-aug/XeonE5-2660v3/gnu/9.3.0/hdf5/1.12.0/include -I/dtu/sw/dcc/SL73/2020-aug/XeonE5-2660v3/gnu/9.3.0/pnetcdf/1.12.1/include -I/dtu/sw/dcc/SL73/2020-aug/generic/gen-zlib/1.2.11/include -I/dtu/sw/dcc/SL73/2020-aug/generic/openssl/1.1.1/include -I/dtu/sw/dcc/SL73/2020-aug/generic/libssh2/1.8.2/include -I/dtu/sw/dcc/SL73/2020-aug/generic/curl/7.65.1/include -I/dtu/sw/dcc/SL73/2020-aug/XeonE5-2660v3/gnu/9.3.0/netcdf/4.7.4/include -I/dtu/sw/dcc/SL73/2020-aug/XeonE5-2660v3/gnu/9.3.0/flook/0.8.1/include -I/dtu/sw/dcc/SL73/2020-aug/XeonE5-2660v3/gnu/9.3.0/fftw/3.3.8/include -I/dtu/sw/dcc/SL73/2020-aug/XeonE5-2660v3/gnu/9.3.0/parmetis/4.0.3/include -I/dtu/sw/dcc/SL73/2020-aug/XeonE5-2660v3/gnu/9.3.0/scalapack/2.1.0/include -I/dtu/sw/dcc/SL73/2020-aug/XeonE5-2660v3/gnu/9.3.0/lapack/3.9.0/include -I/dtu/sw/dcc/SL73/2020-aug/XeonE5-2660v3/gnu/9.3.0/blis/0.7.0/include -I/dtu/sw/dcc/SL73/2020-aug/XeonE5-2660v3/gnu/9.3.0/scotch/6.0.9/include -I/dtu/sw/dcc/SL73/2020-aug/XeonE5-2660v3/gnu/9.3.0/mumps/5.3.3/include -I/dtu/sw/dcc/SL73/2020-aug/XeonE5-2660v3/gnu/9.3.0/elpa/2020.05.001/include -DSIESTA__ELPA -DMPI -DFC_HAVE_FLUSH -DFC_HAVE_ABORT -DCDF -DCDF4 -DSIESTA__FLOOK  -DNCDF -DNCDF_4 -DNCDF_PARALLEL -DTS_NOCHECKS -DSIESTA__METIS -DSIESTA__MUMPS -DSIESTA__MRRR -I/dtu/sw/dcc/SL73/2020-aug/XeonE5-2660v3/gnu/9.3.0/elpa/2020.05.001/include/elpa
Libraries       : libncdf.a libfdict.a -lnetcdff -lnetcdf -lpnetcdf -lhdf5_hl -lhdf5 -lz  -lzmuumps -lmumps_common -lesmumps -lscotch -lscotcherr -lpord -lparmetis -lmetis -lelpa -lscalapack -llapack -lblis  -L/dtu/sw/dcc/SL73/2020-aug/XeonE5-2660v3/gnu/9.3.0/flook/0.8.1/lib -Wl,-rpath=/dtu/sw/dcc/SL73/2020-aug/XeonE5-2660v3/gnu/9.3.0/flook/0.8.1/lib -lflookall -ldl  -flto -fuse-linker-plugin  -lmetis
PARALLEL version
NetCDF support
NetCDF-4 support
NetCDF-4 MPI-IO support
METIS ordering support
Lua support

* Running on 8 nodes in parallel
>> Start of run:  22-JAN-2021  22:00:50

                           ***********************       
                           *  WELCOME TO SIESTA  *       
                           ***********************       

reinit: Reading from ../fe_cohp.fdf

reinit: -----------------------------------------------------------------------
reinit: System Name: bcc Fe ferro GGA
reinit: -----------------------------------------------------------------------
reinit: System Label: fe_cohp
reinit: -----------------------------------------------------------------------

initatom: Reading input for the pseudopotentials and atomic orbitals ----------
Species number:   1 Atomic number:   26 Label: Fe

Ground state valence configuration:   4s02  3d06
Reading pseudopotential information in formatted form from Fe.psf

Pseudopotential generated from a relativistic atomic calculation

Valence configuration for pseudopotential generation:
4s( 2.00) rc: 2.00
4p( 0.00) rc: 2.00
3d( 6.00) rc: 2.00
4f( 0.00) rc: 2.00
For Fe, standard SIESTA heuristics set lmxkb to 3
 (one more than the basis l, including polarization orbitals).
Use PS.lmax or PS.KBprojectors blocks to override.
Fe: nkbl increased for l=1 due to the presence of a polarization orbital

<basis_specs>
===============================================================================
Fe                   Z=  26    Mass=  55.850        Charge= 0.17977+309
Lmxo=2 Lmxkb= 3    BasisType=split      Semic=F
L=0  Nsemic=0  Cnfigmx=4
          i=1  nzeta=2  polorb=1  (4s)
            splnorm:   0.15000    
               vcte:    0.0000    
               rinn:    0.0000    
               qcoe:    0.0000    
               qyuk:    0.0000    
               qwid:   0.10000E-01
                rcs:    6.0000      0.0000    
            lambdas:    1.0000      1.0000    
L=1  Nsemic=0  Cnfigmx=4
L=2  Nsemic=0  Cnfigmx=3
          i=1  nzeta=2  polorb=0  (3d)
            splnorm:   0.15000    
               vcte:    0.0000    
               rinn:    0.0000    
               qcoe:    0.0000    
               qyuk:    0.0000    
               qwid:   0.10000E-01
                rcs:    0.0000      0.0000    
            lambdas:    1.0000      1.0000    
-------------------------------------------------------------------------------
L=0  Nkbl=1  erefs: 0.17977+309
L=1  Nkbl=1  erefs: 0.17977+309
L=2  Nkbl=1  erefs: 0.17977+309
L=3  Nkbl=1  erefs: 0.17977+309
===============================================================================
</basis_specs>

atom: Called for Fe                    (Z =  26)

read_vps: Pseudopotential generation method:
read_vps: ATM3      Troullier-Martins                       
Valence charge for ps generation:    8.00000

read_vps: Pseudopotential includes a core correction:
read_vps: Pseudo-core for xc-correction

xc_check: Exchange-correlation functional:
xc_check: GGA Perdew, Burke & Ernzerhof 1996
V l=0 = -2*Zval/r beyond r=  2.7645
V l=1 = -2*Zval/r beyond r=  2.7645
V l=2 = -2*Zval/r beyond r=  2.7645
V l=3 = -2*Zval/r beyond r=  2.7645
All V_l potentials equal beyond r=  1.9726
This should be close to max(r_c) in ps generation
All pots = -2*Zval/r beyond r=  2.7645
Using large-core scheme for Vlocal

atom: Estimated core radius    2.76453
atom: Maximum radius for 4*pi*r*r*local-pseudopot. charge    3.05528
atom: Maximum radius for r*vlocal+2*Zval:    2.79930
GHOST: No ghost state for L =  0
GHOST: No ghost state for L =  1
GHOST: No ghost state for L =  2
GHOST: No ghost state for L =  3

KBgen: Kleinman-Bylander projectors: 
   l= 0   rc=  2.047986   el= -0.388305   Ekb=  4.259322   kbcos=  0.262992
   l= 1   rc=  2.047986   el= -0.097543   Ekb=  2.850785   kbcos=  0.194191
   l= 2   rc=  2.022544   el= -0.553240   Ekb=-12.567334   kbcos= -0.683368
   l= 3   rc=  2.047986   el=  0.003178   Ekb= -1.649997   kbcos= -0.006611

KBgen: Total number of  Kleinman-Bylander projectors:   16
atom: -------------------------------------------------------------------------

atom: SANKEY-TYPE ORBITALS:
atom: Selected multiple-zeta basis: split     

SPLIT: Orbitals with angular momentum L= 0

SPLIT: Basis orbitals for state 4s

   izeta = 1
                 lambda =    1.000000
                     rc =    6.000769
                 energy =   -0.359899
                kinetic =    0.368794
    potential(screened) =   -0.728692
       potential(ionic) =   -6.200046

   izeta = 2
                 rmatch =    5.852607
              splitnorm =    0.150000
                 energy =   -0.302546
                kinetic =    0.545359
    potential(screened) =   -0.847905
       potential(ionic) =   -6.625795

SPLIT: Orbitals with angular momentum L= 2

SPLIT: Basis orbitals for state 3d

SPLIT: PAO cut-off radius determined from an
SPLIT: energy shift=  0.003675 Ry

   izeta = 1
                 lambda =    1.000000
                     rc =    4.791692
                 energy =   -0.550135
                kinetic =    9.305455
    potential(screened) =   -9.855590
       potential(ionic) =  -18.595674

   izeta = 2
                 rmatch =    2.235267
              splitnorm =    0.150000
                 energy =   -0.167120
                kinetic =   12.792829
    potential(screened) =  -12.959949
       potential(ionic) =  -22.329705

POLgen: Perturbative polarization orbital with L=  1

POLgen: Polarization orbital for state 4s

   izeta = 1
                     rc =    6.000769
                 energy =   -0.010549
                kinetic =    0.693233
    potential(screened) =   -0.703782
       potential(ionic) =   -5.834871
atom: Total number of Sankey-type orbitals: 15

atm_pop: Valence configuration (for local Pseudopot. screening):
 4s( 2.00)                                                            
 4p( 0.00)                                                            
 3d( 6.00)                                                            
Vna: chval, zval:    8.00000   8.00000

Vna:  Cut-off radius for the neutral-atom potential:   6.000769
comcore: Pseudo-core radius Rcore=  3.778693

atom: _________________________________________________________________________

prinput: Basis input ----------------------------------------------------------

PAO.BasisType split     

%block ChemicalSpeciesLabel
    1   26 Fe                      # Species index, atomic number, species label
%endblock ChemicalSpeciesLabel

%block PAO.Basis                 # Define Basis set
Fe                    2                    # Species label, number of l-shells
 n=4   0   2 P   1                   # n, l, Nzeta, Polarization, NzetaPol
   6.001      5.853   
   1.000      1.000   
 n=3   2   2                         # n, l, Nzeta 
   4.792      2.235   
   1.000      1.000   
%endblock PAO.Basis

prinput: ----------------------------------------------------------------------

Dumping basis to NetCDF file Fe.ion.nc
coor:   Atomic-coordinates input format  =     Fractional

siesta: Atomic coordinates (Bohr) and species
siesta:      0.00000   0.00000   0.00000  1        1

siesta: System type = bulk      

initatomlists: Number of atoms, orbitals, and projectors:      1    15    16

siesta: ******************** Simulation parameters ****************************
siesta:
siesta: The following are some of the parameters of the simulation.
siesta: A complete list of the parameters used, including default values,
siesta: can be found in file out.fdf
siesta:
redata: Spin configuration                          = collinear
redata: Number of spin components                   = 2
redata: Time-Reversal Symmetry                      = T
redata: Spin spiral                                 = F
redata: Long output                                 =   F
redata: Number of Atomic Species                    =        1
redata: Charge density info will appear in .RHO file
redata: Write Mulliken Pop.                         = NO
redata: Matel table size (NRTAB)                    =     1024
redata: Mesh Cutoff                                 =   150.0000 Ry
redata: Net charge of the system                    =     0.0000 |e|
redata: Min. number of SCF Iter                     =        0
redata: Max. number of SCF Iter                     =     1000
redata: SCF convergence failure will abort job
redata: SCF mix quantity                            = Hamiltonian
redata: Mix DM or H after convergence               =   F
redata: Recompute H after scf cycle                 =   F
redata: Mix DM in first SCF step                    =   T
redata: Write Pulay info on disk                    =   F
redata: New DM Occupancy tolerance                  = 0.000000000001
redata: No kicks to SCF
redata: DM Mixing Weight for Kicks                  =     0.5000
redata: Require Harris convergence for SCF          =   F
redata: Harris energy tolerance for SCF             =     0.000100 eV
redata: Require DM convergence for SCF              =   T
redata: DM tolerance for SCF                        =     0.001000
redata: Require EDM convergence for SCF             =   F
redata: EDM tolerance for SCF                       =     0.001000 eV
redata: Require H convergence for SCF               =   T
redata: Hamiltonian tolerance for SCF               =     0.001000 eV
redata: Require (free) Energy convergence for SCF   =   F
redata: (free) Energy tolerance for SCF             =     0.000100 eV
redata: Antiferro initial spin density              =   F
redata: Using Saved Data (generic)                  =   F
redata: Use continuation files for DM               =   T
redata: Neglect nonoverlap interactions             =   F
redata: Method of Calculation                       = Diagonalization
redata: Electronic Temperature                      =   290.1109 K
redata: Fix the spin of the system                  =   F
redata: Dynamics option                             = Single-point calculation
mix.SCF: Broyden mixing                          = Broyden
mix.SCF:    History steps                        = 4
mix.SCF:    Linear mixing weight                 =     0.100000
mix.SCF:    Inverse Jacobian weight              =     0.100000
mix.SCF:    Weight prime                         =     0.100000
mix.SCF:    SVD condition                        = 0.1000E-07
mix.SCF: Spin-component mixing                   all
redata: Save all siesta data in one NC              =   F
redata: ***********************************************************************

%block SCF.Mixers
  Broyden
%endblock SCF.Mixers

%block SCF.Mixer.Broyden
  # Mixing method
  method broyden

  # Mixing options
  weight 0.1000
  weight.linear 0.1000
  weight.prime 0.1000
  history 4
%endblock SCF.Mixer.Broyden

DM_history_depth set to one: no extrapolation allowed by default for geometry relaxation
Size of DM history Fstack: 1
Total number of electrons:     8.000000
Total ionic charge:     8.000000

* ProcessorY, Blocksize:    2   2


* Orbital distribution balance (max,min):     2     1

 Kpoints in:         1183 . Kpoints trimmed:         1099

siesta: k-grid: Number of k-points =  1099
siesta: k-grid: Cutoff (effective) =    16.156 Ang
siesta: k-grid: Supercell and displacements
siesta: k-grid:    0  13   0      0.000
siesta: k-grid:    0   0  13      0.000
siesta: k-grid:   13   0   0      0.000

diag: Algorithm                                     = D&C
diag: Parallel over k                               =   F
diag: Use parallel 2D distribution                  =   T
diag: Parallel block-size                           = 2
diag: Parallel distribution                         =     2 x     4
diag: Used triangular part                          = Lower
diag: Absolute tolerance                            =  0.100E-15
diag: Orthogonalization factor                      =  0.100E-05
diag: Memory factor                                 =  1.0000

superc: Internal auxiliary supercell:     9 x     9 x     9  =     729
superc: Number of atoms, orbitals, and projectors:    729  10935  11664


ts: **************************************************************
ts: Save H and S matrices                           =    F
ts: Save DM and EDM matrices                        =    F
ts: Only save the overlap matrix S                  =    F
ts: **************************************************************

************************ Begin: TS CHECKS AND WARNINGS ************************
************************ End: TS CHECKS AND WARNINGS **************************


                     ====================================
                        Single-point calculation
                     ====================================

superc: Internal auxiliary supercell:     9 x     9 x     9  =     729
superc: Number of atoms, orbitals, and projectors:    729  10935  11664

outcell: Unit cell vectors (Ang):
        1.435000    1.435000    1.435000
        1.435000   -1.435000    1.435000
        1.435000    1.435000   -1.435000

outcell: Cell vector modules (Ang)   :    2.485493    2.485493    2.485493
outcell: Cell angles (23,13,12) (deg):    109.4712     70.5288     70.5288
outcell: Cell volume (Ang**3)        :     11.8200
<dSpData1D:S at geom step 0
  <sparsity:sparsity for geom step 0
    nrows_g=15 nrows=2 sparsity=12.8444 nnzs=2890, refcount: 7>
  <dData1D:(new from dSpData1D) n=2890, refcount: 1>
refcount: 1>
new_DM -- step:     1
Initializing Density Matrix...

Attempting to read DM from file... Failed...
DM filled with atomic data:
<dSpData2D:DM initialized from atoms
  <sparsity:sparsity for geom step 0
    nrows_g=15 nrows=2 sparsity=12.8444 nnzs=2890, refcount: 8>
  <dData2D:DM n=2890 m=2, refcount: 1>
refcount: 1>
     spin moment: S , {S} =    4.00000       0.0       0.0   4.00000
No. of atoms with KB's overlaping orbs in proc 0. Max # of overlaps:      27     215
New grid distribution:   1
           1       1:    8    1:    4    1:    2
           2       1:    8    1:    4    3:    4
           3       1:    8    1:    4    5:    6
           4       1:    8    1:    4    7:    8
           5       1:    8    5:    8    1:    2
           6       1:    8    5:    8    3:    4
           7       1:    8    5:    8    5:    6
           8       1:    8    5:    8    7:    8

InitMesh: MESH =    16 x    16 x    16 =        4096
InitMesh: (bp) =     8 x     8 x     8 =         512
InitMesh: Mesh cutoff (required, used) =   150.000   171.794 Ry
ExtMesh (bp) on 0 =    60 x    56 x    54 =      181440
New grid distribution:   2
           1       1:    4    5:    8    5:    8
           2       5:    8    1:    4    1:    4
           3       5:    8    1:    4    5:    8
           4       5:    8    5:    8    1:    4
           5       1:    4    1:    4    5:    8
           6       1:    4    1:    4    1:    4
           7       5:    8    5:    8    5:    8
           8       1:    4    5:    8    1:    4
New grid distribution:   3
           1       1:    4    5:    8    5:    8
           2       5:    8    1:    4    1:    4
           3       5:    8    1:    4    5:    8
           4       5:    8    5:    8    1:    4
           5       1:    4    1:    4    5:    8
           6       1:    4    1:    4    1:    4
           7       5:    8    5:    8    5:    8
           8       1:    4    5:    8    1:    4
Setting up quadratic distribution...
ExtMesh (bp) on 0 =    56 x    56 x    56 =      175616
PhiOnMesh: Number of (b)points on node 0 =                   64
PhiOnMesh: nlist on node 0 =                 6711

stepf: Fermi-Dirac step function

siesta: Program's energy decomposition (eV):
siesta: Ebs     =       -68.017234
siesta: Eions   =       711.951407
siesta: Ena     =        22.613244
siesta: Ekin    =       761.487061
siesta: Enl     =      -466.657466
siesta: Eso     =         0.000000
siesta: Edftu   =         0.000000
siesta: DEna    =         2.120672
siesta: DUscf   =         0.066791
siesta: DUext   =         0.000000
siesta: Exc     =      -389.801917
siesta: eta*DQ  =         0.000000
siesta: Emadel  =         0.000000
siesta: Emeta   =         0.000000
siesta: Emolmec =         0.000000
siesta: Ekinion =         0.000000
siesta: Eharris =      -782.425172
siesta: Etot    =      -782.123021
siesta: FreeEng =      -782.125646

        iscf     Eharris(eV)        E_KS(eV)     FreeEng(eV)     dDmax    Ef(eV) dHmax(eV)
   scf:    1     -782.425172     -782.123021     -782.125646  0.931985 -5.209965  1.656475
     spin moment: S , {S} =    2.77631       0.0       0.0   2.77631
timer: Routine,Calls,Time,% = IterSCF        1      13.502  92.30
   scf:    2     -782.199490     -782.162179     -782.164704  0.008806 -5.298371  1.310192
     spin moment: S , {S} =    2.73635       0.0       0.0   2.73635
   scf:    3     -782.243485     -782.210842     -782.212812  0.017081 -5.596661  0.460332
     spin moment: S , {S} =    2.67244       0.0       0.0   2.67244
   scf:    4     -782.230422     -782.220807     -782.223051  0.010272 -5.738409  0.288989
     spin moment: S , {S} =    2.63016       0.0       0.0   2.63016
   scf:    5     -782.251040     -782.233236     -782.236143  0.024442 -5.848713  0.246397
     spin moment: S , {S} =    2.48433       0.0       0.0   2.48433
   scf:    6     -782.225433     -782.229032     -782.231612  0.009619 -5.805704  0.351203
     spin moment: S , {S} =    2.53203       0.0       0.0   2.53203
   scf:    7     -782.232776     -782.230856     -782.233541  0.003452 -5.819431  0.309814
     spin moment: S , {S} =    2.51685       0.0       0.0   2.51685
   scf:    8     -782.261540     -782.241273     -782.243758  0.031978 -5.872036  0.106565
     spin moment: S , {S} =    2.35092       0.0       0.0   2.35092
   scf:    9     -782.243087     -782.241763     -782.244325  0.009286 -5.887123  0.024193
     spin moment: S , {S} =    2.30399       0.0       0.0   2.30399
   scf:   10     -782.241767     -782.241769     -782.244340  0.000498 -5.890735  0.006855
     spin moment: S , {S} =    2.30658       0.0       0.0   2.30658
   scf:   11     -782.241763     -782.241763     -782.244332  0.000743 -5.891643  0.003363
     spin moment: S , {S} =    2.30265       0.0       0.0   2.30265
   scf:   12     -782.241767     -782.241765     -782.244335  0.000201 -5.891692  0.003248
     spin moment: S , {S} =    2.30342       0.0       0.0   2.30342
   scf:   13     -782.241766     -782.241765     -782.244336  0.000075 -5.891901  0.002558
     spin moment: S , {S} =    2.30345       0.0       0.0   2.30345
   scf:   14     -782.241767     -782.241766     -782.244338  0.000141 -5.892067  0.002202
     spin moment: S , {S} =    2.30384       0.0       0.0   2.30384
   scf:   15     -782.241767     -782.241767     -782.244340  0.000160 -5.892243  0.002051
     spin moment: S , {S} =    2.30432       0.0       0.0   2.30432
   scf:   16     -782.241767     -782.241767     -782.244341  0.000120 -5.892403  0.002031
     spin moment: S , {S} =    2.30466       0.0       0.0   2.30466
   scf:   17     -782.241767     -782.241767     -782.244342  0.000102 -5.892519  0.001990
     spin moment: S , {S} =    2.30498       0.0       0.0   2.30498
   scf:   18     -782.241767     -782.241767     -782.244342  0.000074 -5.892595  0.001960
     spin moment: S , {S} =    2.30523       0.0       0.0   2.30523
   scf:   19     -782.241767     -782.241767     -782.244343  0.000049 -5.892639  0.001934
     spin moment: S , {S} =    2.30540       0.0       0.0   2.30540
   scf:   20     -782.241767     -782.241767     -782.244343  0.000038 -5.892665  0.001898
     spin moment: S , {S} =    2.30555       0.0       0.0   2.30555
   scf:   21     -782.241767     -782.241767     -782.244343  0.000031 -5.892680  0.001857
     spin moment: S , {S} =    2.30568       0.0       0.0   2.30568
   scf:   22     -782.241767     -782.241767     -782.244343  0.000027 -5.892691  0.001812
     spin moment: S , {S} =    2.30580       0.0       0.0   2.30580
   scf:   23     -782.241767     -782.241767     -782.244344  0.000025 -5.892699  0.001764
     spin moment: S , {S} =    2.30591       0.0       0.0   2.30591
   scf:   24     -782.241767     -782.241767     -782.244344  0.000024 -5.892705  0.001715
     spin moment: S , {S} =    2.30601       0.0       0.0   2.30601
   scf:   25     -782.241767     -782.241767     -782.244344  0.000023 -5.892710  0.001666
     spin moment: S , {S} =    2.30611       0.0       0.0   2.30611
   scf:   26     -782.241767     -782.241767     -782.244344  0.000022 -5.892714  0.001616
     spin moment: S , {S} =    2.30621       0.0       0.0   2.30621
   scf:   27     -782.241767     -782.241767     -782.244344  0.000021 -5.892717  0.001567
     spin moment: S , {S} =    2.30630       0.0       0.0   2.30630
   scf:   28     -782.241767     -782.241767     -782.244344  0.000020 -5.892720  0.001519
     spin moment: S , {S} =    2.30640       0.0       0.0   2.30640
   scf:   29     -782.241767     -782.241767     -782.244344  0.000019 -5.892721  0.001471
     spin moment: S , {S} =    2.30648       0.0       0.0   2.30648
   scf:   30     -782.241767     -782.241767     -782.244345  0.000018 -5.892723  0.001425
     spin moment: S , {S} =    2.30657       0.0       0.0   2.30657
   scf:   31     -782.241767     -782.241767     -782.244345  0.000018 -5.892723  0.001380
     spin moment: S , {S} =    2.30665       0.0       0.0   2.30665
   scf:   32     -782.241767     -782.241767     -782.244345  0.000017 -5.892724  0.001336
     spin moment: S , {S} =    2.30673       0.0       0.0   2.30673
   scf:   33     -782.241767     -782.241767     -782.244345  0.000016 -5.892724  0.001293
     spin moment: S , {S} =    2.30681       0.0       0.0   2.30681
   scf:   34     -782.241767     -782.241767     -782.244345  0.000015 -5.892724  0.001251
     spin moment: S , {S} =    2.30688       0.0       0.0   2.30688
   scf:   35     -782.241767     -782.241767     -782.244345  0.000015 -5.892723  0.001210
     spin moment: S , {S} =    2.30695       0.0       0.0   2.30695
   scf:   36     -782.241767     -782.241767     -782.244345  0.000014 -5.892723  0.001171
     spin moment: S , {S} =    2.30702       0.0       0.0   2.30702
   scf:   37     -782.241767     -782.241767     -782.244345  0.000014 -5.892722  0.001133
     spin moment: S , {S} =    2.30709       0.0       0.0   2.30709
   scf:   38     -782.241767     -782.241767     -782.244345  0.000013 -5.892721  0.001096
     spin moment: S , {S} =    2.30715       0.0       0.0   2.30715
   scf:   39     -782.241767     -782.241767     -782.244345  0.000013 -5.892720  0.001060
     spin moment: S , {S} =    2.30722       0.0       0.0   2.30722
   scf:   40     -782.241767     -782.241767     -782.244345  0.000012 -5.892719  0.001025
     spin moment: S , {S} =    2.30728       0.0       0.0   2.30728
   scf:   41     -782.241767     -782.241767     -782.244345  0.000012 -5.892718  0.000991
     spin moment: S , {S} =    2.30733       0.0       0.0   2.30733

SCF Convergence by DM+H criterion
max |DM_out - DM_in|         :     0.0000116615
max |H_out - H_in|      (eV) :     0.0009907553
SCF cycle converged after 41 iterations

Using DM_out to compute the final energy and forces
No. of atoms with KB's overlaping orbs in proc 0. Max # of overlaps:      27     215

siesta: E_KS(eV) =             -782.2418

siesta: E_KS - E_eggbox =      -782.2418
     spin moment: S , {S} =    2.30733       0.0       0.0   2.30733

siesta: Atomic forces (eV/Ang):
----------------------------------------
   Tot    0.000000    0.000000    0.000000
----------------------------------------
   Max    0.000000
   Res    0.000000    sqrt( Sum f_i^2 / 3N )
----------------------------------------
   Max    0.000000    constrained

Stress tensor Voigt[x,y,z,yz,xz,xy] (kbar):      -11.16      -11.16      -11.16        5.18       -5.18       -5.18
(Free)E + p*V (eV/cell)     -782.1620
Target enthalpy (eV/cell)     -782.2443
Writing WFSX for COOP/COHP in fe_cohp.fullBZ.WFSX

siesta: Program's energy decomposition (eV):
siesta: Ebs     =       -64.865854
siesta: Eions   =       711.951407
siesta: Ena     =        22.613244
siesta: Ekin    =       770.598992
siesta: Enl     =      -473.831175
siesta: Eso     =         0.000000
siesta: Edftu   =         0.000000
siesta: DEna    =         0.790115
siesta: DUscf   =         0.020443
siesta: DUext   =         0.000000
siesta: Exc     =      -390.481980
siesta: eta*DQ  =         0.000000
siesta: Emadel  =         0.000000
siesta: Emeta   =         0.000000
siesta: Emolmec =         0.000000
siesta: Ekinion =         0.000000
siesta: Eharris =      -782.241767
siesta: Etot    =      -782.241767
siesta: FreeEng =      -782.244345

siesta: Final energy (eV):
siesta:  Band Struct. =     -64.865854
siesta:       Kinetic =     770.598992
siesta:       Hartree =      86.228896
siesta:       Edftu   =       0.000000
siesta:       Eso     =       0.000000
siesta:    Ext. field =       0.000000
siesta:   Exch.-corr. =    -390.481980
siesta:  Ion-electron =    -819.134147
siesta:       Ion-ion =    -429.453528
siesta:       Ekinion =       0.000000
siesta:         Total =    -782.241767
siesta:         Fermi =      -5.892718

siesta: Stress tensor (static) (eV/Ang**3):
siesta:    -0.006964   -0.003235   -0.003235
siesta:    -0.003235   -0.006964    0.003235
siesta:    -0.003235    0.003235   -0.006964

siesta: Cell volume =         11.819952 Ang**3

siesta: Pressure (static):
siesta:                Solid            Molecule  Units
siesta:           0.00007585          0.00007585  Ry/Bohr**3
siesta:           0.00696423          0.00696423  eV/Ang**3
siesta:          11.15803944         11.15803944  kBar
(Free)E+ p_basis*V_orbitals  =        -781.660261
(Free)Eharris+ p_basis*V_orbitals  =        -781.660261
     spin moment: S , {S} =    2.30733       0.0       0.0   2.30733

cite: Please see "fe_cohp.bib" for an exhaustive BiBTeX file.
cite: Please clearly indicate Siesta version in published work: v4.1-b4-351
cite: This calculation has made use of the following articles
cite: which are encouraged to be cited in a published work.
        Primary SIESTA paper
          DOI: www.doi.org/10.1088/0953-8984/14/11/302

>> End of run:  22-JAN-2021  22:10:06
Job completed
