Siesta Version  : v4.1-b4-351
Architecture    : x86_64-linux-n-62-26-19
Compiler version: GNU Fortran (GCC) 9.3.0
Compiler flags  : mpifort -m64 -fPIC -O3 -march=native -ftree-vectorize -fexpensive-optimizatioons -funroll-loops -fprefetch-loop-arrays -fno-second-underscore  -flto
PP flags        : -I/dtu/sw/dcc/SL73/2020-aug/generic/build-tools/1.0/include -I/dtu/sw/dcc/SL773/2020-aug/generic/gcc/9.3.0/include -I/dtu/sw/dcc/SL73/2020-aug/generic/gcc/9.3.0/include -I/dtu/sw/dcc/SL73/2020-aug/XeonE5-2660v3/gnu/9.3.0/zlib/1.2.11/include -I/dtu/sw/dcc/SL73/2020-aug/generic/numactl/2.0.12/include -I/dtu/sw/dcc/SL73/2020-aug/XeonE5-2660v3/gnu/9.3.0/libxml2/2.9.10/include -I/dtu/sw/dcc/SL73/2020-aug/XeonE5-2660v3/gnu/9.3.0/hwloc/2.2.0/include -I/dtu/sw/dcc/SL73/2020-aug/XeonE5-2660v3/gnu/9.3.0/knem/1.1.4/include -I/dtu/sw/dcc/SL73/2020-aug/XeonE5-2660v3/gnu/9.3.0/ucx/1.8.1/include -I/dtu/sw/dcc/SL73/2020-aug/XeonE5-2660v3/gnu/9.3.0/openmpi/4.0.4/include -I/dtu/sw/dcc/SL73/2020-aug/XeonE5-2660v3/gnu/9.3.0/szip/2.1.1/include -I/dtu/sw/dcc/SL73/2020-aug/XeonE5-2660v3/gnu/9.3.0/hdf5/1.12.0/include -I/dtu/sw/dcc/SL73/2020-aug/XeonE5-2660v3/gnu/9.3.0/pnetcdf/1.12.1/include -I/dtu/sw/dcc/SL73/2020-aug/generic/gen-zlib/1.2.11/include -I/dtu/sw/dcc/SL73/2020-aug/generic/openssl/1.1.1/include -I/dtu/sw/dcc/SL73/2020-aug/generic/libssh2/1.8.2/include -I/dtu/sw/dcc/SL73/2020-aug/generic/curl/7.65.1/include -I/dtu/sw/dcc/SL73/2020-aug/XeonE5-2660v3/gnu/9.3.0/netcdf/4.7.4/include -I/dtu/sw/dcc/SL73/2020-aug/XeonE5-2660v3/gnu/9.3.0/flook/0.8.1/include -I/dtu/sw/dcc/SL73/2020-aug/XeonE5-2660v3/gnu/9.3.0/fftw/3.3.8/include -I/dtu/sw/dcc/SL73/2020-aug/XeonE5-2660v3/gnu/9.3.0/parmetis/4.0.3/include -I/dtu/sw/dcc/SL73/2020-aug/XeonE5-2660v3/gnu/9.3.0/scalapack/2.1.0/include -I/dtu/sw/dcc/SL73/2020-aug/XeonE5-2660v3/gnu/9.3.0/lapack/3.9.0/include -I/dtu/sw/dcc/SL73/2020-aug/XeonE5-2660v3/gnu/9.3.0/blis/0.7.0/include -I/dtu/sw/dcc/SL73/2020-aug/XeonE5-2660v3/gnu/9.3.0/scotch/6.0.9/include -I/dtu/sw/dcc/SL73/2020-aug/XeonE5-2660v3/gnu/9.3.0/mumps/5.3.3/include -I/dtu/sw/dcc/SL73/2020-aug/XeonE5-2660v3/gnu/9.3.0/elpa/2020.05.001/include -DSIESTA__ELPA -DMPI -DFC_HAVE_FLUSH -DFC_HAVE_ABORT -DCDF -DCDF4 -DSIESTA__FLOOK  -DNCDF -DNCDF_4 -DNCDF_PARALLEL -DTS_NOCHECKS -DSIESTA__METIS -DSIESTA__MUMPS -DSIESTA__MRRR -I/dtu/sw/dcc/SL73/2020-aug/XeonE5-2660v3/gnu/9.3.0/elpa/2020.05.001/include/elpa
Libraries       : libncdf.a libfdict.a -lnetcdff -lnetcdf -lpnetcdf -lhdf5_hl -lhdf5 -lz  -lzmuumps -lmumps_common -lesmumps -lscotch -lscotcherr -lpord -lparmetis -lmetis -lelpa -lscalapack -llapack -lblis  -L/dtu/sw/dcc/SL73/2020-aug/XeonE5-2660v3/gnu/9.3.0/flook/0.8.1/lib -Wl,-rpath=/dtu/sw/dcc/SL73/2020-aug/XeonE5-2660v3/gnu/9.3.0/flook/0.8.1/lib -lflookall -ldl  -flto -fuse-linker-plugin  -lmetis
PARALLEL version
NetCDF support
NetCDF-4 support
NetCDF-4 MPI-IO support
METIS ordering support
Lua support

* Running on 8 nodes in parallel
>> Start of run:  22-JAN-2021  22:13:48

                           ***********************       
                           *  WELCOME TO SIESTA  *       
                           ***********************       

reinit: Reading from ../graphite_c6.fdf

reinit: -----------------------------------------------------------------------
reinit: System Name: 
reinit: -----------------------------------------------------------------------
reinit: System Label: graphite_c6
reinit: -----------------------------------------------------------------------
Reading two-body potentials
C6 - two-body potential between 1 and 1

initatom: Reading input for the pseudopotentials and atomic orbitals ----------
Species number:   1 Atomic number:    6 Label: C

Ground state valence configuration:   2s02  2p02
Reading pseudopotential information in formatted form from C.psf

Valence configuration for pseudopotential generation:
2s( 2.00) rc: 1.49
2p( 2.00) rc: 1.52
3d( 0.00) rc: 1.58
relmxkb: Read Max KB Ang. Momentum=    2 for species C

<basis_specs>
===============================================================================
C                    Z=   6    Mass=  12.010        Charge= 0.17977+309
Lmxo=1 Lmxkb= 2    BasisType=split      Semic=F
L=0  Nsemic=0  Cnfigmx=2
          i=1  nzeta=2  polorb=0  (2s)
            splnorm:   0.15000    
               vcte:    0.0000    
               rinn:    0.0000    
               qcoe:    0.0000    
               qyuk:    0.0000    
               qwid:   0.10000E-01
                rcs:    0.0000      0.0000    
            lambdas:    1.0000      1.0000    
L=1  Nsemic=0  Cnfigmx=2
          i=1  nzeta=2  polorb=1  (2p)
            splnorm:   0.15000    
               vcte:    0.0000    
               rinn:    0.0000    
               qcoe:    0.0000    
               qyuk:    0.0000    
               qwid:   0.10000E-01
                rcs:    0.0000      0.0000    
            lambdas:    1.0000      1.0000    
-------------------------------------------------------------------------------
L=0  Nkbl=1  erefs: 0.17977+309
L=1  Nkbl=1  erefs: 0.17977+309
L=2  Nkbl=1  erefs: 0.17977+309
===============================================================================
</basis_specs>

atom: Called for C                     (Z =   6)

read_vps: Pseudopotential generation method:
read_vps: ATM3      Troullier-Martins                       
Valence charge for ps generation:    4.00000

xc_check: Exchange-correlation functional:
xc_check: Ceperley-Alder
V l=0 = -2*Zval/r beyond r=  1.4666
V l=1 = -2*Zval/r beyond r=  1.5038
V l=2 = -2*Zval/r beyond r=  1.5612
All V_l potentials equal beyond r=  1.5612
This should be close to max(r_c) in ps generation
All pots = -2*Zval/r beyond r=  1.5612

VLOCAL1: 99.0% of the norm of Vloc inside     17.809 Ry
VLOCAL1: 99.9% of the norm of Vloc inside     40.586 Ry
atom: Maximum radius for 4*pi*r*r*local-pseudopot. charge    1.88329
atom: Maximum radius for r*vlocal+2*Zval:    1.62091
GHOST: No ghost state for L =  0
GHOST: No ghost state for L =  1
GHOST: No ghost state for L =  2

KBgen: Kleinman-Bylander projectors: 
   l= 0   rc=  1.747182   el= -1.001947   Ekb=  5.181700   kbcos=  0.300603
   l= 1   rc=  1.747182   el= -0.398598   Ekb= -4.328763   kbcos= -0.367074
   l= 2   rc=  1.955272   el=  0.002326   Ekb= -1.016175   kbcos= -0.009979

KBgen: Total number of  Kleinman-Bylander projectors:    9
atom: -------------------------------------------------------------------------

atom: SANKEY-TYPE ORBITALS:
atom: Selected multiple-zeta basis: split     

SPLIT: Orbitals with angular momentum L= 0

SPLIT: Basis orbitals for state 2s

SPLIT: PAO cut-off radius determined from an
SPLIT: energy shift=  0.020000 Ry

   izeta = 1
                 lambda =    1.000000
                     rc =    4.191849
                 energy =   -0.983897
                kinetic =    0.886956
    potential(screened) =   -1.870853
       potential(ionic) =   -5.479661

   izeta = 2
                 rmatch =    3.431921
              splitnorm =    0.150000
                 energy =   -0.852497
                kinetic =    1.310822
    potential(screened) =   -2.163319
       potential(ionic) =   -6.004715

SPLIT: Orbitals with angular momentum L= 1

SPLIT: Basis orbitals for state 2p

SPLIT: PAO cut-off radius determined from an
SPLIT: energy shift=  0.020000 Ry

   izeta = 1
                 lambda =    1.000000
                     rc =    4.870301
                 energy =   -0.379093
                kinetic =    2.545357
    potential(screened) =   -2.924450
       potential(ionic) =   -6.433151

   izeta = 2
                 rmatch =    3.475094
              splitnorm =    0.150000
                 energy =   -0.215107
                kinetic =    3.823603
    potential(screened) =   -4.038709
       potential(ionic) =   -7.929203

POLgen: Perturbative polarization orbital with L=  2

POLgen: Polarization orbital for state 2p

   izeta = 1
                     rc =    4.870301
                 energy =    1.280953
                kinetic =    2.629601
    potential(screened) =   -1.348648
       potential(ionic) =   -4.293268
atom: Total number of Sankey-type orbitals: 13

atm_pop: Valence configuration (for local Pseudopot. screening):
 2s( 2.00)                                                            
 2p( 2.00)                                                            
Vna: chval, zval:    4.00000   4.00000

Vna:  Cut-off radius for the neutral-atom potential:   4.870301

atom: _________________________________________________________________________

prinput: Basis input ----------------------------------------------------------

PAO.BasisType split     

%block ChemicalSpeciesLabel
    1    6 C                       # Species index, atomic number, species label
%endblock ChemicalSpeciesLabel

%block PAO.Basis                 # Define Basis set
C                     2                    # Species label, number of l-shells
 n=2   0   2                         # n, l, Nzeta 
   4.192      3.432   
   1.000      1.000   
 n=2   1   2 P   1                   # n, l, Nzeta, Polarization, NzetaPol
   4.870      3.475   
   1.000      1.000   
%endblock PAO.Basis

prinput: ----------------------------------------------------------------------

Dumping basis to NetCDF file C.ion.nc
coor:   Atomic-coordinates input format  =     Fractional

siesta: Atomic coordinates (Bohr) and species
siesta:      0.00000   0.00000   0.00000  1        1
siesta:      0.00000   0.00000   6.33814  1        2
siesta:     -0.00000   2.68504   0.00000  1        3
siesta:      2.32531   1.34252   6.33814  1        4

siesta: System type = bulk      

initatomlists: Number of atoms, orbitals, and projectors:      4    52    36

siesta: ******************** Simulation parameters ****************************
siesta:
siesta: The following are some of the parameters of the simulation.
siesta: A complete list of the parameters used, including default values,
siesta: can be found in file out.fdf
siesta:
redata: Spin configuration                          = none
redata: Number of spin components                   = 1
redata: Time-Reversal Symmetry                      = T
redata: Spin spiral                                 = F
redata: Long output                                 =   F
redata: Number of Atomic Species                    =        1
redata: Charge density info will appear in .RHO file
redata: Write Mulliken Pop.                         = NO
redata: Matel table size (NRTAB)                    =     1024
redata: Mesh Cutoff                                 =   300.0000 Ry
redata: Net charge of the system                    =     0.0000 |e|
redata: Min. number of SCF Iter                     =        0
redata: Max. number of SCF Iter                     =     1000
redata: SCF convergence failure will abort job
redata: SCF mix quantity                            = Hamiltonian
redata: Mix DM or H after convergence               =   F
redata: Recompute H after scf cycle                 =   F
redata: Mix DM in first SCF step                    =   T
redata: Write Pulay info on disk                    =   F
redata: New DM Occupancy tolerance                  = 0.000000000001
redata: No kicks to SCF
redata: DM Mixing Weight for Kicks                  =     0.5000
redata: Require Harris convergence for SCF          =   F
redata: Harris energy tolerance for SCF             =     0.000100 eV
redata: Require DM convergence for SCF              =   T
redata: DM tolerance for SCF                        =     0.000100
redata: Require EDM convergence for SCF             =   F
redata: EDM tolerance for SCF                       =     0.001000 eV
redata: Require H convergence for SCF               =   T
redata: Hamiltonian tolerance for SCF               =     0.001000 eV
redata: Require (free) Energy convergence for SCF   =   F
redata: (free) Energy tolerance for SCF             =     0.000100 eV
redata: Using Saved Data (generic)                  =   F
redata: Use continuation files for DM               =   F
redata: Neglect nonoverlap interactions             =   F
redata: Method of Calculation                       = Diagonalization
redata: Electronic Temperature                      =     0.0000 K
redata: Fix the spin of the system                  =   F
redata: Dynamics option                             = Single-point calculation
mix.SCF: Pulay mixing                            = Pulay
mix.SCF:    Variant                              = stable
mix.SCF:    History steps                        = 2
mix.SCF:    Linear mixing weight                 =     0.250000
mix.SCF:    Mixing weight                        =     0.250000
mix.SCF:    SVD condition                        = 0.1000E-07
redata: Save all siesta data in one NC              =   F
redata: ***********************************************************************

%block SCF.Mixers
  Pulay
%endblock SCF.Mixers

%block SCF.Mixer.Pulay
  # Mixing method
  method pulay
  variant stable

  # Mixing options
  weight 0.2500
  weight.linear 0.2500
  history 2
%endblock SCF.Mixer.Pulay

DM_history_depth set to one: no extrapolation allowed by default for geometry relaxation
Size of DM history Fstack: 1
Total number of electrons:    16.000000
Total ionic charge:    16.000000

* ProcessorY, Blocksize:    2   6


* Orbital distribution balance (max,min):    10     6

 Kpoints in:           16 . Kpoints trimmed:           16

siesta: k-grid: Number of k-points =    16
siesta: k-grid: Cutoff (effective) =     4.922 Ang
siesta: k-grid: Supercell and displacements
siesta: k-grid:    0   4   0      0.500
siesta: k-grid:    4   0   0      0.500
siesta: k-grid:    0   0   2      0.500

diag: Algorithm                                     = D&C
diag: Parallel over k                               =   F
diag: Use parallel 2D distribution                  =   T
diag: Parallel block-size                           = 6
diag: Parallel distribution                         =     2 x     4
diag: Used triangular part                          = Lower
diag: Absolute tolerance                            =  0.100E-15
diag: Orthogonalization factor                      =  0.100E-05
diag: Memory factor                                 =  1.0000

superc: Internal auxiliary supercell:     7 x     7 x     3  =     147
superc: Number of atoms, orbitals, and projectors:    588   7644   5292


ts: **************************************************************
ts: Save H and S matrices                           =    F
ts: Save DM and EDM matrices                        =    F
ts: Only save the overlap matrix S                  =    F
ts: **************************************************************

************************ Begin: TS CHECKS AND WARNINGS ************************
************************ End: TS CHECKS AND WARNINGS **************************


                     ====================================
                        Single-point calculation
                     ====================================

superc: Internal auxiliary supercell:     7 x     7 x     3  =     147
superc: Number of atoms, orbitals, and projectors:    588   7644   5292

outcell: Unit cell vectors (Ang):
        2.461000    0.000000    0.000000
       -1.230500    2.131289    0.000000
        0.000000    0.000000    6.708000

outcell: Cell vector modules (Ang)   :    2.461000    2.461000    6.708000
outcell: Cell angles (23,13,12) (deg):     90.0000     90.0000    120.0000
outcell: Cell volume (Ang**3)        :     35.1841
<dSpData1D:S at geom step 0
  <sparsity:sparsity for geom step 0
    nrows_g=52 nrows=10 sparsity=3.2678 nnzs=8836, refcount: 7>
  <dData1D:(new from dSpData1D) n=8836, refcount: 1>
refcount: 1>
new_DM -- step:     1
Initializing Density Matrix...
DM filled with atomic data:
<dSpData2D:DM initialized from atoms
  <sparsity:sparsity for geom step 0
    nrows_g=52 nrows=10 sparsity=3.2678 nnzs=8836, refcount: 8>
  <dData2D:DM n=8836 m=1, refcount: 1>
refcount: 1>
No. of atoms with KB's overlaping orbs in proc 0. Max # of overlaps:      27     185
New grid distribution:   1
           1       1:   12    1:    6    1:    9
           2       1:   12    1:    6   10:   18
           3       1:   12    1:    6   19:   27
           4       1:   12    1:    6   28:   36
           5       1:   12    7:   12    1:    9
           6       1:   12    7:   12   10:   18
           7       1:   12    7:   12   19:   27
           8       1:   12    7:   12   28:   36

InitMesh: MESH =    24 x    24 x    72 =       41472
InitMesh: (bp) =    12 x    12 x    36 =        5184
InitMesh: Mesh cutoff (required, used) =   300.000   318.405 Ry
ExtMesh (bp) on 0 =    72 x    66 x    65 =      308880
New grid distribution:   2
           1       1:   12    1:    6    1:    9
           2       1:   12    1:    6   10:   18
           3       1:   12    1:    6   19:   27
           4       1:   12    1:    6   28:   36
           5       1:   12    7:   12    1:    9
           6       1:   12    7:   12   10:   18
           7       1:   12    7:   12   19:   27
           8       1:   12    7:   12   28:   36
New grid distribution:   3
           1       1:   12    1:    6    1:    9
           2       1:   12    1:    6   10:   18
           3       1:   12    1:    6   19:   27
           4       1:   12    1:    6   28:   36
           5       1:   12    7:   12    1:    9
           6       1:   12    7:   12   10:   18
           7       1:   12    7:   12   19:   27
           8       1:   12    7:   12   28:   36
Setting up quadratic distribution...
ExtMesh (bp) on 0 =    72 x    66 x    65 =      308880
PhiOnMesh: Number of (b)points on node 0 =                  648
PhiOnMesh: nlist on node 0 =                58077

stepf: Fermi-Dirac step function

siesta: Program's energy decomposition (eV):
siesta: Ebs     =      -213.340645
siesta: Eions   =       997.139937
siesta: Ena     =       195.543775
siesta: Ekin    =       450.798915
siesta: Enl     =       -65.615389
siesta: Eso     =         0.000000
siesta: Edftu   =         0.000000
siesta: DEna    =       -15.540893
siesta: DUscf   =         1.353904
siesta: DUext   =         0.000000
siesta: Exc     =      -190.565073
siesta: eta*DQ  =         0.000000
siesta: Emadel  =         0.000000
siesta: Emeta   =         0.000000
siesta: Emolmec =        -0.425283
siesta: Ekinion =         0.000000
siesta: Eharris =      -621.047373
siesta: Etot    =      -621.589981
siesta: FreeEng =      -621.589981

        iscf     Eharris(eV)        E_KS(eV)     FreeEng(eV)     dDmax    Ef(eV) dHmax(eV)
   scf:    1     -621.047373     -621.589981     -621.589981  1.879391 -5.464215  1.748376
timer: Routine,Calls,Time,% = IterSCF        1       0.395  36.24
   scf:    2     -621.790956     -621.693587     -621.693587  0.026301 -5.173818  1.120907
   scf:    3     -621.828283     -621.771870     -621.771870  0.051501 -4.662616  0.027357
   scf:    4     -621.771963     -621.771915     -621.771915  0.000634 -4.671738  0.017216
   scf:    5     -621.772061     -621.771989     -621.771989  0.000314 -4.678704  0.009545
   scf:    6     -621.772061     -621.772026     -621.772026  0.000251 -4.682372  0.005584
   scf:    7     -621.772044     -621.772038     -621.772038  0.000144 -4.683214  0.002946
   scf:    8     -621.772039     -621.772039     -621.772039  0.000065 -4.683156  0.001363
   scf:    9     -621.772039     -621.772039     -621.772039  0.000036 -4.682925  0.000951

SCF Convergence by DM+H criterion
max |DM_out - DM_in|         :     0.0000357742
max |H_out - H_in|      (eV) :     0.0009505506
SCF cycle converged after 9 iterations

Using DM_out to compute the final energy and forces
No. of atoms with KB's overlaping orbs in proc 0. Max # of overlaps:      27     185

MM-Stress (kbar):       21.25       21.25       18.07        0.00        0.00       -0.00

siesta: E_KS(eV) =             -621.7720

siesta: E_KS - E_eggbox =      -621.7720

siesta: Atomic forces (eV/Ang):
----------------------------------------
   Tot   -0.000000   -0.000000   -0.000000
----------------------------------------
   Max    0.667666
   Res    0.434930    sqrt( Sum f_i^2 / 3N )
----------------------------------------
   Max    0.667666    constrained

Stress tensor Voigt[x,y,z,yz,xz,xy] (kbar):       -8.49       36.63       82.41       -0.00        0.00       39.07
(Free)E + p*V (eV/cell)     -622.5812
Target enthalpy (eV/cell)     -621.7720

siesta: Program's energy decomposition (eV):
siesta: Ebs     =      -220.171024
siesta: Eions   =       997.139937
siesta: Ena     =       195.543775
siesta: Ekin    =       441.303344
siesta: Enl     =       -62.948301
siesta: Eso     =         0.000000
siesta: Edftu   =         0.000000
siesta: DEna    =       -10.011512
siesta: DUscf   =         0.914811
siesta: DUext   =         0.000000
siesta: Exc     =      -189.008934
siesta: eta*DQ  =         0.000000
siesta: Emadel  =         0.000000
siesta: Emeta   =         0.000000
siesta: Emolmec =        -0.425283
siesta: Ekinion =         0.000000
siesta: Eharris =      -621.772039
siesta: Etot    =      -621.772039
siesta: FreeEng =      -621.772039

siesta: Final energy (eV):
siesta:  Band Struct. =    -220.171024
siesta:       Kinetic =     441.303344
siesta:       Hartree =     182.235800
siesta:       Edftu   =       0.000000
siesta:       Eso     =       0.000000
siesta:    Ext. field =       0.000000
siesta:   Exch.-corr. =    -189.008934
siesta:  Ion-electron =    -778.827228
siesta:       Ion-ion =    -277.049738
siesta:       Ekinion =       0.000000
siesta:         Total =    -621.772039
siesta:         Fermi =      -4.682925

siesta: Atomic forces (eV/Ang):
siesta:      1   -0.667666    0.385477   -0.000000
siesta:      2    0.667666   -0.385477   -0.000000
siesta:      3    0.636759   -0.367633    0.000000
siesta:      4   -0.636759    0.367633    0.000000
siesta: ----------------------------------------
siesta:    Tot   -0.000000   -0.000000   -0.000000

siesta: Stress tensor (static) (eV/Ang**3):
siesta:    -0.005300    0.024388   -0.000000
siesta:     0.024388    0.022861   -0.000000
siesta:     0.000000   -0.000000    0.051434

siesta: Cell volume =         35.184138 Ang**3

siesta: Pressure (static):
siesta:                Solid            Molecule  Units
siesta:          -0.00025048         -0.00014268  Ry/Bohr**3
siesta:          -0.02299840         -0.01310085  eV/Ang**3
siesta:         -36.84788961        -20.99010036  kBar
(Free)E+ p_basis*V_orbitals  =        -620.572321
(Free)Eharris+ p_basis*V_orbitals  =        -620.572321

cite: Please see "graphite_c6.bib" for an exhaustive BiBTeX file.
cite: Please clearly indicate Siesta version in published work: v4.1-b4-351
cite: This calculation has made use of the following articles
cite: which are encouraged to be cited in a published work.
        Primary SIESTA paper
          DOI: www.doi.org/10.1088/0953-8984/14/11/302

>> End of run:  22-JAN-2021  22:13:52
Job completed
