Siesta Version  : v4.1-b4-351
Architecture    : x86_64-linux-n-62-26-19
Compiler version: GNU Fortran (GCC) 9.3.0
Compiler flags  : mpifort -m64 -fPIC -O3 -march=native -ftree-vectorize -fexpensive-optimizatioons -funroll-loops -fprefetch-loop-arrays -fno-second-underscore  -flto
PP flags        : -I/dtu/sw/dcc/SL73/2020-aug/generic/build-tools/1.0/include -I/dtu/sw/dcc/SL773/2020-aug/generic/gcc/9.3.0/include -I/dtu/sw/dcc/SL73/2020-aug/generic/gcc/9.3.0/include -I/dtu/sw/dcc/SL73/2020-aug/XeonE5-2660v3/gnu/9.3.0/zlib/1.2.11/include -I/dtu/sw/dcc/SL73/2020-aug/generic/numactl/2.0.12/include -I/dtu/sw/dcc/SL73/2020-aug/XeonE5-2660v3/gnu/9.3.0/libxml2/2.9.10/include -I/dtu/sw/dcc/SL73/2020-aug/XeonE5-2660v3/gnu/9.3.0/hwloc/2.2.0/include -I/dtu/sw/dcc/SL73/2020-aug/XeonE5-2660v3/gnu/9.3.0/knem/1.1.4/include -I/dtu/sw/dcc/SL73/2020-aug/XeonE5-2660v3/gnu/9.3.0/ucx/1.8.1/include -I/dtu/sw/dcc/SL73/2020-aug/XeonE5-2660v3/gnu/9.3.0/openmpi/4.0.4/include -I/dtu/sw/dcc/SL73/2020-aug/XeonE5-2660v3/gnu/9.3.0/szip/2.1.1/include -I/dtu/sw/dcc/SL73/2020-aug/XeonE5-2660v3/gnu/9.3.0/hdf5/1.12.0/include -I/dtu/sw/dcc/SL73/2020-aug/XeonE5-2660v3/gnu/9.3.0/pnetcdf/1.12.1/include -I/dtu/sw/dcc/SL73/2020-aug/generic/gen-zlib/1.2.11/include -I/dtu/sw/dcc/SL73/2020-aug/generic/openssl/1.1.1/include -I/dtu/sw/dcc/SL73/2020-aug/generic/libssh2/1.8.2/include -I/dtu/sw/dcc/SL73/2020-aug/generic/curl/7.65.1/include -I/dtu/sw/dcc/SL73/2020-aug/XeonE5-2660v3/gnu/9.3.0/netcdf/4.7.4/include -I/dtu/sw/dcc/SL73/2020-aug/XeonE5-2660v3/gnu/9.3.0/flook/0.8.1/include -I/dtu/sw/dcc/SL73/2020-aug/XeonE5-2660v3/gnu/9.3.0/fftw/3.3.8/include -I/dtu/sw/dcc/SL73/2020-aug/XeonE5-2660v3/gnu/9.3.0/parmetis/4.0.3/include -I/dtu/sw/dcc/SL73/2020-aug/XeonE5-2660v3/gnu/9.3.0/scalapack/2.1.0/include -I/dtu/sw/dcc/SL73/2020-aug/XeonE5-2660v3/gnu/9.3.0/lapack/3.9.0/include -I/dtu/sw/dcc/SL73/2020-aug/XeonE5-2660v3/gnu/9.3.0/blis/0.7.0/include -I/dtu/sw/dcc/SL73/2020-aug/XeonE5-2660v3/gnu/9.3.0/scotch/6.0.9/include -I/dtu/sw/dcc/SL73/2020-aug/XeonE5-2660v3/gnu/9.3.0/mumps/5.3.3/include -I/dtu/sw/dcc/SL73/2020-aug/XeonE5-2660v3/gnu/9.3.0/elpa/2020.05.001/include -DSIESTA__ELPA -DMPI -DFC_HAVE_FLUSH -DFC_HAVE_ABORT -DCDF -DCDF4 -DSIESTA__FLOOK  -DNCDF -DNCDF_4 -DNCDF_PARALLEL -DTS_NOCHECKS -DSIESTA__METIS -DSIESTA__MUMPS -DSIESTA__MRRR -I/dtu/sw/dcc/SL73/2020-aug/XeonE5-2660v3/gnu/9.3.0/elpa/2020.05.001/include/elpa
Libraries       : libncdf.a libfdict.a -lnetcdff -lnetcdf -lpnetcdf -lhdf5_hl -lhdf5 -lz  -lzmuumps -lmumps_common -lesmumps -lscotch -lscotcherr -lpord -lparmetis -lmetis -lelpa -lscalapack -llapack -lblis  -L/dtu/sw/dcc/SL73/2020-aug/XeonE5-2660v3/gnu/9.3.0/flook/0.8.1/lib -Wl,-rpath=/dtu/sw/dcc/SL73/2020-aug/XeonE5-2660v3/gnu/9.3.0/flook/0.8.1/lib -lflookall -ldl  -flto -fuse-linker-plugin  -lmetis
PARALLEL version
NetCDF support
NetCDF-4 support
NetCDF-4 MPI-IO support
METIS ordering support
Lua support

* Running on 2 nodes in parallel
>> Start of run:  22-JAN-2021  21:01:15

                           ***********************       
                           *  WELCOME TO SIESTA  *       
                           ***********************       

reinit: Reading from ../h2_bessel.fdf

reinit: -----------------------------------------------------------------------
reinit: System Name: H2 molecule with Bessel in the middle
reinit: -----------------------------------------------------------------------
reinit: System Label: h2_bessel
reinit: -----------------------------------------------------------------------

initatom: Reading input for the pseudopotentials and atomic orbitals ----------
Species number:   1 Atomic number:    1 Label: H
Species number:   2 Label: J (floating Bessel functions)

Ground state valence configuration:   1s01
Reading pseudopotential information in formatted form from H.psf

Valence configuration for pseudopotential generation:
1s( 1.00) rc: 1.25
2p( 0.00) rc: 1.25
3d( 0.00) rc: 1.25
4f( 0.00) rc: 1.25
 Reparametrization. rmax:    119.99851211799999     
 Reparametrization. New nrval:         9393
Writing pseudopotential information in formatted form to H.Reparam.psf
For H, standard SIESTA heuristics set lmxkb to 1
 (one more than the basis l, including polarization orbitals).
Use PS.lmax or PS.KBprojectors blocks to override.

<basis_specs>
===============================================================================
H                    Z=   1    Mass=  1.0100        Charge= 0.17977+309
Lmxo=0 Lmxkb= 1    BasisType=split      Semic=F
L=0  Nsemic=0  Cnfigmx=1
          i=1  nzeta=1  polorb=0  (1s)
            splnorm:   0.15000    
               vcte:    100.00    
               rinn:    4.0000    
               qcoe:    0.0000    
               qyuk:    0.0000    
               qwid:   0.10000E-01
                rcs:    5.0000    
            lambdas:    1.0000    
-------------------------------------------------------------------------------
L=0  Nkbl=1  erefs: 0.17977+309
L=1  Nkbl=1  erefs: 0.17977+309
===============================================================================
</basis_specs>

atom: Called for H                     (Z =   1)
Maximum radius (at nrval) set to   50.00000 8518

read_vps: Pseudopotential generation method:
read_vps: ATM3      Troullier-Martins                       
Valence charge for ps generation:    1.00000

xc_check: Exchange-correlation functional:
xc_check: Ceperley-Alder
V l=0 = -2*Zval/r beyond r=  1.2384
V l=1 = -2*Zval/r beyond r=  1.2321
All V_l potentials equal beyond r=  1.2371
This should be close to max(r_c) in ps generation
All pots = -2*Zval/r beyond r=  1.2384

VLOCAL1: 99.0% of the norm of Vloc inside     28.363 Ry
VLOCAL1: 99.9% of the norm of Vloc inside     64.639 Ry
atom: Maximum radius for 4*pi*r*r*local-pseudopot. charge    1.44620
atom: Maximum radius for r*vlocal+2*Zval:    1.22224
GHOST: No ghost state for L =  0
GHOST: No ghost state for L =  1

KBgen: Kleinman-Bylander projectors: 
   l= 0   rc=  1.364142   el= -0.467325   Ekb= -2.009475   kbcos= -0.336683
   l= 1   rc=  1.430269   el=  0.007549   Ekb= -0.503817   kbcos= -0.022584

KBgen: Total number of  Kleinman-Bylander projectors:    4
atom: -------------------------------------------------------------------------

atom: SANKEY-TYPE ORBITALS:

SPLIT: Orbitals with angular momentum L= 0

SPLIT: Basis orbitals for state 1s

   izeta = 1
                 lambda =    1.000000
                     rc =    5.001974
                 energy =   -0.444310
                kinetic =    0.962521
    potential(screened) =   -1.406832
       potential(ionic) =   -1.946474
atom: Total number of Sankey-type orbitals:  1

atm_pop: Valence configuration (for local Pseudopot. screening):
 1s( 1.00)                                                            
Vna: chval, zval:    1.00000   1.00000

Vna:  Cut-off radius for the neutral-atom potential:   5.001974

atom: _________________________________________________________________________

<basis_specs>
===============================================================================
J                    Z=-100    Mass= 0.10000E+41    Charge= 0.17977+309
Lmxo=0 Lmxkb=-1    BasisType=split      Semic=F
L=0  Nsemic=0  Cnfigmx=1
          i=1  nzeta=1  polorb=0  (1s)
            splnorm:   0.15000    
               vcte:    100.00    
               rinn:    3.0000    
               qcoe:    0.0000    
               qyuk:    0.0000    
               qwid:   0.10000E-01
                rcs:    3.5000    
            lambdas:    1.0000    
===============================================================================
</basis_specs>

atom: Called for J                     (Z =-100) ( Floating Bessel functions ) 

Bessel: floating Bessel functions with angular momentum L= 0

Bessel: Basis orbitals for "state" 1s

   izeta = 1
                     rc =    3.487864
                 energy =    0.811298

atom: Total number of floating Bessel orbitals:  1

atom: _________________________________________________________________________

prinput: Basis input ----------------------------------------------------------

PAO.BasisType split     

%block ChemicalSpeciesLabel
    1    1 H                       # Species index, atomic number, species label
    2 -100 J                       # Species index, atomic number, species label
%endblock ChemicalSpeciesLabel

%block PAO.Basis                 # Define Basis set
H                     1                    # Species label, number of l-shells
 n=1   0   1                         # n, l, Nzeta 
   5.002   
   1.000   
J                     1                    # Species label, number of l-shells
 n=1   0   1                         # n, l, Nzeta 
   3.488   
   1.000   
%endblock PAO.Basis

prinput: ----------------------------------------------------------------------

Dumping basis to NetCDF file H.ion.nc
Dumping basis to NetCDF file J.ion.nc
coor:   Atomic-coordinates input format  =     Cartesian coordinates
coor:                                          (in Angstroms)

siesta: Atomic coordinates (Bohr) and species
siesta:     -0.75589   0.00000   0.00000  1        1
siesta:      0.75589   0.00000   0.00000  1        2
siesta:      0.00000   0.00000   0.00000  2        3

siesta: System type = molecule  

initatomlists: Number of atoms, orbitals, and projectors:      3     3     8

siesta: ******************** Simulation parameters ****************************
siesta:
siesta: The following are some of the parameters of the simulation.
siesta: A complete list of the parameters used, including default values,
siesta: can be found in file out.fdf
siesta:
redata: Spin configuration                          = none
redata: Number of spin components                   = 1
redata: Time-Reversal Symmetry                      = T
redata: Spin spiral                                 = F
redata: Long output                                 =   F
redata: Number of Atomic Species                    =        2
redata: Charge density info will appear in .RHO file
redata: Write Mulliken Pop.                         = NO
redata: Matel table size (NRTAB)                    =     1024
redata: Mesh Cutoff                                 =   150.0000 Ry
redata: Net charge of the system                    =     0.0000 |e|
redata: Min. number of SCF Iter                     =        0
redata: Max. number of SCF Iter                     =     1000
redata: SCF convergence failure will abort job
redata: SCF mix quantity                            = Hamiltonian
redata: Mix DM or H after convergence               =   F
redata: Recompute H after scf cycle                 =   F
redata: Mix DM in first SCF step                    =   T
redata: Write Pulay info on disk                    =   F
redata: New DM Occupancy tolerance                  = 0.000000000001
redata: No kicks to SCF
redata: DM Mixing Weight for Kicks                  =     0.5000
redata: Require Harris convergence for SCF          =   F
redata: Harris energy tolerance for SCF             =     0.000100 eV
redata: Require DM convergence for SCF              =   T
redata: DM tolerance for SCF                        =     0.000100
redata: Require EDM convergence for SCF             =   F
redata: EDM tolerance for SCF                       =     0.001000 eV
redata: Require H convergence for SCF               =   T
redata: Hamiltonian tolerance for SCF               =     0.001000 eV
redata: Require (free) Energy convergence for SCF   =   F
redata: (free) Energy tolerance for SCF             =     0.000100 eV
redata: Using Saved Data (generic)                  =   F
redata: Use continuation files for DM               =   F
redata: Neglect nonoverlap interactions             =   F
redata: Method of Calculation                       = Diagonalization
redata: Electronic Temperature                      =   299.9869 K
redata: Fix the spin of the system                  =   F
redata: Dynamics option                             = Single-point calculation
mix.SCF: Pulay mixing                            = Pulay
mix.SCF:    Variant                              = stable
mix.SCF:    History steps                        = 2
mix.SCF:    Linear mixing weight                 =     0.250000
mix.SCF:    Mixing weight                        =     0.250000
mix.SCF:    SVD condition                        = 0.1000E-07
redata: Save all siesta data in one NC              =   F
redata: ***********************************************************************

%block SCF.Mixers
  Pulay
%endblock SCF.Mixers

%block SCF.Mixer.Pulay
  # Mixing method
  method pulay
  variant stable

  # Mixing options
  weight 0.2500
  weight.linear 0.2500
  history 2
%endblock SCF.Mixer.Pulay

DM_history_depth set to one: no extrapolation allowed by default for geometry relaxation
Size of DM history Fstack: 1
Total number of electrons:     2.000000
Total ionic charge:     2.000000

* ProcessorY, Blocksize:    1   2


* Orbital distribution balance (max,min):     2     1

 Kpoints in:            1 . Kpoints trimmed:            1

siesta: k-grid: Number of k-points =     1
siesta: k-grid: Cutoff (effective) =     7.500 Ang
siesta: k-grid: Supercell and displacements
siesta: k-grid:    1   0   0      0.000
siesta: k-grid:    0   1   0      0.000
siesta: k-grid:    0   0   1      0.000

diag: Algorithm                                     = D&C
diag: Parallel over k                               =   F
diag: Use parallel 2D distribution                  =   F
diag: Parallel block-size                           = 2
diag: Parallel distribution                         =     1 x     2
diag: Used triangular part                          = Lower
diag: Absolute tolerance                            =  0.100E-15
diag: Orthogonalization factor                      =  0.100E-05
diag: Memory factor                                 =  1.0000


ts: **************************************************************
ts: Save H and S matrices                           =    F
ts: Save DM and EDM matrices                        =    F
ts: Only save the overlap matrix S                  =    F
ts: **************************************************************

************************ Begin: TS CHECKS AND WARNINGS ************************
************************ End: TS CHECKS AND WARNINGS **************************


                     ====================================
                        Single-point calculation
                     ====================================

outcell: Unit cell vectors (Ang):
       15.000000    0.000000    0.000000
        0.000000   15.000000    0.000000
        0.000000    0.000000   15.000000

outcell: Cell vector modules (Ang)   :   15.000000   15.000000   15.000000
outcell: Cell angles (23,13,12) (deg):     90.0000     90.0000     90.0000
outcell: Cell volume (Ang**3)        :   3375.0000
<dSpData1D:S at geom step 0
  <sparsity:sparsity for geom step 0
    nrows_g=3 nrows=2 sparsity=.6667 nnzs=6, refcount: 7>
  <dData1D:(new from dSpData1D) n=6, refcount: 1>
refcount: 1>
new_DM -- step:     1
Initializing Density Matrix...
DM filled with atomic data:
<dSpData2D:DM initialized from atoms
  <sparsity:sparsity for geom step 0
    nrows_g=3 nrows=2 sparsity=.6667 nnzs=6, refcount: 8>
  <dData2D:DM n=6 m=1, refcount: 1>
refcount: 1>
No. of atoms with KB's overlaping orbs in proc 0. Max # of overlaps:       2       3
New grid distribution:   1
           1       1:   60    1:   60    1:   30
           2       1:   60    1:   60   31:   60

InitMesh: MESH =   120 x   120 x   120 =     1728000
InitMesh: (bp) =    60 x    60 x    60 =      216000
InitMesh: Mesh cutoff (required, used) =   150.000   176.881 Ry
ExtMesh (bp) on 0 =   104 x   104 x    74 =      800384
New grid distribution:   2
           1       1:   60    1:   60    1:   30
           2       1:   60    1:   60   31:   60
New grid distribution:   3
           1       1:   60    1:   60    1:   18
           2       1:   60    1:   60   19:   60
Setting up quadratic distribution...
ExtMesh (bp) on 0 =   104 x   104 x    74 =      800384
PhiOnMesh: Number of (b)points on node 0 =               108000
PhiOnMesh: nlist on node 0 =                 6734

stepf: Fermi-Dirac step function

siesta: Program's energy decomposition (eV):
siesta: Ebs     =       -21.563009
siesta: Eions   =        39.324676
siesta: Ena     =        10.687421
siesta: Ekin    =        23.609718
siesta: Enl     =        -8.173125
siesta: Eso     =         0.000000
siesta: Edftu   =         0.000000
siesta: DEna    =        -0.947190
siesta: DUscf   =         0.062542
siesta: DUext   =         0.000000
siesta: Exc     =       -15.939933
siesta: eta*DQ  =         0.000000
siesta: Emadel  =         0.000000
siesta: Emeta   =         0.000000
siesta: Emolmec =         0.000000
siesta: Ekinion =         0.000000
siesta: Eharris =       -34.275780
siesta: Etot    =       -30.025243
siesta: FreeEng =       -30.025243

        iscf     Eharris(eV)        E_KS(eV)     FreeEng(eV)     dDmax    Ef(eV) dHmax(eV)
   scf:    1      -34.275780      -30.025243      -30.025243  0.827853 -4.047297  0.422035
timer: Routine,Calls,Time,% = IterSCF        1       0.651  53.73
   scf:    2      -30.025387      -30.025315      -30.025315  0.001655 -3.942576  0.315304
   scf:    3      -30.025500      -30.025408      -30.025408  0.004907 -3.633304  0.000140
   scf:    4      -30.025408      -30.025408      -30.025408  0.000013 -3.633273  0.000096

SCF Convergence by DM+H criterion
max |DM_out - DM_in|         :     0.0000126722
max |H_out - H_in|      (eV) :     0.0000957049
SCF cycle converged after 4 iterations

Using DM_out to compute the final energy and forces
No. of atoms with KB's overlaping orbs in proc 0. Max # of overlaps:       2       3

siesta: E_KS(eV) =              -30.0254

siesta: E_KS - E_eggbox =       -30.0254

siesta: Atomic forces (eV/Ang):
----------------------------------------
   Tot    0.000000   -0.000000    0.000000
----------------------------------------
   Max    1.257834
   Res    0.592948    sqrt( Sum f_i^2 / 3N )
----------------------------------------
   Max    1.257834    constrained

Stress tensor Voigt[x,y,z,yz,xz,xy] (kbar):       -0.48       -0.00       -0.00        0.00       -0.00       -0.00
(Free)E + p*V (eV/cell)      -29.6883
Target enthalpy (eV/cell)      -30.0254

siesta: Program's energy decomposition (eV):
siesta: Ebs     =       -21.573262
siesta: Eions   =        39.324676
siesta: Ena     =        10.687421
siesta: Ekin    =        23.562781
siesta: Enl     =        -8.153478
siesta: Eso     =         0.000000
siesta: Edftu   =         0.000000
siesta: DEna    =        -0.925972
siesta: DUscf   =         0.061517
siesta: DUext   =         0.000000
siesta: Exc     =       -15.933002
siesta: eta*DQ  =         0.000000
siesta: Emadel  =         0.000000
siesta: Emeta   =         0.000000
siesta: Emolmec =         0.000000
siesta: Ekinion =         0.000000
siesta: Eharris =       -30.025408
siesta: Etot    =       -30.025408
siesta: FreeEng =       -30.025408

siesta: Final energy (eV):
siesta:  Band Struct. =     -21.573262
siesta:       Kinetic =      23.562781
siesta:       Hartree =      25.890406
siesta:       Edftu   =       0.000000
siesta:       Eso     =       0.000000
siesta:    Ext. field =       0.000000
siesta:   Exch.-corr. =     -15.933002
siesta:  Ion-electron =     -76.131454
siesta:       Ion-ion =      12.585861
siesta:       Ekinion =       0.000000
siesta:         Total =     -30.025408
siesta:         Fermi =      -3.633273

siesta: Atomic forces (eV/Ang):
siesta:      1   -1.257834   -0.000000    0.000000
siesta:      2    1.257834    0.000000    0.000000
siesta:      3    0.000000   -0.000000   -0.000000
siesta: ----------------------------------------
siesta:    Tot    0.000000   -0.000000    0.000000

siesta: Stress tensor (static) (eV/Ang**3):
siesta:    -0.000299   -0.000000   -0.000000
siesta:    -0.000000   -0.000000    0.000000
siesta:    -0.000000    0.000000   -0.000000

siesta: Cell volume =       3375.000000 Ang**3

siesta: Pressure (static):
siesta:                Solid            Molecule  Units
siesta:           0.00000109          0.00000001  Ry/Bohr**3
siesta:           0.00009988          0.00000049  eV/Ang**3
siesta:           0.16002038          0.00078733  kBar
(Free)E+ p_basis*V_orbitals  =         -29.798594
(Free)Eharris+ p_basis*V_orbitals  =         -29.798594

siesta: Electric dipole (a.u.)  =   -0.000000   -0.000000   -0.000000
siesta: Electric dipole (Debye) =   -0.000000   -0.000000   -0.000000

cite: Please see "h2_bessel.bib" for an exhaustive BiBTeX file.
cite: Please clearly indicate Siesta version in published work: v4.1-b4-351
cite: This calculation has made use of the following articles
cite: which are encouraged to be cited in a published work.
        Primary SIESTA paper
          DOI: www.doi.org/10.1088/0953-8984/14/11/302

>> End of run:  22-JAN-2021  21:01:18
Job completed
