Siesta Version  : v4.1-b4-351
Architecture    : x86_64-linux-n-62-26-19
Compiler version: GNU Fortran (GCC) 9.3.0
Compiler flags  : mpifort -m64 -fPIC -O3 -march=native -ftree-vectorize -fexpensive-optimizatioons -funroll-loops -fprefetch-loop-arrays -fno-second-underscore  -flto
PP flags        : -I/dtu/sw/dcc/SL73/2020-aug/generic/build-tools/1.0/include -I/dtu/sw/dcc/SL773/2020-aug/generic/gcc/9.3.0/include -I/dtu/sw/dcc/SL73/2020-aug/generic/gcc/9.3.0/include -I/dtu/sw/dcc/SL73/2020-aug/XeonE5-2660v3/gnu/9.3.0/zlib/1.2.11/include -I/dtu/sw/dcc/SL73/2020-aug/generic/numactl/2.0.12/include -I/dtu/sw/dcc/SL73/2020-aug/XeonE5-2660v3/gnu/9.3.0/libxml2/2.9.10/include -I/dtu/sw/dcc/SL73/2020-aug/XeonE5-2660v3/gnu/9.3.0/hwloc/2.2.0/include -I/dtu/sw/dcc/SL73/2020-aug/XeonE5-2660v3/gnu/9.3.0/knem/1.1.4/include -I/dtu/sw/dcc/SL73/2020-aug/XeonE5-2660v3/gnu/9.3.0/ucx/1.8.1/include -I/dtu/sw/dcc/SL73/2020-aug/XeonE5-2660v3/gnu/9.3.0/openmpi/4.0.4/include -I/dtu/sw/dcc/SL73/2020-aug/XeonE5-2660v3/gnu/9.3.0/szip/2.1.1/include -I/dtu/sw/dcc/SL73/2020-aug/XeonE5-2660v3/gnu/9.3.0/hdf5/1.12.0/include -I/dtu/sw/dcc/SL73/2020-aug/XeonE5-2660v3/gnu/9.3.0/pnetcdf/1.12.1/include -I/dtu/sw/dcc/SL73/2020-aug/generic/gen-zlib/1.2.11/include -I/dtu/sw/dcc/SL73/2020-aug/generic/openssl/1.1.1/include -I/dtu/sw/dcc/SL73/2020-aug/generic/libssh2/1.8.2/include -I/dtu/sw/dcc/SL73/2020-aug/generic/curl/7.65.1/include -I/dtu/sw/dcc/SL73/2020-aug/XeonE5-2660v3/gnu/9.3.0/netcdf/4.7.4/include -I/dtu/sw/dcc/SL73/2020-aug/XeonE5-2660v3/gnu/9.3.0/flook/0.8.1/include -I/dtu/sw/dcc/SL73/2020-aug/XeonE5-2660v3/gnu/9.3.0/fftw/3.3.8/include -I/dtu/sw/dcc/SL73/2020-aug/XeonE5-2660v3/gnu/9.3.0/parmetis/4.0.3/include -I/dtu/sw/dcc/SL73/2020-aug/XeonE5-2660v3/gnu/9.3.0/scalapack/2.1.0/include -I/dtu/sw/dcc/SL73/2020-aug/XeonE5-2660v3/gnu/9.3.0/lapack/3.9.0/include -I/dtu/sw/dcc/SL73/2020-aug/XeonE5-2660v3/gnu/9.3.0/blis/0.7.0/include -I/dtu/sw/dcc/SL73/2020-aug/XeonE5-2660v3/gnu/9.3.0/scotch/6.0.9/include -I/dtu/sw/dcc/SL73/2020-aug/XeonE5-2660v3/gnu/9.3.0/mumps/5.3.3/include -I/dtu/sw/dcc/SL73/2020-aug/XeonE5-2660v3/gnu/9.3.0/elpa/2020.05.001/include -DSIESTA__ELPA -DMPI -DFC_HAVE_FLUSH -DFC_HAVE_ABORT -DCDF -DCDF4 -DSIESTA__FLOOK  -DNCDF -DNCDF_4 -DNCDF_PARALLEL -DTS_NOCHECKS -DSIESTA__METIS -DSIESTA__MUMPS -DSIESTA__MRRR -I/dtu/sw/dcc/SL73/2020-aug/XeonE5-2660v3/gnu/9.3.0/elpa/2020.05.001/include/elpa
Libraries       : libncdf.a libfdict.a -lnetcdff -lnetcdf -lpnetcdf -lhdf5_hl -lhdf5 -lz  -lzmuumps -lmumps_common -lesmumps -lscotch -lscotcherr -lpord -lparmetis -lmetis -lelpa -lscalapack -llapack -lblis  -L/dtu/sw/dcc/SL73/2020-aug/XeonE5-2660v3/gnu/9.3.0/flook/0.8.1/lib -Wl,-rpath=/dtu/sw/dcc/SL73/2020-aug/XeonE5-2660v3/gnu/9.3.0/flook/0.8.1/lib -lflookall -ldl  -flto -fuse-linker-plugin  -lmetis
PARALLEL version
NetCDF support
NetCDF-4 support
NetCDF-4 MPI-IO support
METIS ordering support
Lua support

* Running on 8 nodes in parallel
>> Start of run:  22-JAN-2021  23:09:52

                           ***********************       
                           *  WELCOME TO SIESTA  *       
                           ***********************       

reinit: Reading from ../h2o_basis.fdf

reinit: -----------------------------------------------------------------------
reinit: System Name: Water molecule with more basis generation options
reinit: -----------------------------------------------------------------------
reinit: System Label: h2o_basis
reinit: -----------------------------------------------------------------------

initatom: Reading input for the pseudopotentials and atomic orbitals ----------
Species number:   1 Atomic number:    8 Label: O
Species number:   2 Atomic number:    1 Label: H

Ground state valence configuration:   2s02  2p04
Reading pseudopotential information in formatted form from O.psf

Valence configuration for pseudopotential generation:
2s( 2.00) rc: 1.14
2p( 4.00) rc: 1.14
3d( 0.00) rc: 1.14
4f( 0.00) rc: 1.14
Ground state valence configuration:   1s01
Reading pseudopotential information in formatted form from H.psf

Valence configuration for pseudopotential generation:
1s( 1.00) rc: 1.25
2p( 0.00) rc: 1.25
3d( 0.00) rc: 1.25
4f( 0.00) rc: 1.25

*Warning: Per-shell split_norm parameter will not apply to zeta-3. rc= -0.8000

For O, standard SIESTA heuristics set lmxkb to 3
 (one more than the basis l, including polarization orbitals).
Use PS.lmax or PS.KBprojectors blocks to override.
For H, standard SIESTA heuristics set lmxkb to 2
 (one more than the basis l, including polarization orbitals).
Use PS.lmax or PS.KBprojectors blocks to override.

<basis_specs>
===============================================================================
O                    Z=   8    Mass=  16.000        Charge=  0.0000    
Lmxo=1 Lmxkb= 3    BasisType=split      Semic=F
L=0  Nsemic=0  Cnfigmx=2
          i=1  nzeta=2  polorb=0  (2s)
            splnorm:   0.15000    
               vcte:    30.000    
               rinn:  -0.50000    
               qcoe:    0.0000    
               qyuk:    0.0000    
               qwid:   0.10000E-01
                rcs:    6.3400    -0.80000    
            lambdas:    1.0000      1.0000    
L=1  Nsemic=0  Cnfigmx=2
          i=1  nzeta=3  polorb=1  (2p)
            splnorm:   0.40000    
               vcte:    40.000    
               rinn:  -0.70000    
               qcoe:    0.0000    
               qyuk:    0.0000    
               qwid:   0.10000E-01
                rcs:    0.0000      0.0000    -0.80000    
            lambdas:    1.0000      1.0000      1.0000    
-------------------------------------------------------------------------------
L=0  Nkbl=1  erefs: 0.17977+309
L=1  Nkbl=1  erefs: 0.17977+309
L=2  Nkbl=1  erefs: 0.17977+309
L=3  Nkbl=1  erefs: 0.17977+309
===============================================================================
</basis_specs>

atom: Called for O                     (Z =   8)

read_vps: Pseudopotential generation method:
read_vps: ATM3      Troullier-Martins                       
Valence charge for ps generation:    6.00000

xc_check: Exchange-correlation functional:
xc_check: Ceperley-Alder
V l=0 = -2*Zval/r beyond r=  1.1278
V l=1 = -2*Zval/r beyond r=  1.1278
V l=2 = -2*Zval/r beyond r=  1.1278
V l=3 = -2*Zval/r beyond r=  1.1138
All V_l potentials equal beyond r=  1.1278
This should be close to max(r_c) in ps generation
All pots = -2*Zval/r beyond r=  1.1278

VLOCAL1: 99.0% of the norm of Vloc inside     34.126 Ry
VLOCAL1: 99.9% of the norm of Vloc inside     77.774 Ry
atom: Maximum radius for 4*pi*r*r*local-pseudopot. charge    1.37759
atom: Maximum radius for r*vlocal+2*Zval:    1.18566
GHOST: No ghost state for L =  0
GHOST: No ghost state for L =  1
GHOST: No ghost state for L =  2
GHOST: No ghost state for L =  3

KBgen: Kleinman-Bylander projectors: 
   l= 0   rc=  1.294105   el= -1.742414   Ekb=  9.135903   kbcos=  0.326910
   l= 1   rc=  1.294105   el= -0.676589   Ekb= -8.124878   kbcos= -0.395047
   l= 2   rc=  1.448233   el=  0.002386   Ekb= -2.039267   kbcos= -0.003484
   l= 3   rc=  1.561052   el=  0.003508   Ekb= -0.799141   kbcos= -0.000344

KBgen: Total number of  Kleinman-Bylander projectors:   16
atom: -------------------------------------------------------------------------

atom: SANKEY-TYPE ORBITALS:
atom: Selected multiple-zeta basis: split     

SPLIT: Orbitals with angular momentum L= 0

SPLIT: Basis orbitals for state 2s

   izeta = 1
                 lambda =    1.000000
                     rc =    6.331325
                 energy =   -1.742353
                kinetic =    1.525815
    potential(screened) =   -3.268168
       potential(ionic) =  -11.144890

   izeta = 2
                 rmatch =    5.055603
              splitnorm =    0.000434
                 energy =   -1.741431
* WARNING: effective split_norm is quite small. Orbitals will be very similar.
                kinetic =    1.555161
    potential(screened) =   -3.296593
       potential(ionic) =  -11.207341

SPLIT: Orbitals with angular momentum L= 1

SPLIT: Basis orbitals for state 2p

SPLIT: PAO cut-off radius determined from an
SPLIT: energy shift=  0.020000 Ry

   izeta = 1
                 lambda =    1.000000
                     rc =    3.937239
                 energy =   -0.646229
                kinetic =    5.212446
    potential(screened) =   -5.858675
       potential(ionic) =  -13.762025

   izeta = 2
                 rmatch =    1.725262
              splitnorm =    0.400000
                 energy =    0.721102
                kinetic =   11.655444
    potential(screened) =  -10.934342
       potential(ionic) =  -20.356156

   izeta = 3
                 rmatch =    3.143887
              splitnorm =    0.037357
                 energy =   -0.563102
* WARNING: effective split_norm is quite small. Orbitals will be very similar.
                kinetic =    6.250790
    potential(screened) =   -6.813892
       potential(ionic) =  -15.146819

POLgen: Perturbative polarization orbital with L=  2

POLgen: Polarization orbital for state 2p

   izeta = 1
                     rc =    3.937239
                 energy =    2.720185
                kinetic =    5.268186
    potential(screened) =   -2.548001
       potential(ionic) =   -9.134131
atom: Total number of Sankey-type orbitals: 16

atm_pop: Valence configuration (for local Pseudopot. screening):
 2s( 2.00)                                                            
 2p( 4.00)                                                            
Vna: chval, zval:    6.00000   6.00000

Vna:  Cut-off radius for the neutral-atom potential:   6.331325

atom: _________________________________________________________________________

<basis_specs>
===============================================================================
H                    Z=   1    Mass=  1.0100        Charge=  0.0000    
Lmxo=0 Lmxkb= 2    BasisType=split      Semic=F
L=0  Nsemic=0  Cnfigmx=1
          i=1  nzeta=2  polorb=2  (1s)
            splnorm:   0.35000    
               vcte:    30.000    
               rinn:  -0.50000    
               qcoe:    0.0000    
               qyuk:    0.0000    
               qwid:   0.10000E-01
                rcs:    8.3400      0.0000    
            lambdas:    1.0000      1.0000    
-------------------------------------------------------------------------------
L=0  Nkbl=1  erefs: 0.17977+309
L=1  Nkbl=1  erefs: 0.17977+309
L=2  Nkbl=1  erefs: 0.17977+309
===============================================================================
</basis_specs>

atom: Called for H                     (Z =   1)

read_vps: Pseudopotential generation method:
read_vps: ATM3      Troullier-Martins                       
Valence charge for ps generation:    1.00000

xc_check: Exchange-correlation functional:
xc_check: Ceperley-Alder
V l=0 = -2*Zval/r beyond r=  1.2343
V l=1 = -2*Zval/r beyond r=  1.2189
V l=2 = -2*Zval/r beyond r=  1.2189
All V_l potentials equal beyond r=  1.2343
This should be close to max(r_c) in ps generation
All pots = -2*Zval/r beyond r=  1.2343

VLOCAL1: 99.0% of the norm of Vloc inside     28.493 Ry
VLOCAL1: 99.9% of the norm of Vloc inside     64.935 Ry
atom: Maximum radius for 4*pi*r*r*local-pseudopot. charge    1.45251
atom: Maximum radius for r*vlocal+2*Zval:    1.21892
GHOST: No ghost state for L =  0
GHOST: No ghost state for L =  1
GHOST: No ghost state for L =  2

KBgen: Kleinman-Bylander projectors: 
   l= 0   rc=  1.364359   el= -0.467325   Ekb= -2.005361   kbcos= -0.336422
   l= 1   rc=  1.434438   el=  0.001430   Ekb= -0.501708   kbcos= -0.021697
   l= 2   rc=  1.470814   el=  0.002365   Ekb= -0.190555   kbcos= -0.002281

KBgen: Total number of  Kleinman-Bylander projectors:    9
atom: -------------------------------------------------------------------------

atom: SANKEY-TYPE ORBITALS:
atom: Selected multiple-zeta basis: split     

SPLIT: Orbitals with angular momentum L= 0

SPLIT: Basis orbitals for state 1s

   izeta = 1
                 lambda =    1.000000
                     rc =    8.370419
                 energy =   -0.465979
                kinetic =    0.843626
    potential(screened) =   -1.309604
       potential(ionic) =   -1.836649

   izeta = 2
                 rmatch =    3.116482
              splitnorm =    0.350000
                 energy =   -0.162430
                kinetic =    1.991443
    potential(screened) =   -2.153873
       potential(ionic) =   -2.741389

POLgen: Perturbative polarization orbital with L=  1

POLgen: Polarization orbital for state 1s

   izeta = 1
                     rc =    8.370419
                 energy =    0.515621
                kinetic =    1.103746
    potential(screened) =   -0.588125
       potential(ionic) =   -1.051458

POLgen: Polarization orbital for state 1s

   izeta = 2
                 rmatch =    3.903467
              splitnorm =    0.350000
                 energy =    1.286236
                kinetic =    2.252325
    potential(screened) =   -0.966089
       potential(ionic) =   -1.492586
atom: Total number of Sankey-type orbitals:  8

atm_pop: Valence configuration (for local Pseudopot. screening):
 1s( 1.00)                                                            
Vna: chval, zval:    1.00000   1.00000

Vna:  Cut-off radius for the neutral-atom potential:   8.370419

atom: _________________________________________________________________________

prinput: Basis input ----------------------------------------------------------

PAO.BasisType split     

%block ChemicalSpeciesLabel
    1    8 O                       # Species index, atomic number, species label
    2    1 H                       # Species index, atomic number, species label
%endblock ChemicalSpeciesLabel

%block PAO.Basis                 # Define Basis set
O                     2                    # Species label, number of l-shells
 n=2   0   2                         # n, l, Nzeta 
   6.331      5.056   
   1.000      1.000   
 n=2   1   3 P   1                   # n, l, Nzeta, Polarization, NzetaPol
   3.937      1.725      3.144   
   1.000      1.000      1.000   
H                     1                    # Species label, number of l-shells
 n=1   0   2 P   2                   # n, l, Nzeta, Polarization, NzetaPol
   8.370      3.116   
   1.000      1.000   
%endblock PAO.Basis

prinput: ----------------------------------------------------------------------

Dumping basis to NetCDF file O.ion.nc
Dumping basis to NetCDF file H.ion.nc
coor:   Atomic-coordinates input format  =     Cartesian coordinates
coor:                                          (in Angstroms)

siesta: Atomic coordinates (Bohr) and species
siesta:      0.00000   0.00000   0.00000  1        1
siesta:      1.43052   1.10738   0.00000  2        2
siesta:     -1.43052   1.10738   0.00000  2        3

siesta: Automatic unit cell vectors (Ang):
siesta:   11.410153    0.000000    0.000000
siesta:    0.000000    9.744753    0.000000
siesta:    0.000000    0.000000    9.744753

siesta: System type = molecule  

initatomlists: Number of atoms, orbitals, and projectors:      3    32    34

siesta: ******************** Simulation parameters ****************************
siesta:
siesta: The following are some of the parameters of the simulation.
siesta: A complete list of the parameters used, including default values,
siesta: can be found in file out.fdf
siesta:
redata: Spin configuration                          = none
redata: Number of spin components                   = 1
redata: Time-Reversal Symmetry                      = T
redata: Spin spiral                                 = F
redata: Long output                                 =   F
redata: Number of Atomic Species                    =        2
redata: Charge density info will appear in .RHO file
redata: Write Mulliken Pop.                         = NO
redata: Matel table size (NRTAB)                    =     1024
redata: Mesh Cutoff                                 =    50.0000 Ry
redata: Net charge of the system                    =     0.0000 |e|
redata: Min. number of SCF Iter                     =        0
redata: Max. number of SCF Iter                     =     1000
redata: SCF convergence failure will abort job
redata: SCF mix quantity                            = Hamiltonian
redata: Mix DM or H after convergence               =   F
redata: Recompute H after scf cycle                 =   F
redata: Mix DM in first SCF step                    =   T
redata: Write Pulay info on disk                    =   F
redata: New DM Occupancy tolerance                  = 0.000000000001
redata: No kicks to SCF
redata: DM Mixing Weight for Kicks                  =     0.5000
redata: Require Harris convergence for SCF          =   F
redata: Harris energy tolerance for SCF             =     0.000100 eV
redata: Require DM convergence for SCF              =   T
redata: DM tolerance for SCF                        =     0.000100
redata: Require EDM convergence for SCF             =   F
redata: EDM tolerance for SCF                       =     0.001000 eV
redata: Require H convergence for SCF               =   T
redata: Hamiltonian tolerance for SCF               =     0.001000 eV
redata: Require (free) Energy convergence for SCF   =   F
redata: (free) Energy tolerance for SCF             =     0.000100 eV
redata: Using Saved Data (generic)                  =   F
redata: Use continuation files for DM               =   F
redata: Neglect nonoverlap interactions             =   F
redata: Method of Calculation                       = Diagonalization
redata: Electronic Temperature                      =   299.9869 K
redata: Fix the spin of the system                  =   F
redata: Dynamics option                             = Single-point calculation
mix.SCF: Pulay mixing                            = Pulay
mix.SCF:    Variant                              = stable
mix.SCF:    History steps                        = 2
mix.SCF:    Linear mixing weight                 =     0.250000
mix.SCF:    Mixing weight                        =     0.250000
mix.SCF:    SVD condition                        = 0.1000E-07
redata: Save all siesta data in one NC              =   F
redata: ***********************************************************************

%block SCF.Mixers
  Pulay
%endblock SCF.Mixers

%block SCF.Mixer.Pulay
  # Mixing method
  method pulay
  variant stable

  # Mixing options
  weight 0.2500
  weight.linear 0.2500
  history 2
%endblock SCF.Mixer.Pulay

DM_history_depth set to one: no extrapolation allowed by default for geometry relaxation
Size of DM history Fstack: 1
Total number of electrons:     8.000000
Total ionic charge:     8.000000

* ProcessorY, Blocksize:    2   4


* Orbital distribution balance (max,min):     4     4

 Kpoints in:            1 . Kpoints trimmed:            1

siesta: k-grid: Number of k-points =     1
siesta: k-grid: Cutoff (effective) =     4.872 Ang
siesta: k-grid: Supercell and displacements
siesta: k-grid:    1   0   0      0.000
siesta: k-grid:    0   1   0      0.000
siesta: k-grid:    0   0   1      0.000

diag: Algorithm                                     = D&C
diag: Parallel over k                               =   F
diag: Use parallel 2D distribution                  =   T
diag: Parallel block-size                           = 4
diag: Parallel distribution                         =     2 x     4
diag: Used triangular part                          = Lower
diag: Absolute tolerance                            =  0.100E-15
diag: Orthogonalization factor                      =  0.100E-05
diag: Memory factor                                 =  1.0000


ts: **************************************************************
ts: Save H and S matrices                           =    F
ts: Save DM and EDM matrices                        =    F
ts: Only save the overlap matrix S                  =    F
ts: **************************************************************

************************ Begin: TS CHECKS AND WARNINGS ************************
************************ End: TS CHECKS AND WARNINGS **************************


                     ====================================
                        Single-point calculation
                     ====================================

outcell: Unit cell vectors (Ang):
       11.410153    0.000000    0.000000
        0.000000    9.744753    0.000000
        0.000000    0.000000    9.744753

outcell: Cell vector modules (Ang)   :   11.410153    9.744753    9.744753
outcell: Cell angles (23,13,12) (deg):     90.0000     90.0000     90.0000
outcell: Cell volume (Ang**3)        :   1083.5105
<dSpData1D:S at geom step 0
  <sparsity:sparsity for geom step 0
    nrows_g=32 nrows=4 sparsity=.1250 nnzs=128, refcount: 7>
  <dData1D:(new from dSpData1D) n=128, refcount: 1>
refcount: 1>
new_DM -- step:     1
Initializing Density Matrix...
DM filled with atomic data:
<dSpData2D:DM initialized from atoms
  <sparsity:sparsity for geom step 0
    nrows_g=32 nrows=4 sparsity=.1250 nnzs=128, refcount: 8>
  <dData2D:DM n=128 m=1, refcount: 1>
refcount: 1>
No. of atoms with KB's overlaping orbs in proc 0. Max # of overlaps:       3      32
New grid distribution:   1
           1       1:   25    1:   12    1:    6
           2       1:   25    1:   12    7:   12
           3       1:   25    1:   12   13:   18
           4       1:   25    1:   12   19:   24
           5       1:   25   13:   24    1:    6
           6       1:   25   13:   24    7:   12
           7       1:   25   13:   24   13:   18
           8       1:   25   13:   24   19:   24

InitMesh: MESH =    50 x    48 x    48 =      115200
InitMesh: (bp) =    25 x    24 x    24 =       14400
InitMesh: Mesh cutoff (required, used) =    50.000    53.071 Ry
ExtMesh (bp) on 0 =    65 x    56 x    50 =      182000
New grid distribution:   2
           1       8:   25    7:   24    1:    8
           2       8:   25    1:    6    1:    8
           3       8:   25    1:    6    9:   24
           4       1:    7    1:    6    9:   24
           5       1:    7    7:   24    1:    8
           6       1:    7    1:    6    1:    8
           7       8:   25    7:   24    9:   24
           8       1:    7    7:   24    9:   24
New grid distribution:   3
           1      11:   25   10:   24    1:   10
           2      11:   25    1:    9    1:   10
           3      11:   25    1:    8   11:   24
           4       1:   10    1:    9   11:   24
           5       1:   10   10:   24    1:   10
           6       1:   10    1:    9    1:   10
           7      11:   25    9:   24   11:   24
           8       1:   10   10:   24   11:   24
Setting up quadratic distribution...
ExtMesh (bp) on 0 =    58 x    62 x    52 =      186992
PhiOnMesh: Number of (b)points on node 0 =                 2592
PhiOnMesh: nlist on node 0 =                 8509

stepf: Fermi-Dirac step function

siesta: Program's energy decomposition (eV):
siesta: Ebs     =       -97.831884
siesta: Eions   =       815.854479
siesta: Ena     =       172.660147
siesta: Ekin    =       360.607462
siesta: Enl     =       -65.433416
siesta: Eso     =         0.000000
siesta: Edftu   =         0.000000
siesta: DEna    =        -5.073847
siesta: DUscf   =         1.008984
siesta: DUext   =         0.000000
siesta: Exc     =      -114.394415
siesta: eta*DQ  =         0.000000
siesta: Emadel  =         0.000000
siesta: Emeta   =         0.000000
siesta: Emolmec =         0.000000
siesta: Ekinion =         0.000000
siesta: Eharris =      -471.022868
siesta: Etot    =      -466.479564
siesta: FreeEng =      -466.479564

        iscf     Eharris(eV)        E_KS(eV)     FreeEng(eV)     dDmax    Ef(eV) dHmax(eV)
   scf:    1     -471.022868     -466.479564     -466.479564 62.250659 -4.940240  4.319075
timer: Routine,Calls,Time,% = IterSCF        1       0.024   1.16
   scf:    2     -466.779830     -466.659270     -466.659270  2.067224 -4.181434  1.635765
   scf:    3     -466.694504     -466.685835     -466.685835  2.182480 -3.606439  0.357222
   scf:    4     -466.692220     -466.689142     -466.689142  0.722502 -3.503947  0.229765
   scf:    5     -466.692396     -466.691000     -466.691000  1.285053 -3.317084  0.018384
   scf:    6     -466.691037     -466.691021     -466.691021  0.065324 -3.328553  0.008434
   scf:    7     -466.691025     -466.691024     -466.691024  0.003945 -3.332980  0.004643
   scf:    8     -466.691026     -466.691025     -466.691025  0.015486 -3.334077  0.002572
   scf:    9     -466.691026     -466.691025     -466.691025  0.017217 -3.334183  0.001966
   scf:   10     -466.691026     -466.691026     -466.691026  0.018595 -3.334085  0.001028
   scf:   11     -466.691026     -466.691026     -466.691026  0.010167 -3.333988  0.000400
   scf:   12     -466.691026     -466.691026     -466.691026  0.004685 -3.333943  0.000224
   scf:   13     -466.691026     -466.691026     -466.691026  0.001577 -3.333930  0.000136
   scf:   14     -466.691026     -466.691026     -466.691026  0.000037 -3.333926  0.000126

SCF Convergence by DM+H criterion
max |DM_out - DM_in|         :     0.0000366597
max |H_out - H_in|      (eV) :     0.0001263651
SCF cycle converged after 14 iterations

Using DM_out to compute the final energy and forces
No. of atoms with KB's overlaping orbs in proc 0. Max # of overlaps:       3      32

siesta: E_KS(eV) =             -466.6910

siesta: E_KS - E_eggbox =      -466.6910

siesta: Atomic forces (eV/Ang):
----------------------------------------
   Tot    0.000000    0.320907    0.000000
----------------------------------------
   Max    0.979459
   Res    0.522945    sqrt( Sum f_i^2 / 3N )
----------------------------------------
   Max    0.979459    constrained

Stress tensor Voigt[x,y,z,yz,xz,xy] (kbar):       -5.03       -1.05        0.27        0.00       -0.00        0.00
(Free)E + p*V (eV/cell)     -465.3801
Target enthalpy (eV/cell)     -466.6910

siesta: Program's energy decomposition (eV):
siesta: Ebs     =      -109.598938
siesta: Eions   =       815.854479
siesta: Ena     =       172.660147
siesta: Ekin    =       349.689316
siesta: Enl     =       -62.789598
siesta: Eso     =         0.000000
siesta: Edftu   =         0.000000
siesta: DEna    =         1.228406
siesta: DUscf   =         0.632503
siesta: DUext   =         0.000000
siesta: Exc     =      -112.257321
siesta: eta*DQ  =         0.000000
siesta: Emadel  =         0.000000
siesta: Emeta   =         0.000000
siesta: Emolmec =         0.000000
siesta: Ekinion =         0.000000
siesta: Eharris =      -466.691026
siesta: Etot    =      -466.691026
siesta: FreeEng =      -466.691026

siesta: Final energy (eV):
siesta:  Band Struct. =    -109.598938
siesta:       Kinetic =     349.689316
siesta:       Hartree =     455.920395
siesta:       Edftu   =       0.000000
siesta:       Eso     =       0.000000
siesta:    Ext. field =       0.000000
siesta:   Exch.-corr. =    -112.257321
siesta:  Ion-electron =   -1224.046701
siesta:       Ion-ion =      64.003286
siesta:       Ekinion =       0.000000
siesta:         Total =    -466.691026
siesta:         Fermi =      -3.333926

siesta: Atomic forces (eV/Ang):
siesta:      1    0.000000   -0.475114    0.000000
siesta:      2    0.979459    0.398011   -0.000000
siesta:      3   -0.979459    0.398011   -0.000000
siesta: ----------------------------------------
siesta:    Tot    0.000000    0.320907    0.000000

siesta: Stress tensor (static) (eV/Ang**3):
siesta:    -0.003140    0.000000   -0.000000
siesta:     0.000000   -0.000658   -0.000000
siesta:    -0.000000    0.000000    0.000168

siesta: Cell volume =       1083.510463 Ang**3

siesta: Pressure (static):
siesta:                Solid            Molecule  Units
siesta:           0.00001318          0.00000707  Ry/Bohr**3
siesta:           0.00120993          0.00064879  eV/Ang**3
siesta:           1.93853720          1.03948258  kBar
(Free)E+ p_basis*V_orbitals  =        -464.314901
(Free)Eharris+ p_basis*V_orbitals  =        -464.314901

siesta: Electric dipole (a.u.)  =    0.000000    0.507243   -0.000000
siesta: Electric dipole (Debye) =    0.000000    1.289284   -0.000000

cite: Please see "h2o_basis.bib" for an exhaustive BiBTeX file.
cite: Please clearly indicate Siesta version in published work: v4.1-b4-351
cite: This calculation has made use of the following articles
cite: which are encouraged to be cited in a published work.
        Primary SIESTA paper
          DOI: www.doi.org/10.1088/0953-8984/14/11/302

>> End of run:  22-JAN-2021  23:09:55
Job completed
