Siesta Version  : v4.1-b4-351
Architecture    : x86_64-linux-n-62-26-19
Compiler version: GNU Fortran (GCC) 9.3.0
Compiler flags  : mpifort -m64 -fPIC -O3 -march=native -ftree-vectorize -fexpensive-optimizatioons -funroll-loops -fprefetch-loop-arrays -fno-second-underscore  -flto
PP flags        : -I/dtu/sw/dcc/SL73/2020-aug/generic/build-tools/1.0/include -I/dtu/sw/dcc/SL773/2020-aug/generic/gcc/9.3.0/include -I/dtu/sw/dcc/SL73/2020-aug/generic/gcc/9.3.0/include -I/dtu/sw/dcc/SL73/2020-aug/XeonE5-2660v3/gnu/9.3.0/zlib/1.2.11/include -I/dtu/sw/dcc/SL73/2020-aug/generic/numactl/2.0.12/include -I/dtu/sw/dcc/SL73/2020-aug/XeonE5-2660v3/gnu/9.3.0/libxml2/2.9.10/include -I/dtu/sw/dcc/SL73/2020-aug/XeonE5-2660v3/gnu/9.3.0/hwloc/2.2.0/include -I/dtu/sw/dcc/SL73/2020-aug/XeonE5-2660v3/gnu/9.3.0/knem/1.1.4/include -I/dtu/sw/dcc/SL73/2020-aug/XeonE5-2660v3/gnu/9.3.0/ucx/1.8.1/include -I/dtu/sw/dcc/SL73/2020-aug/XeonE5-2660v3/gnu/9.3.0/openmpi/4.0.4/include -I/dtu/sw/dcc/SL73/2020-aug/XeonE5-2660v3/gnu/9.3.0/szip/2.1.1/include -I/dtu/sw/dcc/SL73/2020-aug/XeonE5-2660v3/gnu/9.3.0/hdf5/1.12.0/include -I/dtu/sw/dcc/SL73/2020-aug/XeonE5-2660v3/gnu/9.3.0/pnetcdf/1.12.1/include -I/dtu/sw/dcc/SL73/2020-aug/generic/gen-zlib/1.2.11/include -I/dtu/sw/dcc/SL73/2020-aug/generic/openssl/1.1.1/include -I/dtu/sw/dcc/SL73/2020-aug/generic/libssh2/1.8.2/include -I/dtu/sw/dcc/SL73/2020-aug/generic/curl/7.65.1/include -I/dtu/sw/dcc/SL73/2020-aug/XeonE5-2660v3/gnu/9.3.0/netcdf/4.7.4/include -I/dtu/sw/dcc/SL73/2020-aug/XeonE5-2660v3/gnu/9.3.0/flook/0.8.1/include -I/dtu/sw/dcc/SL73/2020-aug/XeonE5-2660v3/gnu/9.3.0/fftw/3.3.8/include -I/dtu/sw/dcc/SL73/2020-aug/XeonE5-2660v3/gnu/9.3.0/parmetis/4.0.3/include -I/dtu/sw/dcc/SL73/2020-aug/XeonE5-2660v3/gnu/9.3.0/scalapack/2.1.0/include -I/dtu/sw/dcc/SL73/2020-aug/XeonE5-2660v3/gnu/9.3.0/lapack/3.9.0/include -I/dtu/sw/dcc/SL73/2020-aug/XeonE5-2660v3/gnu/9.3.0/blis/0.7.0/include -I/dtu/sw/dcc/SL73/2020-aug/XeonE5-2660v3/gnu/9.3.0/scotch/6.0.9/include -I/dtu/sw/dcc/SL73/2020-aug/XeonE5-2660v3/gnu/9.3.0/mumps/5.3.3/include -I/dtu/sw/dcc/SL73/2020-aug/XeonE5-2660v3/gnu/9.3.0/elpa/2020.05.001/include -DSIESTA__ELPA -DMPI -DFC_HAVE_FLUSH -DFC_HAVE_ABORT -DCDF -DCDF4 -DSIESTA__FLOOK  -DNCDF -DNCDF_4 -DNCDF_PARALLEL -DTS_NOCHECKS -DSIESTA__METIS -DSIESTA__MUMPS -DSIESTA__MRRR -I/dtu/sw/dcc/SL73/2020-aug/XeonE5-2660v3/gnu/9.3.0/elpa/2020.05.001/include/elpa
Libraries       : libncdf.a libfdict.a -lnetcdff -lnetcdf -lpnetcdf -lhdf5_hl -lhdf5 -lz  -lzmuumps -lmumps_common -lesmumps -lscotch -lscotcherr -lpord -lparmetis -lmetis -lelpa -lscalapack -llapack -lblis  -L/dtu/sw/dcc/SL73/2020-aug/XeonE5-2660v3/gnu/9.3.0/flook/0.8.1/lib -Wl,-rpath=/dtu/sw/dcc/SL73/2020-aug/XeonE5-2660v3/gnu/9.3.0/flook/0.8.1/lib -lflookall -ldl  -flto -fuse-linker-plugin  -lmetis
PARALLEL version
NetCDF support
NetCDF-4 support
NetCDF-4 MPI-IO support
METIS ordering support
Lua support

* Running on 8 nodes in parallel
>> Start of run:  22-JAN-2021  23:09:39

                           ***********************       
                           *  WELCOME TO SIESTA  *       
                           ***********************       

reinit: Reading from ../h2o_am05.fdf

reinit: -----------------------------------------------------------------------
reinit: System Name: 
reinit: -----------------------------------------------------------------------
reinit: System Label: siesta
reinit: -----------------------------------------------------------------------

initatom: Reading input for the pseudopotentials and atomic orbitals ----------
Species number:   1 Atomic number:    8 Label: O_am05
Species number:   2 Atomic number:    1 Label: H_am05

Ground state valence configuration:   2s02  2p04
Reading pseudopotential information in formatted form from O_am05.psf

Valence configuration for pseudopotential generation:
2s( 2.00) rc: 1.14
2p( 4.00) rc: 1.14
3d( 0.00) rc: 1.14
4f( 0.00) rc: 1.14
Ground state valence configuration:   1s01
Reading pseudopotential information in formatted form from H_am05.psf

Valence configuration for pseudopotential generation:
1s( 1.00) rc: 1.00
2p( 0.00) rc: 1.00
3d( 0.00) rc: 1.00
For O_am05, standard SIESTA heuristics set lmxkb to 3
 (one more than the basis l, including polarization orbitals).
Use PS.lmax or PS.KBprojectors blocks to override.
For H_am05, standard SIESTA heuristics set lmxkb to 2
 (one more than the basis l, including polarization orbitals).
Use PS.lmax or PS.KBprojectors blocks to override.

<basis_specs>
===============================================================================
O_am05               Z=   8    Mass=  16.000        Charge= 0.17977+309
Lmxo=2 Lmxkb= 3    BasisType=split      Semic=F
L=0  Nsemic=0  Cnfigmx=2
          i=1  nzeta=2  polorb=0  (2s)
            splnorm:   0.15000    
               vcte:    100.00    
               rinn:  -0.95000    
               qcoe:    0.0000    
               qyuk:    0.0000    
               qwid:   0.10000E-01
                rcs:    7.0000      0.0000    
            lambdas:    1.0000      1.0000    
L=1  Nsemic=0  Cnfigmx=2
          i=1  nzeta=2  polorb=0  (2p)
            splnorm:   0.15000    
               vcte:    100.00    
               rinn:  -0.95000    
               qcoe:    0.0000    
               qyuk:    0.0000    
               qwid:   0.10000E-01
                rcs:    7.0000      0.0000    
            lambdas:    1.0000      1.0000    
L=2  Nsemic=0  Cnfigmx=3
          i=1  nzeta=1  polorb=0  (3d)
            splnorm:   0.15000    
               vcte:    120.00    
               rinn:    0.0000    
               qcoe:    0.0000    
               qyuk:    0.0000    
               qwid:   0.10000E-01
                rcs:    7.0000    
            lambdas:    1.0000    
-------------------------------------------------------------------------------
L=0  Nkbl=1  erefs: 0.17977+309
L=1  Nkbl=1  erefs: 0.17977+309
L=2  Nkbl=1  erefs: 0.17977+309
L=3  Nkbl=1  erefs: 0.17977+309
===============================================================================
</basis_specs>

atom: Called for O_am05                (Z =   8)

read_vps: Pseudopotential generation method:
read_vps: ATM3      Troullier-Martins                       
Valence charge for ps generation:    6.00000

xc_check: Exchange-correlation functional:
xc_check: GGA AM05
V l=0 = -2*Zval/r beyond r=  1.1278
V l=1 = -2*Zval/r beyond r=  1.1420
V l=2 = -2*Zval/r beyond r=  1.1420
V l=3 = -2*Zval/r beyond r=  1.1278
All V_l potentials equal beyond r=  1.1278
This should be close to max(r_c) in ps generation
All pots = -2*Zval/r beyond r=  1.1420

VLOCAL1: 99.0% of the norm of Vloc inside     34.126 Ry
VLOCAL1: 99.9% of the norm of Vloc inside     77.774 Ry
atom: Maximum radius for 4*pi*r*r*local-pseudopot. charge    1.37759
atom: Maximum radius for r*vlocal+2*Zval:    1.18566
GHOST: No ghost state for L =  0
GHOST: No ghost state for L =  1
GHOST: No ghost state for L =  2
GHOST: No ghost state for L =  3

KBgen: Kleinman-Bylander projectors: 
   l= 0   rc=  1.343567   el= -1.740723   Ekb=  9.161590   kbcos=  0.326681
   l= 1   rc=  1.326873   el= -0.658831   Ekb= -7.991194   kbcos= -0.393737
   l= 2   rc=  1.541657   el=  0.001915   Ekb= -2.001524   kbcos= -0.003375
   l= 3   rc=  1.661751   el=  0.003037   Ekb= -0.782011   kbcos= -0.000340

KBgen: Total number of  Kleinman-Bylander projectors:   16
atom: -------------------------------------------------------------------------

atom: SANKEY-TYPE ORBITALS:
atom: Selected multiple-zeta basis: split     

SPLIT: Orbitals with angular momentum L= 0

SPLIT: Basis orbitals for state 2s

   izeta = 1
                 lambda =    1.000000
                     rc =    6.997229
                 energy =   -1.740791
                kinetic =    1.533053
    potential(screened) =   -3.273844
       potential(ionic) =  -11.156652

   izeta = 2
                 rmatch =    2.573941
              splitnorm =    0.150000
                 energy =   -1.508798
                kinetic =    2.370787
    potential(screened) =   -3.879585
       potential(ionic) =  -12.391300

SPLIT: Orbitals with angular momentum L= 1

SPLIT: Basis orbitals for state 2p

   izeta = 1
                 lambda =    1.000000
                     rc =    6.997229
                 energy =   -0.658749
                kinetic =    4.714288
    potential(screened) =   -5.373037
       potential(ionic) =  -12.990290

   izeta = 2
                 rmatch =    2.739966
              splitnorm =    0.150000
                 energy =   -0.436782
                kinetic =    6.969383
    potential(screened) =   -7.406165
       potential(ionic) =  -15.971366

SPLIT: Orbitals with angular momentum L= 2

SPLIT: Basis orbitals for state 3d

   izeta = 1
                 lambda =    1.000000
                     rc =    6.997229
                 energy =    1.718753
                kinetic =    2.956576
    potential(screened) =   -1.237823
       potential(ionic) =   -6.788477
atom: Total number of Sankey-type orbitals: 13

atm_pop: Valence configuration (for local Pseudopot. screening):
 2s( 2.00)                                                            
 2p( 4.00)                                                            
 3d( 0.00)                                                            
Vna: chval, zval:    6.00000   6.00000

Vna:  Cut-off radius for the neutral-atom potential:   6.997229

atom: _________________________________________________________________________

<basis_specs>
===============================================================================
H_am05               Z=   1    Mass=  1.0100        Charge= 0.17977+309
Lmxo=1 Lmxkb= 2    BasisType=split      Semic=F
L=0  Nsemic=0  Cnfigmx=1
          i=1  nzeta=2  polorb=0  (1s)
            splnorm:   0.50000    
               vcte:    100.00    
               rinn:  -0.95000    
               qcoe:    0.0000    
               qyuk:    0.0000    
               qwid:   0.10000E-01
                rcs:    7.0000      0.0000    
            lambdas:    1.0000      1.0000    
L=1  Nsemic=0  Cnfigmx=2
          i=1  nzeta=1  polorb=0  (2p)
            splnorm:   0.50000    
               vcte:    70.000    
               rinn:    0.0000    
               qcoe:    0.0000    
               qyuk:    0.0000    
               qwid:   0.10000E-01
                rcs:    3.5000    
            lambdas:    1.0000    
-------------------------------------------------------------------------------
L=0  Nkbl=1  erefs: 0.17977+309
L=1  Nkbl=1  erefs: 0.17977+309
L=2  Nkbl=1  erefs: 0.17977+309
===============================================================================
</basis_specs>

atom: Called for H_am05                (Z =   1)

read_vps: Pseudopotential generation method:
read_vps: ATM3      Troullier-Martins                       
Valence charge for ps generation:    1.00000

xc_check: Exchange-correlation functional:
xc_check: GGA AM05
V l=0 = -2*Zval/r beyond r=  0.9851
V l=1 = -2*Zval/r beyond r=  0.9728
V l=2 = -2*Zval/r beyond r=  0.9728
All V_l potentials equal beyond r=  0.9851
This should be close to max(r_c) in ps generation
All pots = -2*Zval/r beyond r=  0.9851

VLOCAL1: 99.0% of the norm of Vloc inside     44.731 Ry
VLOCAL1: 99.9% of the norm of Vloc inside    101.942 Ry
atom: Maximum radius for 4*pi*r*r*local-pseudopot. charge    1.15936
atom: Maximum radius for r*vlocal+2*Zval:    0.97283
GHOST: No ghost state for L =  0
GHOST: No ghost state for L =  1
GHOST: No ghost state for L =  2

KBgen: Kleinman-Bylander projectors: 
   l= 0   rc=  1.102692   el= -0.465202   Ekb= -2.346727   kbcos= -0.270144
   l= 1   rc=  1.159355   el=  0.000945   Ekb= -0.557964   kbcos= -0.013523
   l= 2   rc=  1.188767   el=  0.001894   Ekb= -0.186023   kbcos= -0.001288

KBgen: Total number of  Kleinman-Bylander projectors:    9
atom: -------------------------------------------------------------------------

atom: SANKEY-TYPE ORBITALS:
atom: Selected multiple-zeta basis: split     

SPLIT: Orbitals with angular momentum L= 0

SPLIT: Basis orbitals for state 1s

   izeta = 1
                 lambda =    1.000000
                     rc =    7.026209
                 energy =   -0.464053
                kinetic =    0.864719
    potential(screened) =   -1.328772
       potential(ionic) =   -1.858472

   izeta = 2
                 rmatch =    2.551111
              splitnorm =    0.500000
                 energy =    0.112396
                kinetic =    2.678464
    potential(screened) =   -2.566068
       potential(ionic) =   -3.155216

SPLIT: Orbitals with angular momentum L= 1

SPLIT: Basis orbitals for state 2p

   izeta = 1
                 lambda =    1.000000
                     rc =    3.487864
                 energy =    2.773980
                kinetic =    4.140110
    potential(screened) =   -1.366130
       potential(ionic) =   -1.939970
atom: Total number of Sankey-type orbitals:  5

atm_pop: Valence configuration (for local Pseudopot. screening):
 1s( 1.00)                                                            
 2p( 0.00)                                                            
Vna: chval, zval:    1.00000   1.00000

Vna:  Cut-off radius for the neutral-atom potential:   7.026209

atom: _________________________________________________________________________

prinput: Basis input ----------------------------------------------------------

PAO.BasisType split     

%block ChemicalSpeciesLabel
    1    8 O_am05                  # Species index, atomic number, species label
    2    1 H_am05                  # Species index, atomic number, species label
%endblock ChemicalSpeciesLabel

%block PAO.Basis                 # Define Basis set
O_am05                3                    # Species label, number of l-shells
 n=2   0   2                         # n, l, Nzeta 
   6.997      2.574   
   1.000      1.000   
 n=2   1   2                         # n, l, Nzeta 
   6.997      2.740   
   1.000      1.000   
 n=3   2   1                         # n, l, Nzeta 
   6.997   
   1.000   
H_am05                2                    # Species label, number of l-shells
 n=1   0   2                         # n, l, Nzeta 
   7.026      2.551   
   1.000      1.000   
 n=2   1   1                         # n, l, Nzeta 
   3.488   
   1.000   
%endblock PAO.Basis

prinput: ----------------------------------------------------------------------

Dumping basis to NetCDF file O_am05.ion.nc
Dumping basis to NetCDF file H_am05.ion.nc
coor:   Atomic-coordinates input format  =     Fractional

siesta: Atomic coordinates (Bohr) and species
siesta:      0.00000   0.00000   0.00000  1        1
siesta:     14.17295   1.62517   0.00000  2        2
siesta:     14.17295  13.49265   0.00000  2        3

siesta: System type = slab      

initatomlists: Number of atoms, orbitals, and projectors:      3    23    34

siesta: ******************** Simulation parameters ****************************
siesta:
siesta: The following are some of the parameters of the simulation.
siesta: A complete list of the parameters used, including default values,
siesta: can be found in file out.fdf
siesta:
redata: Spin configuration                          = none
redata: Number of spin components                   = 1
redata: Time-Reversal Symmetry                      = T
redata: Spin spiral                                 = F
redata: Long output                                 =   T
redata: Number of Atomic Species                    =        2
redata: Charge density info will appear in .RHO file
redata: Write Mulliken Pop.                         = Atomic and Orbital charges
redata: Matel table size (NRTAB)                    =     1024
redata: Mesh Cutoff                                 =   200.0000 Ry
redata: Net charge of the system                    =     0.0000 |e|
redata: Min. number of SCF Iter                     =        0
redata: Max. number of SCF Iter                     =     1000
redata: SCF convergence failure will abort job
redata: SCF mix quantity                            = Hamiltonian
redata: Mix DM or H after convergence               =   F
redata: Recompute H after scf cycle                 =   F
redata: Mix DM in first SCF step                    =   T
redata: Write Pulay info on disk                    =   F
redata: New DM Occupancy tolerance                  = 0.000000000001
redata: No kicks to SCF
redata: DM Mixing Weight for Kicks                  =     0.5000
redata: Require Harris convergence for SCF          =   F
redata: Harris energy tolerance for SCF             =     0.000100 eV
redata: Require DM convergence for SCF              =   T
redata: DM tolerance for SCF                        =     0.000100
redata: Require EDM convergence for SCF             =   F
redata: EDM tolerance for SCF                       =     0.001000 eV
redata: Require H convergence for SCF               =   T
redata: Hamiltonian tolerance for SCF               =     0.001000 eV
redata: Require (free) Energy convergence for SCF   =   F
redata: (free) Energy tolerance for SCF             =     0.000100 eV
redata: Using Saved Data (generic)                  =   F
redata: Use continuation files for DM               =   F
redata: Neglect nonoverlap interactions             =   F
redata: Method of Calculation                       = Diagonalization
redata: Electronic Temperature                      =   299.9869 K
redata: Fix the spin of the system                  =   F
redata: Dynamics option                             = Single-point calculation
mix.SCF: Pulay mixing                            = Pulay
mix.SCF:    Variant                              = stable
mix.SCF:    History steps                        = 3
mix.SCF:    Linear mixing weight                 =     0.250000
mix.SCF:    Mixing weight                        =     0.250000
mix.SCF:    SVD condition                        = 0.1000E-07
redata: Save all siesta data in one NC              =   F
redata: ***********************************************************************

%block SCF.Mixers
  Pulay
%endblock SCF.Mixers

%block SCF.Mixer.Pulay
  # Mixing method
  method pulay
  variant stable

  # Mixing options
  weight 0.2500
  weight.linear 0.2500
  history 3
%endblock SCF.Mixer.Pulay

DM_history_depth set to one: no extrapolation allowed by default for geometry relaxation
Size of DM history Fstack: 1
Total number of electrons:     8.000000
Total ionic charge:     8.000000

* ProcessorY, Blocksize:    2   3


* Orbital distribution balance (max,min):     3     2

 Kpoints in:            1 . Kpoints trimmed:            1

siesta: k-point coordinates (Bohr**-1) and weights:
siesta:    1    0.000000    0.000000    0.000000       1.000000

siesta: k-grid: Number of k-points =     1
siesta: k-grid: Cutoff (effective) =     4.000 Ang
siesta: k-grid: Supercell and displacements
siesta: k-grid:    1   0   0      0.000
siesta: k-grid:    0   1   0      0.000
siesta: k-grid:    0   0   1      0.000

diag: Algorithm                                     = D&C
diag: Parallel over k                               =   F
diag: Use parallel 2D distribution                  =   T
diag: Parallel block-size                           = 3
diag: Parallel distribution                         =     2 x     4
diag: Used triangular part                          = Lower
diag: Absolute tolerance                            =  0.100E-15
diag: Orthogonalization factor                      =  0.100E-05
diag: Memory factor                                 =  1.0000


ts: **************************************************************
ts: Save H and S matrices                           =    F
ts: Save DM and EDM matrices                        =    F
ts: Only save the overlap matrix S                  =    F
ts: **************************************************************

************************ Begin: TS CHECKS AND WARNINGS ************************
************************ End: TS CHECKS AND WARNINGS **************************


                     ====================================
                        Single-point calculation
                     ====================================

outcoor: Atomic coordinates (fractional):                   
    0.00000000    0.00000000    0.00000000   1       1  O_am05
    0.93750000    0.10750000    0.00000000   2       2  H_am05
    0.93750000    0.89250000    0.00000000   2       3  H_am05

outcell: Unit cell vectors (Ang):
        8.000000    0.000000    0.000000
        0.000000    8.000000    0.000000
        0.000000    0.000000    8.000000

outcell: Cell vector modules (Ang)   :    8.000000    8.000000    8.000000
outcell: Cell angles (23,13,12) (deg):     90.0000     90.0000     90.0000
outcell: Cell volume (Ang**3)        :    512.0000
Gamma-point calculation with multiply-connected orbital pairs
Folding of H and S implicitly performed
<dSpData1D:S at geom step 0
  <sparsity:sparsity for geom step 0
    nrows_g=23 nrows=3 sparsity=.1304 nnzs=69, refcount: 7>
  <dData1D:(new from dSpData1D) n=69, refcount: 1>
refcount: 1>
new_DM -- step:     1
Initializing Density Matrix...
DM filled with atomic data:
<dSpData2D:DM initialized from atoms
  <sparsity:sparsity for geom step 0
    nrows_g=23 nrows=3 sparsity=.1304 nnzs=69, refcount: 8>
  <dData2D:DM n=69 m=1, refcount: 1>
refcount: 1>
No. of atoms with KB's overlaping orbs in proc 0. Max # of overlaps:       3      23
New grid distribution:   1
           1       1:   36    1:   18    1:    9
           2       1:   36    1:   18   10:   18
           3       1:   36    1:   18   19:   27
           4       1:   36    1:   18   28:   36
           5       1:   36   19:   36    1:    9
           6       1:   36   19:   36   10:   18
           7       1:   36   19:   36   19:   27
           8       1:   36   19:   36   28:   36

InitMesh: MESH =    72 x    72 x    72 =      373248
InitMesh: (bp) =    36 x    36 x    36 =       46656
InitMesh: Mesh cutoff (required, used) =   200.000   223.865 Ry
ExtMesh (bp) on 0 =   104 x    86 x    77 =      688688
New grid distribution:   2
           1       1:   23   16:   36    1:   15
           2       1:   23    1:   15    1:   15
           3       1:   23    1:   15   16:   36
           4      24:   36    1:   15    1:   15
           5      24:   36    1:   15   16:   36
           6      24:   36   16:   36    1:   15
           7       1:   23   16:   36   16:   36
           8      24:   36   16:   36   16:   36
New grid distribution:   3
           1       1:   22    1:   18    1:   16
           2      23:   36    1:   18    1:   16
           3       1:   22    1:   18   17:   36
           4      23:   36    1:   18   17:   36
           5       1:   22   19:   36    1:   16
           6      23:   36   19:   36    1:   16
           7       1:   22   19:   36   17:   36
           8      23:   36   19:   36   17:   36
Setting up quadratic distribution...
ExtMesh (bp) on 0 =    91 x    89 x    83 =      672217
PhiOnMesh: Number of (b)points on node 0 =                 7245
PhiOnMesh: nlist on node 0 =                33274

stepf: Fermi-Dirac step function

siesta: Program's energy decomposition (eV):
siesta: Ebs     =       -60.911381
siesta: Eions   =       825.824713
siesta: Ena     =       193.278637
siesta: Ekin    =       391.434300
siesta: Enl     =       -68.685811
siesta: Eso     =         0.000000
siesta: Edftu   =         0.000000
siesta: DEna    =       -39.897538
siesta: DUscf   =         6.068005
siesta: DUext   =         0.000000
siesta: Exc     =      -119.750195
siesta: eta*DQ  =         0.000000
siesta: Emadel  =         0.000000
siesta: Emeta   =         0.000000
siesta: Emolmec =         0.000000
siesta: Ekinion =         0.000000
siesta: Eharris =      -460.032834
siesta: Etot    =      -463.377316
siesta: FreeEng =      -463.377316

        iscf     Eharris(eV)        E_KS(eV)     FreeEng(eV)     dDmax    Ef(eV) dHmax(eV)
   scf:    1     -460.032834     -463.377316     -463.377316  0.971130 -5.619977 13.163010
timer: Routine,Calls,Time,% = IterSCF        1       0.242  14.56
   scf:    2     -467.503413     -465.801198     -465.801198  0.486073 -3.437972  5.188836
   scf:    3     -466.205546     -466.151074     -466.151074  0.339259 -1.961829  0.451323
   scf:    4     -466.133523     -466.152877     -466.152877  0.074830 -1.771127  0.686692
   scf:    5     -466.164259     -466.161479     -466.161479  0.047635 -1.590857  0.031941
   scf:    6     -466.161536     -466.161510     -466.161510  0.001394 -1.591941  0.019875
   scf:    7     -466.161540     -466.161527     -466.161527  0.001690 -1.588044  0.002498
   scf:    8     -466.161528     -466.161527     -466.161527  0.000086 -1.588214  0.001829
   scf:    9     -466.161528     -466.161528     -466.161528  0.000196 -1.588636  0.000158
   scf:   10     -466.161528     -466.161528     -466.161528  0.000007 -1.588627  0.000095

SCF Convergence by DM+H criterion
max |DM_out - DM_in|         :     0.0000071388
max |H_out - H_in|      (eV) :     0.0000951046
SCF cycle converged after 10 iterations

Using DM_out to compute the final energy and forces
No. of atoms with KB's overlaping orbs in proc 0. Max # of overlaps:       3      23

siesta: E_KS(eV) =             -466.1615

siesta: E_KS - E_eggbox =      -466.1615

siesta: Atomic forces (eV/Ang):
     1    0.825612   -0.000000    0.000000
     2   -0.407681   -1.267389   -0.000000
     3   -0.407681    1.267389   -0.000000
----------------------------------------
   Tot    0.010251   -0.000000    0.000000
----------------------------------------
   Max    1.267389
   Res    0.685289    sqrt( Sum f_i^2 / 3N )
----------------------------------------
   Max    1.267389    constrained

Stress tensor Voigt[x,y,z,yz,xz,xy] (kbar):       -1.17        6.78        0.00        0.00       -0.00        0.00
(Free)E + p*V (eV/cell)     -466.7590
Target enthalpy (eV/cell)     -466.1615

mulliken: Atomic and Orbital Populations:

Species: O_am05              
Atom  Qatom  Qorb
               2s      2s      2py     2pz     2px     2py     2pz     2px     
               3dxy    3dyz    3dz2    3dxz    3dx2-y2 
   1  6.707   1.792  -0.024   1.047   2.255   1.837   0.214  -0.288  -0.141
              0.010   0.000   0.004   0.003  -0.001

Species: H_am05              
Atom  Qatom  Qorb
               1s      1s      2py     2pz     2px     
   2  0.647   0.263   0.335   0.020   0.015   0.014
   3  0.647   0.263   0.335   0.020   0.015   0.014

mulliken: Qtot =        8.000

siesta: Eigenvalues (eV):
  ik is       eps
   1  1  -24.3648  -13.2890   -8.1679   -6.7473    0.4215    2.9460   13.9110   15.4018   15.9463   15.9547
          21.5587   21.7540   23.0558   23.7113   25.7015   40.6981   42.6611   50.0278   51.2593   53.8932
   62.1745   65.0468   67.0116
siesta: Fermi energy =      -1.588627 eV

siesta: Program's energy decomposition (eV):
siesta: Ebs     =      -105.137311
siesta: Eions   =       825.824713
siesta: Ena     =       193.278637
siesta: Ekin    =       345.662067
siesta: Enl     =       -57.215036
siesta: Eso     =         0.000000
siesta: Edftu   =         0.000000
siesta: DEna    =       -11.630598
siesta: DUscf   =         1.558610
siesta: DUext   =         0.000000
siesta: Exc     =      -111.990494
siesta: eta*DQ  =         0.000000
siesta: Emadel  =         0.000000
siesta: Emeta   =         0.000000
siesta: Emolmec =         0.000000
siesta: Ekinion =         0.000000
siesta: Eharris =      -466.161528
siesta: Etot    =      -466.161528
siesta: FreeEng =      -466.161528

siesta: Final energy (eV):
siesta:  Band Struct. =    -105.137311
siesta:       Kinetic =     345.662067
siesta:       Hartree =     417.099672
siesta:       Edftu   =       0.000000
siesta:       Eso     =       0.000000
siesta:    Ext. field =       0.000000
siesta:   Exch.-corr. =    -111.990494
siesta:  Ion-electron =   -1138.948100
siesta:       Ion-ion =      22.015329
siesta:       Ekinion =       0.000000
siesta:         Total =    -466.161528
siesta:         Fermi =      -1.588627

siesta: Atomic forces (eV/Ang):
siesta:      1    0.825612   -0.000000    0.000000
siesta:      2   -0.407681   -1.267389   -0.000000
siesta:      3   -0.407681    1.267389   -0.000000
siesta: ----------------------------------------
siesta:    Tot    0.010251   -0.000000    0.000000

siesta: Stress tensor (static) (eV/Ang**3):
siesta:    -0.000733   -0.000000    0.000000
siesta:     0.000000    0.004232    0.000000
siesta:    -0.000000    0.000000    0.000001

siesta: Cell volume =        512.000000 Ang**3

siesta: Pressure (static):
siesta:                Solid            Molecule  Units
siesta:          -0.00001271         -0.00002542  Ry/Bohr**3
siesta:          -0.00116689         -0.00233403  eV/Ang**3
siesta:          -1.86957791         -3.73957530  kBar
(Free)E+ p_basis*V_orbitals  =        -464.707015
(Free)Eharris+ p_basis*V_orbitals  =        -464.707015

siesta: Electric dipole (a.u.)  =    0.000000    0.000000   -0.000000
siesta: Electric dipole (Debye) =    0.000000    0.000000   -0.000000

cite: Please see "siesta.bib" for an exhaustive BiBTeX file.
cite: Please clearly indicate Siesta version in published work: v4.1-b4-351
cite: This calculation has made use of the following articles
cite: which are encouraged to be cited in a published work.
        Primary SIESTA paper
          DOI: www.doi.org/10.1088/0953-8984/14/11/302

>> End of run:  22-JAN-2021  23:09:42
Job completed
