Siesta Version  : v4.1-b4-351
Architecture    : x86_64-linux-n-62-26-19
Compiler version: GNU Fortran (GCC) 9.3.0
Compiler flags  : mpifort -m64 -fPIC -O3 -march=native -ftree-vectorize -fexpensive-optimizatioons -funroll-loops -fprefetch-loop-arrays -fno-second-underscore  -flto
PP flags        : -I/dtu/sw/dcc/SL73/2020-aug/generic/build-tools/1.0/include -I/dtu/sw/dcc/SL773/2020-aug/generic/gcc/9.3.0/include -I/dtu/sw/dcc/SL73/2020-aug/generic/gcc/9.3.0/include -I/dtu/sw/dcc/SL73/2020-aug/XeonE5-2660v3/gnu/9.3.0/zlib/1.2.11/include -I/dtu/sw/dcc/SL73/2020-aug/generic/numactl/2.0.12/include -I/dtu/sw/dcc/SL73/2020-aug/XeonE5-2660v3/gnu/9.3.0/libxml2/2.9.10/include -I/dtu/sw/dcc/SL73/2020-aug/XeonE5-2660v3/gnu/9.3.0/hwloc/2.2.0/include -I/dtu/sw/dcc/SL73/2020-aug/XeonE5-2660v3/gnu/9.3.0/knem/1.1.4/include -I/dtu/sw/dcc/SL73/2020-aug/XeonE5-2660v3/gnu/9.3.0/ucx/1.8.1/include -I/dtu/sw/dcc/SL73/2020-aug/XeonE5-2660v3/gnu/9.3.0/openmpi/4.0.4/include -I/dtu/sw/dcc/SL73/2020-aug/XeonE5-2660v3/gnu/9.3.0/szip/2.1.1/include -I/dtu/sw/dcc/SL73/2020-aug/XeonE5-2660v3/gnu/9.3.0/hdf5/1.12.0/include -I/dtu/sw/dcc/SL73/2020-aug/XeonE5-2660v3/gnu/9.3.0/pnetcdf/1.12.1/include -I/dtu/sw/dcc/SL73/2020-aug/generic/gen-zlib/1.2.11/include -I/dtu/sw/dcc/SL73/2020-aug/generic/openssl/1.1.1/include -I/dtu/sw/dcc/SL73/2020-aug/generic/libssh2/1.8.2/include -I/dtu/sw/dcc/SL73/2020-aug/generic/curl/7.65.1/include -I/dtu/sw/dcc/SL73/2020-aug/XeonE5-2660v3/gnu/9.3.0/netcdf/4.7.4/include -I/dtu/sw/dcc/SL73/2020-aug/XeonE5-2660v3/gnu/9.3.0/flook/0.8.1/include -I/dtu/sw/dcc/SL73/2020-aug/XeonE5-2660v3/gnu/9.3.0/fftw/3.3.8/include -I/dtu/sw/dcc/SL73/2020-aug/XeonE5-2660v3/gnu/9.3.0/parmetis/4.0.3/include -I/dtu/sw/dcc/SL73/2020-aug/XeonE5-2660v3/gnu/9.3.0/scalapack/2.1.0/include -I/dtu/sw/dcc/SL73/2020-aug/XeonE5-2660v3/gnu/9.3.0/lapack/3.9.0/include -I/dtu/sw/dcc/SL73/2020-aug/XeonE5-2660v3/gnu/9.3.0/blis/0.7.0/include -I/dtu/sw/dcc/SL73/2020-aug/XeonE5-2660v3/gnu/9.3.0/scotch/6.0.9/include -I/dtu/sw/dcc/SL73/2020-aug/XeonE5-2660v3/gnu/9.3.0/mumps/5.3.3/include -I/dtu/sw/dcc/SL73/2020-aug/XeonE5-2660v3/gnu/9.3.0/elpa/2020.05.001/include -DSIESTA__ELPA -DMPI -DFC_HAVE_FLUSH -DFC_HAVE_ABORT -DCDF -DCDF4 -DSIESTA__FLOOK  -DNCDF -DNCDF_4 -DNCDF_PARALLEL -DTS_NOCHECKS -DSIESTA__METIS -DSIESTA__MUMPS -DSIESTA__MRRR -I/dtu/sw/dcc/SL73/2020-aug/XeonE5-2660v3/gnu/9.3.0/elpa/2020.05.001/include/elpa
Libraries       : libncdf.a libfdict.a -lnetcdff -lnetcdf -lpnetcdf -lhdf5_hl -lhdf5 -lz  -lzmuumps -lmumps_common -lesmumps -lscotch -lscotcherr -lpord -lparmetis -lmetis -lelpa -lscalapack -llapack -lblis  -L/dtu/sw/dcc/SL73/2020-aug/XeonE5-2660v3/gnu/9.3.0/flook/0.8.1/lib -Wl,-rpath=/dtu/sw/dcc/SL73/2020-aug/XeonE5-2660v3/gnu/9.3.0/flook/0.8.1/lib -lflookall -ldl  -flto -fuse-linker-plugin  -lmetis
PARALLEL version
NetCDF support
NetCDF-4 support
NetCDF-4 MPI-IO support
METIS ordering support
Lua support

* Running on 8 nodes in parallel
>> Start of run:  22-JAN-2021  23:10:02

                           ***********************       
                           *  WELCOME TO SIESTA  *       
                           ***********************       

reinit: Reading from ../h2o_dipole2.fdf

reinit: -----------------------------------------------------------------------
reinit: System Name: Water molecule
reinit: -----------------------------------------------------------------------
reinit: System Label: h2o_dipole2
reinit: -----------------------------------------------------------------------

initatom: Reading input for the pseudopotentials and atomic orbitals ----------
Species number:   1 Atomic number:    8 Label: O
Species number:   2 Atomic number:    1 Label: H

Ground state valence configuration:   2s02  2p04
Reading pseudopotential information in formatted form from O.psf

Valence configuration for pseudopotential generation:
2s( 2.00) rc: 1.14
2p( 4.00) rc: 1.14
3d( 0.00) rc: 1.14
4f( 0.00) rc: 1.14
Ground state valence configuration:   1s01
Reading pseudopotential information in formatted form from H.psf

Valence configuration for pseudopotential generation:
1s( 1.00) rc: 1.25
2p( 0.00) rc: 1.25
3d( 0.00) rc: 1.25
4f( 0.00) rc: 1.25
For O, standard SIESTA heuristics set lmxkb to 3
 (one more than the basis l, including polarization orbitals).
Use PS.lmax or PS.KBprojectors blocks to override.
For H, standard SIESTA heuristics set lmxkb to 2
 (one more than the basis l, including polarization orbitals).
Use PS.lmax or PS.KBprojectors blocks to override.

<basis_specs>
===============================================================================
O                    Z=   8    Mass=  16.000        Charge= 0.17977+309
Lmxo=1 Lmxkb= 3    BasisType=split      Semic=F
L=0  Nsemic=0  Cnfigmx=2
          i=1  nzeta=2  polorb=0  (2s)
            splnorm:   0.15000    
               vcte:    0.0000    
               rinn:    0.0000    
               qcoe:    0.0000    
               qyuk:    0.0000    
               qwid:   0.10000E-01
                rcs:    0.0000      0.0000    
            lambdas:    1.0000      1.0000    
L=1  Nsemic=0  Cnfigmx=2
          i=1  nzeta=2  polorb=1  (2p)
            splnorm:   0.15000    
               vcte:    0.0000    
               rinn:    0.0000    
               qcoe:    0.0000    
               qyuk:    0.0000    
               qwid:   0.10000E-01
                rcs:    0.0000      0.0000    
            lambdas:    1.0000      1.0000    
-------------------------------------------------------------------------------
L=0  Nkbl=1  erefs: 0.17977+309
L=1  Nkbl=1  erefs: 0.17977+309
L=2  Nkbl=1  erefs: 0.17977+309
L=3  Nkbl=1  erefs: 0.17977+309
===============================================================================
</basis_specs>

atom: Called for O                     (Z =   8)

read_vps: Pseudopotential generation method:
read_vps: ATM3      Troullier-Martins                       
Valence charge for ps generation:    6.00000

xc_check: Exchange-correlation functional:
xc_check: Ceperley-Alder
V l=0 = -2*Zval/r beyond r=  1.1278
V l=1 = -2*Zval/r beyond r=  1.1278
V l=2 = -2*Zval/r beyond r=  1.1278
V l=3 = -2*Zval/r beyond r=  1.1138
All V_l potentials equal beyond r=  1.1278
This should be close to max(r_c) in ps generation
All pots = -2*Zval/r beyond r=  1.1278

VLOCAL1: 99.0% of the norm of Vloc inside     34.126 Ry
VLOCAL1: 99.9% of the norm of Vloc inside     77.774 Ry
atom: Maximum radius for 4*pi*r*r*local-pseudopot. charge    1.37759
atom: Maximum radius for r*vlocal+2*Zval:    1.18566
GHOST: No ghost state for L =  0
GHOST: No ghost state for L =  1
GHOST: No ghost state for L =  2
GHOST: No ghost state for L =  3

KBgen: Kleinman-Bylander projectors: 
   l= 0   rc=  1.294105   el= -1.742414   Ekb=  9.135903   kbcos=  0.326910
   l= 1   rc=  1.294105   el= -0.676589   Ekb= -8.124878   kbcos= -0.395047
   l= 2   rc=  1.448233   el=  0.002386   Ekb= -2.039267   kbcos= -0.003484
   l= 3   rc=  1.561052   el=  0.003508   Ekb= -0.799141   kbcos= -0.000344

KBgen: Total number of  Kleinman-Bylander projectors:   16
atom: -------------------------------------------------------------------------

atom: SANKEY-TYPE ORBITALS:
atom: Selected multiple-zeta basis: split     

SPLIT: Orbitals with angular momentum L= 0

SPLIT: Basis orbitals for state 2s

SPLIT: PAO cut-off radius determined from an
SPLIT: energy shift=  0.020000 Ry

   izeta = 1
                 lambda =    1.000000
                     rc =    3.305093
                 energy =   -1.723766
                kinetic =    1.614911
    potential(screened) =   -3.338677
       potential(ionic) =  -11.304675

   izeta = 2
                 rmatch =    2.510382
              splitnorm =    0.150000
                 energy =   -1.471299
                kinetic =    2.446434
    potential(screened) =   -3.917732
       potential(ionic) =  -12.476133

SPLIT: Orbitals with angular momentum L= 1

SPLIT: Basis orbitals for state 2p

SPLIT: PAO cut-off radius determined from an
SPLIT: energy shift=  0.020000 Ry

   izeta = 1
                 lambda =    1.000000
                     rc =    3.937239
                 energy =   -0.658841
                kinetic =    5.005986
    potential(screened) =   -5.664827
       potential(ionic) =  -13.452360

   izeta = 2
                 rmatch =    2.541963
              splitnorm =    0.150000
                 energy =   -0.367441
                kinetic =    7.530509
    potential(screened) =   -7.897949
       potential(ionic) =  -16.611953

POLgen: Perturbative polarization orbital with L=  2

POLgen: Polarization orbital for state 2p

   izeta = 1
                     rc =    3.937239
                 energy =    2.398520
                kinetic =    4.716729
    potential(screened) =   -2.318209
       potential(ionic) =   -8.603170
atom: Total number of Sankey-type orbitals: 13

atm_pop: Valence configuration (for local Pseudopot. screening):
 2s( 2.00)                                                            
 2p( 4.00)                                                            
Vna: chval, zval:    6.00000   6.00000

Vna:  Cut-off radius for the neutral-atom potential:   3.937239

atom: _________________________________________________________________________

<basis_specs>
===============================================================================
H                    Z=   1    Mass=  1.0100        Charge= 0.17977+309
Lmxo=0 Lmxkb= 2    BasisType=split      Semic=F
L=0  Nsemic=0  Cnfigmx=1
          i=1  nzeta=2  polorb=1  (1s)
            splnorm:   0.15000    
               vcte:    0.0000    
               rinn:    0.0000    
               qcoe:    0.0000    
               qyuk:    0.0000    
               qwid:   0.10000E-01
                rcs:    0.0000      0.0000    
            lambdas:    1.0000      1.0000    
-------------------------------------------------------------------------------
L=0  Nkbl=1  erefs: 0.17977+309
L=1  Nkbl=1  erefs: 0.17977+309
L=2  Nkbl=1  erefs: 0.17977+309
===============================================================================
</basis_specs>

atom: Called for H                     (Z =   1)

read_vps: Pseudopotential generation method:
read_vps: ATM3      Troullier-Martins                       
Valence charge for ps generation:    1.00000

xc_check: Exchange-correlation functional:
xc_check: Ceperley-Alder
V l=0 = -2*Zval/r beyond r=  1.2343
V l=1 = -2*Zval/r beyond r=  1.2189
V l=2 = -2*Zval/r beyond r=  1.2189
All V_l potentials equal beyond r=  1.2343
This should be close to max(r_c) in ps generation
All pots = -2*Zval/r beyond r=  1.2343

VLOCAL1: 99.0% of the norm of Vloc inside     28.493 Ry
VLOCAL1: 99.9% of the norm of Vloc inside     64.935 Ry
atom: Maximum radius for 4*pi*r*r*local-pseudopot. charge    1.45251
atom: Maximum radius for r*vlocal+2*Zval:    1.21892
GHOST: No ghost state for L =  0
GHOST: No ghost state for L =  1
GHOST: No ghost state for L =  2

KBgen: Kleinman-Bylander projectors: 
   l= 0   rc=  1.364359   el= -0.467325   Ekb= -2.005361   kbcos= -0.336422
   l= 1   rc=  1.434438   el=  0.001430   Ekb= -0.501708   kbcos= -0.021697
   l= 2   rc=  1.470814   el=  0.002365   Ekb= -0.190555   kbcos= -0.002281

KBgen: Total number of  Kleinman-Bylander projectors:    9
atom: -------------------------------------------------------------------------

atom: SANKEY-TYPE ORBITALS:
atom: Selected multiple-zeta basis: split     

SPLIT: Orbitals with angular momentum L= 0

SPLIT: Basis orbitals for state 1s

SPLIT: PAO cut-off radius determined from an
SPLIT: energy shift=  0.020000 Ry

   izeta = 1
                 lambda =    1.000000
                     rc =    4.828263
                 energy =   -0.449375
                kinetic =    0.929372
    potential(screened) =   -1.378747
       potential(ionic) =   -1.915047

   izeta = 2
                 rmatch =    3.854947
              splitnorm =    0.150000
                 energy =   -0.336153
                kinetic =    1.505294
    potential(screened) =   -1.841447
       potential(ionic) =   -2.413582

POLgen: Perturbative polarization orbital with L=  1

POLgen: Polarization orbital for state 1s

   izeta = 1
                     rc =    4.828263
                 energy =    0.706972
                kinetic =    1.396397
    potential(screened) =   -0.689424
       potential(ionic) =   -1.169792
atom: Total number of Sankey-type orbitals:  5

atm_pop: Valence configuration (for local Pseudopot. screening):
 1s( 1.00)                                                            
Vna: chval, zval:    1.00000   1.00000

Vna:  Cut-off radius for the neutral-atom potential:   4.828263

atom: _________________________________________________________________________

prinput: Basis input ----------------------------------------------------------

PAO.BasisType split     

%block ChemicalSpeciesLabel
    1    8 O                       # Species index, atomic number, species label
    2    1 H                       # Species index, atomic number, species label
%endblock ChemicalSpeciesLabel

%block PAO.Basis                 # Define Basis set
O                     2                    # Species label, number of l-shells
 n=2   0   2                         # n, l, Nzeta 
   3.305      2.510   
   1.000      1.000   
 n=2   1   2 P   1                   # n, l, Nzeta, Polarization, NzetaPol
   3.937      2.542   
   1.000      1.000   
H                     1                    # Species label, number of l-shells
 n=1   0   2 P   1                   # n, l, Nzeta, Polarization, NzetaPol
   4.828      3.855   
   1.000      1.000   
%endblock PAO.Basis

prinput: ----------------------------------------------------------------------

Dumping basis to NetCDF file O.ion.nc
Dumping basis to NetCDF file H.ion.nc
coor:   Atomic-coordinates input format  =     Cartesian coordinates
coor:                                          (in Angstroms)

siesta: Atomic coordinates (Bohr) and species
siesta:      0.00000   0.00000   0.00000  1        1
siesta:      1.43052   1.10738   0.00000  2        2
siesta:     -1.43052   1.10738   0.00000  2        3
siesta:      0.00000  11.33836   0.00000  1        4
siesta:      1.43052  10.23098   0.00000  2        5
siesta:     -1.43052  10.23098   0.00000  2        6

siesta: System type = slab      

initatomlists: Number of atoms, orbitals, and projectors:      6    46    68

siesta: ******************** Simulation parameters ****************************
siesta:
siesta: The following are some of the parameters of the simulation.
siesta: A complete list of the parameters used, including default values,
siesta: can be found in file out.fdf
siesta:
redata: Spin configuration                          = none
redata: Number of spin components                   = 1
redata: Time-Reversal Symmetry                      = T
redata: Spin spiral                                 = F
redata: Long output                                 =   F
redata: Number of Atomic Species                    =        2
redata: Charge density info will appear in .RHO file
redata: Write Mulliken Pop.                         = NO
redata: Matel table size (NRTAB)                    =     1024
redata: Mesh Cutoff                                 =   200.0000 Ry
redata: Net charge of the system                    =     0.0000 |e|
redata: Min. number of SCF Iter                     =        0
redata: Max. number of SCF Iter                     =     1000
redata: SCF convergence failure will abort job
redata: SCF mix quantity                            = Hamiltonian
redata: Mix DM or H after convergence               =   F
redata: Recompute H after scf cycle                 =   F
redata: Mix DM in first SCF step                    =   T
redata: Write Pulay info on disk                    =   F
redata: New DM Occupancy tolerance                  = 0.000000000001
redata: No kicks to SCF
redata: DM Mixing Weight for Kicks                  =     0.5000
redata: Require Harris convergence for SCF          =   F
redata: Harris energy tolerance for SCF             =     0.000100 eV
redata: Require DM convergence for SCF              =   T
redata: DM tolerance for SCF                        =     0.000100
redata: Require EDM convergence for SCF             =   F
redata: EDM tolerance for SCF                       =     0.001000 eV
redata: Require H convergence for SCF               =   T
redata: Hamiltonian tolerance for SCF               =     0.001000 eV
redata: Require (free) Energy convergence for SCF   =   F
redata: (free) Energy tolerance for SCF             =     0.000100 eV
redata: Using Saved Data (generic)                  =   F
redata: Use continuation files for DM               =   F
redata: Neglect nonoverlap interactions             =   F
redata: Method of Calculation                       = Diagonalization
redata: Electronic Temperature                      =   299.9869 K
redata: Fix the spin of the system                  =   F
redata: Dynamics option                             = Single-point calculation
mix.SCF: Pulay mixing                            = Pulay
mix.SCF:    Variant                              = stable
mix.SCF:    History steps                        = 2
mix.SCF:    Linear mixing weight                 =     0.250000
mix.SCF:    Mixing weight                        =     0.250000
mix.SCF:    SVD condition                        = 0.1000E-07
redata: Save all siesta data in one NC              =   F
redata: ***********************************************************************

%block SCF.Mixers
  Pulay
%endblock SCF.Mixers

%block SCF.Mixer.Pulay
  # Mixing method
  method pulay
  variant stable

  # Mixing options
  weight 0.2500
  weight.linear 0.2500
  history 2
%endblock SCF.Mixer.Pulay

DM_history_depth set to one: no extrapolation allowed by default for geometry relaxation
Size of DM history Fstack: 1
Total number of electrons:    16.000000
Total ionic charge:    16.000000

* ProcessorY, Blocksize:    2   6


* Orbital distribution balance (max,min):     6     4

 Kpoints in:            1 . Kpoints trimmed:            1

siesta: k-grid: Number of k-points =     1
siesta: k-grid: Cutoff (effective) =     1.500 Ang
siesta: k-grid: Supercell and displacements
siesta: k-grid:    1   0   0      0.000
siesta: k-grid:    0   1   0      0.000
siesta: k-grid:    0   0   1      0.000

diag: Algorithm                                     = D&C
diag: Parallel over k                               =   F
diag: Use parallel 2D distribution                  =   T
diag: Parallel block-size                           = 6
diag: Parallel distribution                         =     2 x     4
diag: Used triangular part                          = Lower
diag: Absolute tolerance                            =  0.100E-15
diag: Orthogonalization factor                      =  0.100E-05
diag: Memory factor                                 =  1.0000


ts: **************************************************************
ts: Save H and S matrices                           =    F
ts: Save DM and EDM matrices                        =    F
ts: Only save the overlap matrix S                  =    F
ts: **************************************************************

************************ Begin: TS CHECKS AND WARNINGS ************************
************************ End: TS CHECKS AND WARNINGS **************************


                     ====================================
                        Single-point calculation
                     ====================================

outcell: Unit cell vectors (Ang):
        3.000000    0.000000    0.000000
        0.000000   12.000000    0.000000
        0.000000    0.000000    5.000000

outcell: Cell vector modules (Ang)   :    3.000000   12.000000    5.000000
outcell: Cell angles (23,13,12) (deg):     90.0000     90.0000     90.0000
outcell: Cell volume (Ang**3)        :    180.0000
Gamma-point calculation with interaction between periodic images
Some features might not work optimally:
e.g. DM initialization from atomic data
<dSpData1D:S at geom step 0
  <sparsity:sparsity for geom step 0
    nrows_g=46 nrows=6 sparsity=.0652 nnzs=138, refcount: 7>
  <dData1D:(new from dSpData1D) n=138, refcount: 1>
refcount: 1>
new_DM -- step:     1
Initializing Density Matrix...
DM filled with atomic data:
<dSpData2D:DM initialized from atoms
  <sparsity:sparsity for geom step 0
    nrows_g=46 nrows=6 sparsity=.0652 nnzs=138, refcount: 8>
  <dData2D:DM n=138 m=1, refcount: 1>
refcount: 1>
No. of atoms with KB's overlaping orbs in proc 0. Max # of overlaps:       3      45
New grid distribution:   1
           1       1:   15    1:   27    1:    6
           2       1:   15    1:   27    7:   12
           3       1:   15    1:   27   13:   18
           4       1:   15    1:   27   19:   24
           5       1:   15   28:   54    1:    6
           6       1:   15   28:   54    7:   12
           7       1:   15   28:   54   13:   18
           8       1:   15   28:   54   19:   24

InitMesh: MESH =    30 x   108 x    48 =      155520
InitMesh: (bp) =    15 x    54 x    24 =       19440
InitMesh: Mesh cutoff (required, used) =   200.000   223.865 Ry
ExtMesh (bp) on 0 =    67 x    75 x    58 =      291450
New grid distribution:   2
           1       1:   15    8:   25    1:    9
           2       1:   15    1:    7    1:   10
           3       1:   15    8:   25   10:   24
           4       1:   15    1:    7   11:   24
           5       1:   15   33:   54    1:    8
           6       1:   15   26:   32    1:    9
           7       1:   15   33:   54    9:   24
           8       1:   15   26:   32   10:   24
New grid distribution:   3
           1       1:   15   33:   54    1:   11
           2       1:   15    1:   10    1:   12
           3       1:   15   11:   22   12:   24
           4       1:   15   23:   32   13:   24
           5       1:   15   11:   22    1:   11
           6       1:   15    1:   10   13:   24
           7       1:   15   33:   54   12:   24
           8       1:   15   23:   32    1:   12
Setting up quadratic distribution...
ExtMesh (bp) on 0 =    67 x    66 x    61 =      269742
PhiOnMesh: Number of (b)points on node 0 =                 2430
PhiOnMesh: nlist on node 0 =                35250

dipole: A dipole layer will be introduced in the vacuum
dipole: region to compensate the system dipole
Dipole moment in unit cell =      -0.0000       0.0000      -0.0000 D
Electric field for dipole correction =     0.000000    -0.000000     0.000000 eV/Ang/e

stepf: Fermi-Dirac step function
Dipole moment in unit cell =       0.0000      -0.0000       0.0000 D
Electric field for dipole correction =    -0.000000     0.000000    -0.000000 eV/Ang/e

siesta: Program's energy decomposition (eV):
siesta: Ebs     =      -179.640045
siesta: Eions   =      1631.708957
siesta: Ena     =       349.730334
siesta: Ekin    =       756.447513
siesta: Enl     =      -139.624038
siesta: Eso     =         0.000000
siesta: Edftu   =         0.000000
siesta: DEna    =       -32.649064
siesta: DUscf   =         4.641921
siesta: DUext   =         0.000000
siesta: Exc     =      -234.322959
siesta: eta*DQ  =         0.000000
siesta: Emadel  =         0.000000
siesta: Emeta   =         0.000000
siesta: Emolmec =         0.000000
siesta: Ekinion =         0.000000
siesta: Eharris =      -923.358033
siesta: Etot    =      -927.485251
siesta: FreeEng =      -927.485251

        iscf     Eharris(eV)        E_KS(eV)     FreeEng(eV)     dDmax    Ef(eV) dHmax(eV)
   scf:    1     -923.358033     -927.485251     -927.485251  1.435109 -2.746970  6.169673
timer: Routine,Calls,Time,% = IterSCF        1       0.050   2.93
Dipole moment in unit cell =       0.0000      -0.0000       0.0000 D
Electric field for dipole correction =    -0.000000     0.000000    -0.000000 eV/Ang/e
   scf:    2     -930.156854     -929.119461     -929.119461  0.041016 -5.958811  1.893694
Dipole moment in unit cell =       0.0000      -0.0000       0.0000 D
Electric field for dipole correction =    -0.000000     0.000000    -0.000000 eV/Ang/e
   scf:    3     -929.315633     -929.279298     -929.279298  0.015906 -5.556998  0.212174
Dipole moment in unit cell =       0.0000      -0.0000       0.0000 D
Electric field for dipole correction =    -0.000000     0.000000    -0.000000 eV/Ang/e
   scf:    4     -929.289579     -929.284805     -929.284805  0.009538 -5.536501  0.188299
Dipole moment in unit cell =       0.0000      -0.0000       0.0000 D
Electric field for dipole correction =    -0.000000     0.000000    -0.000000 eV/Ang/e
   scf:    5     -929.288797     -929.286889     -929.286889  0.007090 -5.506710  0.145216
Dipole moment in unit cell =       0.0000      -0.0000       0.0000 D
Electric field for dipole correction =    -0.000000     0.000000    -0.000000 eV/Ang/e
   scf:    6     -929.289280     -929.288212     -929.288212  0.013811 -5.423574  0.038152
Dipole moment in unit cell =       0.0000      -0.0000       0.0000 D
Electric field for dipole correction =    -0.000000     0.000000    -0.000000 eV/Ang/e
   scf:    7     -929.288263     -929.288244     -929.288244  0.001113 -5.405724  0.017906
Dipole moment in unit cell =       0.0000      -0.0000       0.0000 D
Electric field for dipole correction =    -0.000000     0.000000    -0.000000 eV/Ang/e
   scf:    8     -929.288308     -929.288277     -929.288277  0.000684 -5.405543  0.011004
Dipole moment in unit cell =       0.0000      -0.0000       0.0000 D
Electric field for dipole correction =    -0.000000     0.000000    -0.000000 eV/Ang/e
   scf:    9     -929.288311     -929.288296     -929.288296  0.000822 -5.406693  0.005690
Dipole moment in unit cell =       0.0000      -0.0000       0.0000 D
Electric field for dipole correction =    -0.000000     0.000000    -0.000000 eV/Ang/e
   scf:   10     -929.288299     -929.288298     -929.288298  0.000274 -5.408054  0.003093
Dipole moment in unit cell =       0.0000      -0.0000       0.0000 D
Electric field for dipole correction =    -0.000000     0.000000    -0.000000 eV/Ang/e
   scf:   11     -929.288298     -929.288298     -929.288298  0.000193 -5.409684  0.001173
Dipole moment in unit cell =       0.0000      -0.0000       0.0000 D
Electric field for dipole correction =    -0.000000     0.000000    -0.000000 eV/Ang/e
   scf:   12     -929.288298     -929.288298     -929.288298  0.000026 -5.410388  0.000820

SCF Convergence by DM+H criterion
max |DM_out - DM_in|         :     0.0000263046
max |H_out - H_in|      (eV) :     0.0008196475
SCF cycle converged after 12 iterations

Using DM_out to compute the final energy and forces
No. of atoms with KB's overlaping orbs in proc 0. Max # of overlaps:       3      45
Dipole moment in unit cell =       0.0000      -0.0000       0.0000 D
Electric field for dipole correction =    -0.000000     0.000000    -0.000000 eV/Ang/e

siesta: E_KS(eV) =             -929.2883

siesta: E_KS - E_eggbox =      -929.2883

siesta: Atomic forces (eV/Ang):
----------------------------------------
   Tot    0.000000   -0.000000    0.000000
----------------------------------------
   Max    1.076128
   Res    0.623852    sqrt( Sum f_i^2 / 3N )
----------------------------------------
   Max    1.076128    constrained

Stress tensor Voigt[x,y,z,yz,xz,xy] (kbar):      -78.42        9.19       -1.16       -0.00        0.00       -0.00
(Free)E + p*V (eV/cell)     -926.6522
Target enthalpy (eV/cell)     -929.2883

siesta: Program's energy decomposition (eV):
siesta: Ebs     =      -219.476393
siesta: Eions   =      1631.708957
siesta: Ena     =       349.730334
siesta: Ekin    =       711.300778
siesta: Enl     =      -127.078745
siesta: Eso     =         0.000000
siesta: Edftu   =         0.000000
siesta: DEna    =        -6.219103
siesta: DUscf   =         1.647223
siesta: DUext   =         0.000000
siesta: Exc     =      -226.959827
siesta: eta*DQ  =         0.000000
siesta: Emadel  =         0.000000
siesta: Emeta   =         0.000000
siesta: Emolmec =         0.000000
siesta: Ekinion =         0.000000
siesta: Eharris =      -929.288298
siesta: Etot    =      -929.288298
siesta: FreeEng =      -929.288298

siesta: Final energy (eV):
siesta:  Band Struct. =    -219.476393
siesta:       Kinetic =     711.300778
siesta:       Hartree =     709.566801
siesta:       Edftu   =       0.000000
siesta:       Eso     =       0.000000
siesta:    Ext. field =       0.000000
siesta:   Exch.-corr. =    -226.959827
siesta:  Ion-electron =   -2052.536687
siesta:       Ion-ion =     -70.659362
siesta:       Ekinion =       0.000000
siesta:         Total =    -929.288298
siesta:         Fermi =      -5.410388

siesta: Atomic forces (eV/Ang):
siesta:      1    0.000000    0.886408    0.000000
siesta:      2   -1.076128   -0.447716   -0.000000
siesta:      3    1.076128   -0.447716   -0.000000
siesta:      4   -0.000000   -0.886408    0.000000
siesta:      5   -1.076128    0.447716   -0.000000
siesta:      6    1.076128    0.447716   -0.000000
siesta: ----------------------------------------
siesta:    Tot    0.000000   -0.000000    0.000000

siesta: Stress tensor (static) (eV/Ang**3):
siesta:    -0.048948    0.000000    0.000000
siesta:    -0.000000    0.005734   -0.000000
siesta:     0.000000   -0.000000   -0.000721

siesta: Cell volume =        180.000000 Ang**3

siesta: Pressure (static):
siesta:                Solid            Molecule  Units
siesta:           0.00015950          0.00024530  Ry/Bohr**3
siesta:           0.01464509          0.02252254  eV/Ang**3
siesta:          23.46427262         36.08547402  kBar
(Free)E+ p_basis*V_orbitals  =        -928.117963
(Free)Eharris+ p_basis*V_orbitals  =        -928.117963

siesta: Electric dipole (a.u.)  =    0.000000   -0.000000    0.000000
siesta: Electric dipole (Debye) =    0.000000   -0.000000    0.000000
Dipole moment in unit cell =       0.0000      -0.0000       0.0000 D
Electric field for dipole correction =    -0.000000     0.000000    -0.000000 eV/Ang/e

dhscf: Vacuum level (max, mean) =    1.118332    0.439821 eV

cite: Please see "h2o_dipole2.bib" for an exhaustive BiBTeX file.
cite: Please clearly indicate Siesta version in published work: v4.1-b4-351
cite: This calculation has made use of the following articles
cite: which are encouraged to be cited in a published work.
        Primary SIESTA paper
          DOI: www.doi.org/10.1088/0953-8984/14/11/302
        Slab-dipole correction
          DOI: www.doi.org/10.1103/PhysRevB.59.12301

>> End of run:  22-JAN-2021  23:10:05
Job completed
