Siesta Version  : v4.1-b4-351
Architecture    : x86_64-linux-n-62-26-19
Compiler version: GNU Fortran (GCC) 9.3.0
Compiler flags  : mpifort -m64 -fPIC -O3 -march=native -ftree-vectorize -fexpensive-optimizatioons -funroll-loops -fprefetch-loop-arrays -fno-second-underscore  -flto
PP flags        : -I/dtu/sw/dcc/SL73/2020-aug/generic/build-tools/1.0/include -I/dtu/sw/dcc/SL773/2020-aug/generic/gcc/9.3.0/include -I/dtu/sw/dcc/SL73/2020-aug/generic/gcc/9.3.0/include -I/dtu/sw/dcc/SL73/2020-aug/XeonE5-2660v3/gnu/9.3.0/zlib/1.2.11/include -I/dtu/sw/dcc/SL73/2020-aug/generic/numactl/2.0.12/include -I/dtu/sw/dcc/SL73/2020-aug/XeonE5-2660v3/gnu/9.3.0/libxml2/2.9.10/include -I/dtu/sw/dcc/SL73/2020-aug/XeonE5-2660v3/gnu/9.3.0/hwloc/2.2.0/include -I/dtu/sw/dcc/SL73/2020-aug/XeonE5-2660v3/gnu/9.3.0/knem/1.1.4/include -I/dtu/sw/dcc/SL73/2020-aug/XeonE5-2660v3/gnu/9.3.0/ucx/1.8.1/include -I/dtu/sw/dcc/SL73/2020-aug/XeonE5-2660v3/gnu/9.3.0/openmpi/4.0.4/include -I/dtu/sw/dcc/SL73/2020-aug/XeonE5-2660v3/gnu/9.3.0/szip/2.1.1/include -I/dtu/sw/dcc/SL73/2020-aug/XeonE5-2660v3/gnu/9.3.0/hdf5/1.12.0/include -I/dtu/sw/dcc/SL73/2020-aug/XeonE5-2660v3/gnu/9.3.0/pnetcdf/1.12.1/include -I/dtu/sw/dcc/SL73/2020-aug/generic/gen-zlib/1.2.11/include -I/dtu/sw/dcc/SL73/2020-aug/generic/openssl/1.1.1/include -I/dtu/sw/dcc/SL73/2020-aug/generic/libssh2/1.8.2/include -I/dtu/sw/dcc/SL73/2020-aug/generic/curl/7.65.1/include -I/dtu/sw/dcc/SL73/2020-aug/XeonE5-2660v3/gnu/9.3.0/netcdf/4.7.4/include -I/dtu/sw/dcc/SL73/2020-aug/XeonE5-2660v3/gnu/9.3.0/flook/0.8.1/include -I/dtu/sw/dcc/SL73/2020-aug/XeonE5-2660v3/gnu/9.3.0/fftw/3.3.8/include -I/dtu/sw/dcc/SL73/2020-aug/XeonE5-2660v3/gnu/9.3.0/parmetis/4.0.3/include -I/dtu/sw/dcc/SL73/2020-aug/XeonE5-2660v3/gnu/9.3.0/scalapack/2.1.0/include -I/dtu/sw/dcc/SL73/2020-aug/XeonE5-2660v3/gnu/9.3.0/lapack/3.9.0/include -I/dtu/sw/dcc/SL73/2020-aug/XeonE5-2660v3/gnu/9.3.0/blis/0.7.0/include -I/dtu/sw/dcc/SL73/2020-aug/XeonE5-2660v3/gnu/9.3.0/scotch/6.0.9/include -I/dtu/sw/dcc/SL73/2020-aug/XeonE5-2660v3/gnu/9.3.0/mumps/5.3.3/include -I/dtu/sw/dcc/SL73/2020-aug/XeonE5-2660v3/gnu/9.3.0/elpa/2020.05.001/include -DSIESTA__ELPA -DMPI -DFC_HAVE_FLUSH -DFC_HAVE_ABORT -DCDF -DCDF4 -DSIESTA__FLOOK  -DNCDF -DNCDF_4 -DNCDF_PARALLEL -DTS_NOCHECKS -DSIESTA__METIS -DSIESTA__MUMPS -DSIESTA__MRRR -I/dtu/sw/dcc/SL73/2020-aug/XeonE5-2660v3/gnu/9.3.0/elpa/2020.05.001/include/elpa
Libraries       : libncdf.a libfdict.a -lnetcdff -lnetcdf -lpnetcdf -lhdf5_hl -lhdf5 -lz  -lzmuumps -lmumps_common -lesmumps -lscotch -lscotcherr -lpord -lparmetis -lmetis -lelpa -lscalapack -llapack -lblis  -L/dtu/sw/dcc/SL73/2020-aug/XeonE5-2660v3/gnu/9.3.0/flook/0.8.1/lib -Wl,-rpath=/dtu/sw/dcc/SL73/2020-aug/XeonE5-2660v3/gnu/9.3.0/flook/0.8.1/lib -lflookall -ldl  -flto -fuse-linker-plugin  -lmetis
PARALLEL version
NetCDF support
NetCDF-4 support
NetCDF-4 MPI-IO support
METIS ordering support
Lua support

* Running on 8 nodes in parallel
>> Start of run:  22-JAN-2021  23:10:50

                           ***********************       
                           *  WELCOME TO SIESTA  *       
                           ***********************       

reinit: Reading from ../h2o_radialgrid.fdf

reinit: -----------------------------------------------------------------------
reinit: System Name: Water molecule
reinit: -----------------------------------------------------------------------
reinit: System Label: h2o_radialgrid
reinit: -----------------------------------------------------------------------

initatom: Reading input for the pseudopotentials and atomic orbitals ----------
Species number:   1 Atomic number:    8 Label: O
Species number:   2 Atomic number:    1 Label: H

Ground state valence configuration:   2s02  2p04
Reading pseudopotential information in formatted form from O.psf

Valence configuration for pseudopotential generation:
2s( 2.00) rc: 1.14
2p( 4.00) rc: 1.14
3d( 0.00) rc: 1.14
4f( 0.00) rc: 1.14
 Reparametrization. rmax:    119.46887352100001     
 Reparametrization. New nrval:         9389
Writing pseudopotential information in formatted form to O.Reparam.psf
Ground state valence configuration:   1s01
Reading pseudopotential information in formatted form from H.psf

Valence configuration for pseudopotential generation:
1s( 1.00) rc: 1.25
2p( 0.00) rc: 1.25
3d( 0.00) rc: 1.25
4f( 0.00) rc: 1.25
 Reparametrization. rmax:    119.99851211799999     
 Reparametrization. New nrval:         9393
Writing pseudopotential information in formatted form to H.Reparam.psf
For O, standard SIESTA heuristics set lmxkb to 3
 (one more than the basis l, including polarization orbitals).
Use PS.lmax or PS.KBprojectors blocks to override.
For H, standard SIESTA heuristics set lmxkb to 2
 (one more than the basis l, including polarization orbitals).
Use PS.lmax or PS.KBprojectors blocks to override.

<basis_specs>
===============================================================================
O                    Z=   8    Mass=  16.000        Charge= 0.17977+309
Lmxo=1 Lmxkb= 3    BasisType=split      Semic=F
L=0  Nsemic=0  Cnfigmx=2
          i=1  nzeta=2  polorb=0  (2s)
            splnorm:   0.15000    
               vcte:    0.0000    
               rinn:    0.0000    
               qcoe:    0.0000    
               qyuk:    0.0000    
               qwid:   0.10000E-01
                rcs:    0.0000      0.0000    
            lambdas:    1.0000      1.0000    
L=1  Nsemic=0  Cnfigmx=2
          i=1  nzeta=2  polorb=1  (2p)
            splnorm:   0.15000    
               vcte:    0.0000    
               rinn:    0.0000    
               qcoe:    0.0000    
               qyuk:    0.0000    
               qwid:   0.10000E-01
                rcs:    0.0000      0.0000    
            lambdas:    1.0000      1.0000    
-------------------------------------------------------------------------------
L=0  Nkbl=1  erefs: 0.17977+309
L=1  Nkbl=1  erefs: 0.17977+309
L=2  Nkbl=1  erefs: 0.17977+309
L=3  Nkbl=1  erefs: 0.17977+309
===============================================================================
</basis_specs>

atom: Called for O                     (Z =   8)
Maximum radius (at nrval) set to   50.00000 8518

read_vps: Pseudopotential generation method:
read_vps: ATM3      Troullier-Martins                       
Valence charge for ps generation:    6.00000

xc_check: Exchange-correlation functional:
xc_check: Ceperley-Alder
V l=0 = -2*Zval/r beyond r=  1.1366
V l=1 = -2*Zval/r beyond r=  1.1332
V l=2 = -2*Zval/r beyond r=  1.1298
V l=3 = -2*Zval/r beyond r=  1.1264
All V_l potentials equal beyond r=  1.1355
This should be close to max(r_c) in ps generation
All pots = -2*Zval/r beyond r=  1.1366

VLOCAL1: 99.0% of the norm of Vloc inside     33.667 Ry
VLOCAL1: 99.9% of the norm of Vloc inside     76.727 Ry
atom: Maximum radius for 4*pi*r*r*local-pseudopot. charge    1.37241
atom: Maximum radius for r*vlocal+2*Zval:    1.18582
GHOST: No ghost state for L =  0
GHOST: No ghost state for L =  1
GHOST: No ghost state for L =  2
GHOST: No ghost state for L =  3

KBgen: Kleinman-Bylander projectors: 
   l= 0   rc=  1.293209   el= -1.742414   Ekb=  9.076872   kbcos=  0.325320
   l= 1   rc=  1.284119   el= -0.676589   Ekb= -8.194485   kbcos= -0.396010
   l= 2   rc=  1.433152   el=  0.013281   Ekb= -2.071665   kbcos= -0.003700
   l= 3   rc=  1.540891   el=  0.019545   Ekb= -0.817136   kbcos= -0.000372

KBgen: Total number of  Kleinman-Bylander projectors:   16
atom: -------------------------------------------------------------------------

atom: SANKEY-TYPE ORBITALS:
atom: Selected multiple-zeta basis: split     

SPLIT: Orbitals with angular momentum L= 0

SPLIT: Basis orbitals for state 2s

SPLIT: PAO cut-off radius determined from an
SPLIT: energy shift=  0.020000 Ry

   izeta = 1
                 lambda =    1.000000
                     rc =    3.279810
                 energy =   -1.722491
                kinetic =    1.619784
    potential(screened) =   -3.342275
       potential(ionic) =  -11.312589

   izeta = 2
                 rmatch =    2.513962
              splitnorm =    0.150000
                 energy =   -1.455578
                kinetic =    2.478595
    potential(screened) =   -3.934173
       potential(ionic) =  -12.508399

SPLIT: Orbitals with angular momentum L= 1

SPLIT: Basis orbitals for state 2p

SPLIT: PAO cut-off radius determined from an
SPLIT: energy shift=  0.020000 Ry

   izeta = 1
                 lambda =    1.000000
                     rc =    3.866101
                 energy =   -0.656549
                kinetic =    5.031559
    potential(screened) =   -5.688108
       potential(ionic) =  -13.490224

   izeta = 2
                 rmatch =    2.544432
              splitnorm =    0.150000
                 energy =   -0.368571
                kinetic =    7.523386
    potential(screened) =   -7.891957
       potential(ionic) =  -16.604143

POLgen: Perturbative polarization orbital with L=  2

POLgen: Polarization orbital for state 2p

   izeta = 1
                     rc =    3.866101
                 energy =    2.426070
                kinetic =    4.759405
    potential(screened) =   -2.333335
       potential(ionic) =   -8.644944
atom: Total number of Sankey-type orbitals: 13

atm_pop: Valence configuration (for local Pseudopot. screening):
 2s( 2.00)                                                            
 2p( 4.00)                                                            
Vna: chval, zval:    6.00000   6.00000

Vna:  Cut-off radius for the neutral-atom potential:   3.866101

atom: _________________________________________________________________________

<basis_specs>
===============================================================================
H                    Z=   1    Mass=  1.0100        Charge= 0.17977+309
Lmxo=0 Lmxkb= 2    BasisType=split      Semic=F
L=0  Nsemic=0  Cnfigmx=1
          i=1  nzeta=2  polorb=1  (1s)
            splnorm:   0.15000    
               vcte:    0.0000    
               rinn:    0.0000    
               qcoe:    0.0000    
               qyuk:    0.0000    
               qwid:   0.10000E-01
                rcs:    0.0000      0.0000    
            lambdas:    1.0000      1.0000    
-------------------------------------------------------------------------------
L=0  Nkbl=1  erefs: 0.17977+309
L=1  Nkbl=1  erefs: 0.17977+309
L=2  Nkbl=1  erefs: 0.17977+309
===============================================================================
</basis_specs>

atom: Called for H                     (Z =   1)
Maximum radius (at nrval) set to   50.00000 8518

read_vps: Pseudopotential generation method:
read_vps: ATM3      Troullier-Martins                       
Valence charge for ps generation:    1.00000

xc_check: Exchange-correlation functional:
xc_check: Ceperley-Alder
V l=0 = -2*Zval/r beyond r=  1.2384
V l=1 = -2*Zval/r beyond r=  1.2321
V l=2 = -2*Zval/r beyond r=  1.2272
All V_l potentials equal beyond r=  1.2371
This should be close to max(r_c) in ps generation
All pots = -2*Zval/r beyond r=  1.2384

VLOCAL1: 99.0% of the norm of Vloc inside     28.363 Ry
VLOCAL1: 99.9% of the norm of Vloc inside     64.639 Ry
atom: Maximum radius for 4*pi*r*r*local-pseudopot. charge    1.44620
atom: Maximum radius for r*vlocal+2*Zval:    1.22224
GHOST: No ghost state for L =  0
GHOST: No ghost state for L =  1
GHOST: No ghost state for L =  2

KBgen: Kleinman-Bylander projectors: 
   l= 0   rc=  1.364142   el= -0.467325   Ekb= -2.009475   kbcos= -0.336683
   l= 1   rc=  1.430269   el=  0.007549   Ekb= -0.503817   kbcos= -0.022584
   l= 2   rc=  1.469686   el=  0.013260   Ekb= -0.191752   kbcos= -0.002437

KBgen: Total number of  Kleinman-Bylander projectors:    9
atom: -------------------------------------------------------------------------

atom: SANKEY-TYPE ORBITALS:
atom: Selected multiple-zeta basis: split     

SPLIT: Orbitals with angular momentum L= 0

SPLIT: Basis orbitals for state 1s

SPLIT: PAO cut-off radius determined from an
SPLIT: energy shift=  0.020000 Ry

   izeta = 1
                 lambda =    1.000000
                     rc =    4.743256
                 energy =   -0.447309
                kinetic =    0.938780
    potential(screened) =   -1.386089
       potential(ionic) =   -1.923281

   izeta = 2
                 rmatch =    3.850628
              splitnorm =    0.150000
                 energy =   -0.336020
                kinetic =    1.505516
    potential(screened) =   -1.841537
       potential(ionic) =   -2.413684

POLgen: Perturbative polarization orbital with L=  1

POLgen: Polarization orbital for state 1s

   izeta = 1
                     rc =    4.743256
                 energy =    0.722864
                kinetic =    1.418804
    potential(screened) =   -0.695940
       potential(ionic) =   -1.177934
atom: Total number of Sankey-type orbitals:  5

atm_pop: Valence configuration (for local Pseudopot. screening):
 1s( 1.00)                                                            
Vna: chval, zval:    1.00000   1.00000

Vna:  Cut-off radius for the neutral-atom potential:   4.743256

atom: _________________________________________________________________________

prinput: Basis input ----------------------------------------------------------

PAO.BasisType split     

%block ChemicalSpeciesLabel
    1    8 O                       # Species index, atomic number, species label
    2    1 H                       # Species index, atomic number, species label
%endblock ChemicalSpeciesLabel

%block PAO.Basis                 # Define Basis set
O                     2                    # Species label, number of l-shells
 n=2   0   2                         # n, l, Nzeta 
   3.280      2.514   
   1.000      1.000   
 n=2   1   2 P   1                   # n, l, Nzeta, Polarization, NzetaPol
   3.866      2.544   
   1.000      1.000   
H                     1                    # Species label, number of l-shells
 n=1   0   2 P   1                   # n, l, Nzeta, Polarization, NzetaPol
   4.743      3.851   
   1.000      1.000   
%endblock PAO.Basis

prinput: ----------------------------------------------------------------------

Dumping basis to NetCDF file O.ion.nc
Dumping basis to NetCDF file H.ion.nc
coor:   Atomic-coordinates input format  =     Cartesian coordinates
coor:                                          (in Angstroms)

siesta: Atomic coordinates (Bohr) and species
siesta:      0.00000   0.00000   0.00000  1        1
siesta:      1.43052   1.10738   0.00000  2        2
siesta:     -1.43052   1.10738   0.00000  2        3

siesta: Automatic unit cell vectors (Ang):
siesta:    7.187448    0.000000    0.000000
siesta:    0.000000    5.656061    0.000000
siesta:    0.000000    0.000000    5.522048

siesta: System type = molecule  

initatomlists: Number of atoms, orbitals, and projectors:      3    23    34

siesta: ******************** Simulation parameters ****************************
siesta:
siesta: The following are some of the parameters of the simulation.
siesta: A complete list of the parameters used, including default values,
siesta: can be found in file out.fdf
siesta:
redata: Spin configuration                          = none
redata: Number of spin components                   = 1
redata: Time-Reversal Symmetry                      = T
redata: Spin spiral                                 = F
redata: Long output                                 =   F
redata: Number of Atomic Species                    =        2
redata: Charge density info will appear in .RHO file
redata: Write Mulliken Pop.                         = NO
redata: Matel table size (NRTAB)                    =     1024
redata: Mesh Cutoff                                 =    50.0000 Ry
redata: Net charge of the system                    =     0.0000 |e|
redata: Min. number of SCF Iter                     =        0
redata: Max. number of SCF Iter                     =     1000
redata: SCF convergence failure will abort job
redata: SCF mix quantity                            = Hamiltonian
redata: Mix DM or H after convergence               =   F
redata: Recompute H after scf cycle                 =   F
redata: Mix DM in first SCF step                    =   T
redata: Write Pulay info on disk                    =   F
redata: New DM Occupancy tolerance                  = 0.000000000001
redata: No kicks to SCF
redata: DM Mixing Weight for Kicks                  =     0.5000
redata: Require Harris convergence for SCF          =   F
redata: Harris energy tolerance for SCF             =     0.000100 eV
redata: Require DM convergence for SCF              =   T
redata: DM tolerance for SCF                        =     0.000100
redata: Require EDM convergence for SCF             =   F
redata: EDM tolerance for SCF                       =     0.001000 eV
redata: Require H convergence for SCF               =   T
redata: Hamiltonian tolerance for SCF               =     0.001000 eV
redata: Require (free) Energy convergence for SCF   =   F
redata: (free) Energy tolerance for SCF             =     0.000100 eV
redata: Using Saved Data (generic)                  =   F
redata: Use continuation files for DM               =   F
redata: Neglect nonoverlap interactions             =   F
redata: Method of Calculation                       = Diagonalization
redata: Electronic Temperature                      =   299.9869 K
redata: Fix the spin of the system                  =   F
redata: Dynamics option                             = Single-point calculation
mix.SCF: Pulay mixing                            = Pulay
mix.SCF:    Variant                              = stable
mix.SCF:    History steps                        = 2
mix.SCF:    Linear mixing weight                 =     0.250000
mix.SCF:    Mixing weight                        =     0.250000
mix.SCF:    SVD condition                        = 0.1000E-07
redata: Save all siesta data in one NC              =   F
redata: ***********************************************************************

%block SCF.Mixers
  Pulay
%endblock SCF.Mixers

%block SCF.Mixer.Pulay
  # Mixing method
  method pulay
  variant stable

  # Mixing options
  weight 0.2500
  weight.linear 0.2500
  history 2
%endblock SCF.Mixer.Pulay

DM_history_depth set to one: no extrapolation allowed by default for geometry relaxation
Size of DM history Fstack: 1
Total number of electrons:     8.000000
Total ionic charge:     8.000000

* ProcessorY, Blocksize:    2   3


* Orbital distribution balance (max,min):     3     2

 Kpoints in:            1 . Kpoints trimmed:            1

siesta: k-grid: Number of k-points =     1
siesta: k-grid: Cutoff (effective) =     2.761 Ang
siesta: k-grid: Supercell and displacements
siesta: k-grid:    1   0   0      0.000
siesta: k-grid:    0   1   0      0.000
siesta: k-grid:    0   0   1      0.000

diag: Algorithm                                     = D&C
diag: Parallel over k                               =   F
diag: Use parallel 2D distribution                  =   T
diag: Parallel block-size                           = 3
diag: Parallel distribution                         =     2 x     4
diag: Used triangular part                          = Lower
diag: Absolute tolerance                            =  0.100E-15
diag: Orthogonalization factor                      =  0.100E-05
diag: Memory factor                                 =  1.0000


ts: **************************************************************
ts: Save H and S matrices                           =    F
ts: Save DM and EDM matrices                        =    F
ts: Only save the overlap matrix S                  =    F
ts: **************************************************************

************************ Begin: TS CHECKS AND WARNINGS ************************
************************ End: TS CHECKS AND WARNINGS **************************


                     ====================================
                        Single-point calculation
                     ====================================

outcell: Unit cell vectors (Ang):
        7.187448    0.000000    0.000000
        0.000000    5.656061    0.000000
        0.000000    0.000000    5.522048

outcell: Cell vector modules (Ang)   :    7.187448    5.656061    5.522048
outcell: Cell angles (23,13,12) (deg):     90.0000     90.0000     90.0000
outcell: Cell volume (Ang**3)        :    224.4859
<dSpData1D:S at geom step 0
  <sparsity:sparsity for geom step 0
    nrows_g=23 nrows=3 sparsity=.1304 nnzs=69, refcount: 7>
  <dData1D:(new from dSpData1D) n=69, refcount: 1>
refcount: 1>
new_DM -- step:     1
Initializing Density Matrix...
DM filled with atomic data:
<dSpData2D:DM initialized from atoms
  <sparsity:sparsity for geom step 0
    nrows_g=23 nrows=3 sparsity=.1304 nnzs=69, refcount: 8>
  <dData2D:DM n=69 m=1, refcount: 1>
refcount: 1>
No. of atoms with KB's overlaping orbs in proc 0. Max # of overlaps:       3      23
New grid distribution:   1
           1       1:   16    1:    8    1:    3
           2       1:   16    1:    8    4:    6
           3       1:   16    1:    8    7:    9
           4       1:   16    1:    8   10:   12
           5       1:   16    9:   15    1:    3
           6       1:   16    9:   15    4:    6
           7       1:   16    9:   15    7:    9
           8       1:   16    9:   15   10:   12

InitMesh: MESH =    32 x    30 x    24 =       23040
InitMesh: (bp) =    16 x    15 x    12 =        2880
InitMesh: Mesh cutoff (required, used) =    50.000    52.206 Ry
ExtMesh (bp) on 0 =    40 x    36 x    27 =       38880
New grid distribution:   2
           1       5:   16    5:   15    1:    4
           2       5:   16    1:    4    1:    4
           3       5:   16    1:    4    5:   12
           4       1:    4    1:    4    5:   12
           5       1:    4    5:   15    1:    4
           6       1:    4    1:    4    1:    4
           7       5:   16    5:   15    5:   12
           8       1:    4    5:   15    5:   12
New grid distribution:   3
           1       1:    7    6:   15    1:    4
           2       8:   16    1:    5    1:    5
           3       1:    7    6:   15    5:   12
           4       8:   16    1:    5    6:   12
           5       8:   16    6:   15    1:    4
           6       1:    7    1:    5    6:   12
           7       8:   16    6:   15    5:   12
           8       1:    7    1:    5    1:    5
Setting up quadratic distribution...
ExtMesh (bp) on 0 =    36 x    39 x    28 =       39312
PhiOnMesh: Number of (b)points on node 0 =                  528
PhiOnMesh: nlist on node 0 =                 2321

stepf: Fermi-Dirac step function

siesta: Program's energy decomposition (eV):
siesta: Ebs     =       -86.549222
siesta: Eions   =       810.519748
siesta: Ena     =       170.406774
siesta: Ekin    =       371.003292
siesta: Enl     =       -68.837030
siesta: Eso     =         0.000000
siesta: Edftu   =         0.000000
siesta: DEna    =       -12.596628
siesta: DUscf   =         1.612865
siesta: DUext   =         0.000000
siesta: Exc     =      -116.277642
siesta: eta*DQ  =         0.000000
siesta: Emadel  =         0.000000
siesta: Emeta   =         0.000000
siesta: Emolmec =         0.000000
siesta: Ekinion =         0.000000
siesta: Eharris =      -467.851913
siesta: Etot    =      -465.208118
siesta: FreeEng =      -465.208118

        iscf     Eharris(eV)        E_KS(eV)     FreeEng(eV)     dDmax    Ef(eV) dHmax(eV)
   scf:    1     -467.851913     -465.208118     -465.208118  1.426428 -3.780837  6.054076
timer: Routine,Calls,Time,% = IterSCF        1       0.014   0.87
   scf:    2     -466.016613     -465.684928     -465.684928  0.043234 -2.782592  2.447156
   scf:    3     -465.764793     -465.752094     -465.752094  0.023970 -2.062200  0.346072
   scf:    4     -465.757016     -465.754694     -465.754694  0.010467 -1.983969  0.252734
   scf:    5     -465.756623     -465.756048     -465.756048  0.022582 -1.771820  0.047974
   scf:    6     -465.756252     -465.756161     -465.756161  0.001522 -1.769270  0.029503
   scf:    7     -465.756221     -465.756194     -465.756194  0.000968 -1.769394  0.013491
   scf:    8     -465.756205     -465.756200     -465.756200  0.000402 -1.771323  0.007708
   scf:    9     -465.756202     -465.756201     -465.756201  0.000316 -1.774202  0.002632
   scf:   10     -465.756201     -465.756201     -465.756201  0.000024 -1.775258  0.001510
   scf:   11     -465.756201     -465.756201     -465.756201  0.000012 -1.776111  0.001025
   scf:   12     -465.756201     -465.756201     -465.756201  0.000012 -1.776274  0.000579

SCF Convergence by DM+H criterion
max |DM_out - DM_in|         :     0.0000122090
max |H_out - H_in|      (eV) :     0.0005789893
SCF cycle converged after 12 iterations

Using DM_out to compute the final energy and forces
No. of atoms with KB's overlaping orbs in proc 0. Max # of overlaps:       3      23

siesta: E_KS(eV) =             -465.7562

siesta: E_KS - E_eggbox =      -465.7562

siesta: Atomic forces (eV/Ang):
----------------------------------------
   Tot   -0.000000   -0.007423    0.000000
----------------------------------------
   Max    0.639952
   Res    0.358107    sqrt( Sum f_i^2 / 3N )
----------------------------------------
   Max    0.639952    constrained

Stress tensor Voigt[x,y,z,yz,xz,xy] (kbar):      -18.92       -3.54       19.84        0.00       -0.00        0.00
(Free)E + p*V (eV/cell)     -465.6335
Target enthalpy (eV/cell)     -465.7562

siesta: Program's energy decomposition (eV):
siesta: Ebs     =      -103.873718
siesta: Eions   =       810.519748
siesta: Ena     =       170.406774
siesta: Ekin    =       352.007050
siesta: Enl     =       -63.761842
siesta: Eso     =         0.000000
siesta: Edftu   =         0.000000
siesta: DEna    =        -1.460270
siesta: DUscf   =         0.711999
siesta: DUext   =         0.000000
siesta: Exc     =      -113.140163
siesta: eta*DQ  =         0.000000
siesta: Emadel  =         0.000000
siesta: Emeta   =         0.000000
siesta: Emolmec =         0.000000
siesta: Ekinion =         0.000000
siesta: Eharris =      -465.756201
siesta: Etot    =      -465.756201
siesta: FreeEng =      -465.756201

siesta: Final energy (eV):
siesta:  Band Struct. =    -103.873718
siesta:       Kinetic =     352.007050
siesta:       Hartree =     380.905129
siesta:       Edftu   =       0.000000
siesta:       Eso     =       0.000000
siesta:    Ext. field =       0.000000
siesta:   Exch.-corr. =    -113.140163
siesta:  Ion-electron =   -1069.449783
siesta:       Ion-ion =     -16.078434
siesta:       Ekinion =       0.000000
siesta:         Total =    -465.756201
siesta:         Fermi =      -1.776274

siesta: Atomic forces (eV/Ang):
siesta:      1    0.000000   -0.475107    0.000000
siesta:      2    0.639952    0.233842   -0.000000
siesta:      3   -0.639952    0.233842   -0.000000
siesta: ----------------------------------------
siesta:    Tot   -0.000000   -0.007423    0.000000

siesta: Stress tensor (static) (eV/Ang**3):
siesta:    -0.011810    0.000000    0.000000
siesta:     0.000000   -0.002212    0.000000
siesta:    -0.000000    0.000000    0.012381

siesta: Cell volume =        224.485866 Ang**3

siesta: Pressure (static):
siesta:                Solid            Molecule  Units
siesta:           0.00000595         -0.00001419  Ry/Bohr**3
siesta:           0.00054668         -0.00130325  eV/Ang**3
siesta:           0.87588399         -2.08806446  kBar
(Free)E+ p_basis*V_orbitals  =        -465.195017
(Free)Eharris+ p_basis*V_orbitals  =        -465.195018

siesta: Electric dipole (a.u.)  =   -0.000000    0.546102   -0.000000
siesta: Electric dipole (Debye) =   -0.000000    1.388055   -0.000000

dhscf: Vacuum level (max, mean) =    0.645020   -0.068305 eV

cite: Please see "h2o_radialgrid.bib" for an exhaustive BiBTeX file.
cite: Please clearly indicate Siesta version in published work: v4.1-b4-351
cite: This calculation has made use of the following articles
cite: which are encouraged to be cited in a published work.
        Primary SIESTA paper
          DOI: www.doi.org/10.1088/0953-8984/14/11/302

>> End of run:  22-JAN-2021  23:10:52
Job completed
