Siesta Version: siesta-3.2
Architecture  : SIESTA_ARCH
Compiler flags: FFLAGS
PARALLEL version
NetCDF support

* Running on    4 nodes in parallel
>> Start of run:  24-MAR-2013  18:28:08

                           ***********************       
                           *  WELCOME TO SIESTA  *       
                           ***********************       

reinit: Reading from standard input
************************** Dump of input data file ****************************
SystemName          Water molecule Broyden Optimization
SystemLabel         h2o_op_broyden
NumberOfAtoms       3
NumberOfSpecies     2
MeshCutoff  50 Ry
%block ChemicalSpeciesLabel
 1  8  O      # Species index, atomic number, species label
 2  1  H
%endblock ChemicalSpeciesLabel
AtomicCoordinatesFormat  Ang
%block AtomicCoordinatesAndAtomicSpecies
 0.000  0.000  0.000  1
 0.757  0.586  0.000  2
-0.757  0.586  0.000  2
%endblock AtomicCoordinatesAndAtomicSpecies
DM.Number.Pulay 3
WriteForces T
MD.MaxForceTol          0.01 eV/Ang
MD.TypeOfRun Broyden
MD.NumCGSteps 40
MD.Broyden.History.Steps 6
MD.Broyden.Initial.Inverse.Jacobian 1.0
************************** End of input data file *****************************

reinit: -----------------------------------------------------------------------
reinit: System Name: Water molecule Broyden Optimization
reinit: -----------------------------------------------------------------------
reinit: System Label: h2o_op_broyden                                              
reinit: -----------------------------------------------------------------------

initatom: Reading input for the pseudopotentials and atomic orbitals ----------
 Species number:            1  Label: O Atomic number:           8
 Species number:            2  Label: H Atomic number:           1
Ground state valence configuration:   2s02  2p04
Reading pseudopotential information in formatted form from O.psf

Valence configuration for pseudopotential generation:
2s( 2.00) rc: 1.14
2p( 4.00) rc: 1.14
3d( 0.00) rc: 1.14
4f( 0.00) rc: 1.14
Ground state valence configuration:   1s01
Reading pseudopotential information in formatted form from H.psf

Valence configuration for pseudopotential generation:
1s( 1.00) rc: 1.25
2p( 0.00) rc: 1.25
3d( 0.00) rc: 1.25
4f( 0.00) rc: 1.25
For O, standard SIESTA heuristics set lmxkb to 3
 (one more than the basis l, including polarization orbitals).
Use PS.lmax or PS.KBprojectors blocks to override.
For H, standard SIESTA heuristics set lmxkb to 2
 (one more than the basis l, including polarization orbitals).
Use PS.lmax or PS.KBprojectors blocks to override.

<basis_specs>
===============================================================================
O                    Z=   8    Mass=  16.000        Charge= 0.17977+309
Lmxo=1 Lmxkb= 3    BasisType=split      Semic=F
L=0  Nsemic=0  Cnfigmx=2
          n=1  nzeta=2  polorb=0
            splnorm:   0.15000    
               vcte:    0.0000    
               rinn:    0.0000    
                rcs:    0.0000      0.0000    
            lambdas:    1.0000      1.0000    
L=1  Nsemic=0  Cnfigmx=2
          n=1  nzeta=2  polorb=1
            splnorm:   0.15000    
               vcte:    0.0000    
               rinn:    0.0000    
                rcs:    0.0000      0.0000    
            lambdas:    1.0000      1.0000    
-------------------------------------------------------------------------------
L=0  Nkbl=1  erefs: 0.17977+309
L=1  Nkbl=1  erefs: 0.17977+309
L=2  Nkbl=1  erefs: 0.17977+309
L=3  Nkbl=1  erefs: 0.17977+309
===============================================================================
</basis_specs>

atom: Called for O                     (Z =   8)

read_vps: Pseudopotential generation method:
read_vps: ATM3      Troullier-Martins                       
Total valence charge:    6.00000

xc_check: Exchange-correlation functional:
xc_check: Ceperley-Alder
V l=0 = -2*Zval/r beyond r=  1.1278
V l=1 = -2*Zval/r beyond r=  1.1278
V l=2 = -2*Zval/r beyond r=  1.1278
V l=3 = -2*Zval/r beyond r=  1.1138
All V_l potentials equal beyond r=  1.1278
This should be close to max(r_c) in ps generation
All pots = -2*Zval/r beyond r=  1.1278

VLOCAL1: 99.0% of the norm of Vloc inside     34.126 Ry
VLOCAL1: 99.9% of the norm of Vloc inside     77.774 Ry
atom: Maximum radius for 4*pi*r*r*local-pseudopot. charge    1.37759
atom: Maximum radius for r*vlocal+2*Zval:    1.18566
GHOST: No ghost state for L =  0
GHOST: No ghost state for L =  1
GHOST: No ghost state for L =  2
GHOST: No ghost state for L =  3

KBgen: Kleinman-Bylander projectors: 
   l= 0   rc=  1.294105   el= -1.742414   Ekb=  9.135903   kbcos=  0.326910
   l= 1   rc=  1.294105   el= -0.676589   Ekb= -8.124878   kbcos= -0.395047
   l= 2   rc=  1.448233   el=  0.002386   Ekb= -2.039267   kbcos= -0.003484
   l= 3   rc=  1.561052   el=  0.003508   Ekb= -0.799141   kbcos= -0.000344

KBgen: Total number of  Kleinman-Bylander projectors:   16
atom: -------------------------------------------------------------------------

atom: SANKEY-TYPE ORBITALS:
atom: Selected multiple-zeta basis: split     

SPLIT: Orbitals with angular momentum L= 0

SPLIT: Basis orbitals for state 2s

SPLIT: PAO cut-off radius determined from an
SPLIT: energy shift=  0.020000 Ry

   izeta = 1
                 lambda =    1.000000
                     rc =    3.305093
                 energy =   -1.723766
                kinetic =    1.614911
    potential(screened) =   -3.338677
       potential(ionic) =  -11.304675

   izeta = 2
                 rmatch =    2.510382
              splitnorm =    0.150000
                 energy =   -1.471299
                kinetic =    2.446434
    potential(screened) =   -3.917732
       potential(ionic) =  -12.476133

SPLIT: Orbitals with angular momentum L= 1

SPLIT: Basis orbitals for state 2p

SPLIT: PAO cut-off radius determined from an
SPLIT: energy shift=  0.020000 Ry

   izeta = 1
                 lambda =    1.000000
                     rc =    3.937239
                 energy =   -0.658841
                kinetic =    5.005986
    potential(screened) =   -5.664827
       potential(ionic) =  -13.452360

   izeta = 2
                 rmatch =    2.541963
              splitnorm =    0.150000
                 energy =   -0.367441
                kinetic =    7.530509
    potential(screened) =   -7.897949
       potential(ionic) =  -16.611953

POLgen: Perturbative polarization orbital with L=  2

POLgen: Polarization orbital for state 2p

   izeta = 1
                     rc =    3.937239
                 energy =    2.398520
                kinetic =    4.716729
    potential(screened) =   -2.318209
       potential(ionic) =   -8.603170
atom: Total number of Sankey-type orbitals: 13

atm_pop: Valence configuration (for local Pseudopot. screening):
 2s( 2.00)                                                            
 2p( 4.00)                                                            
Vna: chval, zval:    6.00000   6.00000

Vna:  Cut-off radius for the neutral-atom potential:   3.937239

atom: _________________________________________________________________________

<basis_specs>
===============================================================================
H                    Z=   1    Mass=  1.0100        Charge= 0.17977+309
Lmxo=0 Lmxkb= 2    BasisType=split      Semic=F
L=0  Nsemic=0  Cnfigmx=1
          n=1  nzeta=2  polorb=1
            splnorm:   0.15000    
               vcte:    0.0000    
               rinn:    0.0000    
                rcs:    0.0000      0.0000    
            lambdas:    1.0000      1.0000    
-------------------------------------------------------------------------------
L=0  Nkbl=1  erefs: 0.17977+309
L=1  Nkbl=1  erefs: 0.17977+309
L=2  Nkbl=1  erefs: 0.17977+309
===============================================================================
</basis_specs>

atom: Called for H                     (Z =   1)

read_vps: Pseudopotential generation method:
read_vps: ATM3      Troullier-Martins                       
Total valence charge:    1.00000

xc_check: Exchange-correlation functional:
xc_check: Ceperley-Alder
V l=0 = -2*Zval/r beyond r=  1.2343
V l=1 = -2*Zval/r beyond r=  1.2189
V l=2 = -2*Zval/r beyond r=  1.2189
All V_l potentials equal beyond r=  1.2343
This should be close to max(r_c) in ps generation
All pots = -2*Zval/r beyond r=  1.2343

VLOCAL1: 99.0% of the norm of Vloc inside     28.493 Ry
VLOCAL1: 99.9% of the norm of Vloc inside     64.935 Ry
atom: Maximum radius for 4*pi*r*r*local-pseudopot. charge    1.45251
atom: Maximum radius for r*vlocal+2*Zval:    1.21892
GHOST: No ghost state for L =  0
GHOST: No ghost state for L =  1
GHOST: No ghost state for L =  2

KBgen: Kleinman-Bylander projectors: 
   l= 0   rc=  1.364359   el= -0.467325   Ekb= -2.005361   kbcos= -0.336422
   l= 1   rc=  1.434438   el=  0.001430   Ekb= -0.501708   kbcos= -0.021697
   l= 2   rc=  1.470814   el=  0.002365   Ekb= -0.190555   kbcos= -0.002281

KBgen: Total number of  Kleinman-Bylander projectors:    9
atom: -------------------------------------------------------------------------

atom: SANKEY-TYPE ORBITALS:
atom: Selected multiple-zeta basis: split     

SPLIT: Orbitals with angular momentum L= 0

SPLIT: Basis orbitals for state 1s

SPLIT: PAO cut-off radius determined from an
SPLIT: energy shift=  0.020000 Ry

   izeta = 1
                 lambda =    1.000000
                     rc =    4.828263
                 energy =   -0.449375
                kinetic =    0.929372
    potential(screened) =   -1.378747
       potential(ionic) =   -1.915047

   izeta = 2
                 rmatch =    3.854947
              splitnorm =    0.150000
                 energy =   -0.336153
                kinetic =    1.505294
    potential(screened) =   -1.841447
       potential(ionic) =   -2.413582

POLgen: Perturbative polarization orbital with L=  1

POLgen: Polarization orbital for state 1s

   izeta = 1
                     rc =    4.828263
                 energy =    0.706972
                kinetic =    1.396397
    potential(screened) =   -0.689424
       potential(ionic) =   -1.169792
atom: Total number of Sankey-type orbitals:  5

atm_pop: Valence configuration (for local Pseudopot. screening):
 1s( 1.00)                                                            
Vna: chval, zval:    1.00000   1.00000

Vna:  Cut-off radius for the neutral-atom potential:   4.828263

atom: _________________________________________________________________________

prinput: Basis input ----------------------------------------------------------

PAO.BasisType split     

%block ChemicalSpeciesLabel
    1    8 O                       # Species index, atomic number, species label
    2    1 H                       # Species index, atomic number, species label
%endblock ChemicalSpeciesLabel

%block PAO.Basis                 # Define Basis set
O                     2                    # Species label, number of l-shells
 n=2   0   2                         # n, l, Nzeta 
   3.305      2.510   
   1.000      1.000   
 n=2   1   2 P   1                   # n, l, Nzeta, Polarization, NzetaPol
   3.937      2.542   
   1.000      1.000   
H                     1                    # Species label, number of l-shells
 n=1   0   2 P   1                   # n, l, Nzeta, Polarization, NzetaPol
   4.828      3.855   
   1.000      1.000   
%endblock PAO.Basis

prinput: ----------------------------------------------------------------------

Dumping basis to NetCDF file O.ion.nc
Dumping basis to NetCDF file H.ion.nc
coor:   Atomic-coordinates input format  =     Cartesian coordinates
coor:                                          (in Angstroms)

siesta: Atomic coordinates (Bohr) and species
siesta:      0.00000   0.00000   0.00000  1        1
siesta:      1.43052   1.10738   0.00000  2        2
siesta:     -1.43052   1.10738   0.00000  2        3

siesta: Automatic unit cell vectors (Ang):
siesta:    7.286412    0.000000    0.000000
siesta:    0.000000    5.746952    0.000000
siesta:    0.000000    0.000000    5.621012

siesta: System type = molecule  

initatomlists: Number of atoms, orbitals, and projectors:      3    23    34

siesta: ******************** Simulation parameters ****************************
siesta:
siesta: The following are some of the parameters of the simulation.
siesta: A complete list of the parameters used, including default values,
siesta: can be found in file out.fdf
siesta:
redata: Non-Collinear-spin run           =     F
redata: SpinPolarized (Up/Down) run      =     F
redata: Number of spin components        =     1
redata: Long output                      =     F
redata: Number of Atomic Species         =        2
redata: Charge density info will appear in .RHO file
redata: Write Mulliken Pop.              =     NO
redata: Mesh Cutoff                      =    50.0000  Ry
redata: Net charge of the system         =     0.0000 |e|
redata: Max. number of SCF Iter          =       50
redata: Performing Pulay mixing using    =     3 iterations
redata: Mix DM in first SCF step ?       =     F
redata: Write Pulay info on disk?        =     F
redata: Discard 1st Pulay DM after  kick =     F
redata: New DM Mixing Weight             =     0.2500
redata: New DM Occupancy tolerance       = 0.000000000001
redata: No kicks to SCF
redata: DM Mixing Weight for Kicks       =     0.5000
redata: DM Tolerance for SCF             =     0.000100
redata: Require Energy convergence for SCF =     F
redata: DM Energy tolerance for SCF      =     0.000100 eV
redata: Require Harris convergence for SCF =     F
redata: DM Harris energy tolerance for SCF =     0.000100 eV
redata: Using Saved Data (generic)   =     F
redata: Use continuation files for DM    =     F
redata: Neglect nonoverlap interactions  =     F
redata: Method of Calculation            =     Diagonalization
redata: Divide and Conquer               =     T
redata: Electronic Temperature           =     0.0019  Ry
redata: Fix the spin of the system       =     F
redata: Dynamics option                  =     Broyden coord. optimization
redata: Variable cell                    =     F
redata: Maximum number of CG moves       =       40
redata: Force tolerance                  =     0.0004  Ry/Bohr
redata: ***********************************************************************
Total number of electrons:     8.000000
Total ionic charge:     8.000000

* ProcessorY, Blocksize:    2   6

 Kpoints in:            1 . Kpoints trimmed:            1

siesta: k-grid: Number of k-points =     1
siesta: k-grid: Cutoff (effective) =     2.811 Ang
siesta: k-grid: Supercell and displacements
siesta: k-grid:    1   0   0      0.000
siesta: k-grid:    0   1   0      0.000
siesta: k-grid:    0   0   1      0.000

* Maximum dynamic memory allocated =     2 MB

siesta:                 ==============================
                            Begin CG move =      0
                        ==============================

outcell: Unit cell vectors (Ang):
        7.286412    0.000000    0.000000
        0.000000    5.746952    0.000000
        0.000000    0.000000    5.621012

outcell: Cell vector modules (Ang)   :    7.286412    5.746952    5.621012
outcell: Cell angles (23,13,12) (deg):     90.0000     90.0000     90.0000
outcell: Cell volume (Ang**3)        :    235.3780
New_DM. Step:     1
Initializing Density Matrix...

InitMesh: MESH =    32 x    30 x    24 =       23040
InitMesh: Mesh cutoff (required, used) =    50.000    50.384 Ry

* Maximum dynamic memory allocated =     3 MB

stepf: Fermi-Dirac step function

siesta: Program's energy decomposition (eV):
siesta: Ebs     =      -122.646900
siesta: Eions   =       815.854478
siesta: Ena     =       175.154321
siesta: Ekin    =       341.667405
siesta: Enl     =       -52.736757
siesta: DEna    =        -0.000001
siesta: DUscf   =         0.000000
siesta: DUext   =         0.000000
siesta: Exc     =      -109.951257
siesta: eta*DQ  =         0.000000
siesta: Emadel  =         0.000000
siesta: Emeta   =         0.000000
siesta: Emolmec =         0.000000
siesta: Ekinion =         0.000000
siesta: Eharris =      -466.432273
siesta: Etot    =      -461.720767
siesta: FreeEng =      -461.720767

siesta: iscf   Eharris(eV)      E_KS(eV)   FreeEng(eV)   dDmax  Ef(eV)
siesta:    1     -466.4323     -461.7208     -461.7208  1.4387 -4.2540
timer: Routine,Calls,Time,% = IterSCF        1       3.585  69.36
elaps: Routine,Calls,Wall,% = IterSCF        1       0.885  67.82
siesta:    2     -466.8722     -465.2445     -465.2445  0.1756 -0.1529
siesta:    3     -465.9118     -465.3184     -465.3184  0.0584 -1.6900
siesta:    4     -465.8412     -465.6146     -465.6146  0.0148 -2.1536
siesta:    5     -465.8408     -465.6664     -465.6664  0.0112 -2.1614
siesta:    6     -465.8407     -465.7933     -465.7933  0.0047 -2.1627
siesta:    7     -465.8407     -465.8144     -465.8144  0.0030 -2.1570
siesta:    8     -465.8407     -465.8306     -465.8306  0.0012 -2.1571
siesta:    9     -465.8407     -465.8395     -465.8395  0.0003 -2.1594
siesta:   10     -465.8407     -465.8399     -465.8399  0.0002 -2.1592
siesta:   11     -465.8407     -465.8400     -465.8400  0.0000 -2.1586

siesta: E_KS(eV) =             -465.8402

siesta: E_KS - E_eggbox =      -465.8402

siesta: Atomic forces (eV/Ang):
     1    0.000004   -0.501692    0.000000
     2    0.718322    0.278842    0.000000
     3   -0.718322    0.278843    0.000000
----------------------------------------
   Tot    0.000004    0.055992    0.000000
----------------------------------------
   Max    0.718322
   Res    0.399885    sqrt( Sum f_i^2 / 3N )
----------------------------------------
   Max    0.718322    constrained

Stress-tensor-Voigt (kbar):      -20.21       -3.68       22.43        0.00       -0.00       -0.00
(Free)E + p*V (eV/cell)     -465.7689
Target enthalpy (eV/cell)     -465.8402

Broyden_optim: max_history for broyden:   6
Broyden_optim: cycle on maxit: T
Broyden_optim: initial inverse jacobian:   1.0000

Broyden_optim: No of elements:      9

* Maximum dynamic memory allocated =     3 MB

siesta:                 ==============================
                            Begin CG move =      1
                        ==============================

outcell: Unit cell vectors (Ang):
        7.286412    0.000000    0.000000
        0.000000    5.746952    0.000000
        0.000000    0.000000    5.621012

outcell: Cell vector modules (Ang)   :    7.286412    5.746952    5.621012
outcell: Cell angles (23,13,12) (deg):     90.0000     90.0000     90.0000
outcell: Cell volume (Ang**3)        :    235.3780
New_DM. Step:     2
Re-using DM from previous geometry...
Re-using DM without extrapolation (not allowed)
Density Matrix sparsity pattern changed.

siesta: iscf   Eharris(eV)      E_KS(eV)   FreeEng(eV)   dDmax  Ef(eV)
siesta:    1     -465.8453     -465.6098     -465.6098  0.0412 -2.1006
siesta:    2     -465.8473     -465.8418     -465.8418  0.0144 -2.3100
siesta:    3     -465.8439     -465.7999     -465.7999  0.0037 -2.2067
siesta:    4     -465.8439     -465.8377     -465.8377  0.0010 -2.1854
siesta:    5     -465.8438     -465.8395     -465.8395  0.0007 -2.1859
siesta:    6     -465.8438     -465.8435     -465.8435  0.0000 -2.1871

siesta: E_KS(eV) =             -465.8436

siesta: Atomic forces (eV/Ang):
     1   -0.000009    1.258842    0.000000
     2   -0.179744   -0.342731    0.000000
     3    0.179749   -0.342735   -0.000000
----------------------------------------
   Tot   -0.000004    0.573375    0.000000
----------------------------------------
   Max    1.258842
   Res    0.457558    sqrt( Sum f_i^2 / 3N )
----------------------------------------
   Max    1.258842    constrained

Stress-tensor-Voigt (kbar):      -11.31        1.52       22.72       -0.00        0.00        0.00
(Free)E + p*V (eV/cell)     -466.4764
Target enthalpy (eV/cell)     -465.8436

* Maximum dynamic memory allocated =     3 MB

siesta:                 ==============================
                            Begin CG move =      2
                        ==============================

outcell: Unit cell vectors (Ang):
        7.286412    0.000000    0.000000
        0.000000    5.746952    0.000000
        0.000000    0.000000    5.621012

outcell: Cell vector modules (Ang)   :    7.286412    5.746952    5.621012
outcell: Cell angles (23,13,12) (deg):     90.0000     90.0000     90.0000
outcell: Cell volume (Ang**3)        :    235.3780
New_DM. Step:     3
Re-using DM from previous geometry...
Re-using DM without extrapolation (not allowed)
Density Matrix sparsity pattern changed.

siesta: iscf   Eharris(eV)      E_KS(eV)   FreeEng(eV)   dDmax  Ef(eV)
siesta:    1     -465.8530     -465.9502     -465.9502  0.0226 -2.1759
siesta:    2     -465.8541     -465.8514     -465.8514  0.0099 -2.0183
siesta:    3     -465.8524     -465.8736     -465.8736  0.0035 -2.0969
siesta:    4     -465.8523     -465.8539     -465.8539  0.0006 -2.1098
siesta:    5     -465.8524     -465.8533     -465.8533  0.0004 -2.1099
siesta:    6     -465.8523     -465.8523     -465.8523  0.0000 -2.1100

siesta: E_KS(eV) =             -465.8524

siesta: Atomic forces (eV/Ang):
     1    0.000000   -0.030894    0.000007
     2    0.161265   -0.006106    0.000000
     3   -0.161267   -0.006104    0.000000
----------------------------------------
   Tot   -0.000002   -0.043105    0.000007
----------------------------------------
   Max    0.161267
   Res    0.076770    sqrt( Sum f_i^2 / 3N )
----------------------------------------
   Max    0.161267    constrained

Stress-tensor-Voigt (kbar):      -14.89       -1.44       22.54        0.00        0.00        0.00
(Free)E + p*V (eV/cell)     -466.1567
Target enthalpy (eV/cell)     -465.8524

* Maximum dynamic memory allocated =     3 MB

siesta:                 ==============================
                            Begin CG move =      3
                        ==============================

outcell: Unit cell vectors (Ang):
        7.286412    0.000000    0.000000
        0.000000    5.746952    0.000000
        0.000000    0.000000    5.621012

outcell: Cell vector modules (Ang)   :    7.286412    5.746952    5.621012
outcell: Cell angles (23,13,12) (deg):     90.0000     90.0000     90.0000
outcell: Cell volume (Ang**3)        :    235.3780
New_DM. Step:     4
Re-using DM from previous geometry...
Re-using DM without extrapolation (not allowed)
Density Matrix sparsity pattern changed.

siesta: iscf   Eharris(eV)      E_KS(eV)   FreeEng(eV)   dDmax  Ef(eV)
siesta:    1     -465.8532     -465.8263     -465.8263  0.0064 -2.0858
siesta:    2     -465.8532     -465.8532     -465.8532  0.0005 -2.0817
siesta:    3     -465.8532     -465.8520     -465.8520  0.0003 -2.0827
siesta:    4     -465.8532     -465.8529     -465.8529  0.0001 -2.0842

siesta: E_KS(eV) =             -465.8531

siesta: Atomic forces (eV/Ang):
     1    0.000020   -0.025911    0.000022
     2    0.028655   -0.045804    0.000000
     3   -0.028655   -0.045804   -0.000001
----------------------------------------
   Tot    0.000019   -0.117518    0.000021
----------------------------------------
   Max    0.045804
   Res    0.026894    sqrt( Sum f_i^2 / 3N )
----------------------------------------
   Max    0.045804    constrained

Stress-tensor-Voigt (kbar):      -13.62       -1.13       22.56        0.00        0.00        0.00
(Free)E + p*V (eV/cell)     -466.2355
Target enthalpy (eV/cell)     -465.8531

* Maximum dynamic memory allocated =     3 MB

siesta:                 ==============================
                            Begin CG move =      4
                        ==============================

outcell: Unit cell vectors (Ang):
        7.286412    0.000000    0.000000
        0.000000    5.746952    0.000000
        0.000000    0.000000    5.621012

outcell: Cell vector modules (Ang)   :    7.286412    5.746952    5.621012
outcell: Cell angles (23,13,12) (deg):     90.0000     90.0000     90.0000
outcell: Cell volume (Ang**3)        :    235.3780
New_DM. Step:     5
Re-using DM from previous geometry...
Re-using DM without extrapolation (not allowed)
Density Matrix sparsity pattern changed.

siesta: iscf   Eharris(eV)      E_KS(eV)   FreeEng(eV)   dDmax  Ef(eV)
siesta:    1     -465.8529     -465.8277     -465.8277  0.0045 -2.0746
siesta:    2     -465.8529     -465.8528     -465.8528  0.0014 -2.0963
siesta:    3     -465.8529     -465.8485     -465.8485  0.0004 -2.0860
siesta:    4     -465.8528     -465.8522     -465.8522  0.0001 -2.0839
siesta:    5     -465.8529     -465.8525     -465.8525  0.0001 -2.0839

siesta: E_KS(eV) =             -465.8529

siesta: Atomic forces (eV/Ang):
     1   -0.000363    0.373297    0.000431
     2   -0.072061   -0.108621   -0.000001
     3    0.072193   -0.108717   -0.000001
----------------------------------------
   Tot   -0.000231    0.155959    0.000429
----------------------------------------
   Max    0.373297
   Res    0.138794    sqrt( Sum f_i^2 / 3N )
----------------------------------------
   Max    0.373297    constrained

Stress-tensor-Voigt (kbar):      -12.62       -0.58       22.59       -0.00       -0.00        0.00
(Free)E + p*V (eV/cell)     -466.3125
Target enthalpy (eV/cell)     -465.8529

* Maximum dynamic memory allocated =     3 MB

siesta:                 ==============================
                            Begin CG move =      5
                        ==============================

outcell: Unit cell vectors (Ang):
        7.286412    0.000000    0.000000
        0.000000    5.746952    0.000000
        0.000000    0.000000    5.621012

outcell: Cell vector modules (Ang)   :    7.286412    5.746952    5.621012
outcell: Cell angles (23,13,12) (deg):     90.0000     90.0000     90.0000
outcell: Cell volume (Ang**3)        :    235.3780
New_DM. Step:     6
Re-using DM from previous geometry...
Re-using DM without extrapolation (not allowed)

siesta: iscf   Eharris(eV)      E_KS(eV)   FreeEng(eV)   dDmax  Ef(eV)
siesta:    1     -465.8538     -465.8783     -465.8783  0.0068 -2.0738
siesta:    2     -465.8538     -465.8535     -465.8535  0.0034 -2.0183
siesta:    3     -465.8537     -465.8590     -465.8590  0.0014 -2.0459
siesta:    4     -465.8537     -465.8540     -465.8540  0.0001 -2.0505
siesta:    5     -465.8536     -465.8538     -465.8538  0.0001 -2.0506

siesta: E_KS(eV) =             -465.8536

siesta: Atomic forces (eV/Ang):
     1    0.001502    0.003320    0.002835
     2   -0.002940   -0.006188   -0.000010
     3    0.002279   -0.005707   -0.000009
----------------------------------------
   Tot    0.000840   -0.008575    0.002817
----------------------------------------
   Max    0.006188
   Res    0.003432    sqrt( Sum f_i^2 / 3N )
----------------------------------------
   Max    0.006188    constrained

Stress-tensor-Voigt (kbar):      -13.40       -1.42       22.53        0.00        0.00       -0.00
(Free)E + p*V (eV/cell)     -466.2314
Target enthalpy (eV/cell)     -465.8536

* Maximum dynamic memory allocated =     3 MB

outcoor: Relaxed atomic coordinates (Ang):                  
   -0.00000723    0.00083239    0.00001530   1       1  O
    0.77768824    0.58053607    0.00000002   2       2  H
   -0.77768467    0.58053354   -0.00000020   2       3  H

siesta: Program's energy decomposition (eV):
siesta: Ebs     =      -103.902647
siesta: Eions   =       815.854478
siesta: Ena     =       175.063747
siesta: Ekin    =       349.655228
siesta: Enl     =       -61.497693
siesta: DEna    =        -1.331332
siesta: DUscf   =         0.730050
siesta: DUext   =         0.000000
siesta: Exc     =      -112.619140
siesta: eta*DQ  =         0.000000
siesta: Emadel  =         0.000000
siesta: Emeta   =         0.000000
siesta: Emolmec =         0.000000
siesta: Ekinion =         0.000000
siesta: Eharris =      -465.853646
siesta: Etot    =      -465.853619
siesta: FreeEng =      -465.853619

siesta: Final energy (eV):
siesta:  Band Struct. =    -103.902647
siesta:       Kinetic =     349.655228
siesta:       Hartree =     380.778568
siesta:    Ext. field =       0.000000
siesta:   Exch.-corr. =    -112.619140
siesta:  Ion-electron =   -1067.560297
siesta:       Ion-ion =     -16.107977
siesta:       Ekinion =       0.000000
siesta:         Total =    -465.853619

siesta: Stress tensor (static) (eV/Ang**3):
siesta:    -0.008366    0.000002   -0.000000
siesta:     0.000002   -0.000884    0.000001
siesta:    -0.000000    0.000001    0.014065

siesta: Cell volume =        235.378012 Ang**3

siesta: Pressure (static):
siesta:                Solid            Molecule  Units
siesta:          -0.00001748         -0.00001736  Ry/Bohr**3
siesta:          -0.00160491         -0.00159409  eV/Ang**3
siesta:          -2.57138379         -2.55404770  kBar
(Free)E+ p_basis*V_orbitals  =        -465.268452
(Free)Eharris+ p_basis*V_orbitals  =        -465.268293

siesta: Electric dipole (a.u.)  =    0.000010    0.550755   -0.000028
siesta: Electric dipole (Debye) =    0.000025    1.399879   -0.000071

* Maximum dynamic memory allocated : Node    0 =     3 MB
* Maximum dynamic memory allocated : Node    1 =     3 MB
* Maximum dynamic memory allocated : Node    2 =     3 MB
* Maximum dynamic memory allocated : Node    3 =     3 MB

* Maximum memory occured during ranger                        

timer: CPU execution times:
timer:  Routine       Calls   Time/call    Tot.time        %
timer:  siesta            1       7.156       7.156   100.00
timer:  Setup             1       1.098       1.098    15.34
timer:  bands             1       0.004       0.004     0.06
timer:  writewave         1       0.000       0.000     0.00
timer:  KSV_init          1       0.000       0.000     0.00
timer:  IterMD            6       1.006       6.033    84.31
timer:  hsparse           6       0.001       0.006     0.08
timer:  overlap           6       0.057       0.342     4.78
timer:  IterSCF          37       0.137       5.065    70.78
timer:  kinefsm          12       0.025       0.298     4.16
timer:  nlefsm           12       0.248       2.977    41.60
timer:  DHSCF            43       0.033       1.408    19.67
timer:  DHSCF1            1       0.024       0.024     0.34
timer:  DHSCF2            6       0.034       0.205     2.86
timer:  REORD           356       0.000       0.028     0.39
timer:  POISON           49       0.006       0.282     3.94
timer:  DHSCF3           43       0.024       1.019    14.24
timer:  rhoofd           43       0.005       0.230     3.21
timer:  cellXC           43       0.005       0.235     3.28
timer:  vmat             43       0.004       0.165     2.31
timer:  MolMec           12       0.000       0.000     0.00
timer:  diagon           37       0.006       0.236     3.30
timer:  r-eigvec         37       0.006       0.230     3.21
timer:  r-buildHS        37       0.000       0.000     0.00
timer:  rdiag            37       0.006       0.230     3.21
timer:  rdiag1           37       0.000       0.010     0.14
timer:  rdiag2           37       0.000       0.017     0.24
timer:  rdiag3           37       0.005       0.172     2.40
timer:  rdiag4           37       0.000       0.014     0.20
timer:  r-buildD         37       0.000       0.002     0.03
timer:  DHSCF4            6       0.026       0.157     2.19
timer:  dfscf             6       0.023       0.136     1.90
timer:  overfsm           6       0.000       0.002     0.03
timer:  optical           1       0.021       0.021     0.29
  

elaps: ELAPSED times:
elaps:  Routine       Calls   Time/call    Tot.time        %
elaps:  siesta            1       1.809       1.809    99.94
elaps:  Setup             1       0.284       0.284    15.69
elaps:  bands             1       0.001       0.001     0.06
elaps:  writewave         1       0.000       0.000     0.00
elaps:  KSV_init          1       0.000       0.000     0.00
elaps:  IterMD            6       0.253       1.518    83.87
elaps:  hsparse           6       0.000       0.001     0.06
elaps:  overlap           6       0.011       0.067     3.70
elaps:  IterSCF          37       0.034       1.245    68.78
elaps:  kinefsm          12       0.005       0.057     3.15
elaps:  nlefsm           12       0.061       0.738    40.77
elaps:  DHSCF            43       0.008       0.363    20.06
elaps:  DHSCF1            1       0.006       0.006     0.33
elaps:  DHSCF2            6       0.008       0.051     2.82
elaps:  REORD           356       0.000       0.000     0.00
elaps:  POISON           49       0.002       0.075     4.14
elaps:  DHSCF3           43       0.006       0.256    14.14
elaps:  rhoofd           43       0.002       0.073     4.03
elaps:  cellXC           43       0.001       0.063     3.48
elaps:  vmat             43       0.001       0.043     2.38
elaps:  MolMec           12       0.000       0.000     0.00
elaps:  diagon           37       0.002       0.056     3.09
elaps:  r-eigvec         37       0.001       0.055     3.04
elaps:  r-buildHS        37       0.000       0.000     0.00
elaps:  rdiag            37       0.001       0.055     3.04
elaps:  rdiag1           37       0.000       0.005     0.28
elaps:  rdiag2           37       0.000       0.004     0.22
elaps:  rdiag3           37       0.001       0.045     2.49
elaps:  rdiag4           37       0.000       0.000     0.00
elaps:  r-buildD         37       0.000       0.000     0.00
elaps:  DHSCF4            6       0.008       0.050     2.76
elaps:  dfscf             6       0.007       0.042     2.32
elaps:  overfsm           6       0.000       0.002     0.11
elaps:  optical           1       0.000       0.000     0.00
  
>> End of run:  24-MAR-2013  18:28:09
