Siesta Version  : v4.1-b4-351
Architecture    : x86_64-linux-n-62-26-19
Compiler version: GNU Fortran (GCC) 9.3.0
Compiler flags  : mpifort -m64 -fPIC -O3 -march=native -ftree-vectorize -fexpensive-optimizatioons -funroll-loops -fprefetch-loop-arrays -fno-second-underscore  -flto
PP flags        : -I/dtu/sw/dcc/SL73/2020-aug/generic/build-tools/1.0/include -I/dtu/sw/dcc/SL773/2020-aug/generic/gcc/9.3.0/include -I/dtu/sw/dcc/SL73/2020-aug/generic/gcc/9.3.0/include -I/dtu/sw/dcc/SL73/2020-aug/XeonE5-2660v3/gnu/9.3.0/zlib/1.2.11/include -I/dtu/sw/dcc/SL73/2020-aug/generic/numactl/2.0.12/include -I/dtu/sw/dcc/SL73/2020-aug/XeonE5-2660v3/gnu/9.3.0/libxml2/2.9.10/include -I/dtu/sw/dcc/SL73/2020-aug/XeonE5-2660v3/gnu/9.3.0/hwloc/2.2.0/include -I/dtu/sw/dcc/SL73/2020-aug/XeonE5-2660v3/gnu/9.3.0/knem/1.1.4/include -I/dtu/sw/dcc/SL73/2020-aug/XeonE5-2660v3/gnu/9.3.0/ucx/1.8.1/include -I/dtu/sw/dcc/SL73/2020-aug/XeonE5-2660v3/gnu/9.3.0/openmpi/4.0.4/include -I/dtu/sw/dcc/SL73/2020-aug/XeonE5-2660v3/gnu/9.3.0/szip/2.1.1/include -I/dtu/sw/dcc/SL73/2020-aug/XeonE5-2660v3/gnu/9.3.0/hdf5/1.12.0/include -I/dtu/sw/dcc/SL73/2020-aug/XeonE5-2660v3/gnu/9.3.0/pnetcdf/1.12.1/include -I/dtu/sw/dcc/SL73/2020-aug/generic/gen-zlib/1.2.11/include -I/dtu/sw/dcc/SL73/2020-aug/generic/openssl/1.1.1/include -I/dtu/sw/dcc/SL73/2020-aug/generic/libssh2/1.8.2/include -I/dtu/sw/dcc/SL73/2020-aug/generic/curl/7.65.1/include -I/dtu/sw/dcc/SL73/2020-aug/XeonE5-2660v3/gnu/9.3.0/netcdf/4.7.4/include -I/dtu/sw/dcc/SL73/2020-aug/XeonE5-2660v3/gnu/9.3.0/flook/0.8.1/include -I/dtu/sw/dcc/SL73/2020-aug/XeonE5-2660v3/gnu/9.3.0/fftw/3.3.8/include -I/dtu/sw/dcc/SL73/2020-aug/XeonE5-2660v3/gnu/9.3.0/parmetis/4.0.3/include -I/dtu/sw/dcc/SL73/2020-aug/XeonE5-2660v3/gnu/9.3.0/scalapack/2.1.0/include -I/dtu/sw/dcc/SL73/2020-aug/XeonE5-2660v3/gnu/9.3.0/lapack/3.9.0/include -I/dtu/sw/dcc/SL73/2020-aug/XeonE5-2660v3/gnu/9.3.0/blis/0.7.0/include -I/dtu/sw/dcc/SL73/2020-aug/XeonE5-2660v3/gnu/9.3.0/scotch/6.0.9/include -I/dtu/sw/dcc/SL73/2020-aug/XeonE5-2660v3/gnu/9.3.0/mumps/5.3.3/include -I/dtu/sw/dcc/SL73/2020-aug/XeonE5-2660v3/gnu/9.3.0/elpa/2020.05.001/include -DSIESTA__ELPA -DMPI -DFC_HAVE_FLUSH -DFC_HAVE_ABORT -DCDF -DCDF4 -DSIESTA__FLOOK  -DNCDF -DNCDF_4 -DNCDF_PARALLEL -DTS_NOCHECKS -DSIESTA__METIS -DSIESTA__MUMPS -DSIESTA__MRRR -I/dtu/sw/dcc/SL73/2020-aug/XeonE5-2660v3/gnu/9.3.0/elpa/2020.05.001/include/elpa
Libraries       : libncdf.a libfdict.a -lnetcdff -lnetcdf -lpnetcdf -lhdf5_hl -lhdf5 -lz  -lzmuumps -lmumps_common -lesmumps -lscotch -lscotcherr -lpord -lparmetis -lmetis -lelpa -lscalapack -llapack -lblis  -L/dtu/sw/dcc/SL73/2020-aug/XeonE5-2660v3/gnu/9.3.0/flook/0.8.1/lib -Wl,-rpath=/dtu/sw/dcc/SL73/2020-aug/XeonE5-2660v3/gnu/9.3.0/flook/0.8.1/lib -lflookall -ldl  -flto -fuse-linker-plugin  -lmetis
PARALLEL version
NetCDF support
NetCDF-4 support
NetCDF-4 MPI-IO support
METIS ordering support
Lua support

* Running on 8 nodes in parallel
>> Start of run:  22-JAN-2021  23:11:06

                           ***********************       
                           *  WELCOME TO SIESTA  *       
                           ***********************       

reinit: Reading from ../h3po4_1.fdf

reinit: -----------------------------------------------------------------------
reinit: System Name: H3PO4 molecule
reinit: -----------------------------------------------------------------------
reinit: System Label: h3po4_1
reinit: -----------------------------------------------------------------------

initatom: Reading input for the pseudopotentials and atomic orbitals ----------
Species number:   1 Atomic number:   15 Label: P
Species number:   2 Atomic number:    1 Label: H
Species number:   3 Atomic number:    8 Label: O

Ground state valence configuration:   3s02  3p03
Reading pseudopotential information in formatted form from P.psf

Valence configuration for pseudopotential generation:
3s( 2.00) rc: 1.83
3p( 3.00) rc: 1.83
3d( 0.00) rc: 1.83
4f( 0.00) rc: 1.83
Ground state valence configuration:   1s01
Reading pseudopotential information in formatted form from H.psf

Valence configuration for pseudopotential generation:
1s( 1.00) rc: 1.25
2p( 0.00) rc: 1.25
3d( 0.00) rc: 1.25
4f( 0.00) rc: 1.25
Ground state valence configuration:   2s02  2p04
Reading pseudopotential information in formatted form from O.psf

Valence configuration for pseudopotential generation:
2s( 2.00) rc: 1.14
2p( 4.00) rc: 1.14
3d( 0.00) rc: 1.14
4f( 0.00) rc: 1.14
For P, standard SIESTA heuristics set lmxkb to 2
 (one more than the basis l, including polarization orbitals).
Use PS.lmax or PS.KBprojectors blocks to override.
For H, standard SIESTA heuristics set lmxkb to 2
 (one more than the basis l, including polarization orbitals).
Use PS.lmax or PS.KBprojectors blocks to override.
For O, standard SIESTA heuristics set lmxkb to 3
 (one more than the basis l, including polarization orbitals).
Use PS.lmax or PS.KBprojectors blocks to override.

<basis_specs>
===============================================================================
P                    Z=  15    Mass=  30.970        Charge= 0.51920E-01
Lmxo=1 Lmxkb= 2    BasisType=split      Semic=F
L=0  Nsemic=1  Cnfigmx=4
          i=1  nzeta=2  polorb=0  (3s)
            splnorm:   0.15000    
               vcte:    0.0000    
               rinn:   0.28668    
               qcoe:    0.0000    
               qyuk:    0.0000    
               qwid:   0.10000E-01
                rcs:    4.9533      1.9673    
            lambdas:    1.0000      1.0000    
          i=2  nzeta=1  polorb=0  (4s)
            splnorm:   0.15000    
               vcte:    0.0000    
               rinn:   0.29518    
               qcoe:    0.0000    
               qyuk:    0.0000    
               qwid:   0.10000E-01
                rcs:    5.0164    
            lambdas:    1.0000    
L=1  Nsemic=0  Cnfigmx=3
          i=1  nzeta=2  polorb=0  (3p)
            splnorm:   0.15000    
               vcte:    16.510    
               rinn:   0.30118    
               qcoe:    0.0000    
               qyuk:    0.0000    
               qwid:   0.10000E-01
                rcs:    6.7935      2.8218    
            lambdas:    1.0000      1.0000    
-------------------------------------------------------------------------------
L=0  Nkbl=2  erefs: 0.17977+309 0.17977+309
L=1  Nkbl=1  erefs: 0.17977+309
L=2  Nkbl=1  erefs: 0.17977+309
===============================================================================
</basis_specs>

atom: Called for P                     (Z =  15)

read_vps: Pseudopotential generation method:
read_vps: ATM3      Troullier-Martins                       
Valence charge for ps generation:    5.00000

xc_check: Exchange-correlation functional:
xc_check: Ceperley-Alder
xc_check: WARNING: Pseudopotential generated with GGA PBE functional
V l=0 = -2*Zval/r beyond r=  2.4397
V l=1 = -2*Zval/r beyond r=  2.4397
V l=2 = -2*Zval/r beyond r=  2.4397
All V_l potentials equal beyond r=  1.8073
This should be close to max(r_c) in ps generation
All pots = -2*Zval/r beyond r=  2.4397
Using large-core scheme for Vlocal

atom: Estimated core radius    2.43972

atom: Including non-local core corrections could be a good idea
atom: Maximum radius for 4*pi*r*r*local-pseudopot. charge    2.69632
atom: Maximum radius for r*vlocal+2*Zval:    2.47041
KBgen: More than one KB projector for l=  0
KBgen: ghost states analysis will be not performed
GHOST: No ghost state for L =  1
GHOST: No ghost state for L =  2

KBgen: Kleinman-Bylander projectors: 
   l= 0   rc=  1.876413   el= -1.008749   Ekb=  5.354737   kbcos=  0.315573
   l= 0   rc=  1.876413   el= -0.026819   Ekb= -8.988296   kbcos= -0.003676
   l= 1   rc=  1.876413   el= -0.398585   Ekb=  1.790801   kbcos=  0.295156
   l= 2   rc=  1.876413   el=  0.002403   Ekb= -3.282862   kbcos= -0.053559

KBgen: Total number of  Kleinman-Bylander projectors:   10
atom: -------------------------------------------------------------------------

atom: SANKEY-TYPE ORBITALS:
atom: Selected multiple-zeta basis: split     

atom: basis set generated (by rescaling the valence charge)
atom: for a cation of charge   0.0519

SPLIT: Orbitals with angular momentum L= 0

SPLIT: Basis orbitals for state 3s

   izeta = 1
                 lambda =    1.000000
                     rc =    5.037536
                 energy =   -1.044580
                kinetic =    0.671643
    potential(screened) =   -1.716223
       potential(ionic) =   -5.297859

   izeta = 2
                 rmatch =    1.997441
              splitnorm =    1.042402
                 energy =    8.036134
                kinetic =    7.119876
    potential(screened) =    0.916258
       potential(ionic) =   -3.621571

SPLIT: Basis orbitals for state 4s

   izeta = 1
                 lambda =    1.000000
                     rc =    5.037536
                 energy =    0.665704
                kinetic =    1.462684
    potential(screened) =   -0.796980
       potential(ionic) =   -3.599057

SPLIT: Orbitals with angular momentum L= 1

SPLIT: Basis orbitals for state 3p

   izeta = 1
                 lambda =    1.000000
                     rc =    6.800020
                 energy =   -0.389302
                kinetic =    1.429896
    potential(screened) =   -1.819197
       potential(ionic) =   -5.310566

   izeta = 2
                 rmatch =    2.834574
              splitnorm =    0.469134
                 energy =    0.454775
                kinetic =    3.057124
    potential(screened) =   -2.602349
       potential(ionic) =   -6.547148
atom: Total number of Sankey-type orbitals:  9

atm_pop: Valence configuration (for local Pseudopot. screening):
 3s( 2.00)                                                            
 3p( 3.00)                                                            
Vna: chval, zval:    5.00000   5.00000

Vna:  Cut-off radius for the neutral-atom potential:   6.800020

atom: _________________________________________________________________________

<basis_specs>
===============================================================================
H                    Z=   1    Mass=  1.0100        Charge= 0.12297    
Lmxo=1 Lmxkb= 2    BasisType=split      Semic=F
L=0  Nsemic=0  Cnfigmx=1
          i=1  nzeta=2  polorb=0  (1s)
            splnorm:   0.15000    
               vcte:    6.0633    
               rinn:   0.29177    
               qcoe:    0.0000    
               qyuk:    0.0000    
               qwid:   0.10000E-01
                rcs:    4.9485      1.9540    
            lambdas:    1.0000      1.0000    
L=1  Nsemic=0  Cnfigmx=2
          i=1  nzeta=1  polorb=0  (2p)
            splnorm:   0.15000    
               vcte:    98.090    
               rinn:   0.87820E-01
               qcoe:    0.0000    
               qyuk:    0.0000    
               qwid:   0.10000E-01
                rcs:    5.0417    
            lambdas:    1.0000    
-------------------------------------------------------------------------------
L=0  Nkbl=1  erefs: 0.17977+309
L=1  Nkbl=1  erefs: 0.17977+309
L=2  Nkbl=1  erefs: 0.17977+309
===============================================================================
</basis_specs>

atom: Called for H                     (Z =   1)

read_vps: Pseudopotential generation method:
read_vps: ATM3      Troullier-Martins                       
Valence charge for ps generation:    1.00000

xc_check: Exchange-correlation functional:
xc_check: Ceperley-Alder
V l=0 = -2*Zval/r beyond r=  1.2343
V l=1 = -2*Zval/r beyond r=  1.2189
V l=2 = -2*Zval/r beyond r=  1.2189
All V_l potentials equal beyond r=  1.2343
This should be close to max(r_c) in ps generation
All pots = -2*Zval/r beyond r=  1.2343

VLOCAL1: 99.0% of the norm of Vloc inside     28.493 Ry
VLOCAL1: 99.9% of the norm of Vloc inside     64.935 Ry
atom: Maximum radius for 4*pi*r*r*local-pseudopot. charge    1.45251
atom: Maximum radius for r*vlocal+2*Zval:    1.21892
GHOST: No ghost state for L =  0
GHOST: No ghost state for L =  1
GHOST: No ghost state for L =  2

KBgen: Kleinman-Bylander projectors: 
   l= 0   rc=  1.364359   el= -0.467325   Ekb= -2.005361   kbcos= -0.336422
   l= 1   rc=  1.434438   el=  0.001430   Ekb= -0.501708   kbcos= -0.021697
   l= 2   rc=  1.470814   el=  0.002365   Ekb= -0.190555   kbcos= -0.002281

KBgen: Total number of  Kleinman-Bylander projectors:    9
atom: -------------------------------------------------------------------------

atom: SANKEY-TYPE ORBITALS:
atom: Selected multiple-zeta basis: split     

atom: basis set generated (by rescaling the valence charge)
atom: for a cation of charge   0.1230

SPLIT: Orbitals with angular momentum L= 0

SPLIT: Basis orbitals for state 1s

   izeta = 1
                 lambda =    1.000000
                     rc =    4.950554
                 energy =   -0.551874
                kinetic =    1.153217
    potential(screened) =   -1.705092
       potential(ionic) =   -2.133811

   izeta = 2
                 rmatch =    1.961554
              splitnorm =    0.591752
                 energy =    0.742888
                kinetic =    3.982755
    potential(screened) =   -3.239867
       potential(ionic) =   -3.696883

SPLIT: Orbitals with angular momentum L= 1

SPLIT: Basis orbitals for state 2p

   izeta = 1
                 lambda =    1.000000
                     rc =    5.075940
                 energy =    1.542424
                kinetic =    2.680214
    potential(screened) =   -1.137791
       potential(ionic) =   -1.564016
atom: Total number of Sankey-type orbitals:  5

atm_pop: Valence configuration (for local Pseudopot. screening):
 1s( 1.00)                                                            
 2p( 0.00)                                                            
Vna: chval, zval:    1.00000   1.00000

Vna:  Cut-off radius for the neutral-atom potential:   4.950554

atom: _________________________________________________________________________

<basis_specs>
===============================================================================
O                    Z=   8    Mass=  16.000        Charge= 0.29950E-01
Lmxo=2 Lmxkb= 3    BasisType=split      Semic=F
L=0  Nsemic=0  Cnfigmx=2
          i=1  nzeta=2  polorb=0  (2s)
            splnorm:   0.15000    
               vcte:    0.0000    
               rinn:   0.20804    
               qcoe:    0.0000    
               qyuk:    0.0000    
               qwid:   0.10000E-01
                rcs:    5.7431      2.5016    
            lambdas:    1.0000      1.0000    
L=1  Nsemic=0  Cnfigmx=2
          i=1  nzeta=2  polorb=0  (2p)
            splnorm:   0.15000    
               vcte:    0.0000    
               rinn:    0.0000    
               qcoe:    0.0000    
               qyuk:    0.0000    
               qwid:   0.10000E-01
                rcs:    7.6102      2.3128    
            lambdas:    1.0000      1.0000    
L=2  Nsemic=0  Cnfigmx=3
          i=1  nzeta=1  polorb=0  (3d)
            splnorm:   0.15000    
               vcte:    28.292    
               rinn:    0.0000    
               qcoe:    0.0000    
               qyuk:    0.0000    
               qwid:   0.10000E-01
                rcs:    4.8717    
            lambdas:    1.0000    
-------------------------------------------------------------------------------
L=0  Nkbl=1  erefs: 0.17977+309
L=1  Nkbl=1  erefs: 0.17977+309
L=2  Nkbl=1  erefs: 0.17977+309
L=3  Nkbl=1  erefs: 0.17977+309
===============================================================================
</basis_specs>

atom: Called for O                     (Z =   8)

read_vps: Pseudopotential generation method:
read_vps: ATM3      Troullier-Martins                       
Valence charge for ps generation:    6.00000

xc_check: Exchange-correlation functional:
xc_check: Ceperley-Alder
V l=0 = -2*Zval/r beyond r=  1.1278
V l=1 = -2*Zval/r beyond r=  1.1278
V l=2 = -2*Zval/r beyond r=  1.1278
V l=3 = -2*Zval/r beyond r=  1.1138
All V_l potentials equal beyond r=  1.1278
This should be close to max(r_c) in ps generation
All pots = -2*Zval/r beyond r=  1.1278

VLOCAL1: 99.0% of the norm of Vloc inside     34.126 Ry
VLOCAL1: 99.9% of the norm of Vloc inside     77.774 Ry
atom: Maximum radius for 4*pi*r*r*local-pseudopot. charge    1.37759
atom: Maximum radius for r*vlocal+2*Zval:    1.18566
GHOST: No ghost state for L =  0
GHOST: No ghost state for L =  1
GHOST: No ghost state for L =  2
GHOST: No ghost state for L =  3

KBgen: Kleinman-Bylander projectors: 
   l= 0   rc=  1.294105   el= -1.742414   Ekb=  9.135903   kbcos=  0.326910
   l= 1   rc=  1.294105   el= -0.676589   Ekb= -8.124878   kbcos= -0.395047
   l= 2   rc=  1.448233   el=  0.002386   Ekb= -2.039267   kbcos= -0.003484
   l= 3   rc=  1.561052   el=  0.003508   Ekb= -0.799141   kbcos= -0.000344

KBgen: Total number of  Kleinman-Bylander projectors:   16
atom: -------------------------------------------------------------------------

atom: SANKEY-TYPE ORBITALS:
atom: Selected multiple-zeta basis: split     

atom: basis set generated (by rescaling the valence charge)
atom: for a cation of charge   0.0300

SPLIT: Orbitals with angular momentum L= 0

SPLIT: Basis orbitals for state 2s

   izeta = 1
                 lambda =    1.000000
                     rc =    5.728790
                 energy =   -1.786641
                kinetic =    1.532129
    potential(screened) =   -3.318770
       potential(ionic) =  -11.158241

   izeta = 2
                 rmatch =    2.510382
              splitnorm =    0.167394
                 energy =   -1.503566
                kinetic =    2.479098
    potential(screened) =   -3.982664
       potential(ionic) =  -12.509108

SPLIT: Orbitals with angular momentum L= 1

SPLIT: Basis orbitals for state 2p

   izeta = 1
                 lambda =    1.000000
                     rc =    7.733166
                 energy =   -0.719342
                kinetic =    4.790478
    potential(screened) =   -5.509820
       potential(ionic) =  -13.107910

   izeta = 2
                 rmatch =    2.328968
              splitnorm =    0.232409
                 energy =   -0.280725
                kinetic =    8.227823
    potential(screened) =   -8.508548
       potential(ionic) =  -17.335271

SPLIT: Orbitals with angular momentum L= 2

SPLIT: Basis orbitals for state 3d

   izeta = 1
                 lambda =    1.000000
                     rc =    4.930772
                 energy =    1.689854
                kinetic =    2.992951
    potential(screened) =   -1.303097
       potential(ionic) =   -6.821162
atom: Total number of Sankey-type orbitals: 13

atm_pop: Valence configuration (for local Pseudopot. screening):
 2s( 2.00)                                                            
 2p( 4.00)                                                            
 3d( 0.00)                                                            
Vna: chval, zval:    6.00000   6.00000

Vna:  Cut-off radius for the neutral-atom potential:   7.733166

atom: _________________________________________________________________________

prinput: Basis input ----------------------------------------------------------

PAO.BasisType split     

%block ChemicalSpeciesLabel
    1   15 P                       # Species index, atomic number, species label
    2    1 H                       # Species index, atomic number, species label
    3    8 O                       # Species index, atomic number, species label
%endblock ChemicalSpeciesLabel

%block PAO.Basis                 # Define Basis set
P                     3   0.052            # Label, l-shells, ionic net charge
 n=3   0   2                         # n, l, Nzeta 
   5.038      1.997   
   1.000      1.000   
 n=4   0   1                         # n, l, Nzeta 
   5.038   
   1.000   
 n=3   1   2                         # n, l, Nzeta 
   6.800      2.835   
   1.000      1.000   
H                     2   0.123            # Label, l-shells, ionic net charge
 n=1   0   2                         # n, l, Nzeta 
   4.951      1.962   
   1.000      1.000   
 n=2   1   1                         # n, l, Nzeta 
   5.076   
   1.000   
O                     3   0.030            # Label, l-shells, ionic net charge
 n=2   0   2                         # n, l, Nzeta 
   5.729      2.510   
   1.000      1.000   
 n=2   1   2                         # n, l, Nzeta 
   7.733      2.329   
   1.000      1.000   
 n=3   2   1                         # n, l, Nzeta 
   4.931   
   1.000   
%endblock PAO.Basis

prinput: ----------------------------------------------------------------------

Dumping basis to NetCDF file P.ion.nc
Dumping basis to NetCDF file H.ion.nc
Dumping basis to NetCDF file O.ion.nc
coor:   Atomic-coordinates input format  =     Cartesian coordinates
coor:                                          (in Angstroms)

siesta: Atomic coordinates (Bohr) and species
siesta:      1.03764   4.07319  -0.63929  2        1
siesta:      0.00009   0.00001  -0.00009  1        2
siesta:     -2.88467  -0.83354  -0.54494  3        3
siesta:     -3.25176  -2.38725   0.42987  2        4
siesta:      1.20014  -0.51881   2.44924  3        5
siesta:      1.59650  -1.11136  -2.35960  3        6
siesta:     -0.47646   2.94672  -0.73732  3        7
siesta:      0.71438  -1.19206  -4.02890  2        8

siesta: Automatic unit cell vectors (Ang):
siesta:   11.611337    0.000000    0.000000
siesta:    0.000000   11.365055    0.000000
siesta:    0.000000    0.000000   11.802070

siesta: System type = molecule  

initatomlists: Number of atoms, orbitals, and projectors:      8    76   101

siesta: ******************** Simulation parameters ****************************
siesta:
siesta: The following are some of the parameters of the simulation.
siesta: A complete list of the parameters used, including default values,
siesta: can be found in file out.fdf
siesta:
redata: Spin configuration                          = none
redata: Number of spin components                   = 1
redata: Time-Reversal Symmetry                      = T
redata: Spin spiral                                 = F
redata: Long output                                 =   F
redata: Number of Atomic Species                    =        3
redata: Charge density info will appear in .RHO file
redata: Write Mulliken Pop.                         = NO
redata: Matel table size (NRTAB)                    =     1024
redata: Mesh Cutoff                                 =   300.0000 Ry
redata: Net charge of the system                    =     0.0000 |e|
redata: Min. number of SCF Iter                     =        0
redata: Max. number of SCF Iter                     =     1000
redata: SCF convergence failure will abort job
redata: SCF mix quantity                            = Hamiltonian
redata: Mix DM or H after convergence               =   F
redata: Recompute H after scf cycle                 =   F
redata: Mix DM in first SCF step                    =   T
redata: Write Pulay info on disk                    =   F
redata: New DM Occupancy tolerance                  = 0.000000000001
redata: No kicks to SCF
redata: DM Mixing Weight for Kicks                  =     0.5000
redata: Require Harris convergence for SCF          =   F
redata: Harris energy tolerance for SCF             =     0.000100 eV
redata: Require DM convergence for SCF              =   T
redata: DM tolerance for SCF                        =     0.000100
redata: Require EDM convergence for SCF             =   F
redata: EDM tolerance for SCF                       =     0.001000 eV
redata: Require H convergence for SCF               =   T
redata: Hamiltonian tolerance for SCF               =     0.001000 eV
redata: Require (free) Energy convergence for SCF   =   F
redata: (free) Energy tolerance for SCF             =     0.000100 eV
redata: Using Saved Data (generic)                  =   F
redata: Use continuation files for DM               =   F
redata: Neglect nonoverlap interactions             =   F
redata: Method of Calculation                       = Diagonalization
redata: Electronic Temperature                      =   299.9869 K
redata: Fix the spin of the system                  =   F
redata: Dynamics option                             = Single-point calculation
mix.SCF: Pulay mixing                            = Pulay
mix.SCF:    Variant                              = stable
mix.SCF:    History steps                        = 7
mix.SCF:    Linear mixing weight                 =     0.300000
mix.SCF:    Mixing weight                        =     0.300000
mix.SCF:    SVD condition                        = 0.1000E-07
redata: Save all siesta data in one NC              =   F
redata: ***********************************************************************

%block SCF.Mixers
  Pulay
%endblock SCF.Mixers

%block SCF.Mixer.Pulay
  # Mixing method
  method pulay
  variant stable

  # Mixing options
  weight 0.3000
  weight.linear 0.3000
  history 7
%endblock SCF.Mixer.Pulay

DM_history_depth set to one: no extrapolation allowed by default for geometry relaxation
Size of DM history Fstack: 1
Total number of electrons:    32.000000
Total ionic charge:    32.000000

* ProcessorY, Blocksize:    2  10


* Orbital distribution balance (max,min):    10     6

 Kpoints in:            1 . Kpoints trimmed:            1

siesta: k-grid: Number of k-points =     1
siesta: k-grid: Cutoff (effective) =     5.683 Ang
siesta: k-grid: Supercell and displacements
siesta: k-grid:    1   0   0      0.000
siesta: k-grid:    0   1   0      0.000
siesta: k-grid:    0   0   1      0.000

diag: Algorithm                                     = D&C
diag: Parallel over k                               =   F
diag: Use parallel 2D distribution                  =   T
diag: Parallel block-size                           = 10
diag: Parallel distribution                         =     2 x     4
diag: Used triangular part                          = Lower
diag: Absolute tolerance                            =  0.100E-15
diag: Orthogonalization factor                      =  0.100E-05
diag: Memory factor                                 =  1.0000


ts: **************************************************************
ts: Save H and S matrices                           =    F
ts: Save DM and EDM matrices                        =    F
ts: Only save the overlap matrix S                  =    F
ts: **************************************************************

************************ Begin: TS CHECKS AND WARNINGS ************************
************************ End: TS CHECKS AND WARNINGS **************************


                     ====================================
                        Single-point calculation
                     ====================================

outcell: Unit cell vectors (Ang):
       11.611337    0.000000    0.000000
        0.000000   11.365055    0.000000
        0.000000    0.000000   11.802070

outcell: Cell vector modules (Ang)   :   11.611337   11.365055   11.802070
outcell: Cell angles (23,13,12) (deg):     90.0000     90.0000     90.0000
outcell: Cell volume (Ang**3)        :   1557.4423
<dSpData1D:S at geom step 0
  <sparsity:sparsity for geom step 0
    nrows_g=76 nrows=10 sparsity=.1292 nnzs=746, refcount: 7>
  <dData1D:(new from dSpData1D) n=746, refcount: 1>
refcount: 1>
new_DM -- step:     1
Initializing Density Matrix...
DM filled with atomic data:
<dSpData2D:DM initialized from atoms
  <sparsity:sparsity for geom step 0
    nrows_g=76 nrows=10 sparsity=.1292 nnzs=746, refcount: 8>
  <dData2D:DM n=746 m=1, refcount: 1>
refcount: 1>
No. of atoms with KB's overlaping orbs in proc 0. Max # of overlaps:       8      73
New grid distribution:   1
           1       1:   64    1:   30    1:   16
           2       1:   64    1:   30   17:   32
           3       1:   64    1:   30   33:   48
           4       1:   64    1:   30   49:   64
           5       1:   64   31:   60    1:   16
           6       1:   64   31:   60   17:   32
           7       1:   64   31:   60   33:   48
           8       1:   64   31:   60   49:   64

InitMesh: MESH =   128 x   120 x   128 =     1966080
InitMesh: (bp) =    64 x    60 x    64 =      245760
InitMesh: Mesh cutoff (required, used) =   300.000   308.121 Ry
ExtMesh (bp) on 0 =   156 x   118 x   108 =     1988064
New grid distribution:   2
           1      47:   64   19:   60    1:   51
           2       1:   46    1:   15    1:   51
           3      47:   64    1:   18    1:   51
           4       1:   46    1:   15   52:   64
           5       1:   46   16:   60    1:   51
           6      47:   64   19:   60   52:   64
           7      47:   64    1:   18   52:   64
           8       1:   46   16:   60   52:   64
New grid distribution:   3
           1      23:   64    1:   38    1:   41
           2       1:   22    1:   39    1:   41
           3       1:   22   40:   60    1:   41
           4       1:   35   39:   60   42:   64
           5      23:   64   39:   60    1:   41
           6      36:   64    1:   26   42:   64
           7      36:   64   27:   60   42:   64
           8       1:   35    1:   38   42:   64
Setting up quadratic distribution...
ExtMesh (bp) on 0 =   110 x   130 x   143 =     2044900
PhiOnMesh: Number of (b)points on node 0 =                38556
PhiOnMesh: nlist on node 0 =               173629

stepf: Fermi-Dirac step function

siesta: Program's energy decomposition (eV):
siesta: Ebs     =      -364.425086
siesta: Eions   =      3463.417331
siesta: Ena     =       761.570620
siesta: Ekin    =      1553.234838
siesta: Enl     =      -258.470844
siesta: Eso     =         0.000000
siesta: Edftu   =         0.000000
siesta: DEna    =      -100.726560
siesta: DUscf   =        27.828766
siesta: DUext   =         0.000000
siesta: Exc     =      -474.381342
siesta: eta*DQ  =         0.000000
siesta: Emadel  =         0.000000
siesta: Emeta   =         0.000000
siesta: Emolmec =         0.000000
siesta: Ekinion =         0.000000
siesta: Eharris =     -1922.131498
siesta: Etot    =     -1954.361854
siesta: FreeEng =     -1954.361854

        iscf     Eharris(eV)        E_KS(eV)     FreeEng(eV)     dDmax    Ef(eV) dHmax(eV)
   scf:    1    -1922.131498    -1954.361854    -1954.361854  1.781060  0.074425 13.796890
timer: Routine,Calls,Time,% = IterSCF        1       0.437   8.26
   scf:    2    -1973.563164    -1966.307065    -1966.307065  0.621450 -0.354801  5.259908
   scf:    3    -1967.522599    -1967.141601    -1967.141601  0.194546 -0.824696  1.205445
   scf:    4    -1967.211659    -1967.183205    -1967.183205  0.049307 -1.016287  0.352331
   scf:    5    -1967.187846    -1967.188300    -1967.188300  0.029336 -1.070338  0.215050
   scf:    6    -1967.190932    -1967.189701    -1967.189701  0.007832 -1.067311  0.160412
   scf:    7    -1967.189891    -1967.190596    -1967.190596  0.013514 -1.019693  0.086448
   scf:    8    -1967.190950    -1967.190820    -1967.190820  0.002799 -1.026840  0.020920
   scf:    9    -1967.190841    -1967.190836    -1967.190836  0.000865 -1.028053  0.000818
   scf:   10    -1967.190836    -1967.190836    -1967.190836  0.000041 -1.027683  0.000259

SCF Convergence by DM+H criterion
max |DM_out - DM_in|         :     0.0000411525
max |H_out - H_in|      (eV) :     0.0002592282
SCF cycle converged after 10 iterations

Using DM_out to compute the final energy and forces
No. of atoms with KB's overlaping orbs in proc 0. Max # of overlaps:       8      73

siesta: E_KS(eV) =            -1967.1908

siesta: E_KS - E_eggbox =     -1967.1908

siesta: Atomic forces (eV/Ang):
----------------------------------------
   Tot   -0.007267    0.007895    0.002935
----------------------------------------
   Max    2.418643
   Res    0.967907    sqrt( Sum f_i^2 / 3N )
----------------------------------------
   Max    2.418643    constrained

Stress tensor Voigt[x,y,z,yz,xz,xy] (kbar):       -2.37       -0.79       -2.70        0.52       -0.82        0.92
(Free)E + p*V (eV/cell)    -1965.2916
Target enthalpy (eV/cell)    -1967.1908

siesta: Program's energy decomposition (eV):
siesta: Ebs     =      -462.173982
siesta: Eions   =      3463.417331
siesta: Ena     =       761.570620
siesta: Ekin    =      1396.970955
siesta: Enl     =      -203.813078
siesta: Eso     =         0.000000
siesta: Edftu   =         0.000000
siesta: DEna    =       -13.917366
siesta: DUscf   =         6.297906
siesta: DUext   =         0.000000
siesta: Exc     =      -450.882541
siesta: eta*DQ  =         0.000000
siesta: Emadel  =         0.000000
siesta: Emeta   =         0.000000
siesta: Emolmec =         0.000000
siesta: Ekinion =         0.000000
siesta: Eharris =     -1967.190836
siesta: Etot    =     -1967.190836
siesta: FreeEng =     -1967.190836

siesta: Final energy (eV):
siesta:  Band Struct. =    -462.173982
siesta:       Kinetic =    1396.970955
siesta:       Hartree =    2836.339519
siesta:       Edftu   =       0.000000
siesta:       Eso     =       0.000000
siesta:    Ext. field =       0.000000
siesta:   Exch.-corr. =    -450.882541
siesta:  Ion-electron =   -6941.104824
siesta:       Ion-ion =    1191.486055
siesta:       Ekinion =       0.000000
siesta:         Total =   -1967.190836
siesta:         Fermi =      -1.027683

siesta: Atomic forces (eV/Ang):
siesta:      1   -0.619736   -0.842940    0.064350
siesta:      2   -0.386448    1.453252   -2.024777
siesta:      3   -1.005664   -0.930855    0.262891
siesta:      4   -0.055112    0.291765   -0.191908
siesta:      5    1.060275   -0.801467    2.418643
siesta:      6    0.458845   -0.701918   -1.311349
siesta:      7    0.381511    1.326788   -0.168014
siesta:      8    0.159063    0.213269    0.953099
siesta: ----------------------------------------
siesta:    Tot   -0.007267    0.007895    0.002935

siesta: Stress tensor (static) (eV/Ang**3):
siesta:    -0.001478    0.000576   -0.000513
siesta:     0.000576   -0.000494    0.000323
siesta:    -0.000513    0.000323   -0.001686

siesta: Cell volume =       1557.442252 Ang**3

siesta: Pressure (static):
siesta:                Solid            Molecule  Units
siesta:           0.00001328         -0.00000017  Ry/Bohr**3
siesta:           0.00121945         -0.00001571  eV/Ang**3
siesta:           1.95378837         -0.02517793  kBar
(Free)E+ p_basis*V_orbitals  =       -1963.645958
(Free)Eharris+ p_basis*V_orbitals  =       -1963.645958

siesta: Electric dipole (a.u.)  =   -0.356470   -0.049038   -1.044959
siesta: Electric dipole (Debye) =   -0.906056   -0.124643   -2.656024

cite: Please see "h3po4_1.bib" for an exhaustive BiBTeX file.
cite: Please clearly indicate Siesta version in published work: v4.1-b4-351
cite: This calculation has made use of the following articles
cite: which are encouraged to be cited in a published work.
        Primary SIESTA paper
          DOI: www.doi.org/10.1088/0953-8984/14/11/302

>> End of run:  22-JAN-2021  23:11:14
Job completed
