Siesta Version: siesta-3.2
Architecture  : SIESTA_ARCH
Compiler flags: FFLAGS
PARALLEL version
NetCDF support

* Running on    4 nodes in parallel
>> Start of run:  24-MAR-2013  18:29:36

                           ***********************       
                           *  WELCOME TO SIESTA  *       
                           ***********************       

reinit: Reading from standard input
************************** Dump of input data file ****************************
#
# MgCO3 in primitive cell. SZ Harris. Some MD steps in Verlet MD
#
SystemName	MgCo3 MD Verlet test -- SZ, 100 Ry  Harris
SystemLabel	md_verlet
NumberOfSpecies		3
NumberOfAtoms	       10
%block ChemicalSpeciesLabel
      1      12     Mg
      2       6     C
      3       8     O
%endblock ChemicalSpeciesLabel
PAO.BasisSize  SZ
# Rhombohedral primitive cell
# (HEX 3-fold cell had A=4.635 and C=15.023, so alpha=48.179 degrees
#  and a=5.67783 Ang)
LatticeConstant     5.67783 Ang
%block LatticeParameters
1.0 1.0 1.0 48.179 48.179 48.179
%endblock LatticeParameters
AtomicCoordinatesFormat    Fractional
%block AtomicCoordinatesAndAtomicSpecies
  0.0         0.0         0.0      1
  0.5         0.5         0.5      1
  0.25        0.25        0.25     2
 -0.25       -0.25       -0.25     2
  0.5274     -0.0274      0.25     3
  0.25        0.5274     -0.0274   3
 -0.0274      0.25        0.5274   3
 -0.5274      0.0274     -0.25     3
 -0.25       -0.5274      0.0274   3
  0.0274     -0.25       -0.5274   3
%endblock AtomicCoordinatesAndAtomicSpecies
HarrisFunctional T
Solution.Method       diagon
MeshCutoff             100 Ry
WriteCoorStep      .true.
WriteForces        .true.
WriteMDHistory     .true.
MD.UseSaveXV       T
MD.TypeOfRun         Verlet
MD.InitialTemperature 600 K
MD.Initial.Time.Step      1
MD.Final.Time.Step        5
MD.Length.Time.Step       1 fs
************************** End of input data file *****************************

reinit: -----------------------------------------------------------------------
reinit: System Name: MgCo3 MD Verlet test -- SZ, 100 Ry  Harris
reinit: -----------------------------------------------------------------------
reinit: System Label: md_verlet                                                   
reinit: -----------------------------------------------------------------------

initatom: Reading input for the pseudopotentials and atomic orbitals ----------
 Species number:            1  Label: Mg Atomic number:          12
 Species number:            2  Label: C Atomic number:           6
 Species number:            3  Label: O Atomic number:           8
Ground state valence configuration:   3s02
Reading pseudopotential information in formatted form from Mg.psf

Valence configuration for pseudopotential generation:
3s( 2.00) rc: 2.59
3p( 0.00) rc: 2.59
3d( 0.00) rc: 2.59
4f( 0.00) rc: 2.59
Ground state valence configuration:   2s02  2p02
Reading pseudopotential information in formatted form from C.psf

Valence configuration for pseudopotential generation:
2s( 2.00) rc: 1.49
2p( 2.00) rc: 1.52
3d( 0.00) rc: 1.58
Ground state valence configuration:   2s02  2p04
Reading pseudopotential information in formatted form from O.psf

Valence configuration for pseudopotential generation:
2s( 2.00) rc: 1.14
2p( 4.00) rc: 1.14
3d( 0.00) rc: 1.14
4f( 0.00) rc: 1.14
For Mg, standard SIESTA heuristics set lmxkb to 1
 (one more than the basis l, including polarization orbitals).
Use PS.lmax or PS.KBprojectors blocks to override.
For C, standard SIESTA heuristics set lmxkb to 2
 (one more than the basis l, including polarization orbitals).
Use PS.lmax or PS.KBprojectors blocks to override.
For O, standard SIESTA heuristics set lmxkb to 2
 (one more than the basis l, including polarization orbitals).
Use PS.lmax or PS.KBprojectors blocks to override.

<basis_specs>
===============================================================================
Mg                   Z=  12    Mass=  24.310        Charge= 0.17977+309
Lmxo=0 Lmxkb= 1    BasisType=split      Semic=F
L=0  Nsemic=0  Cnfigmx=3
          n=1  nzeta=1  polorb=0
            splnorm:   0.15000    
               vcte:    0.0000    
               rinn:    0.0000    
                rcs:    0.0000    
            lambdas:    1.0000    
-------------------------------------------------------------------------------
L=0  Nkbl=1  erefs: 0.17977+309
L=1  Nkbl=1  erefs: 0.17977+309
===============================================================================
</basis_specs>

atom: Called for Mg                    (Z =  12)

read_vps: Pseudopotential generation method:
read_vps: ATM3      Troullier-Martins                       
Total valence charge:    2.00000

xc_check: Exchange-correlation functional:
xc_check: Ceperley-Alder
V l=0 = -2*Zval/r beyond r=  3.5878
V l=1 = -2*Zval/r beyond r=  3.5878
All V_l potentials equal beyond r=  2.5600
This should be close to max(r_c) in ps generation
All pots = -2*Zval/r beyond r=  3.5878
Using large-core scheme for Vlocal

atom: Estimated core radius    3.58779

atom: Including non-local core corrections could be a good idea
atom: Maximum radius for 4*pi*r*r*local-pseudopot. charge    3.91588
atom: Maximum radius for r*vlocal+2*Zval:    3.63292
GHOST: No ghost state for L =  0
GHOST: No ghost state for L =  1

KBgen: Kleinman-Bylander projectors: 
   l= 0   rc=  2.657845   el= -0.351328   Ekb=  2.184400   kbcos=  0.257081
   l= 1   rc=  2.657845   el= -0.101748   Ekb=  0.525536   kbcos=  0.270508

KBgen: Total number of  Kleinman-Bylander projectors:    4
atom: -------------------------------------------------------------------------

atom: SANKEY-TYPE ORBITALS:

SPLIT: Orbitals with angular momentum L= 0

SPLIT: Basis orbitals for state 3s

SPLIT: PAO cut-off radius determined from an
SPLIT: energy shift=  0.020000 Ry

   izeta = 1
                 lambda =    1.000000
                     rc =    6.619780
                 energy =   -0.332103
                kinetic =    0.289627
    potential(screened) =   -0.621729
       potential(ionic) =   -1.387191
atom: Total number of Sankey-type orbitals:  1

atm_pop: Valence configuration (for local Pseudopot. screening):
 3s( 2.00)                                                            
Vna: chval, zval:    2.00000   2.00000

Vna:  Cut-off radius for the neutral-atom potential:   6.619780

atom: _________________________________________________________________________

<basis_specs>
===============================================================================
C                    Z=   6    Mass=  12.010        Charge= 0.17977+309
Lmxo=1 Lmxkb= 2    BasisType=split      Semic=F
L=0  Nsemic=0  Cnfigmx=2
          n=1  nzeta=1  polorb=0
            splnorm:   0.15000    
               vcte:    0.0000    
               rinn:    0.0000    
                rcs:    0.0000    
            lambdas:    1.0000    
L=1  Nsemic=0  Cnfigmx=2
          n=1  nzeta=1  polorb=0
            splnorm:   0.15000    
               vcte:    0.0000    
               rinn:    0.0000    
                rcs:    0.0000    
            lambdas:    1.0000    
-------------------------------------------------------------------------------
L=0  Nkbl=1  erefs: 0.17977+309
L=1  Nkbl=1  erefs: 0.17977+309
L=2  Nkbl=1  erefs: 0.17977+309
===============================================================================
</basis_specs>

atom: Called for C                     (Z =   6)

read_vps: Pseudopotential generation method:
read_vps: ATM3      Troullier-Martins                       
Total valence charge:    4.00000

xc_check: Exchange-correlation functional:
xc_check: Ceperley-Alder
V l=0 = -2*Zval/r beyond r=  1.4666
V l=1 = -2*Zval/r beyond r=  1.5038
V l=2 = -2*Zval/r beyond r=  1.5612
All V_l potentials equal beyond r=  1.5612
This should be close to max(r_c) in ps generation
All pots = -2*Zval/r beyond r=  1.5612

VLOCAL1: 99.0% of the norm of Vloc inside     17.809 Ry
VLOCAL1: 99.9% of the norm of Vloc inside     40.586 Ry
atom: Maximum radius for 4*pi*r*r*local-pseudopot. charge    1.88329
atom: Maximum radius for r*vlocal+2*Zval:    1.62091
GHOST: No ghost state for L =  0
GHOST: No ghost state for L =  1
GHOST: No ghost state for L =  2

KBgen: Kleinman-Bylander projectors: 
   l= 0   rc=  1.747182   el= -1.001947   Ekb=  5.181700   kbcos=  0.300603
   l= 1   rc=  1.747182   el= -0.398598   Ekb= -4.328763   kbcos= -0.367074
   l= 2   rc=  1.955272   el=  0.002326   Ekb= -1.016175   kbcos= -0.009979

KBgen: Total number of  Kleinman-Bylander projectors:    9
atom: -------------------------------------------------------------------------

atom: SANKEY-TYPE ORBITALS:

SPLIT: Orbitals with angular momentum L= 0

SPLIT: Basis orbitals for state 2s

SPLIT: PAO cut-off radius determined from an
SPLIT: energy shift=  0.020000 Ry

   izeta = 1
                 lambda =    1.000000
                     rc =    4.191849
                 energy =   -0.983897
                kinetic =    0.886956
    potential(screened) =   -1.870853
       potential(ionic) =   -5.479661

SPLIT: Orbitals with angular momentum L= 1

SPLIT: Basis orbitals for state 2p

SPLIT: PAO cut-off radius determined from an
SPLIT: energy shift=  0.020000 Ry

   izeta = 1
                 lambda =    1.000000
                     rc =    4.870301
                 energy =   -0.379093
                kinetic =    2.545357
    potential(screened) =   -2.924450
       potential(ionic) =   -6.433151
atom: Total number of Sankey-type orbitals:  4

atm_pop: Valence configuration (for local Pseudopot. screening):
 2s( 2.00)                                                            
 2p( 2.00)                                                            
Vna: chval, zval:    4.00000   4.00000

Vna:  Cut-off radius for the neutral-atom potential:   4.870301

atom: _________________________________________________________________________

<basis_specs>
===============================================================================
O                    Z=   8    Mass=  16.000        Charge= 0.17977+309
Lmxo=1 Lmxkb= 2    BasisType=split      Semic=F
L=0  Nsemic=0  Cnfigmx=2
          n=1  nzeta=1  polorb=0
            splnorm:   0.15000    
               vcte:    0.0000    
               rinn:    0.0000    
                rcs:    0.0000    
            lambdas:    1.0000    
L=1  Nsemic=0  Cnfigmx=2
          n=1  nzeta=1  polorb=0
            splnorm:   0.15000    
               vcte:    0.0000    
               rinn:    0.0000    
                rcs:    0.0000    
            lambdas:    1.0000    
-------------------------------------------------------------------------------
L=0  Nkbl=1  erefs: 0.17977+309
L=1  Nkbl=1  erefs: 0.17977+309
L=2  Nkbl=1  erefs: 0.17977+309
===============================================================================
</basis_specs>

atom: Called for O                     (Z =   8)

read_vps: Pseudopotential generation method:
read_vps: ATM3      Troullier-Martins                       
Total valence charge:    6.00000

xc_check: Exchange-correlation functional:
xc_check: Ceperley-Alder
V l=0 = -2*Zval/r beyond r=  1.1278
V l=1 = -2*Zval/r beyond r=  1.1278
V l=2 = -2*Zval/r beyond r=  1.1278
All V_l potentials equal beyond r=  1.1278
This should be close to max(r_c) in ps generation
All pots = -2*Zval/r beyond r=  1.1278

VLOCAL1: 99.0% of the norm of Vloc inside     34.126 Ry
VLOCAL1: 99.9% of the norm of Vloc inside     77.774 Ry
atom: Maximum radius for 4*pi*r*r*local-pseudopot. charge    1.37759
atom: Maximum radius for r*vlocal+2*Zval:    1.18566
GHOST: No ghost state for L =  0
GHOST: No ghost state for L =  1
GHOST: No ghost state for L =  2

KBgen: Kleinman-Bylander projectors: 
   l= 0   rc=  1.294105   el= -1.742414   Ekb=  9.135903   kbcos=  0.326910
   l= 1   rc=  1.294105   el= -0.676589   Ekb= -8.124878   kbcos= -0.395047
   l= 2   rc=  1.448233   el=  0.002386   Ekb= -2.039267   kbcos= -0.003484

KBgen: Total number of  Kleinman-Bylander projectors:    9
atom: -------------------------------------------------------------------------

atom: SANKEY-TYPE ORBITALS:

SPLIT: Orbitals with angular momentum L= 0

SPLIT: Basis orbitals for state 2s

SPLIT: PAO cut-off radius determined from an
SPLIT: energy shift=  0.020000 Ry

   izeta = 1
                 lambda =    1.000000
                     rc =    3.305093
                 energy =   -1.723766
                kinetic =    1.614911
    potential(screened) =   -3.338677
       potential(ionic) =  -11.304675

SPLIT: Orbitals with angular momentum L= 1

SPLIT: Basis orbitals for state 2p

SPLIT: PAO cut-off radius determined from an
SPLIT: energy shift=  0.020000 Ry

   izeta = 1
                 lambda =    1.000000
                     rc =    3.937239
                 energy =   -0.658841
                kinetic =    5.005986
    potential(screened) =   -5.664827
       potential(ionic) =  -13.452360
atom: Total number of Sankey-type orbitals:  4

atm_pop: Valence configuration (for local Pseudopot. screening):
 2s( 2.00)                                                            
 2p( 4.00)                                                            
Vna: chval, zval:    6.00000   6.00000

Vna:  Cut-off radius for the neutral-atom potential:   3.937239

atom: _________________________________________________________________________

prinput: Basis input ----------------------------------------------------------

PAO.BasisType split     

%block ChemicalSpeciesLabel
    1   12 Mg                      # Species index, atomic number, species label
    2    6 C                       # Species index, atomic number, species label
    3    8 O                       # Species index, atomic number, species label
%endblock ChemicalSpeciesLabel

%block PAO.Basis                 # Define Basis set
Mg                    1                    # Species label, number of l-shells
 n=3   0   1                         # n, l, Nzeta 
   6.620   
   1.000   
C                     2                    # Species label, number of l-shells
 n=2   0   1                         # n, l, Nzeta 
   4.192   
   1.000   
 n=2   1   1                         # n, l, Nzeta 
   4.870   
   1.000   
O                     2                    # Species label, number of l-shells
 n=2   0   1                         # n, l, Nzeta 
   3.305   
   1.000   
 n=2   1   1                         # n, l, Nzeta 
   3.937   
   1.000   
%endblock PAO.Basis

prinput: ----------------------------------------------------------------------

Dumping basis to NetCDF file Mg.ion.nc
Dumping basis to NetCDF file C.ion.nc
Dumping basis to NetCDF file O.ion.nc
coor:   Atomic-coordinates input format  =     Fractional

siesta: WARNING: XV file not found

siesta: Atomic coordinates (Bohr) and species
siesta:      0.00000   0.00000   0.00000  1        1
siesta:     12.51930   5.59740   3.66414  1        2
siesta:      6.25965   2.79870   1.83207  2        3
siesta:     -6.25965  -2.79870  -1.83207  2        4
siesta:      7.25136   0.58061   1.83207  3        5
siesta:      6.25965   4.12944  -0.20079  3        6
siesta:      5.26794   3.68605   3.86493  3        7
siesta:     -7.25136  -0.58061  -1.83207  3        8
siesta:     -6.25965  -4.12944   0.20079  3        9
siesta:     -5.26794  -3.68605  -3.86493  3       10

siesta: System type = bulk      

initatomlists: Number of atoms, orbitals, and projectors:     10    34    80

siesta: ******************** Simulation parameters ****************************
siesta:
siesta: The following are some of the parameters of the simulation.
siesta: A complete list of the parameters used, including default values,
siesta: can be found in file out.fdf
siesta:
redata: Non-Collinear-spin run           =     F
redata: SpinPolarized (Up/Down) run      =     F
redata: Number of spin components        =     1
redata: Long output                      =     F
redata: Number of Atomic Species         =        3
redata: Charge density info will appear in .RHO file
redata: Write Mulliken Pop.              =     NO
redata: Mesh Cutoff                      =   100.0000  Ry
redata: Net charge of the system         =     0.0000 |e|
redata: Max. number of SCF Iter          =       50
redata: Mixing is linear
redata: Mix DM in first SCF step ?       =     F
redata: Write Pulay info on disk?        =     F
redata: Discard 1st Pulay DM after  kick =     F
redata: New DM Mixing Weight             =     0.2500
redata: New DM Occupancy tolerance       = 0.000000000001
redata: No kicks to SCF
redata: DM Mixing Weight for Kicks       =     0.5000
redata: DM Tolerance for SCF             =     0.000100
redata: Require Energy convergence for SCF =     F
redata: DM Energy tolerance for SCF      =     0.000100 eV
redata: Require Harris convergence for SCF =     F
redata: DM Harris energy tolerance for SCF =     0.000100 eV
redata: Using Saved Data (generic)   =     F
redata: Use continuation files for DM    =     F
redata: Neglect nonoverlap interactions  =     F
redata: Method of Calculation            =     Diagonalization
redata: Divide and Conquer               =     T
redata: Electronic Temperature           =     0.0019  Ry
redata: Fix the spin of the system       =     F
redata: Dynamics option                  =     Verlet MD run
redata: Initial MD time step             =        1
redata:   Final MD time step             =        5
redata: Length of MD time step           =     1.0000  fs
redata: Initial Temperature of MD run    =   600.0000  K
redata: Perform a MD quench              =     F
redata: ***********************************************************************
Total number of electrons:    48.000000
Total ionic charge:    48.000000

* ProcessorY, Blocksize:    2   9

 Kpoints in:            1 . Kpoints trimmed:            1

siesta: k-grid: Number of k-points =     1
siesta: k-grid: Cutoff (effective) =     2.317 Ang
siesta: k-grid: Supercell and displacements
siesta: k-grid:    1   0   0      0.000
siesta: k-grid:    0   1   0      0.000
siesta: k-grid:    0   0   1      0.000

* Maximum dynamic memory allocated =     3 MB

siesta:                 ==============================
                            Begin MD step =      1
                        ==============================

outcoor: Atomic coordinates (fractional):                   
    0.00000000    0.00000000    0.00000000   1       1  Mg
    0.50000000    0.50000000    0.50000000   1       2  Mg
    0.25000000    0.25000000    0.25000000   2       3  C
   -0.25000000   -0.25000000   -0.25000000   2       4  C
    0.52740000   -0.02740000    0.25000000   3       5  O
    0.25000000    0.52740000   -0.02740000   3       6  O
   -0.02740000    0.25000000    0.52740000   3       7  O
   -0.52740000    0.02740000   -0.25000000   3       8  O
   -0.25000000   -0.52740000    0.02740000   3       9  O
    0.02740000   -0.25000000   -0.52740000   3      10  O

outcell: Unit cell vectors (Ang):
        5.677830    0.000000    0.000000
        3.786009    4.231299    0.000000
        3.786009    1.692731    3.877957

outcell: Cell vector modules (Ang)   :    5.677830    5.677830    5.677830
outcell: Cell angles (23,13,12) (deg):     48.1790     48.1790     48.1790
outcell: Cell volume (Ang**3)        :     93.1663
 Folding of H and S is implicitly performed
New_DM. Step:     1
Initializing Density Matrix...

InitMesh: MESH =    32 x    32 x    32 =       32768
InitMesh: Mesh cutoff (required, used) =   100.000   112.857 Ry

* Maximum dynamic memory allocated =     3 MB

stepf: Fermi-Dirac step function

siesta: Program's energy decomposition (eV):
siesta: Ebs     =      -719.731835
siesta: Eions   =      5228.674091
siesta: Ena     =      1092.429444
siesta: Ekin    =      2069.792750
siesta: Enl     =      -254.036133
siesta: DEna    =        15.976650
siesta: DUscf   =         0.158309
siesta: DUext   =         0.000000
siesta: Exc     =      -679.226103
siesta: eta*DQ  =         0.000000
siesta: Emadel  =         0.000000
siesta: Emeta   =         0.000000
siesta: Emolmec =         0.000000
siesta: Ekinion =         0.000000
siesta: Eharris =     -2966.548610
siesta: Etot    =     -2983.579175
siesta: FreeEng =     -2983.579175

siesta: Eharris(eV) =   -2966.548610


siesta: Eharris(eV) =   -2966.548610

timer: Routine,Calls,Time,% = IterSCF        1       1.148  40.32
elaps: Routine,Calls,Wall,% = IterSCF        1       0.287  39.92

siesta: E_KS - E_eggbox =     -2945.3446

siesta: Atomic forces (eV/Ang):
     1   -0.000000    0.000000   -0.000000
     2    0.000000    0.000000    0.000000
     3    0.000001   -0.000001    0.000001
     4   -0.000001    0.000001   -0.000000
     5    2.753943   -6.159527   -0.000005
     6   -0.000002    3.695396   -5.645145
     7   -2.753928    2.464114    5.645152
     8   -2.753942    6.159526    0.000003
     9    0.000003   -3.695396    5.645146
    10    2.753928   -2.464115   -5.645152
----------------------------------------
   Tot    0.000000   -0.000002   -0.000001
----------------------------------------
   Max    6.159527
   Res    3.017409    sqrt( Sum f_i^2 / 3N )
----------------------------------------
   Max    6.159527    constrained

Stress-tensor-Voigt (kbar):      654.06      456.91      425.46      110.52       28.07       71.70
(Free)E + p*V (eV/cell)    -2975.1253
Target enthalpy (eV/cell)    -2945.3446

siesta: Stress tensor (static) (eV/Ang**3):
         0.410796    0.067429    0.044140
         0.067429    0.290131    0.019735
         0.044140    0.019735    0.272902

siesta: Pressure (static):       -520.08737434  kBar

siesta: Stress tensor (total) (eV/Ang**3):
         0.408226    0.068982    0.044751
         0.068982    0.285181    0.017520
         0.044751    0.017520    0.265547

siesta: Pressure (total):       -512.14294686  kBar

siesta: Temp_ion =     600.000 K

* Maximum dynamic memory allocated =     4 MB

siesta:                 ==============================
                            Begin MD step =      2
                        ==============================

outcoor: Atomic coordinates (fractional):                   
    0.00202205   -0.00219551    0.00037582   1       1  Mg
    0.49954678    0.50043367    0.49984976   1       2  Mg
    0.25162026    0.24965596    0.24864096   2       3  C
   -0.25177843   -0.24968494   -0.24808230   2       4  C
    0.52709300   -0.02596380    0.24814867   3       5  O
    0.24682768    0.52749323   -0.02417503   3       6  O
   -0.02857131    0.25133146    0.52795710   3       7  O
   -0.52711895    0.02726046   -0.25178619   3       8  O
   -0.24816809   -0.52800274    0.02623419   3       9  O
    0.02767276   -0.24941995   -0.52714083   3      10  O

outcell: Unit cell vectors (Ang):
        5.677830    0.000000    0.000000
        3.786009    4.231299    0.000000
        3.786009    1.692731    3.877957

outcell: Cell vector modules (Ang)   :    5.677830    5.677830    5.677830
outcell: Cell angles (23,13,12) (deg):     48.1790     48.1790     48.1790
outcell: Cell volume (Ang**3)        :     93.1663
 Folding of H and S is implicitly performed
New_DM. Step:     2
Initializing Density Matrix...

siesta: Eharris(eV) =   -2966.465549


siesta: Eharris(eV) =   -2966.465549


siesta: Atomic forces (eV/Ang):
     1   -0.023459    0.047770   -0.009394
     2    0.006518   -0.011016    0.001835
     3   -0.457553    0.363005    1.047311
     4    0.333740   -0.367693   -0.655758
     5    2.960927   -6.657477    0.147432
     6    0.029399    4.066692   -6.345283
     7   -2.519778    2.112470    5.194147
     8   -2.831152    6.512595    0.083164
     9   -0.036920   -3.753792    5.937705
    10    2.550243   -2.344148   -5.327687
----------------------------------------
   Tot    0.011967   -0.031594    0.073471
----------------------------------------
   Max    6.657477
   Res    3.109067    sqrt( Sum f_i^2 / 3N )
----------------------------------------
   Max    6.657477    constrained

Stress-tensor-Voigt (kbar):      655.18      437.76      422.69      112.55       45.63       64.94
(Free)E + p*V (eV/cell)    -2974.6585
Target enthalpy (eV/cell)    -2945.2809

siesta: Stress tensor (static) (eV/Ang**3):
         0.411497    0.068693    0.039916
         0.068693    0.278175    0.030694
         0.039922    0.030693    0.271176

siesta: Pressure (static):       -513.15484406  kBar

siesta: Stress tensor (total) (eV/Ang**3):
         0.408927    0.070246    0.040527
         0.070246    0.273225    0.028479
         0.040534    0.028478    0.263821

siesta: Pressure (total):       -505.21041659  kBar

siesta: Temp_ion =     532.110 K

* Maximum dynamic memory allocated =     4 MB

siesta:                 ==============================
                            Begin MD step =      3
                        ==============================

outcoor: Atomic coordinates (fractional):                   
    0.00403988   -0.00438620    0.00075069   1       1  Mg
    0.49909462    0.50086625    0.49969971   1       2  Mg
    0.25304446    0.24929417    0.24749732   2       3  C
   -0.25340980   -0.24938524   -0.24629947   2       4  C
    0.52771721   -0.02547868    0.24632010   3       5  O
    0.24366667    0.52855375   -0.02192966   3       6  O
   -0.03052841    0.25264101    0.52931609   3       7  O
   -0.52775601    0.02803726   -0.25355954   3       8  O
   -0.24635263   -0.52950333    0.02598506   3       9  O
    0.02876463   -0.24884254   -0.52770417   3      10  O

outcell: Unit cell vectors (Ang):
        5.677830    0.000000    0.000000
        3.786009    4.231299    0.000000
        3.786009    1.692731    3.877957

outcell: Cell vector modules (Ang)   :    5.677830    5.677830    5.677830
outcell: Cell angles (23,13,12) (deg):     48.1790     48.1790     48.1790
outcell: Cell volume (Ang**3)        :     93.1663
 Folding of H and S is implicitly performed
New_DM. Step:     3
Initializing Density Matrix...

siesta: Eharris(eV) =   -2966.534022


siesta: Eharris(eV) =   -2966.534022


siesta: Atomic forces (eV/Ang):
     1   -0.046819    0.101699   -0.018950
     2    0.015546   -0.027355    0.004638
     3   -0.820922    0.662169    1.883869
     4    0.599483   -0.665062   -1.177313
     5    2.973278   -6.717069    0.273487
     6    0.074490    4.185604   -6.669837
     7   -2.230157    1.722550    4.553552
     8   -2.719435    6.418316    0.157212
     9   -0.051124   -3.659817    5.889589
    10    2.214979   -2.109071   -4.756202
----------------------------------------
   Tot    0.009320   -0.088035    0.140045
----------------------------------------
   Max    6.717069
   Res    3.056464    sqrt( Sum f_i^2 / 3N )
----------------------------------------
   Max    6.717069    constrained

Stress-tensor-Voigt (kbar):      661.55      441.35      446.43      106.98       58.12       54.02
(Free)E + p*V (eV/cell)    -2975.3196
Target enthalpy (eV/cell)    -2945.2889

siesta: Stress tensor (static) (eV/Ang**3):
         0.415823    0.064702    0.033430
         0.064701    0.280523    0.038716
         0.033442    0.038716    0.283850

siesta: Pressure (static):       -523.48840925  kBar

siesta: Stress tensor (total) (eV/Ang**3):
         0.412901    0.066774    0.033707
         0.066773    0.275465    0.036274
         0.033719    0.036274    0.278639

siesta: Pressure (total):       -516.44289247  kBar

siesta: Temp_ion =     587.245 K

* Maximum dynamic memory allocated =     4 MB

siesta:                 ==============================
                            Begin MD step =      4
                        ==============================

outcoor: Atomic coordinates (fractional):                   
    0.00604892   -0.00656664    0.00112363   1       1  Mg
    0.49864505    0.50129608    0.49955014   1       2  Mg
    0.25411510    0.24890219    0.24674114   2       3  C
   -0.25477650   -0.24911403   -0.24475879   2       4  C
    0.52927179   -0.02596085    0.24453375   3       5  O
    0.24053055    0.53061843   -0.02071401   3       6  O
   -0.03316441    0.25391306    0.53137807   3       7  O
   -0.52929508    0.02971248   -0.25530862   3       8  O
   -0.24456102   -0.53188550    0.02664518   3       9  O
    0.03058279   -0.24826979   -0.52900178   3      10  O

outcell: Unit cell vectors (Ang):
        5.677830    0.000000    0.000000
        3.786009    4.231299    0.000000
        3.786009    1.692731    3.877957

outcell: Cell vector modules (Ang)   :    5.677830    5.677830    5.677830
outcell: Cell angles (23,13,12) (deg):     48.1790     48.1790     48.1790
outcell: Cell volume (Ang**3)        :     93.1663
 Folding of H and S is implicitly performed
New_DM. Step:     4
Initializing Density Matrix...

siesta: Eharris(eV) =   -2966.748444


siesta: Eharris(eV) =   -2966.748444


siesta: Atomic forces (eV/Ang):
     1   -0.083045    0.167747   -0.038381
     2    0.025443   -0.036977    0.010689
     3   -1.041233    0.871291    2.379579
     4    0.759465   -0.854576   -1.495815
     5    2.849367   -6.431877    0.358690
     6    0.083540    4.042064   -6.513590
     7   -1.920499    1.323811    3.904347
     8   -2.457331    5.989648    0.200976
     9   -0.074595   -3.319491    5.485524
    10    1.870265   -1.872116   -4.145947
----------------------------------------
   Tot    0.011377   -0.120476    0.146072
----------------------------------------
   Max    6.513590
   Res    2.871841    sqrt( Sum f_i^2 / 3N )
----------------------------------------
   Max    6.513590    constrained

Stress-tensor-Voigt (kbar):      671.10      460.46      482.22       97.69       62.86       42.95
(Free)E + p*V (eV/cell)    -2976.6465
Target enthalpy (eV/cell)    -2945.3664

siesta: Stress tensor (static) (eV/Ang**3):
         0.422429    0.057833    0.026636
         0.057832    0.294052    0.041445
         0.026653    0.041447    0.305312

siesta: Pressure (static):       -545.70343673  kBar

siesta: Stress tensor (total) (eV/Ang**3):
         0.418862    0.060974    0.026790
         0.060973    0.287394    0.039231
         0.026808    0.039233    0.300977

siesta: Pressure (total):       -537.92789607  kBar

siesta: Temp_ion =     761.029 K

* Maximum dynamic memory allocated =     4 MB

siesta:                 ==============================
                            Begin MD step =      5
                        ==============================

outcoor: Atomic coordinates (fractional):                   
    0.00804334   -0.00872990    0.00149267   1       1  Mg
    0.49819910    0.50172204    0.49940164   1       2  Mg
    0.25473417    0.24847867    0.24647438   2       3  C
   -0.25580603   -0.24888084   -0.24352575   2       4  C
    0.53171148   -0.02737522    0.24280278   3       5  O
    0.23742416    0.53365731   -0.02050393   3       6  O
   -0.03636895    0.25513128    0.53404281   3       7  O
   -0.53167077    0.03222277   -0.25702667   3       8  O
   -0.24280287   -0.53507613    0.02815218   3       9  O
    0.03303084   -0.24770587   -0.53093945   3      10  O

outcell: Unit cell vectors (Ang):
        5.677830    0.000000    0.000000
        3.786009    4.231299    0.000000
        3.786009    1.692731    3.877957

outcell: Cell vector modules (Ang)   :    5.677830    5.677830    5.677830
outcell: Cell angles (23,13,12) (deg):     48.1790     48.1790     48.1790
outcell: Cell volume (Ang**3)        :     93.1663
 Folding of H and S is implicitly performed
New_DM. Step:     5
Initializing Density Matrix...

siesta: Eharris(eV) =   -2967.074984


siesta: Eharris(eV) =   -2967.074984


siesta: Atomic forces (eV/Ang):
     1   -0.116300    0.236282   -0.047398
     2    0.030903   -0.034018    0.009065
     3   -1.108178    0.973960    2.504379
     4    0.789687   -0.928662   -1.594759
     5    2.551562   -5.737487    0.419927
     6    0.095541    3.623882   -5.981190
     7   -1.576330    0.882044    3.179356
     8   -2.093826    5.261790    0.262237
     9   -0.096768   -2.780101    4.759729
    10    1.471807   -1.577762   -3.468960
----------------------------------------
   Tot   -0.051904   -0.080072    0.042385
----------------------------------------
   Max    5.981190
   Res    2.540778    sqrt( Sum f_i^2 / 3N )
----------------------------------------
   Max    5.981190    constrained

Stress-tensor-Voigt (kbar):      684.73      499.07      530.74       82.09       61.41       31.30
(Free)E + p*V (eV/cell)    -2978.7154
Target enthalpy (eV/cell)    -2945.4822

siesta: Stress tensor (static) (eV/Ang**3):
         0.431811    0.046565    0.019295
         0.046565    0.321140    0.039816
         0.019318    0.039820    0.336040

siesta: Pressure (static):       -581.59168242  kBar

siesta: Stress tensor (total) (eV/Ang**3):
         0.427373    0.051236    0.019515
         0.051235    0.311493    0.038324
         0.019539    0.038328    0.331258

siesta: Pressure (total):       -571.51511910  kBar

siesta: Temp_ion =    1024.514 K

* Maximum dynamic memory allocated =     4 MB

siesta: Program's energy decomposition (eV):
siesta: Ebs     =      -714.755611
siesta: Eions   =      5228.674091
siesta: Ena     =      1093.495794
siesta: Ekin    =      2394.510053
siesta: Enl     =      -403.173899
siesta: DEna    =      -103.588971
siesta: DUscf   =        24.883748
siesta: DUext   =         0.000000
siesta: Exc     =      -722.934880
siesta: eta*DQ  =         0.000000
siesta: Emadel  =         0.000000
siesta: Emeta   =         0.000000
siesta: Emolmec =         0.000000
siesta: Ekinion =         1.191812
siesta: Eharris =     -2965.883172
siesta: Etot    =     -2944.290434
siesta: FreeEng =     -2944.290434

siesta: Final energy (eV):
siesta:  Band Struct. =    -714.755611
siesta:       Kinetic =    2394.510053
siesta:       Hartree =    1091.795848
siesta:    Ext. field =       0.000000
siesta:   Exch.-corr. =    -722.934880
siesta:  Ion-electron =   -4161.368853
siesta:       Ion-ion =   -1547.484413
siesta:       Ekinion =       1.191812
siesta:         Total =   -2944.290434

siesta: Atomic forces (eV/Ang):
siesta:      1   -0.116300    0.236282   -0.047398
siesta:      2    0.030903   -0.034018    0.009065
siesta:      3   -1.108178    0.973960    2.504379
siesta:      4    0.789687   -0.928662   -1.594759
siesta:      5    2.551562   -5.737487    0.419927
siesta:      6    0.095541    3.623882   -5.981190
siesta:      7   -1.576330    0.882044    3.179356
siesta:      8   -2.093826    5.261790    0.262237
siesta:      9   -0.096768   -2.780101    4.759729
siesta:     10    1.471807   -1.577762   -3.468960
siesta: ----------------------------------------
siesta:    Tot   -0.051904   -0.080072    0.042385

siesta: Stress tensor (static) (eV/Ang**3):
siesta:     0.431811    0.046565    0.019295
siesta:     0.046565    0.321140    0.039816
siesta:     0.019318    0.039820    0.336040

siesta: Cell volume =         93.166340 Ang**3

siesta: Pressure (static):
siesta:                Solid            Molecule  Units
siesta:          -0.00395350         -0.00556118  Ry/Bohr**3
siesta:          -0.36299705         -0.51060881  eV/Ang**3
siesta:        -581.59168242       -818.09435245  kBar
(Free)E+ p_basis*V_orbitals  =       -2944.287948
(Free)Eharris+ p_basis*V_orbitals  =       -2929.288045

* Maximum dynamic memory allocated : Node    0 =     4 MB
* Maximum dynamic memory allocated : Node    1 =     4 MB
* Maximum dynamic memory allocated : Node    2 =     4 MB
* Maximum dynamic memory allocated : Node    3 =     4 MB

* Maximum memory occured during ranger                        

timer: CPU execution times:
timer:  Routine       Calls   Time/call    Tot.time        %
timer:  siesta            1       6.374       6.374   100.00
timer:  Setup             1       1.563       1.563    24.52
timer:  bands             1       0.000       0.000     0.00
timer:  writewave         1       0.004       0.004     0.06
timer:  KSV_init          1       0.000       0.000     0.00
timer:  IterMD            5       0.951       4.754    74.59
timer:  hsparse           5       0.026       0.131     2.05
timer:  overlap           5       0.018       0.091     1.43
timer:  IterSCF           5       0.499       2.497    39.17
timer:  kinefsm          10       0.009       0.094     1.47
timer:  nlefsm           10       0.073       0.727    11.40
timer:  DHSCF            10       0.319       3.189    50.02
timer:  DHSCF1            1       0.180       0.180     2.82
timer:  DHSCF2            5       0.196       0.980    15.37
timer:  REORD            90       0.000       0.002     0.03
timer:  POISON           15       0.009       0.128     2.01
timer:  DHSCF3           10       0.086       0.864    13.55
timer:  rhoofd           10       0.039       0.387     6.07
timer:  cellXC           15       0.013       0.191     3.00
timer:  vmat             10       0.022       0.220     3.45
timer:  MolMec           10       0.000       0.000     0.00
timer:  diagon            5       0.012       0.061     0.96
timer:  r-eigvec          5       0.012       0.058     0.91
timer:  r-buildHS         5       0.000       0.000     0.00
timer:  rdiag             5       0.012       0.058     0.91
timer:  rdiag1            5       0.002       0.008     0.13
timer:  rdiag2            5       0.001       0.004     0.06
timer:  rdiag3            5       0.006       0.032     0.50
timer:  rdiag4            5       0.001       0.005     0.08
timer:  r-buildD          5       0.001       0.003     0.05
timer:  DHSCF4            5       0.232       1.161    18.21
timer:  dfscf             5       0.158       0.791    12.41
timer:  overfsm           5       0.003       0.014     0.22
timer:  optical           1       0.049       0.049     0.77
  

elaps: ELAPSED times:
elaps:  Routine       Calls   Time/call    Tot.time        %
elaps:  siesta            1       1.605       1.605    99.94
elaps:  Setup             1       0.394       0.394    24.53
elaps:  bands             1       0.000       0.000     0.00
elaps:  writewave         1       0.001       0.001     0.06
elaps:  KSV_init          1       0.000       0.000     0.00
elaps:  IterMD            5       0.239       1.194    74.35
elaps:  hsparse           5       0.008       0.040     2.49
elaps:  overlap           5       0.005       0.023     1.43
elaps:  IterSCF           5       0.123       0.614    38.23
elaps:  kinefsm          10       0.003       0.026     1.62
elaps:  nlefsm           10       0.020       0.200    12.45
elaps:  DHSCF            10       0.080       0.803    50.00
elaps:  DHSCF1            1       0.045       0.045     2.80
elaps:  DHSCF2            5       0.049       0.245    15.26
elaps:  REORD            90       0.000       0.002     0.12
elaps:  POISON           15       0.002       0.032     1.99
elaps:  DHSCF3           10       0.022       0.216    13.45
elaps:  rhoofd           10       0.010       0.102     6.35
elaps:  cellXC           15       0.003       0.048     2.99
elaps:  vmat             10       0.005       0.055     3.42
elaps:  MolMec           10       0.000       0.000     0.00
elaps:  diagon            5       0.003       0.016     1.00
elaps:  r-eigvec          5       0.003       0.016     1.00
elaps:  r-buildHS         5       0.000       0.000     0.00
elaps:  rdiag             5       0.003       0.016     1.00
elaps:  rdiag1            5       0.001       0.003     0.19
elaps:  rdiag2            5       0.000       0.001     0.06
elaps:  rdiag3            5       0.002       0.008     0.50
elaps:  rdiag4            5       0.000       0.002     0.12
elaps:  r-buildD          5       0.000       0.000     0.00
elaps:  DHSCF4            5       0.059       0.296    18.43
elaps:  dfscf             5       0.040       0.200    12.45
elaps:  overfsm           5       0.001       0.005     0.31
elaps:  optical           1       0.001       0.001     0.06
  
>> End of run:  24-MAR-2013  18:29:37
