Siesta Version  : v4.1-b4-351
Architecture    : x86_64-linux-n-62-26-19
Compiler version: GNU Fortran (GCC) 9.3.0
Compiler flags  : mpifort -m64 -fPIC -O3 -march=native -ftree-vectorize -fexpensive-optimizatioons -funroll-loops -fprefetch-loop-arrays -fno-second-underscore  -flto
PP flags        : -I/dtu/sw/dcc/SL73/2020-aug/generic/build-tools/1.0/include -I/dtu/sw/dcc/SL773/2020-aug/generic/gcc/9.3.0/include -I/dtu/sw/dcc/SL73/2020-aug/generic/gcc/9.3.0/include -I/dtu/sw/dcc/SL73/2020-aug/XeonE5-2660v3/gnu/9.3.0/zlib/1.2.11/include -I/dtu/sw/dcc/SL73/2020-aug/generic/numactl/2.0.12/include -I/dtu/sw/dcc/SL73/2020-aug/XeonE5-2660v3/gnu/9.3.0/libxml2/2.9.10/include -I/dtu/sw/dcc/SL73/2020-aug/XeonE5-2660v3/gnu/9.3.0/hwloc/2.2.0/include -I/dtu/sw/dcc/SL73/2020-aug/XeonE5-2660v3/gnu/9.3.0/knem/1.1.4/include -I/dtu/sw/dcc/SL73/2020-aug/XeonE5-2660v3/gnu/9.3.0/ucx/1.8.1/include -I/dtu/sw/dcc/SL73/2020-aug/XeonE5-2660v3/gnu/9.3.0/openmpi/4.0.4/include -I/dtu/sw/dcc/SL73/2020-aug/XeonE5-2660v3/gnu/9.3.0/szip/2.1.1/include -I/dtu/sw/dcc/SL73/2020-aug/XeonE5-2660v3/gnu/9.3.0/hdf5/1.12.0/include -I/dtu/sw/dcc/SL73/2020-aug/XeonE5-2660v3/gnu/9.3.0/pnetcdf/1.12.1/include -I/dtu/sw/dcc/SL73/2020-aug/generic/gen-zlib/1.2.11/include -I/dtu/sw/dcc/SL73/2020-aug/generic/openssl/1.1.1/include -I/dtu/sw/dcc/SL73/2020-aug/generic/libssh2/1.8.2/include -I/dtu/sw/dcc/SL73/2020-aug/generic/curl/7.65.1/include -I/dtu/sw/dcc/SL73/2020-aug/XeonE5-2660v3/gnu/9.3.0/netcdf/4.7.4/include -I/dtu/sw/dcc/SL73/2020-aug/XeonE5-2660v3/gnu/9.3.0/flook/0.8.1/include -I/dtu/sw/dcc/SL73/2020-aug/XeonE5-2660v3/gnu/9.3.0/fftw/3.3.8/include -I/dtu/sw/dcc/SL73/2020-aug/XeonE5-2660v3/gnu/9.3.0/parmetis/4.0.3/include -I/dtu/sw/dcc/SL73/2020-aug/XeonE5-2660v3/gnu/9.3.0/scalapack/2.1.0/include -I/dtu/sw/dcc/SL73/2020-aug/XeonE5-2660v3/gnu/9.3.0/lapack/3.9.0/include -I/dtu/sw/dcc/SL73/2020-aug/XeonE5-2660v3/gnu/9.3.0/blis/0.7.0/include -I/dtu/sw/dcc/SL73/2020-aug/XeonE5-2660v3/gnu/9.3.0/scotch/6.0.9/include -I/dtu/sw/dcc/SL73/2020-aug/XeonE5-2660v3/gnu/9.3.0/mumps/5.3.3/include -I/dtu/sw/dcc/SL73/2020-aug/XeonE5-2660v3/gnu/9.3.0/elpa/2020.05.001/include -DSIESTA__ELPA -DMPI -DFC_HAVE_FLUSH -DFC_HAVE_ABORT -DCDF -DCDF4 -DSIESTA__FLOOK  -DNCDF -DNCDF_4 -DNCDF_PARALLEL -DTS_NOCHECKS -DSIESTA__METIS -DSIESTA__MUMPS -DSIESTA__MRRR -I/dtu/sw/dcc/SL73/2020-aug/XeonE5-2660v3/gnu/9.3.0/elpa/2020.05.001/include/elpa
Libraries       : libncdf.a libfdict.a -lnetcdff -lnetcdf -lpnetcdf -lhdf5_hl -lhdf5 -lz  -lzmuumps -lmumps_common -lesmumps -lscotch -lscotcherr -lpord -lparmetis -lmetis -lelpa -lscalapack -llapack -lblis  -L/dtu/sw/dcc/SL73/2020-aug/XeonE5-2660v3/gnu/9.3.0/flook/0.8.1/lib -Wl,-rpath=/dtu/sw/dcc/SL73/2020-aug/XeonE5-2660v3/gnu/9.3.0/flook/0.8.1/lib -lflookall -ldl  -flto -fuse-linker-plugin  -lmetis
PARALLEL version
NetCDF support
NetCDF-4 support
NetCDF-4 MPI-IO support
METIS ordering support
Lua support

* Running on 8 nodes in parallel
>> Start of run:  22-JAN-2021  23:13:34

                           ***********************       
                           *  WELCOME TO SIESTA  *       
                           ***********************       

reinit: Reading from ../mgc-force.fdf

reinit: -----------------------------------------------------------------------
reinit: System Name: MgCo3 R-3c test -- SZ, 100 Ry -- Forces
reinit: -----------------------------------------------------------------------
reinit: System Label: mgc-force
reinit: -----------------------------------------------------------------------

initatom: Reading input for the pseudopotentials and atomic orbitals ----------
Species number:   1 Atomic number:   12 Label: Mg
Species number:   2 Atomic number:    6 Label: C
Species number:   3 Atomic number:    8 Label: O

Ground state valence configuration:   3s02
Reading pseudopotential information in formatted form from Mg.psf

Valence configuration for pseudopotential generation:
3s( 2.00) rc: 2.59
3p( 0.00) rc: 2.59
3d( 0.00) rc: 2.59
4f( 0.00) rc: 2.59
Ground state valence configuration:   2s02  2p02
Reading pseudopotential information in formatted form from C.psf

Valence configuration for pseudopotential generation:
2s( 2.00) rc: 1.49
2p( 2.00) rc: 1.52
3d( 0.00) rc: 1.58
Ground state valence configuration:   2s02  2p04
Reading pseudopotential information in formatted form from O.psf

Valence configuration for pseudopotential generation:
2s( 2.00) rc: 1.14
2p( 4.00) rc: 1.14
3d( 0.00) rc: 1.14
4f( 0.00) rc: 1.14
For Mg, standard SIESTA heuristics set lmxkb to 1
 (one more than the basis l, including polarization orbitals).
Use PS.lmax or PS.KBprojectors blocks to override.
For C, standard SIESTA heuristics set lmxkb to 2
 (one more than the basis l, including polarization orbitals).
Use PS.lmax or PS.KBprojectors blocks to override.
For O, standard SIESTA heuristics set lmxkb to 2
 (one more than the basis l, including polarization orbitals).
Use PS.lmax or PS.KBprojectors blocks to override.

<basis_specs>
===============================================================================
Mg                   Z=  12    Mass=  24.310        Charge= 0.17977+309
Lmxo=0 Lmxkb= 1    BasisType=split      Semic=F
L=0  Nsemic=0  Cnfigmx=3
          i=1  nzeta=1  polorb=0  (3s)
            splnorm:   0.15000    
               vcte:    0.0000    
               rinn:    0.0000    
               qcoe:    0.0000    
               qyuk:    0.0000    
               qwid:   0.10000E-01
                rcs:    0.0000    
            lambdas:    1.0000    
-------------------------------------------------------------------------------
L=0  Nkbl=1  erefs: 0.17977+309
L=1  Nkbl=1  erefs: 0.17977+309
===============================================================================
</basis_specs>

atom: Called for Mg                    (Z =  12)

read_vps: Pseudopotential generation method:
read_vps: ATM3      Troullier-Martins                       
Valence charge for ps generation:    2.00000

xc_check: Exchange-correlation functional:
xc_check: GGA Perdew, Burke & Ernzerhof 1996
xc_check: WARNING: Pseudopotential generated with LDA CA functional
V l=0 = -2*Zval/r beyond r=  3.5878
V l=1 = -2*Zval/r beyond r=  3.5878
All V_l potentials equal beyond r=  2.5600
This should be close to max(r_c) in ps generation
All pots = -2*Zval/r beyond r=  3.5878
Using large-core scheme for Vlocal

atom: Estimated core radius    3.58779

atom: Including non-local core corrections could be a good idea
atom: Maximum radius for 4*pi*r*r*local-pseudopot. charge    3.91588
atom: Maximum radius for r*vlocal+2*Zval:    3.63292
GHOST: No ghost state for L =  0
GHOST: No ghost state for L =  1

KBgen: Kleinman-Bylander projectors: 
   l= 0   rc=  2.657845   el= -0.357260   Ekb=  2.179183   kbcos=  0.258491
   l= 1   rc=  2.657845   el= -0.102714   Ekb=  0.524694   kbcos=  0.276326

KBgen: Total number of  Kleinman-Bylander projectors:    4
atom: -------------------------------------------------------------------------

atom: SANKEY-TYPE ORBITALS:

SPLIT: Orbitals with angular momentum L= 0

SPLIT: Basis orbitals for state 3s

SPLIT: PAO cut-off radius determined from an
SPLIT: energy shift=  0.020000 Ry

   izeta = 1
                 lambda =    1.000000
                     rc =    6.619780
                 energy =   -0.339275
                kinetic =    0.294377
    potential(screened) =   -0.633652
       potential(ionic) =   -1.393328
atom: Total number of Sankey-type orbitals:  1

atm_pop: Valence configuration (for local Pseudopot. screening):
 3s( 2.00)                                                            
Vna: chval, zval:    2.00000   2.00000

Vna:  Cut-off radius for the neutral-atom potential:   6.619780

atom: _________________________________________________________________________

<basis_specs>
===============================================================================
C                    Z=   6    Mass=  12.010        Charge= 0.17977+309
Lmxo=1 Lmxkb= 2    BasisType=split      Semic=F
L=0  Nsemic=0  Cnfigmx=2
          i=1  nzeta=1  polorb=0  (2s)
            splnorm:   0.15000    
               vcte:    0.0000    
               rinn:    0.0000    
               qcoe:    0.0000    
               qyuk:    0.0000    
               qwid:   0.10000E-01
                rcs:    0.0000    
            lambdas:    1.0000    
L=1  Nsemic=0  Cnfigmx=2
          i=1  nzeta=1  polorb=0  (2p)
            splnorm:   0.15000    
               vcte:    0.0000    
               rinn:    0.0000    
               qcoe:    0.0000    
               qyuk:    0.0000    
               qwid:   0.10000E-01
                rcs:    0.0000    
            lambdas:    1.0000    
-------------------------------------------------------------------------------
L=0  Nkbl=1  erefs: 0.17977+309
L=1  Nkbl=1  erefs: 0.17977+309
L=2  Nkbl=1  erefs: 0.17977+309
===============================================================================
</basis_specs>

atom: Called for C                     (Z =   6)

read_vps: Pseudopotential generation method:
read_vps: ATM3      Troullier-Martins                       
Valence charge for ps generation:    4.00000

xc_check: Exchange-correlation functional:
xc_check: GGA Perdew, Burke & Ernzerhof 1996
xc_check: WARNING: Pseudopotential generated with LDA CA functional
V l=0 = -2*Zval/r beyond r=  1.4666
V l=1 = -2*Zval/r beyond r=  1.5038
V l=2 = -2*Zval/r beyond r=  1.5612
All V_l potentials equal beyond r=  1.5612
This should be close to max(r_c) in ps generation
All pots = -2*Zval/r beyond r=  1.5612

VLOCAL1: 99.0% of the norm of Vloc inside     17.809 Ry
VLOCAL1: 99.9% of the norm of Vloc inside     40.586 Ry
atom: Maximum radius for 4*pi*r*r*local-pseudopot. charge    1.88329
atom: Maximum radius for r*vlocal+2*Zval:    1.62091
GHOST: No ghost state for L =  0
GHOST: No ghost state for L =  1
GHOST: No ghost state for L =  2

KBgen: Kleinman-Bylander projectors: 
   l= 0   rc=  1.747182   el= -1.017934   Ekb=  5.175264   kbcos=  0.302937
   l= 1   rc=  1.747182   el= -0.411266   Ekb= -4.326455   kbcos= -0.373421
   l= 2   rc=  1.955272   el=  0.001971   Ekb= -1.015784   kbcos= -0.009894

KBgen: Total number of  Kleinman-Bylander projectors:    9
atom: -------------------------------------------------------------------------

atom: SANKEY-TYPE ORBITALS:

SPLIT: Orbitals with angular momentum L= 0

SPLIT: Basis orbitals for state 2s

SPLIT: PAO cut-off radius determined from an
SPLIT: energy shift=  0.020000 Ry

   izeta = 1
                 lambda =    1.000000
                     rc =    4.088342
                 energy =   -0.997553
                kinetic =    0.913418
    potential(screened) =   -1.910971
       potential(ionic) =   -5.520388

SPLIT: Orbitals with angular momentum L= 1

SPLIT: Basis orbitals for state 2p

SPLIT: PAO cut-off radius determined from an
SPLIT: energy shift=  0.020000 Ry

   izeta = 1
                 lambda =    1.000000
                     rc =    4.870301
                 energy =   -0.393343
                kinetic =    2.601505
    potential(screened) =   -2.994848
       potential(ionic) =   -6.510548
atom: Total number of Sankey-type orbitals:  4

atm_pop: Valence configuration (for local Pseudopot. screening):
 2s( 2.00)                                                            
 2p( 2.00)                                                            
Vna: chval, zval:    4.00000   4.00000

Vna:  Cut-off radius for the neutral-atom potential:   4.870301

atom: _________________________________________________________________________

<basis_specs>
===============================================================================
O                    Z=   8    Mass=  16.000        Charge= 0.17977+309
Lmxo=1 Lmxkb= 2    BasisType=split      Semic=F
L=0  Nsemic=0  Cnfigmx=2
          i=1  nzeta=1  polorb=0  (2s)
            splnorm:   0.15000    
               vcte:    0.0000    
               rinn:    0.0000    
               qcoe:    0.0000    
               qyuk:    0.0000    
               qwid:   0.10000E-01
                rcs:    0.0000    
            lambdas:    1.0000    
L=1  Nsemic=0  Cnfigmx=2
          i=1  nzeta=1  polorb=0  (2p)
            splnorm:   0.15000    
               vcte:    0.0000    
               rinn:    0.0000    
               qcoe:    0.0000    
               qyuk:    0.0000    
               qwid:   0.10000E-01
                rcs:    0.0000    
            lambdas:    1.0000    
-------------------------------------------------------------------------------
L=0  Nkbl=1  erefs: 0.17977+309
L=1  Nkbl=1  erefs: 0.17977+309
L=2  Nkbl=1  erefs: 0.17977+309
===============================================================================
</basis_specs>

atom: Called for O                     (Z =   8)

read_vps: Pseudopotential generation method:
read_vps: ATM3      Troullier-Martins                       
Valence charge for ps generation:    6.00000

xc_check: Exchange-correlation functional:
xc_check: GGA Perdew, Burke & Ernzerhof 1996
xc_check: WARNING: Pseudopotential generated with LDA CA functional
V l=0 = -2*Zval/r beyond r=  1.1278
V l=1 = -2*Zval/r beyond r=  1.1278
V l=2 = -2*Zval/r beyond r=  1.1278
All V_l potentials equal beyond r=  1.1278
This should be close to max(r_c) in ps generation
All pots = -2*Zval/r beyond r=  1.1278

VLOCAL1: 99.0% of the norm of Vloc inside     34.126 Ry
VLOCAL1: 99.9% of the norm of Vloc inside     77.774 Ry
atom: Maximum radius for 4*pi*r*r*local-pseudopot. charge    1.37759
atom: Maximum radius for r*vlocal+2*Zval:    1.18566
GHOST: No ghost state for L =  0
GHOST: No ghost state for L =  1
GHOST: No ghost state for L =  2

KBgen: Kleinman-Bylander projectors: 
   l= 0   rc=  1.294105   el= -1.764717   Ekb=  9.120606   kbcos=  0.329038
   l= 1   rc=  1.294105   el= -0.698441   Ekb= -8.119783   kbcos= -0.400859
   l= 2   rc=  1.448233   el=  0.002031   Ekb= -2.039067   kbcos= -0.003490

KBgen: Total number of  Kleinman-Bylander projectors:    9
atom: -------------------------------------------------------------------------

atom: SANKEY-TYPE ORBITALS:

SPLIT: Orbitals with angular momentum L= 0

SPLIT: Basis orbitals for state 2s

SPLIT: PAO cut-off radius determined from an
SPLIT: energy shift=  0.020000 Ry

   izeta = 1
                 lambda =    1.000000
                     rc =    3.305093
                 energy =   -1.747165
                kinetic =    1.636523
    potential(screened) =   -3.383688
       potential(ionic) =  -11.346558

SPLIT: Orbitals with angular momentum L= 1

SPLIT: Basis orbitals for state 2p

SPLIT: PAO cut-off radius determined from an
SPLIT: energy shift=  0.020000 Ry

   izeta = 1
                 lambda =    1.000000
                     rc =    3.840021
                 energy =   -0.679240
                kinetic =    5.142096
    potential(screened) =   -5.821336
       potential(ionic) =  -13.650628
atom: Total number of Sankey-type orbitals:  4

atm_pop: Valence configuration (for local Pseudopot. screening):
 2s( 2.00)                                                            
 2p( 4.00)                                                            
Vna: chval, zval:    6.00000   6.00000

Vna:  Cut-off radius for the neutral-atom potential:   3.840021

atom: _________________________________________________________________________

prinput: Basis input ----------------------------------------------------------

PAO.BasisType split     

%block ChemicalSpeciesLabel
    1   12 Mg                      # Species index, atomic number, species label
    2    6 C                       # Species index, atomic number, species label
    3    8 O                       # Species index, atomic number, species label
%endblock ChemicalSpeciesLabel

%block PAO.Basis                 # Define Basis set
Mg                    1                    # Species label, number of l-shells
 n=3   0   1                         # n, l, Nzeta 
   6.620   
   1.000   
C                     2                    # Species label, number of l-shells
 n=2   0   1                         # n, l, Nzeta 
   4.088   
   1.000   
 n=2   1   1                         # n, l, Nzeta 
   4.870   
   1.000   
O                     2                    # Species label, number of l-shells
 n=2   0   1                         # n, l, Nzeta 
   3.305   
   1.000   
 n=2   1   1                         # n, l, Nzeta 
   3.840   
   1.000   
%endblock PAO.Basis

prinput: ----------------------------------------------------------------------

Dumping basis to NetCDF file Mg.ion.nc
Dumping basis to NetCDF file C.ion.nc
Dumping basis to NetCDF file O.ion.nc
coor:   Atomic-coordinates input format  =     Fractional

siesta: Atomic coordinates (Bohr) and species
siesta:      0.00000   0.00000   0.00000  1        1
siesta:     11.98282   5.59740   3.66414  1        2
siesta:      6.25965   2.79870   1.83207  2        3
siesta:     -6.40274  -2.95862  -1.83207  2        4
siesta:      7.25136   0.58061   1.83207  3        5
siesta:      6.25965   4.12944  -0.20079  3        6
siesta:      5.26794   3.68605   3.86493  3        7
siesta:     -7.25136  -0.58061  -1.83207  3        8
siesta:     -6.25965  -4.12944   0.20079  3        9
siesta:     -5.26794  -3.68605  -3.86493  3       10

siesta: System type = bulk      

initatomlists: Number of atoms, orbitals, and projectors:     10    34    80

siesta: ******************** Simulation parameters ****************************
siesta:
siesta: The following are some of the parameters of the simulation.
siesta: A complete list of the parameters used, including default values,
siesta: can be found in file out.fdf
siesta:
redata: Spin configuration                          = none
redata: Number of spin components                   = 1
redata: Time-Reversal Symmetry                      = T
redata: Spin spiral                                 = F
redata: Long output                                 =   F
redata: Number of Atomic Species                    =        3
redata: Charge density info will appear in .RHO file
redata: Write Mulliken Pop.                         = NO
redata: Matel table size (NRTAB)                    =     1024
redata: Mesh Cutoff                                 =   100.0000 Ry
redata: Net charge of the system                    =     0.0000 |e|
redata: Min. number of SCF Iter                     =        0
redata: Max. number of SCF Iter                     =     1000
redata: SCF convergence failure will abort job
redata: SCF mix quantity                            = Hamiltonian
redata: Mix DM or H after convergence               =   F
redata: Recompute H after scf cycle                 =   F
redata: Mix DM in first SCF step                    =   T
redata: Write Pulay info on disk                    =   F
redata: New DM Occupancy tolerance                  = 0.000000000001
redata: No kicks to SCF
redata: DM Mixing Weight for Kicks                  =     0.5000
redata: Require Harris convergence for SCF          =   F
redata: Harris energy tolerance for SCF             =     0.000100 eV
redata: Require DM convergence for SCF              =   T
redata: DM tolerance for SCF                        =     0.000100
redata: Require EDM convergence for SCF             =   F
redata: EDM tolerance for SCF                       =     0.001000 eV
redata: Require H convergence for SCF               =   T
redata: Hamiltonian tolerance for SCF               =     0.001000 eV
redata: Require (free) Energy convergence for SCF   =   F
redata: (free) Energy tolerance for SCF             =     0.000100 eV
redata: Using Saved Data (generic)                  =   F
redata: Use continuation files for DM               =   T
redata: Neglect nonoverlap interactions             =   F
redata: Method of Calculation                       = Diagonalization
redata: Electronic Temperature                      =   299.9869 K
redata: Fix the spin of the system                  =   F
redata: Dynamics option                             = Single-point calculation
mix.SCF: Broyden mixing                          = Broyden
mix.SCF:    History steps                        = 4
mix.SCF:    Linear mixing weight                 =     0.100000
mix.SCF:    Inverse Jacobian weight              =     0.100000
mix.SCF:    Weight prime                         =     0.100000
mix.SCF:    SVD condition                        = 0.1000E-07
redata: Save all siesta data in one NC              =   F
redata: ***********************************************************************

%block SCF.Mixers
  Broyden
%endblock SCF.Mixers

%block SCF.Mixer.Broyden
  # Mixing method
  method broyden

  # Mixing options
  weight 0.1000
  weight.linear 0.1000
  weight.prime 0.1000
  history 4
%endblock SCF.Mixer.Broyden

DM_history_depth set to one: no extrapolation allowed by default for geometry relaxation
Size of DM history Fstack: 1
Total number of electrons:    48.000000
Total ionic charge:    48.000000

* ProcessorY, Blocksize:    2   4


* Orbital distribution balance (max,min):     6     4

 Kpoints in:          154 . Kpoints trimmed:          154

siesta: k-grid: Number of k-points =   154
siesta: k-grid: Cutoff (effective) =    16.222 Ang
siesta: k-grid: Supercell and displacements
siesta: k-grid:   -7   0   7      0.500
siesta: k-grid:    0  -7   7      0.000
siesta: k-grid:    0   0   6      0.000

diag: Algorithm                                     = D&C
diag: Parallel over k                               =   F
diag: Use parallel 2D distribution                  =   T
diag: Parallel block-size                           = 4
diag: Parallel distribution                         =     2 x     4
diag: Used triangular part                          = Lower
diag: Absolute tolerance                            =  0.100E-15
diag: Orthogonalization factor                      =  0.100E-05
diag: Memory factor                                 =  1.0000

superc: Internal auxiliary supercell:     5 x     5 x     5  =     125
superc: Number of atoms, orbitals, and projectors:   1250   4250  10000


ts: **************************************************************
ts: Save H and S matrices                           =    F
ts: Save DM and EDM matrices                        =    F
ts: Only save the overlap matrix S                  =    F
ts: **************************************************************

************************ Begin: TS CHECKS AND WARNINGS ************************
************************ End: TS CHECKS AND WARNINGS **************************


                     ====================================
                        Single-point calculation
                     ====================================

outcoor: Atomic coordinates (fractional):                   
    0.00000000    0.00000000    0.00000000   1       1  Mg
    0.45000000    0.50000000    0.50000000   1       2  Mg
    0.25000000    0.25000000    0.25000000   2       3  C
   -0.25000000   -0.27000000   -0.25000000   2       4  C
    0.52740000   -0.02740000    0.25000000   3       5  O
    0.25000000    0.52740000   -0.02740000   3       6  O
   -0.02740000    0.25000000    0.52740000   3       7  O
   -0.52740000    0.02740000   -0.25000000   3       8  O
   -0.25000000   -0.52740000    0.02740000   3       9  O
    0.02740000   -0.25000000   -0.52740000   3      10  O

superc: Internal auxiliary supercell:     5 x     5 x     5  =     125
superc: Number of atoms, orbitals, and projectors:   1250   4250  10000

outcell: Unit cell vectors (Ang):
        5.677830    0.000000    0.000000
        3.786009    4.231299    0.000000
        3.786009    1.692731    3.877957

outcell: Cell vector modules (Ang)   :    5.677830    5.677830    5.677830
outcell: Cell angles (23,13,12) (deg):     48.1790     48.1790     48.1790
outcell: Cell volume (Ang**3)        :     93.1663
<dSpData1D:S at geom step 0
  <sparsity:sparsity for geom step 0
    nrows_g=34 nrows=6 sparsity=2.0779 nnzs=2402, refcount: 7>
  <dData1D:(new from dSpData1D) n=2402, refcount: 1>
refcount: 1>
new_DM -- step:     1
Initializing Density Matrix...

Attempting to read DM from file... Failed...
DM filled with atomic data:
<dSpData2D:DM initialized from atoms
  <sparsity:sparsity for geom step 0
    nrows_g=34 nrows=6 sparsity=2.0779 nnzs=2402, refcount: 8>
  <dData2D:DM n=2402 m=1, refcount: 1>
refcount: 1>
No. of atoms with KB's overlaping orbs in proc 0. Max # of overlaps:      89      88
New grid distribution:   1
           1       1:   16    1:    8    1:    4
           2       1:   16    1:    8    5:    8
           3       1:   16    1:    8    9:   12
           4       1:   16    1:    8   13:   16
           5       1:   16    9:   16    1:    4
           6       1:   16    9:   16    5:    8
           7       1:   16    9:   16    9:   12
           8       1:   16    9:   16   13:   16

InitMesh: MESH =    32 x    32 x    32 =       32768
InitMesh: (bp) =    16 x    16 x    16 =        4096
InitMesh: Mesh cutoff (required, used) =   100.000   112.857 Ry
ExtMesh (bp) on 0 =    76 x    68 x    64 =      330752
New grid distribution:   2
           1       9:   16    8:   16    1:    8
           2       8:   16    1:    7    1:    8
           3       9:   16    1:    9    9:   16
           4      10:   16   10:   16    9:   16
           5       1:    8    8:   16    1:    8
           6       1:    7    1:    7    1:    8
           7       1:    8    1:    9    9:   16
           8       1:    9   10:   16    9:   16
New grid distribution:   3
           1       1:    8    9:   16    9:   16
           2       9:   16    1:    8    1:    8
           3       9:   16    1:    8    9:   16
           4       9:   16    9:   16    1:    8
           5       1:    8    1:    8    9:   16
           6       1:    8    1:    8    1:    8
           7       9:   16    9:   16    9:   16
           8       1:    8    9:   16    1:    8
Setting up quadratic distribution...
ExtMesh (bp) on 0 =    68 x    69 x    68 =      319056
PhiOnMesh: Number of (b)points on node 0 =                  576
PhiOnMesh: nlist on node 0 =                11442

stepf: Fermi-Dirac step function

siesta: Program's energy decomposition (eV):
siesta: Ebs     =      -524.028635
siesta: Eions   =      5228.674091
siesta: Ena     =      1065.206660
siesta: Ekin    =      2412.564479
siesta: Enl     =      -404.885701
siesta: Eso     =         0.000000
siesta: Edftu   =         0.000000
siesta: DEna    =       -85.158594
siesta: DUscf   =        20.077492
siesta: DUext   =         0.000000
siesta: Exc     =      -738.925685
siesta: eta*DQ  =         0.000000
siesta: Emadel  =         0.000000
siesta: Emeta   =         0.000000
siesta: Emolmec =         0.000000
siesta: Ekinion =         0.000000
siesta: Eharris =     -2922.838998
siesta: Etot    =     -2959.795442
siesta: FreeEng =     -2959.795442

        iscf     Eharris(eV)        E_KS(eV)     FreeEng(eV)     dDmax    Ef(eV) dHmax(eV)
   scf:    1    -2922.838998    -2959.795442    -2959.795442  1.731167 -1.431606  4.924767
timer: Routine,Calls,Time,% = IterSCF        1       1.476  67.40
   scf:    2    -2965.261691    -2962.625218    -2962.625218  0.067852 -1.589287  4.009638
   scf:    3    -2968.249811    -2966.991471    -2966.991471  0.294682 -2.030568  1.058126
   scf:    4    -2967.012519    -2967.002092    -2967.002092  0.002178 -2.021830  1.018832
   scf:    5    -2967.127690    -2967.100581    -2967.100581  0.040472 -1.738572  0.583667
   scf:    6    -2967.107117    -2967.106156    -2967.106156  0.009909 -1.752646  0.269630
   scf:    7    -2967.116196    -2967.111775    -2967.111775  0.006212 -1.713718  0.105933
   scf:    8    -2967.114303    -2967.113375    -2967.113375  0.004481 -1.695997  0.020449
   scf:    9    -2967.113407    -2967.113392    -2967.113392  0.000143 -1.696583  0.016994
   scf:   10    -2967.113430    -2967.113412    -2967.113412  0.000194 -1.698013  0.013971
   scf:   11    -2967.113452    -2967.113433    -2967.113433  0.000259 -1.697847  0.006732
   scf:   12    -2967.113449    -2967.113441    -2967.113441  0.000230 -1.697375  0.004567
   scf:   13    -2967.113445    -2967.113443    -2967.113443  0.000072 -1.697347  0.003666
   scf:   14    -2967.113445    -2967.113444    -2967.113444  0.000058 -1.697416  0.002846
   scf:   15    -2967.113445    -2967.113445    -2967.113445  0.000050 -1.697544  0.001811
   scf:   16    -2967.113445    -2967.113445    -2967.113445  0.000036 -1.697669  0.001026
   scf:   17    -2967.113445    -2967.113445    -2967.113445  0.000018 -1.697776  0.000790

SCF Convergence by DM+H criterion
max |DM_out - DM_in|         :     0.0000175340
max |H_out - H_in|      (eV) :     0.0007904920
SCF cycle converged after 17 iterations

Using DM_out to compute the final energy and forces
No. of atoms with KB's overlaping orbs in proc 0. Max # of overlaps:      89      88

siesta: E_KS(eV) =            -2967.1134

siesta: E_KS - E_eggbox =     -2967.1134

siesta: Atomic forces (eV/Ang):
     1   -0.746310   -0.465946   -0.072605
     2    2.611001   -0.336851    0.123028
     3   -0.146041    0.052486    0.220934
     4   -0.555060    5.063963   -2.690313
     5    3.008174   -6.897162   -0.044357
     6   -0.134822    4.217442   -6.457927
     7   -2.846660    2.687731    6.311276
     8   -2.657927    3.720447    0.204905
     9   -0.166914   -5.690381    8.262985
    10    1.683019   -2.322446   -5.854016
----------------------------------------
   Tot    0.048460    0.029281    0.003908
----------------------------------------
   Max    8.262985
   Res    3.542167    sqrt( Sum f_i^2 / 3N )
----------------------------------------
   Max    8.262985    constrained

Stress tensor Voigt[x,y,z,yz,xz,xy] (kbar):       29.38     -215.09     -322.27       81.53      101.15      160.85
(Free)E + p*V (eV/cell)    -2957.2672
Target enthalpy (eV/cell)    -2967.1134

siesta: Program's energy decomposition (eV):
siesta: Ebs     =      -581.713410
siesta: Eions   =      5228.674091
siesta: Ena     =      1065.206660
siesta: Ekin    =      2329.483387
siesta: Enl     =      -375.932776
siesta: Eso     =         0.000000
siesta: Edftu   =         0.000000
siesta: DEna    =       -40.801032
siesta: DUscf   =         7.339420
siesta: DUext   =         0.000000
siesta: Exc     =      -723.735013
siesta: eta*DQ  =         0.000000
siesta: Emadel  =         0.000000
siesta: Emeta   =         0.000000
siesta: Emolmec =         0.000000
siesta: Ekinion =         0.000000
siesta: Eharris =     -2967.113445
siesta: Etot    =     -2967.113445
siesta: FreeEng =     -2967.113445

siesta: Final energy (eV):
siesta:  Band Struct. =    -581.713410
siesta:       Kinetic =    2329.483387
siesta:       Hartree =    1064.573689
siesta:       Edftu   =       0.000000
siesta:       Eso     =       0.000000
siesta:    Ext. field =       0.000000
siesta:   Exch.-corr. =    -723.735013
siesta:  Ion-electron =   -4099.774764
siesta:       Ion-ion =   -1537.660744
siesta:       Ekinion =       0.000000
siesta:         Total =   -2967.113445
siesta:         Fermi =      -1.697776

siesta: Atomic forces (eV/Ang):
siesta:      1   -0.746310   -0.465946   -0.072605
siesta:      2    2.611001   -0.336851    0.123028
siesta:      3   -0.146041    0.052486    0.220934
siesta:      4   -0.555060    5.063963   -2.690313
siesta:      5    3.008174   -6.897162   -0.044357
siesta:      6   -0.134822    4.217442   -6.457927
siesta:      7   -2.846660    2.687731    6.311276
siesta:      8   -2.657927    3.720447    0.204905
siesta:      9   -0.166914   -5.690381    8.262985
siesta:     10    1.683019   -2.322446   -5.854016
siesta: ----------------------------------------
siesta:    Tot    0.048460    0.029281    0.003908

siesta: Stress tensor (static) (eV/Ang**3):
siesta:     0.018337    0.100394    0.063133
siesta:     0.100394   -0.134248    0.050887
siesta:     0.063133    0.050887   -0.201144

siesta: Cell volume =         93.166340 Ang**3

siesta: Pressure (static):
siesta:                Solid            Molecule  Units
siesta:           0.00115104         -0.00179925  Ry/Bohr**3
siesta:           0.10568503         -0.16520061  eV/Ang**3
siesta:         169.32792175       -264.68342134  kBar
(Free)E+ p_basis*V_orbitals  =       -2965.947901
(Free)Eharris+ p_basis*V_orbitals  =       -2965.947901

cite: Please see "mgc-force.bib" for an exhaustive BiBTeX file.
cite: Please clearly indicate Siesta version in published work: v4.1-b4-351
cite: This calculation has made use of the following articles
cite: which are encouraged to be cited in a published work.
        Primary SIESTA paper
          DOI: www.doi.org/10.1088/0953-8984/14/11/302

>> End of run:  22-JAN-2021  23:13:59
Job completed
