Siesta Version  : v4.1-b4-351
Architecture    : x86_64-linux-n-62-26-19
Compiler version: GNU Fortran (GCC) 9.3.0
Compiler flags  : mpifort -m64 -fPIC -O3 -march=native -ftree-vectorize -fexpensive-optimizatioons -funroll-loops -fprefetch-loop-arrays -fno-second-underscore  -flto
PP flags        : -I/dtu/sw/dcc/SL73/2020-aug/generic/build-tools/1.0/include -I/dtu/sw/dcc/SL773/2020-aug/generic/gcc/9.3.0/include -I/dtu/sw/dcc/SL73/2020-aug/generic/gcc/9.3.0/include -I/dtu/sw/dcc/SL73/2020-aug/XeonE5-2660v3/gnu/9.3.0/zlib/1.2.11/include -I/dtu/sw/dcc/SL73/2020-aug/generic/numactl/2.0.12/include -I/dtu/sw/dcc/SL73/2020-aug/XeonE5-2660v3/gnu/9.3.0/libxml2/2.9.10/include -I/dtu/sw/dcc/SL73/2020-aug/XeonE5-2660v3/gnu/9.3.0/hwloc/2.2.0/include -I/dtu/sw/dcc/SL73/2020-aug/XeonE5-2660v3/gnu/9.3.0/knem/1.1.4/include -I/dtu/sw/dcc/SL73/2020-aug/XeonE5-2660v3/gnu/9.3.0/ucx/1.8.1/include -I/dtu/sw/dcc/SL73/2020-aug/XeonE5-2660v3/gnu/9.3.0/openmpi/4.0.4/include -I/dtu/sw/dcc/SL73/2020-aug/XeonE5-2660v3/gnu/9.3.0/szip/2.1.1/include -I/dtu/sw/dcc/SL73/2020-aug/XeonE5-2660v3/gnu/9.3.0/hdf5/1.12.0/include -I/dtu/sw/dcc/SL73/2020-aug/XeonE5-2660v3/gnu/9.3.0/pnetcdf/1.12.1/include -I/dtu/sw/dcc/SL73/2020-aug/generic/gen-zlib/1.2.11/include -I/dtu/sw/dcc/SL73/2020-aug/generic/openssl/1.1.1/include -I/dtu/sw/dcc/SL73/2020-aug/generic/libssh2/1.8.2/include -I/dtu/sw/dcc/SL73/2020-aug/generic/curl/7.65.1/include -I/dtu/sw/dcc/SL73/2020-aug/XeonE5-2660v3/gnu/9.3.0/netcdf/4.7.4/include -I/dtu/sw/dcc/SL73/2020-aug/XeonE5-2660v3/gnu/9.3.0/flook/0.8.1/include -I/dtu/sw/dcc/SL73/2020-aug/XeonE5-2660v3/gnu/9.3.0/fftw/3.3.8/include -I/dtu/sw/dcc/SL73/2020-aug/XeonE5-2660v3/gnu/9.3.0/parmetis/4.0.3/include -I/dtu/sw/dcc/SL73/2020-aug/XeonE5-2660v3/gnu/9.3.0/scalapack/2.1.0/include -I/dtu/sw/dcc/SL73/2020-aug/XeonE5-2660v3/gnu/9.3.0/lapack/3.9.0/include -I/dtu/sw/dcc/SL73/2020-aug/XeonE5-2660v3/gnu/9.3.0/blis/0.7.0/include -I/dtu/sw/dcc/SL73/2020-aug/XeonE5-2660v3/gnu/9.3.0/scotch/6.0.9/include -I/dtu/sw/dcc/SL73/2020-aug/XeonE5-2660v3/gnu/9.3.0/mumps/5.3.3/include -I/dtu/sw/dcc/SL73/2020-aug/XeonE5-2660v3/gnu/9.3.0/elpa/2020.05.001/include -DSIESTA__ELPA -DMPI -DFC_HAVE_FLUSH -DFC_HAVE_ABORT -DCDF -DCDF4 -DSIESTA__FLOOK  -DNCDF -DNCDF_4 -DNCDF_PARALLEL -DTS_NOCHECKS -DSIESTA__METIS -DSIESTA__MUMPS -DSIESTA__MRRR -I/dtu/sw/dcc/SL73/2020-aug/XeonE5-2660v3/gnu/9.3.0/elpa/2020.05.001/include/elpa
Libraries       : libncdf.a libfdict.a -lnetcdff -lnetcdf -lpnetcdf -lhdf5_hl -lhdf5 -lz  -lzmuumps -lmumps_common -lesmumps -lscotch -lscotcherr -lpord -lparmetis -lmetis -lelpa -lscalapack -llapack -lblis  -L/dtu/sw/dcc/SL73/2020-aug/XeonE5-2660v3/gnu/9.3.0/flook/0.8.1/lib -Wl,-rpath=/dtu/sw/dcc/SL73/2020-aug/XeonE5-2660v3/gnu/9.3.0/flook/0.8.1/lib -lflookall -ldl  -flto -fuse-linker-plugin  -lmetis
PARALLEL version
NetCDF support
NetCDF-4 support
NetCDF-4 MPI-IO support
METIS ordering support
Lua support

* Running on 8 nodes in parallel
>> Start of run:  22-JAN-2021  23:14:01

                           ***********************       
                           *  WELCOME TO SIESTA  *       
                           ***********************       

reinit: Reading from ../mgco3.fdf

reinit: -----------------------------------------------------------------------
reinit: System Name: MgCo3 R-3c test -- SZ, 100 Ry
reinit: -----------------------------------------------------------------------
reinit: System Label: mgco3
reinit: -----------------------------------------------------------------------

initatom: Reading input for the pseudopotentials and atomic orbitals ----------
Species number:   1 Atomic number:   12 Label: Mg
Species number:   2 Atomic number:    6 Label: C
Species number:   3 Atomic number:    8 Label: O

Ground state valence configuration:   3s02
Reading pseudopotential information in formatted form from Mg.psf

Valence configuration for pseudopotential generation:
3s( 2.00) rc: 2.59
3p( 0.00) rc: 2.59
3d( 0.00) rc: 2.59
4f( 0.00) rc: 2.59
Ground state valence configuration:   2s02  2p02
Reading pseudopotential information in formatted form from C.psf

Valence configuration for pseudopotential generation:
2s( 2.00) rc: 1.49
2p( 2.00) rc: 1.52
3d( 0.00) rc: 1.58
Ground state valence configuration:   2s02  2p04
Reading pseudopotential information in formatted form from O.psf

Valence configuration for pseudopotential generation:
2s( 2.00) rc: 1.14
2p( 4.00) rc: 1.14
3d( 0.00) rc: 1.14
4f( 0.00) rc: 1.14
For Mg, standard SIESTA heuristics set lmxkb to 1
 (one more than the basis l, including polarization orbitals).
Use PS.lmax or PS.KBprojectors blocks to override.
For C, standard SIESTA heuristics set lmxkb to 2
 (one more than the basis l, including polarization orbitals).
Use PS.lmax or PS.KBprojectors blocks to override.
For O, standard SIESTA heuristics set lmxkb to 2
 (one more than the basis l, including polarization orbitals).
Use PS.lmax or PS.KBprojectors blocks to override.

<basis_specs>
===============================================================================
Mg                   Z=  12    Mass=  24.310        Charge= 0.17977+309
Lmxo=0 Lmxkb= 1    BasisType=split      Semic=F
L=0  Nsemic=0  Cnfigmx=3
          i=1  nzeta=1  polorb=0  (3s)
            splnorm:   0.15000    
               vcte:    0.0000    
               rinn:    0.0000    
               qcoe:    0.0000    
               qyuk:    0.0000    
               qwid:   0.10000E-01
                rcs:    0.0000    
            lambdas:    1.0000    
-------------------------------------------------------------------------------
L=0  Nkbl=1  erefs: 0.17977+309
L=1  Nkbl=1  erefs: 0.17977+309
===============================================================================
</basis_specs>

atom: Called for Mg                    (Z =  12)

read_vps: Pseudopotential generation method:
read_vps: ATM3      Troullier-Martins                       
Valence charge for ps generation:    2.00000

xc_check: Exchange-correlation functional:
xc_check: Ceperley-Alder
V l=0 = -2*Zval/r beyond r=  3.5878
V l=1 = -2*Zval/r beyond r=  3.5878
All V_l potentials equal beyond r=  2.5600
This should be close to max(r_c) in ps generation
All pots = -2*Zval/r beyond r=  3.5878
Using large-core scheme for Vlocal

atom: Estimated core radius    3.58779

atom: Including non-local core corrections could be a good idea
atom: Maximum radius for 4*pi*r*r*local-pseudopot. charge    3.91588
atom: Maximum radius for r*vlocal+2*Zval:    3.63292
GHOST: No ghost state for L =  0
GHOST: No ghost state for L =  1

KBgen: Kleinman-Bylander projectors: 
   l= 0   rc=  2.657845   el= -0.351328   Ekb=  2.184400   kbcos=  0.257081
   l= 1   rc=  2.657845   el= -0.101748   Ekb=  0.525536   kbcos=  0.270508

KBgen: Total number of  Kleinman-Bylander projectors:    4
atom: -------------------------------------------------------------------------

atom: SANKEY-TYPE ORBITALS:

SPLIT: Orbitals with angular momentum L= 0

SPLIT: Basis orbitals for state 3s

SPLIT: PAO cut-off radius determined from an
SPLIT: energy shift=  0.020000 Ry

   izeta = 1
                 lambda =    1.000000
                     rc =    6.619780
                 energy =   -0.332103
                kinetic =    0.289627
    potential(screened) =   -0.621729
       potential(ionic) =   -1.387191
atom: Total number of Sankey-type orbitals:  1

atm_pop: Valence configuration (for local Pseudopot. screening):
 3s( 2.00)                                                            
Vna: chval, zval:    2.00000   2.00000

Vna:  Cut-off radius for the neutral-atom potential:   6.619780

atom: _________________________________________________________________________

<basis_specs>
===============================================================================
C                    Z=   6    Mass=  12.010        Charge= 0.17977+309
Lmxo=1 Lmxkb= 2    BasisType=split      Semic=F
L=0  Nsemic=0  Cnfigmx=2
          i=1  nzeta=1  polorb=0  (2s)
            splnorm:   0.15000    
               vcte:    0.0000    
               rinn:    0.0000    
               qcoe:    0.0000    
               qyuk:    0.0000    
               qwid:   0.10000E-01
                rcs:    0.0000    
            lambdas:    1.0000    
L=1  Nsemic=0  Cnfigmx=2
          i=1  nzeta=1  polorb=0  (2p)
            splnorm:   0.15000    
               vcte:    0.0000    
               rinn:    0.0000    
               qcoe:    0.0000    
               qyuk:    0.0000    
               qwid:   0.10000E-01
                rcs:    0.0000    
            lambdas:    1.0000    
-------------------------------------------------------------------------------
L=0  Nkbl=1  erefs: 0.17977+309
L=1  Nkbl=1  erefs: 0.17977+309
L=2  Nkbl=1  erefs: 0.17977+309
===============================================================================
</basis_specs>

atom: Called for C                     (Z =   6)

read_vps: Pseudopotential generation method:
read_vps: ATM3      Troullier-Martins                       
Valence charge for ps generation:    4.00000

xc_check: Exchange-correlation functional:
xc_check: Ceperley-Alder
V l=0 = -2*Zval/r beyond r=  1.4666
V l=1 = -2*Zval/r beyond r=  1.5038
V l=2 = -2*Zval/r beyond r=  1.5612
All V_l potentials equal beyond r=  1.5612
This should be close to max(r_c) in ps generation
All pots = -2*Zval/r beyond r=  1.5612

VLOCAL1: 99.0% of the norm of Vloc inside     17.809 Ry
VLOCAL1: 99.9% of the norm of Vloc inside     40.586 Ry
atom: Maximum radius for 4*pi*r*r*local-pseudopot. charge    1.88329
atom: Maximum radius for r*vlocal+2*Zval:    1.62091
GHOST: No ghost state for L =  0
GHOST: No ghost state for L =  1
GHOST: No ghost state for L =  2

KBgen: Kleinman-Bylander projectors: 
   l= 0   rc=  1.747182   el= -1.001947   Ekb=  5.181700   kbcos=  0.300603
   l= 1   rc=  1.747182   el= -0.398598   Ekb= -4.328763   kbcos= -0.367074
   l= 2   rc=  1.955272   el=  0.002326   Ekb= -1.016175   kbcos= -0.009979

KBgen: Total number of  Kleinman-Bylander projectors:    9
atom: -------------------------------------------------------------------------

atom: SANKEY-TYPE ORBITALS:

SPLIT: Orbitals with angular momentum L= 0

SPLIT: Basis orbitals for state 2s

SPLIT: PAO cut-off radius determined from an
SPLIT: energy shift=  0.020000 Ry

   izeta = 1
                 lambda =    1.000000
                     rc =    4.191849
                 energy =   -0.983897
                kinetic =    0.886956
    potential(screened) =   -1.870853
       potential(ionic) =   -5.479661

SPLIT: Orbitals with angular momentum L= 1

SPLIT: Basis orbitals for state 2p

SPLIT: PAO cut-off radius determined from an
SPLIT: energy shift=  0.020000 Ry

   izeta = 1
                 lambda =    1.000000
                     rc =    4.870301
                 energy =   -0.379093
                kinetic =    2.545357
    potential(screened) =   -2.924450
       potential(ionic) =   -6.433151
atom: Total number of Sankey-type orbitals:  4

atm_pop: Valence configuration (for local Pseudopot. screening):
 2s( 2.00)                                                            
 2p( 2.00)                                                            
Vna: chval, zval:    4.00000   4.00000

Vna:  Cut-off radius for the neutral-atom potential:   4.870301

atom: _________________________________________________________________________

<basis_specs>
===============================================================================
O                    Z=   8    Mass=  16.000        Charge= 0.17977+309
Lmxo=1 Lmxkb= 2    BasisType=split      Semic=F
L=0  Nsemic=0  Cnfigmx=2
          i=1  nzeta=1  polorb=0  (2s)
            splnorm:   0.15000    
               vcte:    0.0000    
               rinn:    0.0000    
               qcoe:    0.0000    
               qyuk:    0.0000    
               qwid:   0.10000E-01
                rcs:    0.0000    
            lambdas:    1.0000    
L=1  Nsemic=0  Cnfigmx=2
          i=1  nzeta=1  polorb=0  (2p)
            splnorm:   0.15000    
               vcte:    0.0000    
               rinn:    0.0000    
               qcoe:    0.0000    
               qyuk:    0.0000    
               qwid:   0.10000E-01
                rcs:    0.0000    
            lambdas:    1.0000    
-------------------------------------------------------------------------------
L=0  Nkbl=1  erefs: 0.17977+309
L=1  Nkbl=1  erefs: 0.17977+309
L=2  Nkbl=1  erefs: 0.17977+309
===============================================================================
</basis_specs>

atom: Called for O                     (Z =   8)

read_vps: Pseudopotential generation method:
read_vps: ATM3      Troullier-Martins                       
Valence charge for ps generation:    6.00000

xc_check: Exchange-correlation functional:
xc_check: Ceperley-Alder
V l=0 = -2*Zval/r beyond r=  1.1278
V l=1 = -2*Zval/r beyond r=  1.1278
V l=2 = -2*Zval/r beyond r=  1.1278
All V_l potentials equal beyond r=  1.1278
This should be close to max(r_c) in ps generation
All pots = -2*Zval/r beyond r=  1.1278

VLOCAL1: 99.0% of the norm of Vloc inside     34.126 Ry
VLOCAL1: 99.9% of the norm of Vloc inside     77.774 Ry
atom: Maximum radius for 4*pi*r*r*local-pseudopot. charge    1.37759
atom: Maximum radius for r*vlocal+2*Zval:    1.18566
GHOST: No ghost state for L =  0
GHOST: No ghost state for L =  1
GHOST: No ghost state for L =  2

KBgen: Kleinman-Bylander projectors: 
   l= 0   rc=  1.294105   el= -1.742414   Ekb=  9.135903   kbcos=  0.326910
   l= 1   rc=  1.294105   el= -0.676589   Ekb= -8.124878   kbcos= -0.395047
   l= 2   rc=  1.448233   el=  0.002386   Ekb= -2.039267   kbcos= -0.003484

KBgen: Total number of  Kleinman-Bylander projectors:    9
atom: -------------------------------------------------------------------------

atom: SANKEY-TYPE ORBITALS:

SPLIT: Orbitals with angular momentum L= 0

SPLIT: Basis orbitals for state 2s

SPLIT: PAO cut-off radius determined from an
SPLIT: energy shift=  0.020000 Ry

   izeta = 1
                 lambda =    1.000000
                     rc =    3.305093
                 energy =   -1.723766
                kinetic =    1.614911
    potential(screened) =   -3.338677
       potential(ionic) =  -11.304675

SPLIT: Orbitals with angular momentum L= 1

SPLIT: Basis orbitals for state 2p

SPLIT: PAO cut-off radius determined from an
SPLIT: energy shift=  0.020000 Ry

   izeta = 1
                 lambda =    1.000000
                     rc =    3.937239
                 energy =   -0.658841
                kinetic =    5.005986
    potential(screened) =   -5.664827
       potential(ionic) =  -13.452360
atom: Total number of Sankey-type orbitals:  4

atm_pop: Valence configuration (for local Pseudopot. screening):
 2s( 2.00)                                                            
 2p( 4.00)                                                            
Vna: chval, zval:    6.00000   6.00000

Vna:  Cut-off radius for the neutral-atom potential:   3.937239

atom: _________________________________________________________________________

prinput: Basis input ----------------------------------------------------------

PAO.BasisType split     

%block ChemicalSpeciesLabel
    1   12 Mg                      # Species index, atomic number, species label
    2    6 C                       # Species index, atomic number, species label
    3    8 O                       # Species index, atomic number, species label
%endblock ChemicalSpeciesLabel

%block PAO.Basis                 # Define Basis set
Mg                    1                    # Species label, number of l-shells
 n=3   0   1                         # n, l, Nzeta 
   6.620   
   1.000   
C                     2                    # Species label, number of l-shells
 n=2   0   1                         # n, l, Nzeta 
   4.192   
   1.000   
 n=2   1   1                         # n, l, Nzeta 
   4.870   
   1.000   
O                     2                    # Species label, number of l-shells
 n=2   0   1                         # n, l, Nzeta 
   3.305   
   1.000   
 n=2   1   1                         # n, l, Nzeta 
   3.937   
   1.000   
%endblock PAO.Basis

prinput: ----------------------------------------------------------------------

Dumping basis to NetCDF file Mg.ion.nc
Dumping basis to NetCDF file C.ion.nc
Dumping basis to NetCDF file O.ion.nc
coor:   Atomic-coordinates input format  =     Fractional

siesta: Atomic coordinates (Bohr) and species
siesta:      0.00000   0.00000   0.00000  1        1
siesta:     12.51930   5.59740   3.66414  1        2
siesta:      6.25965   2.79870   1.83207  2        3
siesta:     -6.25965  -2.79870  -1.83207  2        4
siesta:      7.25136   0.58061   1.83207  3        5
siesta:      6.25965   4.12944  -0.20079  3        6
siesta:      5.26794   3.68605   3.86493  3        7
siesta:     -7.25136  -0.58061  -1.83207  3        8
siesta:     -6.25965  -4.12944   0.20079  3        9
siesta:     -5.26794  -3.68605  -3.86493  3       10

siesta: System type = bulk      

initatomlists: Number of atoms, orbitals, and projectors:     10    34    80

siesta: ******************** Simulation parameters ****************************
siesta:
siesta: The following are some of the parameters of the simulation.
siesta: A complete list of the parameters used, including default values,
siesta: can be found in file out.fdf
siesta:
redata: Spin configuration                          = none
redata: Number of spin components                   = 1
redata: Time-Reversal Symmetry                      = T
redata: Spin spiral                                 = F
redata: Long output                                 =   F
redata: Number of Atomic Species                    =        3
redata: Charge density info will appear in .RHO file
redata: Write Mulliken Pop.                         = NO
redata: Matel table size (NRTAB)                    =     1024
redata: Mesh Cutoff                                 =   100.0000 Ry
redata: Net charge of the system                    =     0.0000 |e|
redata: Min. number of SCF Iter                     =        0
redata: Max. number of SCF Iter                     =     1000
redata: SCF convergence failure will abort job
redata: SCF mix quantity                            = Hamiltonian
redata: Mix DM or H after convergence               =   F
redata: Recompute H after scf cycle                 =   F
redata: Mix DM in first SCF step                    =   T
redata: Write Pulay info on disk                    =   F
redata: New DM Occupancy tolerance                  = 0.000000000001
redata: No kicks to SCF
redata: DM Mixing Weight for Kicks                  =     0.5000
redata: Require Harris convergence for SCF          =   F
redata: Harris energy tolerance for SCF             =     0.000100 eV
redata: Require DM convergence for SCF              =   T
redata: DM tolerance for SCF                        =     0.000100
redata: Require EDM convergence for SCF             =   F
redata: EDM tolerance for SCF                       =     0.001000 eV
redata: Require H convergence for SCF               =   T
redata: Hamiltonian tolerance for SCF               =     0.001000 eV
redata: Require (free) Energy convergence for SCF   =   F
redata: (free) Energy tolerance for SCF             =     0.000100 eV
redata: Using Saved Data (generic)                  =   F
redata: Use continuation files for DM               =   T
redata: Neglect nonoverlap interactions             =   F
redata: Method of Calculation                       = Diagonalization
redata: Electronic Temperature                      =   299.9869 K
redata: Fix the spin of the system                  =   F
redata: Dynamics option                             = Verlet MD run
redata: Initial MD time step                        =        1
redata:   Final MD time step                        =        2
redata: Length of MD time step                      =     1.0000 fs
redata: Initial Temperature of MD run               =     0.0000 K
redata: Perform a MD quench                         =   F
mix.SCF: Broyden mixing                          = Broyden
mix.SCF:    History steps                        = 4
mix.SCF:    Linear mixing weight                 =     0.100000
mix.SCF:    Inverse Jacobian weight              =     0.100000
mix.SCF:    Weight prime                         =     0.100000
mix.SCF:    SVD condition                        = 0.1000E-07
redata: Save all siesta data in one NC              =   F
redata: ***********************************************************************

%block SCF.Mixers
  Broyden
%endblock SCF.Mixers

%block SCF.Mixer.Broyden
  # Mixing method
  method broyden

  # Mixing options
  weight 0.1000
  weight.linear 0.1000
  weight.prime 0.1000
  history 4
%endblock SCF.Mixer.Broyden

Size of DM history Fstack: 1
Total number of electrons:    48.000000
Total ionic charge:    48.000000

* ProcessorY, Blocksize:    2   4


* Orbital distribution balance (max,min):     6     4

 Kpoints in:          154 . Kpoints trimmed:          154

siesta: k-grid: Number of k-points =   154
siesta: k-grid: Cutoff (effective) =    16.222 Ang
siesta: k-grid: Supercell and displacements
siesta: k-grid:   -7   0   7      0.500
siesta: k-grid:    0  -7   7      0.000
siesta: k-grid:    0   0   6      0.000

diag: Algorithm                                     = D&C
diag: Parallel over k                               =   F
diag: Use parallel 2D distribution                  =   T
diag: Parallel block-size                           = 4
diag: Parallel distribution                         =     2 x     4
diag: Used triangular part                          = Lower
diag: Absolute tolerance                            =  0.100E-15
diag: Orthogonalization factor                      =  0.100E-05
diag: Memory factor                                 =  1.0000

superc: Internal auxiliary supercell:     5 x     5 x     5  =     125
superc: Number of atoms, orbitals, and projectors:   1250   4250  10000


ts: **************************************************************
ts: Save H and S matrices                           =    F
ts: Save DM and EDM matrices                        =    F
ts: Only save the overlap matrix S                  =    F
ts: **************************************************************

************************ Begin: TS CHECKS AND WARNINGS ************************
************************ End: TS CHECKS AND WARNINGS **************************


                     ====================================
                        Begin MD step =      1
                     ====================================

outcoor: Atomic coordinates (fractional):                   
    0.00000000    0.00000000    0.00000000   1       1  Mg
    0.50000000    0.50000000    0.50000000   1       2  Mg
    0.25000000    0.25000000    0.25000000   2       3  C
   -0.25000000   -0.25000000   -0.25000000   2       4  C
    0.52740000   -0.02740000    0.25000000   3       5  O
    0.25000000    0.52740000   -0.02740000   3       6  O
   -0.02740000    0.25000000    0.52740000   3       7  O
   -0.52740000    0.02740000   -0.25000000   3       8  O
   -0.25000000   -0.52740000    0.02740000   3       9  O
    0.02740000   -0.25000000   -0.52740000   3      10  O

superc: Internal auxiliary supercell:     5 x     5 x     5  =     125
superc: Number of atoms, orbitals, and projectors:   1250   4250  10000

outcell: Unit cell vectors (Ang):
        5.677830    0.000000    0.000000
        3.786009    4.231299    0.000000
        3.786009    1.692731    3.877957

outcell: Cell vector modules (Ang)   :    5.677830    5.677830    5.677830
outcell: Cell angles (23,13,12) (deg):     48.1790     48.1790     48.1790
outcell: Cell volume (Ang**3)        :     93.1663
<dSpData1D:S at geom step 1
  <sparsity:sparsity for geom step 1
    nrows_g=34 nrows=6 sparsity=2.0311 nnzs=2348, refcount: 7>
  <dData1D:(new from dSpData1D) n=2348, refcount: 1>
refcount: 1>
new_DM -- step:     1
Initializing Density Matrix...

Attempting to read DM from file... Failed...
DM filled with atomic data:
<dSpData2D:DM initialized from atoms
  <sparsity:sparsity for geom step 1
    nrows_g=34 nrows=6 sparsity=2.0311 nnzs=2348, refcount: 8>
  <dData2D:DM n=2348 m=1, refcount: 1>
refcount: 1>
No. of atoms with KB's overlaping orbs in proc 0. Max # of overlaps:      89      85
New grid distribution:   1
           1       1:   16    1:    8    1:    4
           2       1:   16    1:    8    5:    8
           3       1:   16    1:    8    9:   12
           4       1:   16    1:    8   13:   16
           5       1:   16    9:   16    1:    4
           6       1:   16    9:   16    5:    8
           7       1:   16    9:   16    9:   12
           8       1:   16    9:   16   13:   16

InitMesh: MESH =    32 x    32 x    32 =       32768
InitMesh: (bp) =    16 x    16 x    16 =        4096
InitMesh: Mesh cutoff (required, used) =   100.000   112.857 Ry
ExtMesh (bp) on 0 =    76 x    68 x    64 =      330752
New grid distribution:   2
           1       8:   16    1:    8    1:    8
           2       9:   16    9:   16    1:    8
           3       1:    8    1:    8    9:   16
           4       1:    7    1:    8    1:    8
           5       9:   16    1:    8    9:   16
           6       1:    8    9:   16    1:    8
           7       1:    9    9:   16    9:   16
           8      10:   16    9:   16    9:   16
New grid distribution:   3
           1       1:    8    9:   16    9:   16
           2       9:   16    1:    8    1:    8
           3       9:   16    1:    8    9:   16
           4       9:   16    9:   16    1:    8
           5       1:    8    1:    8    9:   16
           6       1:    8    1:    8    1:    8
           7       9:   16    9:   16    9:   16
           8       1:    8    9:   16    1:    8
Setting up quadratic distribution...
ExtMesh (bp) on 0 =    69 x    68 x    68 =      319056
PhiOnMesh: Number of (b)points on node 0 =                  576
PhiOnMesh: nlist on node 0 =                12062

stepf: Fermi-Dirac step function

siesta: Program's energy decomposition (eV):
siesta: Ebs     =      -559.103011
siesta: Eions   =      5228.674091
siesta: Ena     =      1092.439512
siesta: Ekin    =      2369.588200
siesta: Enl     =      -394.299670
siesta: Eso     =         0.000000
siesta: Edftu   =         0.000000
siesta: DEna    =       -90.110602
siesta: DUscf   =        20.800222
siesta: DUext   =         0.000000
siesta: Exc     =      -719.553827
siesta: eta*DQ  =         0.000000
siesta: Emadel  =         0.000000
siesta: Emeta   =         0.000000
siesta: Emolmec =         0.000000
siesta: Ekinion =         0.000000
siesta: Eharris =     -2906.062356
siesta: Etot    =     -2949.810257
siesta: FreeEng =     -2949.810257

        iscf     Eharris(eV)        E_KS(eV)     FreeEng(eV)     dDmax    Ef(eV) dHmax(eV)
   scf:    1    -2906.062356    -2949.810257    -2949.810257  1.752580 -2.750667  4.613285
timer: Routine,Calls,Time,% = IterSCF        1       1.444  67.66
   scf:    2    -2955.516986    -2952.761322    -2952.761322  0.067420 -2.830885  3.515768
   scf:    3    -2958.948601    -2957.457306    -2957.457306  0.303392 -3.058347  0.886808
   scf:    4    -2957.490330    -2957.474085    -2957.474085  0.004162 -3.043858  0.811133
   scf:    5    -2957.627846    -2957.567452    -2957.567452  0.032457 -2.753580  0.042784
   scf:    6    -2957.567569    -2957.567577    -2957.567577  0.002396 -2.754410  0.022448
   scf:    7    -2957.567780    -2957.567680    -2957.567680  0.000417 -2.759609  0.017385
   scf:    8    -2957.567902    -2957.567806    -2957.567806  0.001186 -2.773515  0.001845
   scf:    9    -2957.567807    -2957.567807    -2957.567807  0.000096 -2.774593  0.000642

SCF Convergence by DM+H criterion
max |DM_out - DM_in|         :     0.0000955472
max |H_out - H_in|      (eV) :     0.0006422161
SCF cycle converged after 9 iterations

Using DM_out to compute the final energy and forces
No. of atoms with KB's overlaping orbs in proc 0. Max # of overlaps:      89      85

siesta: E_KS(eV) =            -2957.5678

siesta: E_KS - E_eggbox =     -2957.5678

siesta: Atomic forces (eV/Ang):
     1   -0.000000   -0.000000   -0.000000
     2   -0.000000    0.000000    0.000000
     3    0.000000    0.000000   -0.000000
     4   -0.000000   -0.000000    0.000000
     5    3.222488   -7.207504   -0.000000
     6    0.000000    4.324141   -6.605628
     7   -3.222488    2.883363    6.605629
     8   -3.222488    7.207504    0.000000
     9   -0.000000   -4.324141    6.605628
    10    3.222488   -2.883363   -6.605629
----------------------------------------
   Tot   -0.000000    0.000000    0.000000
----------------------------------------
   Max    7.207504
   Res    3.530794    sqrt( Sum f_i^2 / 3N )
----------------------------------------
   Max    7.207504    constrained

Stress tensor Voigt[x,y,z,yz,xz,xy] (kbar):       88.79     -228.54     -273.85       51.90      116.08      177.33
(Free)E + p*V (eV/cell)    -2949.5508
Target enthalpy (eV/cell)    -2957.5678

siesta: Stress tensor (static) (eV/Ang**3):
         0.055415    0.110677    0.072451
         0.110677   -0.142645    0.032393
         0.072451    0.032393   -0.170924

siesta: Pressure (static):        137.87036587  kBar

siesta: Stress tensor (total) (eV/Ang**3):
         0.055415    0.110677    0.072451
         0.110677   -0.142645    0.032393
         0.072451    0.032393   -0.170924

siesta: Pressure (total):        137.87036587  kBar

siesta: Temp_ion =       0.000 K

                     ====================================
                        Begin MD step =      2
                     ====================================

outcoor: Atomic coordinates (fractional):                   
    0.00000000   -0.00000000   -0.00000000   1       1  Mg
    0.50000000    0.50000000    0.50000000   1       2  Mg
    0.25000000    0.25000000    0.25000000   2       3  C
   -0.25000000   -0.25000000   -0.25000000   2       4  C
    0.52790990   -0.02790990    0.25000000   3       5  O
    0.25000000    0.52790990   -0.02790990   3       6  O
   -0.02790990    0.25000000    0.52790990   3       7  O
   -0.52790990    0.02790990   -0.25000000   3       8  O
   -0.25000000   -0.52790990    0.02790990   3       9  O
    0.02790990   -0.25000000   -0.52790990   3      10  O

superc: Internal auxiliary supercell:     5 x     5 x     5  =     125
superc: Number of atoms, orbitals, and projectors:   1250   4250  10000

outcell: Unit cell vectors (Ang):
        5.677830    0.000000    0.000000
        3.786009    4.231299    0.000000
        3.786009    1.692731    3.877957

outcell: Cell vector modules (Ang)   :    5.677830    5.677830    5.677830
outcell: Cell angles (23,13,12) (deg):     48.1790     48.1790     48.1790
outcell: Cell volume (Ang**3)        :     93.1663
<dSpData1D:S at geom step 2
  <sparsity:sparsity for geom step 2
    nrows_g=34 nrows=6 sparsity=2.0311 nnzs=2348, refcount: 7>
  <dData1D:(new from dSpData1D) n=2348, refcount: 1>
refcount: 1>
new_DM -- step:     2
Re-using DM from previous geometries...
Number of DMs in history: 1
 DM extrapolation coefficients: 
1   1.00000
New DM after history re-use:
<dSpData2D:SpM extrapolated using coords
  <sparsity:sparsity for geom step 2
    nrows_g=34 nrows=6 sparsity=2.0311 nnzs=2348, refcount: 9>
  <dData2D:(temp array for extrapolation) n=2348 m=1, refcount: 1>
refcount: 1>
No. of atoms with KB's overlaping orbs in proc 0. Max # of overlaps:      89      85
New grid distribution:   1
           1       1:   16    1:    8    1:    4
           2       1:   16    1:    8    5:    8
           3       1:   16    1:    8    9:   12
           4       1:   16    1:    8   13:   16
           5       1:   16    9:   16    1:    4
           6       1:   16    9:   16    5:    8
           7       1:   16    9:   16    9:   12
           8       1:   16    9:   16   13:   16

InitMesh: MESH =    32 x    32 x    32 =       32768
InitMesh: (bp) =    16 x    16 x    16 =        4096
InitMesh: Mesh cutoff (required, used) =   100.000   112.857 Ry
ExtMesh (bp) on 0 =    76 x    68 x    64 =      330752
New grid distribution:   2
           1       8:   16    1:    8    1:    8
           2       9:   16    9:   16    1:    8
           3       1:    8    1:    8    9:   16
           4       1:    7    1:    8    1:    8
           5       9:   16    1:    8    9:   16
           6       1:    8    9:   16    1:    8
           7       1:    9    9:   16    9:   16
           8      10:   16    9:   16    9:   16
New grid distribution:   3
           1       1:    8    9:   16    9:   16
           2       9:   16    1:    8    1:    8
           3       9:   16    1:    8    9:   16
           4       9:   16    9:   16    1:    8
           5       1:    8    1:    8    9:   16
           6       1:    8    1:    8    1:    8
           7       9:   16    9:   16    9:   16
           8       1:    8    9:   16    1:    8
Setting up quadratic distribution...
ExtMesh (bp) on 0 =    69 x    68 x    68 =      319056
PhiOnMesh: Number of (b)points on node 0 =                  576
PhiOnMesh: nlist on node 0 =                12060

        iscf     Eharris(eV)        E_KS(eV)     FreeEng(eV)     dDmax    Ef(eV) dHmax(eV)
   scf:    1    -2957.861590    -2957.678027    -2957.678027  0.005719 -2.826987  0.042412
   scf:    2    -2957.676848    -2957.677943    -2957.677943  0.005270 -2.809027  0.049274
   scf:    3    -2957.678615    -2957.678373    -2957.678373  0.002851 -2.818364  0.003341
   scf:    4    -2957.678375    -2957.678374    -2957.678374  0.000032 -2.818005  0.002699
   scf:    5    -2957.678376    -2957.678375    -2957.678375  0.000035 -2.817565  0.001951
   scf:    6    -2957.678376    -2957.678375    -2957.678375  0.000033 -2.817182  0.001278
   scf:    7    -2957.678376    -2957.678376    -2957.678376  0.000030 -2.816900  0.000728

SCF Convergence by DM+H criterion
max |DM_out - DM_in|         :     0.0000296870
max |H_out - H_in|      (eV) :     0.0007283305
SCF cycle converged after 7 iterations

Using DM_out to compute the final energy and forces
No. of atoms with KB's overlaping orbs in proc 0. Max # of overlaps:      89      85

siesta: E_KS(eV) =            -2957.6784

siesta: Atomic forces (eV/Ang):
     1   -0.000000   -0.000000   -0.000000
     2   -0.000000    0.000000    0.000000
     3    0.000000   -0.000000   -0.000000
     4   -0.000000    0.000000    0.000000
     5    3.143649   -7.031173    0.000000
     6    0.000000    4.218351   -6.444021
     7   -3.143649    2.812821    6.444022
     8   -3.143649    7.031173   -0.000000
     9   -0.000000   -4.218351    6.444021
    10    3.143649   -2.812821   -6.444022
----------------------------------------
   Tot    0.000000   -0.000000   -0.000000
----------------------------------------
   Max    7.031173
   Res    3.444413    sqrt( Sum f_i^2 / 3N )
----------------------------------------
   Max    7.031173    constrained

Stress tensor Voigt[x,y,z,yz,xz,xy] (kbar):       89.96     -221.18     -265.60       50.89      113.82      173.87
(Free)E + p*V (eV/cell)    -2949.9867
Target enthalpy (eV/cell)    -2957.6784

siesta: Stress tensor (static) (eV/Ang**3):
         0.056149    0.108519    0.071038
         0.108519   -0.138048    0.031761
         0.071038    0.031761   -0.165776

siesta: Pressure (static):        132.27407322  kBar

siesta: Stress tensor (total) (eV/Ang**3):
         0.056149    0.108519    0.071038
         0.108519   -0.138048    0.031761
         0.071038    0.031761   -0.165776

siesta: Pressure (total):        132.27407322  kBar

siesta: Temp_ion =      93.898 K
siesta: PDOS info: 
siesta: e1, e2, sigma, nhist:   -30.00 eV   15.00 eV    0.20 eV    500

siesta: Program's energy decomposition (eV):
siesta: Ebs     =      -618.669376
siesta: Eions   =      5228.674091
siesta: Ena     =      1092.574214
siesta: Ekin    =      2282.017684
siesta: Enl     =      -363.882066
siesta: Eso     =         0.000000
siesta: Edftu   =         0.000000
siesta: DEna    =       -42.646537
siesta: DUscf   =         7.266693
siesta: DUext   =         0.000000
siesta: Exc     =      -704.334274
siesta: eta*DQ  =         0.000000
siesta: Emadel  =         0.000000
siesta: Emeta   =         0.000000
siesta: Emolmec =         0.000000
siesta: Ekinion =         0.109231
siesta: Eharris =     -2957.569145
siesta: Etot    =     -2957.569144
siesta: FreeEng =     -2957.569144

siesta: Final energy (eV):
siesta:  Band Struct. =    -618.669376
siesta:       Kinetic =    2282.017684
siesta:       Hartree =    1029.337700
siesta:       Edftu   =       0.000000
siesta:       Eso     =       0.000000
siesta:    Ext. field =       0.000000
siesta:   Exch.-corr. =    -704.334274
siesta:  Ion-electron =   -4036.360926
siesta:       Ion-ion =   -1528.338560
siesta:       Ekinion =       0.109231
siesta:         Total =   -2957.569144
siesta:         Fermi =      -2.816900

siesta: Atomic forces (eV/Ang):
siesta:      1   -0.000000   -0.000000   -0.000000
siesta:      2   -0.000000    0.000000    0.000000
siesta:      3    0.000000   -0.000000   -0.000000
siesta:      4   -0.000000    0.000000    0.000000
siesta:      5    3.143649   -7.031173    0.000000
siesta:      6    0.000000    4.218351   -6.444021
siesta:      7   -3.143649    2.812821    6.444022
siesta:      8   -3.143649    7.031173   -0.000000
siesta:      9   -0.000000   -4.218351    6.444021
siesta:     10    3.143649   -2.812821   -6.444022
siesta: ----------------------------------------
siesta:    Tot    0.000000   -0.000000   -0.000000

siesta: Stress tensor (static) (eV/Ang**3):
siesta:     0.056149    0.108519    0.071038
siesta:     0.108519   -0.138048    0.031761
siesta:     0.071038    0.031761   -0.165776

siesta: Cell volume =         93.166340 Ang**3

siesta: Pressure (static):
siesta:                Solid            Molecule  Units
siesta:           0.00089916         -0.00142037  Ry/Bohr**3
siesta:           0.08255809         -0.13041337  eV/Ang**3
siesta:         132.27407322       -208.94750467  kBar
(Free)E+ p_basis*V_orbitals  =       -2956.484079
(Free)Eharris+ p_basis*V_orbitals  =       -2956.484079

cite: Please see "mgco3.bib" for an exhaustive BiBTeX file.
cite: Please clearly indicate Siesta version in published work: v4.1-b4-351
cite: This calculation has made use of the following articles
cite: which are encouraged to be cited in a published work.
        Primary SIESTA paper
          DOI: www.doi.org/10.1088/0953-8984/14/11/302

>> End of run:  22-JAN-2021  23:14:25
Job completed
