Siesta Version  : v4.1-b4-351
Architecture    : x86_64-linux-n-62-26-19
Compiler version: GNU Fortran (GCC) 9.3.0
Compiler flags  : mpifort -m64 -fPIC -O3 -march=native -ftree-vectorize -fexpensive-optimizatioons -funroll-loops -fprefetch-loop-arrays -fno-second-underscore  -flto
PP flags        : -I/dtu/sw/dcc/SL73/2020-aug/generic/build-tools/1.0/include -I/dtu/sw/dcc/SL773/2020-aug/generic/gcc/9.3.0/include -I/dtu/sw/dcc/SL73/2020-aug/generic/gcc/9.3.0/include -I/dtu/sw/dcc/SL73/2020-aug/XeonE5-2660v3/gnu/9.3.0/zlib/1.2.11/include -I/dtu/sw/dcc/SL73/2020-aug/generic/numactl/2.0.12/include -I/dtu/sw/dcc/SL73/2020-aug/XeonE5-2660v3/gnu/9.3.0/libxml2/2.9.10/include -I/dtu/sw/dcc/SL73/2020-aug/XeonE5-2660v3/gnu/9.3.0/hwloc/2.2.0/include -I/dtu/sw/dcc/SL73/2020-aug/XeonE5-2660v3/gnu/9.3.0/knem/1.1.4/include -I/dtu/sw/dcc/SL73/2020-aug/XeonE5-2660v3/gnu/9.3.0/ucx/1.8.1/include -I/dtu/sw/dcc/SL73/2020-aug/XeonE5-2660v3/gnu/9.3.0/openmpi/4.0.4/include -I/dtu/sw/dcc/SL73/2020-aug/XeonE5-2660v3/gnu/9.3.0/szip/2.1.1/include -I/dtu/sw/dcc/SL73/2020-aug/XeonE5-2660v3/gnu/9.3.0/hdf5/1.12.0/include -I/dtu/sw/dcc/SL73/2020-aug/XeonE5-2660v3/gnu/9.3.0/pnetcdf/1.12.1/include -I/dtu/sw/dcc/SL73/2020-aug/generic/gen-zlib/1.2.11/include -I/dtu/sw/dcc/SL73/2020-aug/generic/openssl/1.1.1/include -I/dtu/sw/dcc/SL73/2020-aug/generic/libssh2/1.8.2/include -I/dtu/sw/dcc/SL73/2020-aug/generic/curl/7.65.1/include -I/dtu/sw/dcc/SL73/2020-aug/XeonE5-2660v3/gnu/9.3.0/netcdf/4.7.4/include -I/dtu/sw/dcc/SL73/2020-aug/XeonE5-2660v3/gnu/9.3.0/flook/0.8.1/include -I/dtu/sw/dcc/SL73/2020-aug/XeonE5-2660v3/gnu/9.3.0/fftw/3.3.8/include -I/dtu/sw/dcc/SL73/2020-aug/XeonE5-2660v3/gnu/9.3.0/parmetis/4.0.3/include -I/dtu/sw/dcc/SL73/2020-aug/XeonE5-2660v3/gnu/9.3.0/scalapack/2.1.0/include -I/dtu/sw/dcc/SL73/2020-aug/XeonE5-2660v3/gnu/9.3.0/lapack/3.9.0/include -I/dtu/sw/dcc/SL73/2020-aug/XeonE5-2660v3/gnu/9.3.0/blis/0.7.0/include -I/dtu/sw/dcc/SL73/2020-aug/XeonE5-2660v3/gnu/9.3.0/scotch/6.0.9/include -I/dtu/sw/dcc/SL73/2020-aug/XeonE5-2660v3/gnu/9.3.0/mumps/5.3.3/include -I/dtu/sw/dcc/SL73/2020-aug/XeonE5-2660v3/gnu/9.3.0/elpa/2020.05.001/include -DSIESTA__ELPA -DMPI -DFC_HAVE_FLUSH -DFC_HAVE_ABORT -DCDF -DCDF4 -DSIESTA__FLOOK  -DNCDF -DNCDF_4 -DNCDF_PARALLEL -DTS_NOCHECKS -DSIESTA__METIS -DSIESTA__MUMPS -DSIESTA__MRRR -I/dtu/sw/dcc/SL73/2020-aug/XeonE5-2660v3/gnu/9.3.0/elpa/2020.05.001/include/elpa
Libraries       : libncdf.a libfdict.a -lnetcdff -lnetcdf -lpnetcdf -lhdf5_hl -lhdf5 -lz  -lzmuumps -lmumps_common -lesmumps -lscotch -lscotcherr -lpord -lparmetis -lmetis -lelpa -lscalapack -llapack -lblis  -L/dtu/sw/dcc/SL73/2020-aug/XeonE5-2660v3/gnu/9.3.0/flook/0.8.1/lib -Wl,-rpath=/dtu/sw/dcc/SL73/2020-aug/XeonE5-2660v3/gnu/9.3.0/flook/0.8.1/lib -lflookall -ldl  -flto -fuse-linker-plugin  -lmetis
PARALLEL version
NetCDF support
NetCDF-4 support
NetCDF-4 MPI-IO support
METIS ordering support
Lua support

* Running on 8 nodes in parallel
>> Start of run:  22-JAN-2021  23:15:28

                           ***********************       
                           *  WELCOME TO SIESTA  *       
                           ***********************       

reinit: Reading from ../mno_ldau.fdf

reinit: -----------------------------------------------------------------------
reinit: System Name: Manganese Oxide  FM
reinit: -----------------------------------------------------------------------
reinit: System Label: mno_ldau
reinit: -----------------------------------------------------------------------

initatom: Reading input for the pseudopotentials and atomic orbitals ----------
Species number:   1 Atomic number:   25 Label: Mn_ldau
Species number:   2 Atomic number:    8 Label: O_ldau

Ground state valence configuration:   4s02  3d05
Reading pseudopotential information in formatted form from Mn_ldau.psf

Pseudopotential generated from a relativistic atomic calculation

Valence configuration for pseudopotential generation:
4s( 2.00) rc: 1.98
4p( 0.00) rc: 1.98
3d( 5.00) rc: 1.98
4f( 0.00) rc: 1.98
Dumping pseudopotential information in formatted form in Mn_ldau.psdump
Ground state valence configuration:   2s02  2p04
Reading pseudopotential information in formatted form from O_ldau.psf

Valence configuration for pseudopotential generation:
2s( 2.00) rc: 1.14
2p( 4.00) rc: 1.14
3d( 0.00) rc: 1.14
4f( 0.00) rc: 1.14
Dumping pseudopotential information in formatted form in O_ldau.psdump
relmxkb: Read Max KB Ang. Momentum=    3 for species Mn_ldau
relmxkb: Read Max KB Ang. Momentum=    3 for species O_ldau

<basis_specs>
===============================================================================
Mn_ldau              Z=  25    Mass=  54.940        Charge= 0.17977+309
Lmxo=2 Lmxkb= 3    BasisType=split      Semic=F
L=0  Nsemic=0  Cnfigmx=4
          i=1  nzeta=1  polorb=0  (4s)
            splnorm:   0.15000    
               vcte:    0.0000    
               rinn:    0.0000    
               qcoe:    0.0000    
               qyuk:    0.0000    
               qwid:   0.10000E-01
                rcs:    0.0000    
            lambdas:    1.0000    
L=1  Nsemic=0  Cnfigmx=4
L=2  Nsemic=0  Cnfigmx=3
          i=1  nzeta=1  polorb=0  (3d)
            splnorm:   0.15000    
               vcte:    0.0000    
               rinn:    0.0000    
               qcoe:    0.0000    
               qyuk:    0.0000    
               qwid:   0.10000E-01
                rcs:    0.0000    
            lambdas:    1.0000    
-------------------------------------------------------------------------------
L=0  Nkbl=1  erefs: 0.17977+309
L=1  Nkbl=1  erefs: 0.17977+309
L=2  Nkbl=1  erefs: 0.17977+309
L=3  Nkbl=1  erefs: 0.17977+309
-------------------------------------------------------------------------------
L=0  n=4
                  U:   0.22049    
                  J:    0.0000    
               rinn:    0.0000    
               vcte:    0.0000    
             lambda:    1.0000    
              width:   0.50000E-01
                 rc:    0.0000    
            dnrm_rc:   0.90000    
===============================================================================
</basis_specs>

atom: Called for Mn_ldau               (Z =  25)

read_vps: Pseudopotential generation method:
read_vps: ATM3      Troullier-Martins                       
Valence charge for ps generation:    7.00000

read_vps: Pseudopotential includes a core correction:
read_vps: Pseudo-core for xc-correction

xc_check: Exchange-correlation functional:
xc_check: GGA Perdew, Burke & Ernzerhof 1996
V l=0 = -2*Zval/r beyond r=  2.9113
V l=1 = -2*Zval/r beyond r=  2.9113
V l=2 = -2*Zval/r beyond r=  2.9113
V l=3 = -2*Zval/r beyond r=  2.9113
All V_l potentials equal beyond r=  1.9515
This should be close to max(r_c) in ps generation
All pots = -2*Zval/r beyond r=  2.9113
Using large-core scheme for Vlocal

atom: Estimated core radius    2.91127
atom: Maximum radius for 4*pi*r*r*local-pseudopot. charge    3.17749
atom: Maximum radius for r*vlocal+2*Zval:    2.94789
GHOST: No ghost state for L =  0
GHOST: No ghost state for L =  1
GHOST: No ghost state for L =  2
GHOST: No ghost state for L =  3

KBgen: Kleinman-Bylander projectors: 
   l= 0   rc=  2.026024   el= -0.374774   Ekb=  4.318312   kbcos=  0.266993
   l= 1   rc=  2.026024   el= -0.100824   Ekb=  4.588667   kbcos=  0.151037
   l= 2   rc=  2.000855   el= -0.499216   Ekb=-11.738140   kbcos= -0.654900
   l= 3   rc=  2.026024   el=  0.003079   Ekb= -1.689528   kbcos= -0.006297

KBgen: Total number of  Kleinman-Bylander projectors:   16
atom: -------------------------------------------------------------------------

atom: SANKEY-TYPE ORBITALS:

SPLIT: Orbitals with angular momentum L= 0

SPLIT: Basis orbitals for state 4s

SPLIT: PAO cut-off radius determined from an
SPLIT: energy shift=  0.020000 Ry

   izeta = 1
                 lambda =    1.000000
                     rc =    6.560777
                 energy =   -0.356883
                kinetic =    0.319769
    potential(screened) =   -0.676651
       potential(ionic) =   -5.115565

SPLIT: Orbitals with angular momentum L= 2

SPLIT: Basis orbitals for state 3d

SPLIT: PAO cut-off radius determined from an
SPLIT: energy shift=  0.020000 Ry

   izeta = 1
                 lambda =    1.000000
                     rc =    3.881022
                 energy =   -0.480714
                kinetic =    8.921644
    potential(screened) =   -9.402358
       potential(ionic) =  -16.392604
atom: Total number of Sankey-type orbitals:  6

atm_pop: Valence configuration (for local Pseudopot. screening):
 4s( 2.00)                                                            
 4p( 0.00)                                                            
 3d( 5.00)                                                            
Vna: chval, zval:    7.00000   7.00000

Vna:  Cut-off radius for the neutral-atom potential:   6.560777
comcore: Pseudo-core radius Rcore=  3.929841

atom: _________________________________________________________________________

DFTUprojs with principal quantum number n =  4
DFTUprojs with angular momentum l =  0
DFTUprojs with U        =      0.22049
DFTUprojs with J        =      0.00000
DFTUprojs with lambda   =      1.00000
DFTUprojs with rc       =      0.00000
DFTUprojs with nnodes   =     1
DFTUprojs with nprin    =     1
DFTUprojs with nrval    =  1121
DFTUprojs with nrwf     =  1067
DFTUprojs with nrmax    = 20000
DFTUprojs with zval     =      7.00000
DFTUprojs with a        =      0.01250
DFTUprojs with b        =      0.00010
dftu_proj_gen: updating the rc to     26.275065289100 Bohr

<basis_specs>
===============================================================================
O_ldau               Z=   8    Mass=  16.000        Charge= 0.17977+309
Lmxo=1 Lmxkb= 3    BasisType=split      Semic=F
L=0  Nsemic=0  Cnfigmx=2
          i=1  nzeta=1  polorb=0  (2s)
            splnorm:   0.15000    
               vcte:    0.0000    
               rinn:    0.0000    
               qcoe:    0.0000    
               qyuk:    0.0000    
               qwid:   0.10000E-01
                rcs:    0.0000    
            lambdas:    1.0000    
L=1  Nsemic=0  Cnfigmx=2
          i=1  nzeta=1  polorb=0  (2p)
            splnorm:   0.15000    
               vcte:    0.0000    
               rinn:    0.0000    
               qcoe:    0.0000    
               qyuk:    0.0000    
               qwid:   0.10000E-01
                rcs:    0.0000    
            lambdas:    1.0000    
-------------------------------------------------------------------------------
L=0  Nkbl=1  erefs: 0.17977+309
L=1  Nkbl=1  erefs: 0.17977+309
L=2  Nkbl=1  erefs: 0.17977+309
L=3  Nkbl=1  erefs: 0.17977+309
===============================================================================
</basis_specs>

atom: Called for O_ldau                (Z =   8)

read_vps: Pseudopotential generation method:
read_vps: ATM3      Troullier-Martins                       
Valence charge for ps generation:    6.00000

xc_check: Exchange-correlation functional:
xc_check: GGA Perdew, Burke & Ernzerhof 1996
V l=0 = -2*Zval/r beyond r=  1.1564
V l=1 = -2*Zval/r beyond r=  1.1564
V l=2 = -2*Zval/r beyond r=  1.1564
V l=3 = -2*Zval/r beyond r=  1.1564
All V_l potentials equal beyond r=  1.1278
This should be close to max(r_c) in ps generation
All pots = -2*Zval/r beyond r=  1.1564

VLOCAL1: 99.0% of the norm of Vloc inside     34.126 Ry
VLOCAL1: 99.9% of the norm of Vloc inside     77.774 Ry
atom: Maximum radius for 4*pi*r*r*local-pseudopot. charge    1.37759
atom: Maximum radius for r*vlocal+2*Zval:    1.18566
GHOST: No ghost state for L =  0
GHOST: No ghost state for L =  1
GHOST: No ghost state for L =  2
GHOST: No ghost state for L =  3

KBgen: Kleinman-Bylander projectors: 
   l= 0   rc=  1.343567   el= -1.757699   Ekb=  9.104727   kbcos=  0.329213
   l= 1   rc=  1.343567   el= -0.664257   Ekb= -7.968980   kbcos= -0.392603
   l= 2   rc=  1.541657   el=  0.002031   Ekb= -1.948709   kbcos= -0.003496
   l= 3   rc=  1.641105   el=  0.003153   Ekb= -0.751168   kbcos= -0.000353

KBgen: Total number of  Kleinman-Bylander projectors:   16
atom: -------------------------------------------------------------------------

atom: SANKEY-TYPE ORBITALS:

SPLIT: Orbitals with angular momentum L= 0

SPLIT: Basis orbitals for state 2s

SPLIT: PAO cut-off radius determined from an
SPLIT: energy shift=  0.020000 Ry

   izeta = 1
                 lambda =    1.000000
                     rc =    3.305093
                 energy =   -1.740026
                kinetic =    1.634552
    potential(screened) =   -3.374579
       potential(ionic) =  -11.345111

SPLIT: Orbitals with angular momentum L= 1

SPLIT: Basis orbitals for state 2p

SPLIT: PAO cut-off radius determined from an
SPLIT: energy shift=  0.020000 Ry

   izeta = 1
                 lambda =    1.000000
                     rc =    3.937239
                 energy =   -0.646295
                kinetic =    4.985705
    potential(screened) =   -5.632000
       potential(ionic) =  -13.406663
atom: Total number of Sankey-type orbitals:  4

atm_pop: Valence configuration (for local Pseudopot. screening):
 2s( 2.00)                                                            
 2p( 4.00)                                                            
Vna: chval, zval:    6.00000   6.00000

Vna:  Cut-off radius for the neutral-atom potential:   3.937239

atom: _________________________________________________________________________

prinput: Basis input ----------------------------------------------------------

PAO.BasisType split     

%block ChemicalSpeciesLabel
    1   25 Mn_ldau                 # Species index, atomic number, species label
    2    8 O_ldau                  # Species index, atomic number, species label
%endblock ChemicalSpeciesLabel

%block PAO.Basis                 # Define Basis set
Mn_ldau               2                    # Species label, number of l-shells
 n=4   0   1                         # n, l, Nzeta 
   6.561   
   1.000   
 n=3   2   1                         # n, l, Nzeta 
   3.881   
   1.000   
O_ldau                2                    # Species label, number of l-shells
 n=2   0   1                         # n, l, Nzeta 
   3.305   
   1.000   
 n=2   1   1                         # n, l, Nzeta 
   3.937   
   1.000   
%endblock PAO.Basis

prinput: ----------------------------------------------------------------------

Dumping basis to NetCDF file Mn_ldau.ion.nc
Dumping basis to NetCDF file O_ldau.ion.nc
coor:   Atomic-coordinates input format  =     Cartesian coordinates
coor:                                          (in units of alat)

siesta: Atomic coordinates (Bohr) and species
siesta:      0.00000   0.00000   0.00000  1        1
siesta:      4.18575   4.18575   4.18575  2        2

siesta: System type = bulk      

initatomlists: Number of atoms, orbitals, and projectors:      2    10    32

siesta: ******************** Simulation parameters ****************************
siesta:
siesta: The following are some of the parameters of the simulation.
siesta: A complete list of the parameters used, including default values,
siesta: can be found in file out.fdf
siesta:
redata: Spin configuration                          = collinear
redata: Number of spin components                   = 2
redata: Time-Reversal Symmetry                      = T
redata: Spin spiral                                 = F
redata: Long output                                 =   F
redata: Number of Atomic Species                    =        2
redata: Charge density info will appear in .RHO file
redata: Write Mulliken Pop.                         = Atomic and Orbital charges
redata: Matel table size (NRTAB)                    =     1024
redata: Mesh Cutoff                                 =   150.0000 Ry
redata: Net charge of the system                    =     0.0000 |e|
redata: Min. number of SCF Iter                     =        0
redata: Max. number of SCF Iter                     =     1000
redata: SCF convergence failure will abort job
redata: SCF mix quantity                            = Hamiltonian
redata: Mix DM or H after convergence               =   F
redata: Recompute H after scf cycle                 =   F
redata: Mix DM in first SCF step                    =   T
redata: Write Pulay info on disk                    =   F
redata: New DM Occupancy tolerance                  = 0.000000000001
redata: No kicks to SCF
redata: DM Mixing Weight for Kicks                  =     0.5000
redata: Require Harris convergence for SCF          =   F
redata: Harris energy tolerance for SCF             =     0.000100 eV
redata: Require DM convergence for SCF              =   T
redata: DM tolerance for SCF                        =     0.000100
redata: Require EDM convergence for SCF             =   F
redata: EDM tolerance for SCF                       =     0.001000 eV
redata: Require H convergence for SCF               =   T
redata: Hamiltonian tolerance for SCF               =     0.001000 eV
redata: Require (free) Energy convergence for SCF   =   F
redata: (free) Energy tolerance for SCF             =     0.000100 eV
redata: Antiferro initial spin density              =   F
redata: Using Saved Data (generic)                  =   F
redata: Use continuation files for DM               =   F
redata: Neglect nonoverlap interactions             =   F
redata: Method of Calculation                       = Diagonalization
redata: Electronic Temperature                      =   299.9869 K
redata: Fix the spin of the system                  =   F
redata: Dynamics option                             = Single-point calculation
mix.SCF: Pulay mixing                            = Pulay
mix.SCF:    Variant                              = stable
mix.SCF:    History steps                        = 3
mix.SCF:    Linear mixing weight                 =     0.200000
mix.SCF:    Mixing weight                        =     0.200000
mix.SCF:    SVD condition                        = 0.1000E-07
mix.SCF: Spin-component mixing                   all
redata: Save all siesta data in one NC              =   F
redata: ***********************************************************************

%block SCF.Mixers
  Pulay
%endblock SCF.Mixers

%block SCF.Mixer.Pulay
  # Mixing method
  method pulay
  variant stable

  # Mixing options
  weight 0.2000
  weight.linear 0.2000
  history 3
%endblock SCF.Mixer.Pulay

DM_history_depth set to one: no extrapolation allowed by default for geometry relaxation
Size of DM history Fstack: 1
Total number of electrons:    13.000000
Total ionic charge:    13.000000

* ProcessorY, Blocksize:    2   1


* Orbital distribution balance (max,min):     2     1

 Kpoints in:           32 . Kpoints trimmed:           32

siesta: k-grid: Number of k-points =    32
siesta: k-grid: Cutoff (effective) =     6.265 Ang
siesta: k-grid: Supercell and displacements
siesta: k-grid:    0   4   0      0.500
siesta: k-grid:    0   0   4      0.500
siesta: k-grid:    4   0   0      0.500

diag: Algorithm                                     = D&C
diag: Parallel over k                               =   F
diag: Use parallel 2D distribution                  =   T
diag: Parallel block-size                           = 1
diag: Parallel distribution                         =     2 x     4
diag: Used triangular part                          = Lower
diag: Absolute tolerance                            =  0.100E-15
diag: Orthogonalization factor                      =  0.100E-05
diag: Memory factor                                 =  1.0000

superc: Internal auxiliary supercell:     9 x     9 x     9  =     729
superc: Number of atoms, orbitals, and projectors:   1458   7290  23328


ts: **************************************************************
ts: Save H and S matrices                           =    F
ts: Save DM and EDM matrices                        =    F
ts: Only save the overlap matrix S                  =    F
ts: **************************************************************

************************ Begin: TS CHECKS AND WARNINGS ************************
************************ End: TS CHECKS AND WARNINGS **************************


                     ====================================
                        Single-point calculation
                     ====================================

superc: Internal auxiliary supercell:     9 x     9 x     9  =     729
superc: Number of atoms, orbitals, and projectors:   1458   7290  23328

outcell: Unit cell vectors (Ang):
        0.000000    2.215000    2.215000
        2.215000    0.000000    2.215000
        2.215000    2.215000    0.000000

outcell: Cell vector modules (Ang)   :    3.132483    3.132483    3.132483
outcell: Cell angles (23,13,12) (deg):     60.0000     60.0000     60.0000
outcell: Cell volume (Ang**3)        :     21.7346
<dSpData1D:S at geom step 0
  <sparsity:sparsity for geom step 0
    nrows_g=10 nrows=2 sparsity=24.8600 nnzs=2486, refcount: 8>
  <dData1D:(new from dSpData1D) n=2486, refcount: 1>
refcount: 1>
new_DM -- step:     1
Initializing Density Matrix...
DM filled with atomic data (user-defined):
<dSpData2D:DM initialized from atoms
  <sparsity:sparsity for geom step 0
    nrows_g=10 nrows=2 sparsity=24.8600 nnzs=2486, refcount: 9>
  <dData2D:DM n=2486 m=2, refcount: 1>
refcount: 1>
     spin moment: S , {S} =    5.00000       0.0       0.0   5.00000
No. of atoms with KB's overlaping orbs in proc 0. Max # of overlaps:      36      48
New grid distribution:   1
           1       1:   10    1:    5    1:    3
           2       1:   10    1:    5    4:    6
           3       1:   10    1:    5    7:    8
           4       1:   10    1:    5    9:   10
           5       1:   10    6:   10    1:    3
           6       1:   10    6:   10    4:    6
           7       1:   10    6:   10    7:    8
           8       1:   10    6:   10    9:   10

InitMesh: MESH =    20 x    20 x    20 =        8000
InitMesh: (bp) =    10 x    10 x    10 =        1000
InitMesh: Mesh cutoff (required, used) =   150.000   168.996 Ry
ExtMesh (bp) on 0 =    66 x    61 x    59 =      237534
New grid distribution:   2
           1       5:   10    1:    5    1:    5
           2       6:   10    6:   10    1:    5
           3       1:    5    1:    5    6:   10
           4       1:    4    1:    5    1:    5
           5       6:   10    1:    5    6:   10
           6       1:    5    6:   10    1:    5
           7       1:    6    6:   10    6:   10
           8       7:   10    6:   10    6:   10
New grid distribution:   3
           1       1:    5    6:   10    6:   10
           2       6:   10    1:    5    1:    5
           3       6:   10    1:    5    6:   10
           4       6:   10    6:   10    1:    5
           5       1:    5    1:    5    6:   10
           6       1:    5    1:    5    1:    5
           7       6:   10    6:   10    6:   10
           8       1:    5    6:   10    1:    5
Setting up quadratic distribution...
ExtMesh (bp) on 0 =    62 x    61 x    61 =      230702
PhiOnMesh: Number of (b)points on node 0 =                  150
PhiOnMesh: nlist on node 0 =                 3843
hubbard_term: recalculating local occupations    1
hubbard_term: maximum change in local occup.    1.566770
hubbard_term: recalculating Hamiltonian

stepf: Fermi-Dirac step function
hubbard_term: recalculating local occupations    1
hubbard_term: maximum change in local occup.    0.852728
hubbard_term: recalculating Hamiltonian

siesta: Program's energy decomposition (eV):
siesta: Ebs     =       -86.520480
siesta: Eions   =      1333.237259
siesta: Ena     =       194.465887
siesta: Ekin    =      1000.552567
siesta: Enl     =      -420.113286
siesta: Eso     =         0.000000
siesta: Edftu   =         0.591545
siesta: DEna    =       -30.286428
siesta: DUscf   =         4.221502
siesta: DUext   =         0.000000
siesta: Exc     =      -455.149895
siesta: eta*DQ  =         0.000000
siesta: Emadel  =         0.000000
siesta: Emeta   =         0.000000
siesta: Emolmec =         0.000000
siesta: Ekinion =         0.000000
siesta: Eharris =     -1030.434374
siesta: Etot    =     -1038.955367
siesta: FreeEng =     -1038.960207

        iscf     Eharris(eV)        E_KS(eV)     FreeEng(eV)     dDmax    Ef(eV) dHmax(eV)
   scf:    1    -1030.434374    -1038.955367    -1038.960207  0.759554 -3.376772  8.127585
     spin moment: S , {S} =    4.93750       0.0       0.0   4.93750
timer: Routine,Calls,Time,% = IterSCF        1       0.562  27.86
   scf:    2    -1040.969529    -1040.057961    -1040.062468  0.055154 -3.005193  4.875409
     spin moment: S , {S} =    4.96283       0.0       0.0   4.96283
   scf:    3    -1040.377839    -1040.477400    -1040.479976  0.084489 -1.934797  1.800162
     spin moment: S , {S} =    4.99980       0.0       0.0   4.99980
   scf:    4    -1035.640313    -1038.844313    -1038.849032  0.141965 -0.749177  6.195166
     spin moment: S , {S} =    4.93750       0.0       0.0   4.93750
   scf:    5    -1041.249511    -1040.544629    -1040.547367  0.106138 -1.127661  0.213087
     spin moment: S , {S} =    5.00000       0.0       0.0   5.00000
hubbard_term: recalculating local occupations    2
hubbard_term: maximum change in local occup.    0.036789
hubbard_term: recalculating Hamiltonian
   scf:    6    -1040.571166    -1040.570417    -1040.573134  0.005010 -1.113640  0.157203
     spin moment: S , {S} =    5.00000       0.0       0.0   5.00000
hubbard_term: recalculating local occupations    3
hubbard_term: maximum change in local occup.    0.000022
   scf:    7    -1040.570375    -1040.570372    -1040.573089  0.000027 -1.117988  0.151685
     spin moment: S , {S} =    5.00000       0.0       0.0   5.00000
hubbard_term: recalculating local occupations    4
hubbard_term: maximum change in local occup.    0.000186
   scf:    8    -1040.570138    -1040.570132    -1040.572851  0.000716 -1.137430  0.105297
     spin moment: S , {S} =    5.00000       0.0       0.0   5.00000
hubbard_term: recalculating local occupations    5
hubbard_term: maximum change in local occup.    0.000812
hubbard_term: recalculating Hamiltonian
   scf:    9    -1040.570626    -1040.570544    -1040.573263  0.000909 -1.139260  0.063945
     spin moment: S , {S} =    5.00000       0.0       0.0   5.00000
hubbard_term: recalculating local occupations    6
hubbard_term: maximum change in local occup.    0.001276
hubbard_term: recalculating Hamiltonian
   scf:   10    -1040.570681    -1040.570621    -1040.573342  0.001983 -1.131458  0.015026
     spin moment: S , {S} =    5.00000       0.0       0.0   5.00000
hubbard_term: recalculating local occupations    7
hubbard_term: maximum change in local occup.    0.000033
   scf:   11    -1040.570578    -1040.570578    -1040.573300  0.000094 -1.127540  0.009016
     spin moment: S , {S} =    5.00000       0.0       0.0   5.00000
hubbard_term: recalculating local occupations    8
hubbard_term: maximum change in local occup.    0.000054
   scf:   12    -1040.570573    -1040.570573    -1040.573296  0.000078 -1.123360  0.002556
     spin moment: S , {S} =    5.00000       0.0       0.0   5.00000
hubbard_term: recalculating local occupations    9
hubbard_term: maximum change in local occup.    0.000042
   scf:   13    -1040.570612    -1040.570613    -1040.573336  0.000059 -1.123818  0.000720
     spin moment: S , {S} =    5.00000       0.0       0.0   5.00000

SCF Convergence by DM+H criterion
max |DM_out - DM_in|         :     0.0000585070
max |H_out - H_in|      (eV) :     0.0007204876
LDA+U population converged by dTol_pop criteria:
max |pop(LDA+U)_i - pop(LDA+U)_j|:     0.0000415073
SCF cycle converged after 13 iterations

Using DM_out to compute the final energy and forces
No. of atoms with KB's overlaping orbs in proc 0. Max # of overlaps:      36      48
hubbard_term: recalculating local occupations   10
hubbard_term: maximum change in local occup.    0.000042
hubbard_term: recalculating Hamiltonian and forces

siesta: E_KS(eV) =            -1040.5706

siesta: E_KS - E_eggbox =     -1040.5706
     spin moment: S , {S} =    5.00000       0.0       0.0   5.00000

siesta: Atomic forces (eV/Ang):
----------------------------------------
   Tot    0.000000   -0.000000    0.000000
----------------------------------------
   Max    0.000000
   Res    0.000000    sqrt( Sum f_i^2 / 3N )
----------------------------------------
   Max    0.000000    constrained

Stress tensor Voigt[x,y,z,yz,xz,xy] (kbar):      138.19      138.19      138.19       -0.54       -0.54       -0.54
(Free)E + p*V (eV/cell)    -1042.4480
Target enthalpy (eV/cell)    -1040.5733

mulliken: Atomic and Orbital Populations:

mulliken: Spin UP 

Species: Mn_ldau             
Atom  Qatom  Qorb
               4s      3dxy    3dyz    3dz2    3dxz    3dx2-y2 
   1  5.455   0.497   0.998   0.998   0.982   0.998   0.982

Species: O_ldau              
Atom  Qatom  Qorb
               2s      2py     2pz     2px     
   2  3.545   0.957   0.862   0.862   0.862

mulliken: Qtot =        9.000

mulliken: Spin DOWN 

Species: Mn_ldau             
Atom  Qatom  Qorb
               4s      3dxy    3dyz    3dz2    3dxz    3dx2-y2 
   1  0.775   0.408   0.031   0.031   0.138   0.031   0.138

Species: O_ldau              
Atom  Qatom  Qorb
               2s      2py     2pz     2px     
   2  3.225   0.921   0.768   0.768   0.768

mulliken: Qtot =        4.000
siesta: PDOS info: 
siesta: e1, e2, sigma, nhist:   -25.00 eV   10.00 eV    0.10 eV    700

siesta: Program's energy decomposition (eV):
siesta: Ebs     =       -99.503935
siesta: Eions   =      1333.237259
siesta: Ena     =       194.465887
siesta: Ekin    =      1001.475140
siesta: Enl     =      -429.813753
siesta: Eso     =         0.000000
siesta: Edftu   =         0.542001
siesta: DEna    =       -21.331708
siesta: DUscf   =         1.442028
siesta: DUext   =         0.000000
siesta: Exc     =      -454.112958
siesta: eta*DQ  =         0.000000
siesta: Emadel  =         0.000000
siesta: Emeta   =         0.000000
siesta: Emolmec =         0.000000
siesta: Ekinion =         0.000000
siesta: Eharris =     -1040.570612
siesta: Etot    =     -1040.570621
siesta: FreeEng =     -1040.573344

siesta: Final energy (eV):
siesta:  Band Struct. =     -99.503935
siesta:       Kinetic =    1001.475140
siesta:       Hartree =     189.216905
siesta:       Edftu   =       0.542001
siesta:       Eso     =       0.000000
siesta:    Ext. field =       0.000000
siesta:   Exch.-corr. =    -454.112958
siesta:  Ion-electron =   -1183.748843
siesta:       Ion-ion =    -593.942867
siesta:       Ekinion =       0.000000
siesta:         Total =   -1040.570621
siesta:         Fermi =      -1.123818

siesta: Stress tensor (static) (eV/Ang**3):
siesta:     0.086250   -0.000334   -0.000334
siesta:    -0.000334    0.086250   -0.000334
siesta:    -0.000334   -0.000334    0.086250

siesta: Cell volume =         21.734577 Ang**3

siesta: Pressure (static):
siesta:                Solid            Molecule  Units
siesta:          -0.00093938         -0.00093938  Ry/Bohr**3
siesta:          -0.08625036         -0.08625036  eV/Ang**3
siesta:        -138.18980049       -138.18980049  kBar
(Free)E+ p_basis*V_orbitals  =       -1040.233971
(Free)Eharris+ p_basis*V_orbitals  =       -1040.233963
     spin moment: S , {S} =    5.00000       0.0       0.0   5.00000

cite: Please see "mno_ldau.bib" for an exhaustive BiBTeX file.
cite: Please clearly indicate Siesta version in published work: v4.1-b4-351
cite: This calculation has made use of the following articles
cite: which are encouraged to be cited in a published work.
        Primary SIESTA paper
          DOI: www.doi.org/10.1088/0953-8984/14/11/302
        LDA+U implementation
          DOI: www.doi.org/10.1103/PhysRevB.57.1505

>> End of run:  22-JAN-2021  23:15:36
Job completed
