Siesta Version  : v4.1-b4-351
Architecture    : x86_64-linux-n-62-26-19
Compiler version: GNU Fortran (GCC) 9.3.0
Compiler flags  : mpifort -m64 -fPIC -O3 -march=native -ftree-vectorize -fexpensive-optimizatioons -funroll-loops -fprefetch-loop-arrays -fno-second-underscore  -flto
PP flags        : -I/dtu/sw/dcc/SL73/2020-aug/generic/build-tools/1.0/include -I/dtu/sw/dcc/SL773/2020-aug/generic/gcc/9.3.0/include -I/dtu/sw/dcc/SL73/2020-aug/generic/gcc/9.3.0/include -I/dtu/sw/dcc/SL73/2020-aug/XeonE5-2660v3/gnu/9.3.0/zlib/1.2.11/include -I/dtu/sw/dcc/SL73/2020-aug/generic/numactl/2.0.12/include -I/dtu/sw/dcc/SL73/2020-aug/XeonE5-2660v3/gnu/9.3.0/libxml2/2.9.10/include -I/dtu/sw/dcc/SL73/2020-aug/XeonE5-2660v3/gnu/9.3.0/hwloc/2.2.0/include -I/dtu/sw/dcc/SL73/2020-aug/XeonE5-2660v3/gnu/9.3.0/knem/1.1.4/include -I/dtu/sw/dcc/SL73/2020-aug/XeonE5-2660v3/gnu/9.3.0/ucx/1.8.1/include -I/dtu/sw/dcc/SL73/2020-aug/XeonE5-2660v3/gnu/9.3.0/openmpi/4.0.4/include -I/dtu/sw/dcc/SL73/2020-aug/XeonE5-2660v3/gnu/9.3.0/szip/2.1.1/include -I/dtu/sw/dcc/SL73/2020-aug/XeonE5-2660v3/gnu/9.3.0/hdf5/1.12.0/include -I/dtu/sw/dcc/SL73/2020-aug/XeonE5-2660v3/gnu/9.3.0/pnetcdf/1.12.1/include -I/dtu/sw/dcc/SL73/2020-aug/generic/gen-zlib/1.2.11/include -I/dtu/sw/dcc/SL73/2020-aug/generic/openssl/1.1.1/include -I/dtu/sw/dcc/SL73/2020-aug/generic/libssh2/1.8.2/include -I/dtu/sw/dcc/SL73/2020-aug/generic/curl/7.65.1/include -I/dtu/sw/dcc/SL73/2020-aug/XeonE5-2660v3/gnu/9.3.0/netcdf/4.7.4/include -I/dtu/sw/dcc/SL73/2020-aug/XeonE5-2660v3/gnu/9.3.0/flook/0.8.1/include -I/dtu/sw/dcc/SL73/2020-aug/XeonE5-2660v3/gnu/9.3.0/fftw/3.3.8/include -I/dtu/sw/dcc/SL73/2020-aug/XeonE5-2660v3/gnu/9.3.0/parmetis/4.0.3/include -I/dtu/sw/dcc/SL73/2020-aug/XeonE5-2660v3/gnu/9.3.0/scalapack/2.1.0/include -I/dtu/sw/dcc/SL73/2020-aug/XeonE5-2660v3/gnu/9.3.0/lapack/3.9.0/include -I/dtu/sw/dcc/SL73/2020-aug/XeonE5-2660v3/gnu/9.3.0/blis/0.7.0/include -I/dtu/sw/dcc/SL73/2020-aug/XeonE5-2660v3/gnu/9.3.0/scotch/6.0.9/include -I/dtu/sw/dcc/SL73/2020-aug/XeonE5-2660v3/gnu/9.3.0/mumps/5.3.3/include -I/dtu/sw/dcc/SL73/2020-aug/XeonE5-2660v3/gnu/9.3.0/elpa/2020.05.001/include -DSIESTA__ELPA -DMPI -DFC_HAVE_FLUSH -DFC_HAVE_ABORT -DCDF -DCDF4 -DSIESTA__FLOOK  -DNCDF -DNCDF_4 -DNCDF_PARALLEL -DTS_NOCHECKS -DSIESTA__METIS -DSIESTA__MUMPS -DSIESTA__MRRR -I/dtu/sw/dcc/SL73/2020-aug/XeonE5-2660v3/gnu/9.3.0/elpa/2020.05.001/include/elpa
Libraries       : libncdf.a libfdict.a -lnetcdff -lnetcdf -lpnetcdf -lhdf5_hl -lhdf5 -lz  -lzmuumps -lmumps_common -lesmumps -lscotch -lscotcherr -lpord -lparmetis -lmetis -lelpa -lscalapack -llapack -lblis  -L/dtu/sw/dcc/SL73/2020-aug/XeonE5-2660v3/gnu/9.3.0/flook/0.8.1/lib -Wl,-rpath=/dtu/sw/dcc/SL73/2020-aug/XeonE5-2660v3/gnu/9.3.0/flook/0.8.1/lib -lflookall -ldl  -flto -fuse-linker-plugin  -lmetis
PARALLEL version
NetCDF support
NetCDF-4 support
NetCDF-4 MPI-IO support
METIS ordering support
Lua support

* Running on 8 nodes in parallel
>> Start of run:  22-JAN-2021  23:16:42

                           ***********************       
                           *  WELCOME TO SIESTA  *       
                           ***********************       

reinit: Reading from ../pb_bulk.fdf

reinit: -----------------------------------------------------------------------
reinit: System Name: bulk Lead
reinit: -----------------------------------------------------------------------
reinit: System Label: pb_bulk
reinit: -----------------------------------------------------------------------

initatom: Reading input for the pseudopotentials and atomic orbitals ----------
Species number:   1 Atomic number:   82 Label: Pb

Ground state valence configuration:   6s02  6p02
Reading pseudopotential information in formatted form from Pb.psf

Pseudopotential generated from a relativistic atomic calculation

Valence configuration for pseudopotential generation:
6s( 2.00) rc: 2.18
6p( 2.00) rc: 2.87
6d( 0.00) rc: 2.98
5f( 0.00) rc: 2.87
relmxkb: Read Max KB Ang. Momentum=    3 for species Pb

<basis_specs>
===============================================================================
Pb                   Z=  82    Mass=  207.20        Charge=-0.30296    
Lmxo=2 Lmxkb= 3    BasisType=split      Semic=F
L=0  Nsemic=0  Cnfigmx=6
          i=1  nzeta=2  polorb=0  (6s)
            splnorm:   0.15000    
               vcte:    3.7651    
               rinn:    2.9487    
               qcoe:    0.0000    
               qyuk:    0.0000    
               qwid:   0.10000E-01
                rcs:    5.4151      4.8994    
            lambdas:    1.0000      1.0000    
L=1  Nsemic=0  Cnfigmx=6
          i=1  nzeta=2  polorb=0  (6p)
            splnorm:   0.15000    
               vcte:    2.5044    
               rinn:   0.86601    
               qcoe:    0.0000    
               qyuk:    0.0000    
               qwid:   0.10000E-01
                rcs:    6.1261      5.6233    
            lambdas:    1.0000      1.0000    
L=2  Nsemic=0  Cnfigmx=6
          i=1  nzeta=1  polorb=0  (6d)
            splnorm:   0.15000    
               vcte:    135.65    
               rinn:    4.8239    
               qcoe:    0.0000    
               qyuk:    0.0000    
               qwid:   0.10000E-01
                rcs:    5.1407    
            lambdas:    1.0000    
-------------------------------------------------------------------------------
L=0  Nkbl=1  erefs: 0.17977+309
L=1  Nkbl=1  erefs: 0.17977+309
L=2  Nkbl=1  erefs: 0.17977+309
L=3  Nkbl=1  erefs: 0.17977+309
===============================================================================
</basis_specs>

atom: Called for Pb                    (Z =  82)

read_vps: Pseudopotential generation method:
read_vps: ATM3      Troullier-Martins                       
Valence charge for ps generation:    4.00000

read_vps: Pseudopotential includes a core correction:
read_vps: Pseudo-core for xc-correction

xc_check: Exchange-correlation functional:
xc_check: Ceperley-Alder
V l=0 = -2*Zval/r beyond r=  4.3417
V l=1 = -2*Zval/r beyond r=  4.3417
V l=2 = -2*Zval/r beyond r=  4.3417
V l=3 = -2*Zval/r beyond r=  4.3417
All V_l potentials equal beyond r=  2.9469
This should be close to max(r_c) in ps generation
All pots = -2*Zval/r beyond r=  4.3417
Using large-core scheme for Vlocal

atom: Estimated core radius    4.34173
atom: Maximum radius for 4*pi*r*r*local-pseudopot. charge    4.73875
atom: Maximum radius for r*vlocal+2*Zval:    4.39635
GHOST: No ghost state for L =  0
GHOST: No ghost state for L =  1
GHOST: No ghost state for L =  2
GHOST: No ghost state for L =  3

KBgen: Kleinman-Bylander projectors: 
   l= 0   rc=  3.021552   el= -0.897425   Ekb=  7.460315   kbcos=  0.182446
   l= 1   rc=  3.059559   el= -0.274092   Ekb=  2.458119   kbcos=  0.255536
   l= 2   rc=  3.059559   el=  0.002395   Ekb=  3.554855   kbcos=  0.076826
   l= 3   rc=  3.059559   el=  0.003524   Ekb= -1.662449   kbcos= -0.034384

KBgen: Total number of  Kleinman-Bylander projectors:   16
atom: -------------------------------------------------------------------------

atom: SANKEY-TYPE ORBITALS:
atom: Selected multiple-zeta basis: split     

atom: basis set generated (by rescaling the valence charge)
atom: for an anion of charge  -0.3030

SPLIT: Orbitals with angular momentum L= 0

SPLIT: Basis orbitals for state 6s

   izeta = 1
                 lambda =    1.000000
                     rc =    5.437260
                 energy =   -0.885135
                kinetic =    0.601459
    potential(screened) =   -1.486593
       potential(ionic) =   -3.374130

   izeta = 2
                 rmatch =    4.919833
              splitnorm =    0.064481
                 energy =   -0.835832
                kinetic =    0.802803
    potential(screened) =   -1.638636
       potential(ionic) =   -3.544488

SPLIT: Orbitals with angular momentum L= 1

SPLIT: Basis orbitals for state 6p

   izeta = 1
                 lambda =    1.000000
                     rc =    6.161226
                 energy =   -0.228218
                kinetic =    0.741633
    potential(screened) =   -0.969851
       potential(ionic) =   -2.823604

   izeta = 2
                 rmatch =    5.716035
              splitnorm =    0.049483
                 energy =   -0.174498
* WARNING: effective split_norm is quite small. Orbitals will be very similar.
                kinetic =    0.884465
    potential(screened) =   -1.058964
       potential(ionic) =   -2.950318

SPLIT: Orbitals with angular momentum L= 2

SPLIT: Basis orbitals for state 6d

   izeta = 1
                 lambda =    1.000000
                     rc =    5.172080
                 energy =    0.650319
                kinetic =    1.811423
    potential(screened) =   -1.161104
       potential(ionic) =   -2.940924
atom: Total number of Sankey-type orbitals: 13

atm_pop: Valence configuration (for local Pseudopot. screening):
 6s( 2.00)                                                            
 6p( 2.00)                                                            
 6d( 0.00)                                                            
Vna: chval, zval:    4.00000   4.00000

Vna:  Cut-off radius for the neutral-atom potential:   6.161226
comcore: Pseudo-core radius Rcore=  5.574905

atom: _________________________________________________________________________

prinput: Basis input ----------------------------------------------------------

PAO.BasisType split     

%block ChemicalSpeciesLabel
    1   82 Pb                      # Species index, atomic number, species label
%endblock ChemicalSpeciesLabel

%block PAO.Basis                 # Define Basis set
Pb                    3  -0.303            # Label, l-shells, ionic net charge
 n=6   0   2                         # n, l, Nzeta 
   5.437      4.920   
   1.000      1.000   
 n=6   1   2                         # n, l, Nzeta 
   6.161      5.716   
   1.000      1.000   
 n=6   2   1                         # n, l, Nzeta 
   5.172   
   1.000   
%endblock PAO.Basis

prinput: ----------------------------------------------------------------------

Dumping basis to NetCDF file Pb.ion.nc
coor:   Atomic-coordinates input format  =     Cartesian coordinates
coor:                                          (in units of alat)

siesta: Atomic coordinates (Bohr) and species
siesta:      0.00000   0.00000   0.00000  1        1

siesta: System type = bulk      

initatomlists: Number of atoms, orbitals, and projectors:      1    13    16

siesta: ******************** Simulation parameters ****************************
siesta:
siesta: The following are some of the parameters of the simulation.
siesta: A complete list of the parameters used, including default values,
siesta: can be found in file out.fdf
siesta:
redata: Spin configuration                          = none
redata: Number of spin components                   = 1
redata: Time-Reversal Symmetry                      = T
redata: Spin spiral                                 = F
redata: Long output                                 =   F
redata: Number of Atomic Species                    =        1
redata: Charge density info will appear in .RHO file
redata: Write Mulliken Pop.                         = NO
redata: Matel table size (NRTAB)                    =     1024
redata: Mesh Cutoff                                 =    75.0000 Ry
redata: Net charge of the system                    =     0.0000 |e|
redata: Min. number of SCF Iter                     =        0
redata: Max. number of SCF Iter                     =     1000
redata: SCF convergence failure will abort job
redata: SCF mix quantity                            = Hamiltonian
redata: Mix DM or H after convergence               =   F
redata: Recompute H after scf cycle                 =   F
redata: Mix DM in first SCF step                    =   T
redata: Write Pulay info on disk                    =   F
redata: New DM Occupancy tolerance                  = 0.000000000001
redata: No kicks to SCF
redata: DM Mixing Weight for Kicks                  =     0.5000
redata: Require Harris convergence for SCF          =   F
redata: Harris energy tolerance for SCF             =     0.000100 eV
redata: Require DM convergence for SCF              =   T
redata: DM tolerance for SCF                        =     0.000100
redata: Require EDM convergence for SCF             =   F
redata: EDM tolerance for SCF                       =     0.001000 eV
redata: Require H convergence for SCF               =   T
redata: Hamiltonian tolerance for SCF               =     0.001000 eV
redata: Require (free) Energy convergence for SCF   =   F
redata: (free) Energy tolerance for SCF             =     0.000100 eV
redata: Using Saved Data (generic)                  =   F
redata: Use continuation files for DM               =   F
redata: Neglect nonoverlap interactions             =   F
redata: Method of Calculation                       = Diagonalization
redata: Electronic Temperature                      =   299.9869 K
redata: Fix the spin of the system                  =   F
redata: Dynamics option                             = Single-point calculation
mix.SCF: Pulay mixing                            = Pulay
mix.SCF:    Variant                              = stable
mix.SCF:    History steps                        = 3
mix.SCF:    Linear mixing weight                 =     0.050000
mix.SCF:    Mixing weight                        =     0.050000
mix.SCF:    SVD condition                        = 0.1000E-07
redata: Save all siesta data in one NC              =   F
redata: ***********************************************************************

%block SCF.Mixers
  Pulay
%endblock SCF.Mixers

%block SCF.Mixer.Pulay
  # Mixing method
  method pulay
  variant stable

  # Mixing options
  weight 0.0500
  weight.linear 0.0500
  history 3
%endblock SCF.Mixer.Pulay

DM_history_depth set to one: no extrapolation allowed by default for geometry relaxation
Size of DM history Fstack: 1
Total number of electrons:     4.000000
Total ionic charge:     4.000000

* ProcessorY, Blocksize:    2   1


* Orbital distribution balance (max,min):     2     1

k-point displ. along   1 input, could be:     0.50    0.00
k-point displ. along   2 input, could be:     0.50    0.00
k-point displ. along   3 input, could be:     0.50    0.00
 Kpoints in:          196 . Kpoints trimmed:          196

siesta: k-grid: Number of k-points =   196
siesta: k-grid: Cutoff (effective) =    12.102 Ang
siesta: k-grid: Supercell and displacements
siesta: k-grid:    7   0   0      0.500
siesta: k-grid:    0   7   0      0.500
siesta: k-grid:    0   0   7      0.500

diag: Algorithm                                     = D&C
diag: Parallel over k                               =   F
diag: Use parallel 2D distribution                  =   T
diag: Parallel block-size                           = 1
diag: Parallel distribution                         =     2 x     4
diag: Used triangular part                          = Lower
diag: Absolute tolerance                            =  0.100E-15
diag: Orthogonalization factor                      =  0.100E-05
diag: Memory factor                                 =  1.0000

superc: Internal auxiliary supercell:     5 x     5 x     5  =     125
superc: Number of atoms, orbitals, and projectors:    125   1625   2000


ts: **************************************************************
ts: Save H and S matrices                           =    F
ts: Save DM and EDM matrices                        =    F
ts: Only save the overlap matrix S                  =    F
ts: **************************************************************

************************ Begin: TS CHECKS AND WARNINGS ************************
************************ End: TS CHECKS AND WARNINGS **************************


                     ====================================
                        Single-point calculation
                     ====================================

superc: Internal auxiliary supercell:     5 x     5 x     5  =     125
superc: Number of atoms, orbitals, and projectors:    125   1625   2000

outcell: Unit cell vectors (Ang):
        2.445000    2.445000    0.000000
        2.445000    0.000000    2.445000
        0.000000    2.445000    2.445000

outcell: Cell vector modules (Ang)   :    3.457752    3.457752    3.457752
outcell: Cell angles (23,13,12) (deg):     60.0000     60.0000     60.0000
outcell: Cell volume (Ang**3)        :     29.2325
<dSpData1D:S at geom step 0
  <sparsity:sparsity for geom step 0
    nrows_g=13 nrows=2 sparsity=8.4615 nnzs=1430, refcount: 7>
  <dData1D:(new from dSpData1D) n=1430, refcount: 1>
refcount: 1>
new_DM -- step:     1
Initializing Density Matrix...
DM filled with atomic data:
<dSpData2D:DM initialized from atoms
  <sparsity:sparsity for geom step 0
    nrows_g=13 nrows=2 sparsity=8.4615 nnzs=1430, refcount: 8>
  <dData2D:DM n=1430 m=1, refcount: 1>
refcount: 1>
No. of atoms with KB's overlaping orbs in proc 0. Max # of overlaps:      13     169
New grid distribution:   1
           1       1:    8    1:    4    1:    2
           2       1:    8    1:    4    3:    4
           3       1:    8    1:    4    5:    6
           4       1:    8    1:    4    7:    8
           5       1:    8    5:    8    1:    2
           6       1:    8    5:    8    3:    4
           7       1:    8    5:    8    5:    6
           8       1:    8    5:    8    7:    8

InitMesh: MESH =    16 x    16 x    16 =        4096
InitMesh: (bp) =     8 x     8 x     8 =         512
InitMesh: Mesh cutoff (required, used) =    75.000    88.766 Ry
ExtMesh (bp) on 0 =    48 x    44 x    42 =       88704
New grid distribution:   2
           1       1:    4    5:    8    5:    8
           2       5:    8    1:    4    1:    4
           3       5:    8    1:    4    5:    8
           4       5:    8    5:    8    1:    4
           5       1:    4    1:    4    5:    8
           6       1:    4    1:    4    1:    4
           7       5:    8    5:    8    5:    8
           8       1:    4    5:    8    1:    4
New grid distribution:   3
           1       1:    4    5:    8    5:    8
           2       5:    8    1:    4    1:    4
           3       5:    8    1:    4    5:    8
           4       5:    8    5:    8    1:    4
           5       1:    4    1:    4    5:    8
           6       1:    4    1:    4    1:    4
           7       5:    8    5:    8    5:    8
           8       1:    4    5:    8    1:    4
Setting up quadratic distribution...
ExtMesh (bp) on 0 =    44 x    44 x    44 =       85184
PhiOnMesh: Number of (b)points on node 0 =                   64
PhiOnMesh: nlist on node 0 =                 3606

stepf: Fermi-Dirac step function

siesta: Program's energy decomposition (eV):
siesta: Ebs     =       -30.711450
siesta: Eions   =       122.930792
siesta: Ena     =        18.410263
siesta: Ekin    =        30.897130
siesta: Enl     =        11.530395
siesta: Eso     =         0.000000
siesta: Edftu   =         0.000000
siesta: DEna    =         2.119798
siesta: DUscf   =         0.106325
siesta: DUext   =         0.000000
siesta: Exc     =      -289.975242
siesta: eta*DQ  =         0.000000
siesta: Emadel  =         0.000000
siesta: Emeta   =         0.000000
siesta: Emolmec =         0.000000
siesta: Ekinion =         0.000000
siesta: Eharris =      -353.397367
siesta: Etot    =      -349.842124
siesta: FreeEng =      -349.843467

        iscf     Eharris(eV)        E_KS(eV)     FreeEng(eV)     dDmax    Ef(eV) dHmax(eV)
   scf:    1     -353.397367     -349.842124     -349.843467  0.242636 -2.127082  0.363194
timer: Routine,Calls,Time,% = IterSCF        1       1.568  71.75
   scf:    2     -349.842926     -349.842526     -349.843876  0.002130 -2.134585  0.343573
   scf:    3     -349.848837     -349.845829     -349.847407  0.035579 -2.272948  0.001411
   scf:    4     -349.845828     -349.845828     -349.847407  0.000149 -2.273402  0.002636
   scf:    5     -349.845830     -349.845829     -349.847407  0.000609 -2.273139  0.000090
   scf:    6     -349.845829     -349.845829     -349.847407  0.000007 -2.273129  0.000076

SCF Convergence by DM+H criterion
max |DM_out - DM_in|         :     0.0000070965
max |H_out - H_in|      (eV) :     0.0000758509
SCF cycle converged after 6 iterations

Using DM_out to compute the final energy and forces
No. of atoms with KB's overlaping orbs in proc 0. Max # of overlaps:      13     169

siesta: E_KS(eV) =             -349.8458

siesta: E_KS - E_eggbox =      -349.8458

siesta: Atomic forces (eV/Ang):
----------------------------------------
   Tot   -0.000000   -0.000000   -0.000000
----------------------------------------
   Max    0.000000
   Res    0.000000    sqrt( Sum f_i^2 / 3N )
----------------------------------------
   Max    0.000000    constrained

Stress tensor Voigt[x,y,z,yz,xz,xy] (kbar):       98.97       98.97       98.97       -8.74       -8.74       -8.74
(Free)E + p*V (eV/cell)     -351.6532
Target enthalpy (eV/cell)     -349.8474

siesta: Program's energy decomposition (eV):
siesta: Ebs     =       -30.652418
siesta: Eions   =       122.930792
siesta: Ena     =        18.410263
siesta: Ekin    =        31.119652
siesta: Enl     =        11.602326
siesta: Eso     =         0.000000
siesta: Edftu   =         0.000000
siesta: DEna    =         1.961414
siesta: DUscf   =         0.091464
siesta: DUext   =         0.000000
siesta: Exc     =      -290.100156
siesta: eta*DQ  =         0.000000
siesta: Emadel  =         0.000000
siesta: Emeta   =         0.000000
siesta: Emolmec =         0.000000
siesta: Ekinion =         0.000000
siesta: Eharris =      -349.845829
siesta: Etot    =      -349.845829
siesta: FreeEng =      -349.847407

siesta: Final energy (eV):
siesta:  Band Struct. =     -30.652418
siesta:       Kinetic =      31.119652
siesta:       Hartree =       1.221875
siesta:       Edftu   =       0.000000
siesta:       Eso     =       0.000000
siesta:    Ext. field =       0.000000
siesta:   Exch.-corr. =    -290.100156
siesta:  Ion-electron =     -16.950642
siesta:       Ion-ion =     -75.136558
siesta:       Ekinion =       0.000000
siesta:         Total =    -349.845829
siesta:         Fermi =      -2.273129

siesta: Stress tensor (static) (eV/Ang**3):
siesta:     0.061772   -0.005456   -0.005456
siesta:    -0.005456    0.061772   -0.005456
siesta:    -0.005456   -0.005456    0.061772

siesta: Cell volume =         29.232542 Ang**3

siesta: Pressure (static):
siesta:                Solid            Molecule  Units
siesta:          -0.00067278         -0.00067278  Ry/Bohr**3
siesta:          -0.06177235         -0.06177235  eV/Ang**3
siesta:         -98.97128731        -98.97128731  kBar
(Free)E+ p_basis*V_orbitals  =        -349.197457
(Free)Eharris+ p_basis*V_orbitals  =        -349.197457

cite: Please see "pb_bulk.bib" for an exhaustive BiBTeX file.
cite: Please clearly indicate Siesta version in published work: v4.1-b4-351
cite: This calculation has made use of the following articles
cite: which are encouraged to be cited in a published work.
        Primary SIESTA paper
          DOI: www.doi.org/10.1088/0953-8984/14/11/302

>> End of run:  22-JAN-2021  23:16:52
Job completed
