Siesta Version  : v4.1-b4-351
Architecture    : x86_64-linux-n-62-26-19
Compiler version: GNU Fortran (GCC) 9.3.0
Compiler flags  : mpifort -m64 -fPIC -O3 -march=native -ftree-vectorize -fexpensive-optimizatioons -funroll-loops -fprefetch-loop-arrays -fno-second-underscore  -flto
PP flags        : -I/dtu/sw/dcc/SL73/2020-aug/generic/build-tools/1.0/include -I/dtu/sw/dcc/SL773/2020-aug/generic/gcc/9.3.0/include -I/dtu/sw/dcc/SL73/2020-aug/generic/gcc/9.3.0/include -I/dtu/sw/dcc/SL73/2020-aug/XeonE5-2660v3/gnu/9.3.0/zlib/1.2.11/include -I/dtu/sw/dcc/SL73/2020-aug/generic/numactl/2.0.12/include -I/dtu/sw/dcc/SL73/2020-aug/XeonE5-2660v3/gnu/9.3.0/libxml2/2.9.10/include -I/dtu/sw/dcc/SL73/2020-aug/XeonE5-2660v3/gnu/9.3.0/hwloc/2.2.0/include -I/dtu/sw/dcc/SL73/2020-aug/XeonE5-2660v3/gnu/9.3.0/knem/1.1.4/include -I/dtu/sw/dcc/SL73/2020-aug/XeonE5-2660v3/gnu/9.3.0/ucx/1.8.1/include -I/dtu/sw/dcc/SL73/2020-aug/XeonE5-2660v3/gnu/9.3.0/openmpi/4.0.4/include -I/dtu/sw/dcc/SL73/2020-aug/XeonE5-2660v3/gnu/9.3.0/szip/2.1.1/include -I/dtu/sw/dcc/SL73/2020-aug/XeonE5-2660v3/gnu/9.3.0/hdf5/1.12.0/include -I/dtu/sw/dcc/SL73/2020-aug/XeonE5-2660v3/gnu/9.3.0/pnetcdf/1.12.1/include -I/dtu/sw/dcc/SL73/2020-aug/generic/gen-zlib/1.2.11/include -I/dtu/sw/dcc/SL73/2020-aug/generic/openssl/1.1.1/include -I/dtu/sw/dcc/SL73/2020-aug/generic/libssh2/1.8.2/include -I/dtu/sw/dcc/SL73/2020-aug/generic/curl/7.65.1/include -I/dtu/sw/dcc/SL73/2020-aug/XeonE5-2660v3/gnu/9.3.0/netcdf/4.7.4/include -I/dtu/sw/dcc/SL73/2020-aug/XeonE5-2660v3/gnu/9.3.0/flook/0.8.1/include -I/dtu/sw/dcc/SL73/2020-aug/XeonE5-2660v3/gnu/9.3.0/fftw/3.3.8/include -I/dtu/sw/dcc/SL73/2020-aug/XeonE5-2660v3/gnu/9.3.0/parmetis/4.0.3/include -I/dtu/sw/dcc/SL73/2020-aug/XeonE5-2660v3/gnu/9.3.0/scalapack/2.1.0/include -I/dtu/sw/dcc/SL73/2020-aug/XeonE5-2660v3/gnu/9.3.0/lapack/3.9.0/include -I/dtu/sw/dcc/SL73/2020-aug/XeonE5-2660v3/gnu/9.3.0/blis/0.7.0/include -I/dtu/sw/dcc/SL73/2020-aug/XeonE5-2660v3/gnu/9.3.0/scotch/6.0.9/include -I/dtu/sw/dcc/SL73/2020-aug/XeonE5-2660v3/gnu/9.3.0/mumps/5.3.3/include -I/dtu/sw/dcc/SL73/2020-aug/XeonE5-2660v3/gnu/9.3.0/elpa/2020.05.001/include -DSIESTA__ELPA -DMPI -DFC_HAVE_FLUSH -DFC_HAVE_ABORT -DCDF -DCDF4 -DSIESTA__FLOOK  -DNCDF -DNCDF_4 -DNCDF_PARALLEL -DTS_NOCHECKS -DSIESTA__METIS -DSIESTA__MUMPS -DSIESTA__MRRR -I/dtu/sw/dcc/SL73/2020-aug/XeonE5-2660v3/gnu/9.3.0/elpa/2020.05.001/include/elpa
Libraries       : libncdf.a libfdict.a -lnetcdff -lnetcdf -lpnetcdf -lhdf5_hl -lhdf5 -lz  -lzmuumps -lmumps_common -lesmumps -lscotch -lscotcherr -lpord -lparmetis -lmetis -lelpa -lscalapack -llapack -lblis  -L/dtu/sw/dcc/SL73/2020-aug/XeonE5-2660v3/gnu/9.3.0/flook/0.8.1/lib -Wl,-rpath=/dtu/sw/dcc/SL73/2020-aug/XeonE5-2660v3/gnu/9.3.0/flook/0.8.1/lib -lflookall -ldl  -flto -fuse-linker-plugin  -lmetis
PARALLEL version
NetCDF support
NetCDF-4 support
NetCDF-4 MPI-IO support
METIS ordering support
Lua support

* Running on 8 nodes in parallel
>> Start of run:  22-JAN-2021  23:20:44

                           ***********************       
                           *  WELCOME TO SIESTA  *       
                           ***********************       

reinit: Reading from ../ptcda.fdf

reinit: -----------------------------------------------------------------------
reinit: System Name: ptcda
reinit: -----------------------------------------------------------------------
reinit: System Label: ptcda
reinit: -----------------------------------------------------------------------

initatom: Reading input for the pseudopotentials and atomic orbitals ----------
Species number:   1 Atomic number:    6 Label: C_2
Species number:   2 Atomic number:    8 Label: O
Species number:   3 Atomic number:    1 Label: H

Ground state valence configuration:   2s02  2p02
Reading pseudopotential information in formatted form from C_2.psf

Valence configuration for pseudopotential generation:
2s( 2.00) rc: 1.25
2p( 2.00) rc: 1.25
3d( 0.00) rc: 1.25
4f( 0.00) rc: 1.25
Ground state valence configuration:   2s02  2p04
Reading pseudopotential information in formatted form from O.psf

Valence configuration for pseudopotential generation:
2s( 2.00) rc: 1.14
2p( 4.00) rc: 1.14
3d( 0.00) rc: 1.14
4f( 0.00) rc: 1.14
Ground state valence configuration:   1s01
Reading pseudopotential information in formatted form from H.psf

Valence configuration for pseudopotential generation:
1s( 1.00) rc: 1.25
2p( 0.00) rc: 1.25
3d( 0.00) rc: 1.25
4f( 0.00) rc: 1.25
For C_2, standard SIESTA heuristics set lmxkb to 2
 (one more than the basis l, including polarization orbitals).
Use PS.lmax or PS.KBprojectors blocks to override.
For O, standard SIESTA heuristics set lmxkb to 2
 (one more than the basis l, including polarization orbitals).
Use PS.lmax or PS.KBprojectors blocks to override.
For H, standard SIESTA heuristics set lmxkb to 1
 (one more than the basis l, including polarization orbitals).
Use PS.lmax or PS.KBprojectors blocks to override.

<basis_specs>
===============================================================================
C_2                  Z=   6    Mass=  12.010        Charge= 0.17977+309
Lmxo=1 Lmxkb= 2    BasisType=split      Semic=F
L=0  Nsemic=0  Cnfigmx=2
          i=1  nzeta=1  polorb=0  (2s)
            splnorm:   0.15000    
               vcte:    0.0000    
               rinn:    0.0000    
               qcoe:    0.0000    
               qyuk:    0.0000    
               qwid:   0.10000E-01
                rcs:    0.0000    
            lambdas:    1.0000    
L=1  Nsemic=0  Cnfigmx=2
          i=1  nzeta=1  polorb=0  (2p)
            splnorm:   0.15000    
               vcte:    0.0000    
               rinn:    0.0000    
               qcoe:    0.0000    
               qyuk:    0.0000    
               qwid:   0.10000E-01
                rcs:    0.0000    
            lambdas:    1.0000    
-------------------------------------------------------------------------------
L=0  Nkbl=1  erefs: 0.17977+309
L=1  Nkbl=1  erefs: 0.17977+309
L=2  Nkbl=1  erefs: 0.17977+309
===============================================================================
</basis_specs>

atom: Called for C_2                   (Z =   6)

read_vps: Pseudopotential generation method:
read_vps: ATM3      Troullier-Martins                       
Valence charge for ps generation:    4.00000

xc_check: Exchange-correlation functional:
xc_check: GGA Perdew, Burke & Ernzerhof 1996
xc_check: WARNING: Pseudopotential generated with LDA CA functional
V l=0 = -2*Zval/r beyond r=  1.3951
V l=1 = -2*Zval/r beyond r=  1.3777
V l=2 = -2*Zval/r beyond r=  1.3777
All V_l potentials equal beyond r=  1.2311
This should be close to max(r_c) in ps generation
All pots = -2*Zval/r beyond r=  1.3951

VLOCAL1: 99.0% of the norm of Vloc inside     28.641 Ry
VLOCAL1: 99.9% of the norm of Vloc inside     65.273 Ry
atom: Maximum radius for 4*pi*r*r*local-pseudopot. charge    1.48507
atom: Maximum radius for r*vlocal+2*Zval:    1.27815
GHOST: No ghost state for L =  0
GHOST: No ghost state for L =  1
GHOST: No ghost state for L =  2

KBgen: Kleinman-Bylander projectors: 
   l= 0   rc=  1.600766   el= -1.018363   Ekb=  7.802444   kbcos=  0.282220
   l= 1   rc=  1.620907   el= -0.411153   Ekb= -4.827757   kbcos= -0.292313
   l= 2   rc=  1.836783   el=  0.001971   Ekb= -1.327875   kbcos= -0.005321

KBgen: Total number of  Kleinman-Bylander projectors:    9
atom: -------------------------------------------------------------------------

atom: SANKEY-TYPE ORBITALS:

SPLIT: Orbitals with angular momentum L= 0

SPLIT: Basis orbitals for state 2s

SPLIT: PAO cut-off radius determined from an
SPLIT: energy shift=  0.005000 Ry

   izeta = 1
                 lambda =    1.000000
                     rc =    4.870301
                 energy =   -1.013657
                kinetic =    0.885460
    potential(screened) =   -1.899117
       potential(ionic) =   -5.463717

SPLIT: Orbitals with angular momentum L= 1

SPLIT: Basis orbitals for state 2p

SPLIT: PAO cut-off radius determined from an
SPLIT: energy shift=  0.005000 Ry

   izeta = 1
                 lambda =    1.000000
                     rc =    5.948690
                 energy =   -0.406515
                kinetic =    2.527550
    potential(screened) =   -2.934065
       potential(ionic) =   -6.388629
atom: Total number of Sankey-type orbitals:  4

atm_pop: Valence configuration (for local Pseudopot. screening):
 2s( 2.00)                                                            
 2p( 2.00)                                                            
Vna: chval, zval:    4.00000   4.00000

Vna:  Cut-off radius for the neutral-atom potential:   5.948690

atom: _________________________________________________________________________

<basis_specs>
===============================================================================
O                    Z=   8    Mass=  16.000        Charge= 0.17977+309
Lmxo=1 Lmxkb= 2    BasisType=split      Semic=F
L=0  Nsemic=0  Cnfigmx=2
          i=1  nzeta=1  polorb=0  (2s)
            splnorm:   0.15000    
               vcte:    0.0000    
               rinn:    0.0000    
               qcoe:    0.0000    
               qyuk:    0.0000    
               qwid:   0.10000E-01
                rcs:    0.0000    
            lambdas:    1.0000    
L=1  Nsemic=0  Cnfigmx=2
          i=1  nzeta=1  polorb=0  (2p)
            splnorm:   0.15000    
               vcte:    0.0000    
               rinn:    0.0000    
               qcoe:    0.0000    
               qyuk:    0.0000    
               qwid:   0.10000E-01
                rcs:    0.0000    
            lambdas:    1.0000    
-------------------------------------------------------------------------------
L=0  Nkbl=1  erefs: 0.17977+309
L=1  Nkbl=1  erefs: 0.17977+309
L=2  Nkbl=1  erefs: 0.17977+309
===============================================================================
</basis_specs>

atom: Called for O                     (Z =   8)

read_vps: Pseudopotential generation method:
read_vps: ATM3      Troullier-Martins                       
Valence charge for ps generation:    6.00000

xc_check: Exchange-correlation functional:
xc_check: GGA Perdew, Burke & Ernzerhof 1996
xc_check: WARNING: Pseudopotential generated with LDA CA functional
V l=0 = -2*Zval/r beyond r=  1.1278
V l=1 = -2*Zval/r beyond r=  1.1278
V l=2 = -2*Zval/r beyond r=  1.1278
All V_l potentials equal beyond r=  1.1278
This should be close to max(r_c) in ps generation
All pots = -2*Zval/r beyond r=  1.1278

VLOCAL1: 99.0% of the norm of Vloc inside     34.126 Ry
VLOCAL1: 99.9% of the norm of Vloc inside     77.774 Ry
atom: Maximum radius for 4*pi*r*r*local-pseudopot. charge    1.37759
atom: Maximum radius for r*vlocal+2*Zval:    1.18566
GHOST: No ghost state for L =  0
GHOST: No ghost state for L =  1
GHOST: No ghost state for L =  2

KBgen: Kleinman-Bylander projectors: 
   l= 0   rc=  1.294105   el= -1.764717   Ekb=  9.120606   kbcos=  0.329038
   l= 1   rc=  1.294105   el= -0.698441   Ekb= -8.119783   kbcos= -0.400859
   l= 2   rc=  1.448233   el=  0.002031   Ekb= -2.039067   kbcos= -0.003490

KBgen: Total number of  Kleinman-Bylander projectors:    9
atom: -------------------------------------------------------------------------

atom: SANKEY-TYPE ORBITALS:

SPLIT: Orbitals with angular momentum L= 0

SPLIT: Basis orbitals for state 2s

SPLIT: PAO cut-off radius determined from an
SPLIT: energy shift=  0.005000 Ry

   izeta = 1
                 lambda =    1.000000
                     rc =    3.840021
                 energy =   -1.760159
                kinetic =    1.577570
    potential(screened) =   -3.337729
       potential(ionic) =  -11.245574

SPLIT: Orbitals with angular momentum L= 1

SPLIT: Basis orbitals for state 2p

SPLIT: PAO cut-off radius determined from an
SPLIT: energy shift=  0.005000 Ry

   izeta = 1
                 lambda =    1.000000
                     rc =    4.690281
                 energy =   -0.693807
                kinetic =    4.951026
    potential(screened) =   -5.644833
       potential(ionic) =  -13.360775
atom: Total number of Sankey-type orbitals:  4

atm_pop: Valence configuration (for local Pseudopot. screening):
 2s( 2.00)                                                            
 2p( 4.00)                                                            
Vna: chval, zval:    6.00000   6.00000

Vna:  Cut-off radius for the neutral-atom potential:   4.690281

atom: _________________________________________________________________________

<basis_specs>
===============================================================================
H                    Z=   1    Mass=  1.0100        Charge= 0.17977+309
Lmxo=0 Lmxkb= 1    BasisType=split      Semic=F
L=0  Nsemic=0  Cnfigmx=1
          i=1  nzeta=1  polorb=0  (1s)
            splnorm:   0.15000    
               vcte:    0.0000    
               rinn:    0.0000    
               qcoe:    0.0000    
               qyuk:    0.0000    
               qwid:   0.10000E-01
                rcs:    0.0000    
            lambdas:    1.0000    
-------------------------------------------------------------------------------
L=0  Nkbl=1  erefs: 0.17977+309
L=1  Nkbl=1  erefs: 0.17977+309
===============================================================================
</basis_specs>

atom: Called for H                     (Z =   1)

read_vps: Pseudopotential generation method:
read_vps: ATM3      Troullier-Martins                       
Valence charge for ps generation:    1.00000

xc_check: Exchange-correlation functional:
xc_check: GGA Perdew, Burke & Ernzerhof 1996
xc_check: WARNING: Pseudopotential generated with LDA CA functional
V l=0 = -2*Zval/r beyond r=  1.2343
V l=1 = -2*Zval/r beyond r=  1.2189
All V_l potentials equal beyond r=  1.2343
This should be close to max(r_c) in ps generation
All pots = -2*Zval/r beyond r=  1.2343

VLOCAL1: 99.0% of the norm of Vloc inside     28.493 Ry
VLOCAL1: 99.9% of the norm of Vloc inside     64.935 Ry
atom: Maximum radius for 4*pi*r*r*local-pseudopot. charge    1.45251
atom: Maximum radius for r*vlocal+2*Zval:    1.21892
GHOST: No ghost state for L =  0
GHOST: No ghost state for L =  1

KBgen: Kleinman-Bylander projectors: 
   l= 0   rc=  1.364359   el= -0.488086   Ekb= -2.002077   kbcos= -0.347561
   l= 1   rc=  1.434438   el=  0.001075   Ekb= -0.501617   kbcos= -0.021754

KBgen: Total number of  Kleinman-Bylander projectors:    4
atom: -------------------------------------------------------------------------

atom: SANKEY-TYPE ORBITALS:

SPLIT: Orbitals with angular momentum L= 0

SPLIT: Basis orbitals for state 1s

SPLIT: PAO cut-off radius determined from an
SPLIT: energy shift=  0.005000 Ry

   izeta = 1
                 lambda =    1.000000
                     rc =    5.752124
                 energy =   -0.483195
                kinetic =    0.910393
    potential(screened) =   -1.393588
       potential(ionic) =   -1.904645
atom: Total number of Sankey-type orbitals:  1

atm_pop: Valence configuration (for local Pseudopot. screening):
 1s( 1.00)                                                            
Vna: chval, zval:    1.00000   1.00000

Vna:  Cut-off radius for the neutral-atom potential:   5.752124

atom: _________________________________________________________________________

prinput: Basis input ----------------------------------------------------------

PAO.BasisType split     

%block ChemicalSpeciesLabel
    1    6 C_2                     # Species index, atomic number, species label
    2    8 O                       # Species index, atomic number, species label
    3    1 H                       # Species index, atomic number, species label
%endblock ChemicalSpeciesLabel

%block PAO.Basis                 # Define Basis set
C_2                   2                    # Species label, number of l-shells
 n=2   0   1                         # n, l, Nzeta 
   4.870   
   1.000   
 n=2   1   1                         # n, l, Nzeta 
   5.949   
   1.000   
O                     2                    # Species label, number of l-shells
 n=2   0   1                         # n, l, Nzeta 
   3.840   
   1.000   
 n=2   1   1                         # n, l, Nzeta 
   4.690   
   1.000   
H                     1                    # Species label, number of l-shells
 n=1   0   1                         # n, l, Nzeta 
   5.752   
   1.000   
%endblock PAO.Basis

prinput: ----------------------------------------------------------------------

Dumping basis to NetCDF file C_2.ion.nc
Dumping basis to NetCDF file O.ion.nc
Dumping basis to NetCDF file H.ion.nc
coor:   Atomic-coordinates input format  =     Cartesian coordinates
coor:                                          (in Angstroms)

siesta: Atomic coordinates (Bohr) and species
siesta:      4.97922  29.76095  18.89727  1        1
siesta:      1.83121  33.28265  18.89727  1        2
siesta:      4.39268  32.40535  18.89727  1        3
siesta:      6.40763  34.21313  18.89727  1        4
siesta:      1.37039  35.91190  18.89727  1        5
siesta:      3.34320  37.66061  18.89727  1        6
siesta:      7.54287  29.00815  18.89727  1        7
siesta:      9.49542  30.77629  18.89727  1        8
siesta:      8.95813  33.37144  18.89727  1        9
siesta:      5.85706  36.83884  18.89727  1       10
siesta:     11.02191  35.19985  18.89727  1       11
siesta:      7.89389  38.69028  18.89727  1       12
siesta:      2.93124  27.93373  18.89727  1       13
siesta:     22.17463  31.45402  18.89727  1       14
siesta:      0.36973  28.81051  18.89727  1       15
siesta:     20.75263  26.99514  18.89727  1       16
siesta:     19.61187  32.20269  18.89727  1       17
siesta:     17.66285  30.42200  18.89727  1       18
siesta:      3.40563  25.30670  18.89727  1       19
siesta:      1.43455  23.54981  18.89727  1       20
siesta:     21.31121  24.37153  18.89727  1       21
siesta:     18.20300  27.82938  18.89727  1       22
siesta:     19.28302  22.51450  18.89727  1       23
siesta:     16.14546  25.98938  18.89727  1       24
siesta:     14.15369  13.80147  18.89727  1       25
siesta:     11.03241  10.25237  18.89727  1       26
siesta:     11.59881  12.90000  18.89727  1       27
siesta:      9.56832  14.68980  18.89727  1       28
siesta:      8.47569   9.47429  18.89727  1       29
siesta:      6.50774  11.22484  18.89727  1       30
siesta:     14.59221  16.43525  18.89727  1       31
siesta:     12.60238  18.16958  18.89727  1       32
siesta:     10.09622  17.32283  18.89727  1       33
siesta:      7.02722  13.82422  18.89727  1       34
siesta:      8.04421  19.15585  18.89727  1       35
siesta:      4.95286  15.63596  18.89727  1       36
siesta:     16.22210  11.98981  18.89727  1       37
siesta:     13.09657   8.44273  18.89727  1       38
siesta:     15.65112   9.34400  18.89727  1       39
siesta:     17.67905   7.54762  18.89727  1       40
siesta:     12.64644   5.81499  18.89727  1       41
siesta:     14.63475   4.07614  18.89727  1       42
siesta:     18.77865  12.75832  18.89727  1       43
siesta:     20.74242  10.99440  18.89727  1       44
siesta:     20.22190   8.39988  18.89727  1       45
siesta:     17.14174   4.92237  18.92229  1       46
siesta:     22.29215   6.57436  18.89727  1       47
siesta:     19.18039   3.08234  18.89727  1       48
siesta:     10.37438  37.76210  18.97947  2       49
siesta:      7.64527   2.20940  18.91549  2       50
siesta:     13.29116  34.70688  18.88783  2       51
siesta:     16.80626  23.42962  19.02416  2       52
siesta:     13.87431  26.46740  18.90784  2       53
siesta:     19.54744  20.20379  18.87432  2       54
siesta:      5.57536  18.20209  19.00884  2       55
siesta:      2.68620  15.12639  18.86489  2       56
siesta:      8.26881  21.46784  18.90824  2       57
siesta:     21.65043   4.00949  19.02252  2       58
siesta:     18.92237   0.77238  18.84821  2       59
siesta:      2.16354   7.06674  18.90763  2       60
siesta:      2.93836   0.88806  18.95492  3       61
siesta:     11.44464  30.12136  18.96279  3       62
siesta:     21.84933  36.65446  18.95238  3       63
siesta:      8.05439  27.01809  18.96151  3       64
siesta:     15.71304  31.07158  18.96231  3       65
siesta:      1.84532  21.53366  18.97388  3       66
siesta:     19.09285  34.18976  19.01156  3       67
siesta:      5.32221  24.56704  18.97562  3       68
siesta:      4.56491  10.55244  18.97282  3       69
siesta:     12.98895  20.19010  18.97275  3       70
siesta:      7.98352   7.47886  18.96289  3       71
siesta:     16.50394  17.19098  18.95427  3       72
siesta:     14.24701   2.05525  18.96218  3       73
siesta:      0.29043  11.66320  18.95964  3       74
siesta:     10.73579   5.05654  18.95025  3       75
siesta:     19.27943  14.74999  19.01846  3       76

siesta: System type = slab      

initatomlists: Number of atoms, orbitals, and projectors:     76   256   604

siesta: ******************** Simulation parameters ****************************
siesta:
siesta: The following are some of the parameters of the simulation.
siesta: A complete list of the parameters used, including default values,
siesta: can be found in file out.fdf
siesta:
redata: Spin configuration                          = none
redata: Number of spin components                   = 1
redata: Time-Reversal Symmetry                      = T
redata: Spin spiral                                 = F
redata: Long output                                 =   F
redata: Number of Atomic Species                    =        3
redata: Charge density info will appear in .RHO file
redata: Write Mulliken Pop.                         = NO
redata: Matel table size (NRTAB)                    =     1024
redata: Mesh Cutoff                                 =   225.0000 Ry
redata: Net charge of the system                    =     0.0000 |e|
redata: Min. number of SCF Iter                     =        0
redata: Max. number of SCF Iter                     =     1000
redata: SCF convergence failure will abort job
redata: SCF mix quantity                            = Hamiltonian
redata: Mix DM or H after convergence               =   F
redata: Recompute H after scf cycle                 =   F
redata: Mix DM in first SCF step                    =   T
redata: Write Pulay info on disk                    =   F
redata: New DM Occupancy tolerance                  = 0.000000000001
redata: No kicks to SCF
redata: DM Mixing Weight for Kicks                  =     0.5000
redata: Require Harris convergence for SCF          =   F
redata: Harris energy tolerance for SCF             =     0.000100 eV
redata: Require DM convergence for SCF              =   T
redata: DM tolerance for SCF                        =     0.000100
redata: Require EDM convergence for SCF             =   F
redata: EDM tolerance for SCF                       =     0.001000 eV
redata: Require H convergence for SCF               =   T
redata: Hamiltonian tolerance for SCF               =     0.001000 eV
redata: Require (free) Energy convergence for SCF   =   F
redata: (free) Energy tolerance for SCF             =     0.000100 eV
redata: Using Saved Data (generic)                  =   F
redata: Use continuation files for DM               =   T
redata: Neglect nonoverlap interactions             =   F
redata: Method of Calculation                       = Diagonalization
redata: Electronic Temperature                      =   299.9869 K
redata: Fix the spin of the system                  =   F
redata: Dynamics option                             = Single-point calculation
mix.SCF: Pulay mixing                            = Pulay
mix.SCF:    Variant                              = stable
mix.SCF:    History steps                        = 10
mix.SCF:    Linear mixing weight                 =     0.030000
mix.SCF:    Mixing weight                        =     0.030000
mix.SCF:    SVD condition                        = 0.1000E-07
redata: Save all siesta data in one NC              =   F
redata: ***********************************************************************

%block SCF.Mixers
  Pulay
%endblock SCF.Mixers

%block SCF.Mixer.Pulay
  # Mixing method
  method pulay
  variant stable

  # Mixing options
  weight 0.0300
  weight.linear 0.0300
  history 10
%endblock SCF.Mixer.Pulay

DM_history_depth set to one: no extrapolation allowed by default for geometry relaxation
Size of DM history Fstack: 1
Total number of electrons:   280.000000
Total ionic charge:   280.000000

* ProcessorY, Blocksize:    2  24


* Orbital distribution balance (max,min):    48    24

 Kpoints in:            1 . Kpoints trimmed:            1

siesta: k-grid: Number of k-points =     1
siesta: k-grid: Cutoff (effective) =     5.926 Ang
siesta: k-grid: Supercell and displacements
siesta: k-grid:    1   0   0      0.000
siesta: k-grid:    0   1   0      0.000
siesta: k-grid:    0   0   1      0.000

diag: Algorithm                                     = D&C
diag: Parallel over k                               =   F
diag: Use parallel 2D distribution                  =   T
diag: Parallel block-size                           = 24
diag: Parallel distribution                         =     2 x     4
diag: Used triangular part                          = Lower
diag: Absolute tolerance                            =  0.100E-15
diag: Orthogonalization factor                      =  0.100E-05
diag: Memory factor                                 =  1.0000


ts: **************************************************************
ts: Save H and S matrices                           =    F
ts: Save DM and EDM matrices                        =    F
ts: Only save the overlap matrix S                  =    F
ts: **************************************************************

************************ Begin: TS CHECKS AND WARNINGS ************************
************************ End: TS CHECKS AND WARNINGS **************************


                     ====================================
                        Single-point calculation
                     ====================================

outcell: Unit cell vectors (Ang):
       11.851110    0.000000    0.000000
        0.000000   20.526700    0.000000
        0.000000    0.000000   25.000000

outcell: Cell vector modules (Ang)   :   11.851110   20.526700   25.000000
outcell: Cell angles (23,13,12) (deg):     90.0000     90.0000     90.0000
outcell: Cell volume (Ang**3)        :   6081.6045
Gamma-point calculation with multiply-connected orbital pairs
Folding of H and S implicitly performed
<dSpData1D:S at geom step 0
  <sparsity:sparsity for geom step 0
    nrows_g=256 nrows=48 sparsity=.0943 nnzs=6180, refcount: 7>
  <dData1D:(new from dSpData1D) n=6180, refcount: 1>
refcount: 1>
new_DM -- step:     1
Initializing Density Matrix...

Attempting to read DM from file... Failed...
DM filled with atomic data:
<dSpData2D:DM initialized from atoms
  <sparsity:sparsity for geom step 0
    nrows_g=256 nrows=48 sparsity=.0943 nnzs=6180, refcount: 8>
  <dData2D:DM n=6180 m=1, refcount: 1>
refcount: 1>
No. of atoms with KB's overlaping orbs in proc 0. Max # of overlaps:      49      68
New grid distribution:   1
           1       1:   54    1:   48    1:   30
           2       1:   54    1:   48   31:   60
           3       1:   54    1:   48   61:   90
           4       1:   54    1:   48   91:  120
           5       1:   54   49:   96    1:   30
           6       1:   54   49:   96   31:   60
           7       1:   54   49:   96   61:   90
           8       1:   54   49:   96   91:  120

InitMesh: MESH =   108 x   192 x   240 =     4976640
InitMesh: (bp) =    54 x    96 x   120 =      622080
InitMesh: Mesh cutoff (required, used) =   225.000   229.526 Ry
ExtMesh (bp) on 0 =   114 x   108 x    94 =     1157328
New grid distribution:   2
           1       1:   54    1:   48    1:   44
           2       1:   54    1:   48   45:   48
           3       1:   54    1:   48   53:  120
           4       1:   54   49:   96   45:   48
           5       1:   54   49:   96    1:   44
           6       1:   54   49:   96   49:   52
           7       1:   54   49:   96   53:  120
           8       1:   54    1:   48   49:   52
New grid distribution:   3
           1       1:   54    1:   48    1:   41
           2       1:   54    1:   48   42:   48
           3       1:   54    1:   48   56:  120
           4       1:   54   49:   96   42:   48
           5       1:   54   49:   96    1:   41
           6       1:   54   49:   96   49:   55
           7       1:   54   49:   96   56:  120
           8       1:   54    1:   48   49:   55
Setting up quadratic distribution...
ExtMesh (bp) on 0 =   114 x   108 x   108 =     1329696
PhiOnMesh: Number of (b)points on node 0 =               114048
PhiOnMesh: nlist on node 0 =               429506

stepf: Fermi-Dirac step function

siesta: Program's energy decomposition (eV):
siesta: Ebs     =     -4536.724015
siesta: Eions   =     24807.050277
siesta: Ena     =      7061.091826
siesta: Ekin    =      9166.244061
siesta: Enl     =      -870.781655
siesta: Eso     =         0.000000
siesta: Edftu   =         0.000000
siesta: DEna    =        49.933948
siesta: DUscf   =        54.645189
siesta: DUext   =         0.000000
siesta: Exc     =     -3485.632121
siesta: eta*DQ  =         0.000000
siesta: Emadel  =         0.000000
siesta: Emeta   =         0.000000
siesta: Emolmec =         0.000000
siesta: Ekinion =         0.000000
siesta: Eharris =    -12664.656624
siesta: Etot    =    -12831.549029
siesta: FreeEng =    -12831.549029

        iscf     Eharris(eV)        E_KS(eV)     FreeEng(eV)     dDmax    Ef(eV) dHmax(eV)
   scf:    1   -12664.656624   -12831.549029   -12831.549029  1.487471 -6.974139  6.202235
timer: Routine,Calls,Time,% = IterSCF        1       1.889  49.51
   scf:    2   -12840.158389   -12835.933486   -12835.933486  0.034602 -6.870739  5.746606
   scf:    3   -12853.801259   -12854.653036   -12854.653036  0.392782 -6.949944  2.807712
   scf:    4   -12851.013108   -12853.010699   -12853.010699  0.052804 -6.871244  3.827172
   scf:    5   -12855.974595   -12856.158661   -12856.158661  0.172096 -7.444050  1.538648
   scf:    6   -12849.265605   -12853.716141   -12853.716141  0.126186 -7.396570  2.507698
   scf:    7   -12857.429890   -12855.876616   -12855.876616  0.066537 -7.451571  1.195524
   scf:    8   -12855.612399   -12855.748285   -12855.748285  0.007553 -7.469806  1.347384
   scf:    9   -12856.761906   -12856.512799   -12856.512799  0.062828 -7.668107  0.179134
   scf:   10   -12856.516599   -12856.516463   -12856.516463  0.007203 -7.675985  0.165021
   scf:   11   -12856.520444   -12856.519679   -12856.519679  0.004816 -7.650681  0.052033
   scf:   12   -12856.520319   -12856.520192   -12856.520192  0.002721 -7.654734  0.020833
   scf:   13   -12856.519777   -12856.520092   -12856.520092  0.001505 -7.657982  0.030537
   scf:   14   -12856.520228   -12856.520195   -12856.520195  0.000776 -7.656370  0.015768
   scf:   15   -12856.520299   -12856.520264   -12856.520264  0.000562 -7.655661  0.007599
   scf:   16   -12856.520268   -12856.520267   -12856.520267  0.000177 -7.655925  0.003371
   scf:   17   -12856.520259   -12856.520268   -12856.520268  0.000282 -7.655439  0.003616
   scf:   18   -12856.520272   -12856.520271   -12856.520271  0.000167 -7.655594  0.000229
   scf:   19   -12856.520271   -12856.520271   -12856.520271  0.000003 -7.655594  0.000253

SCF Convergence by DM+H criterion
max |DM_out - DM_in|         :     0.0000031126
max |H_out - H_in|      (eV) :     0.0002534517
SCF cycle converged after 19 iterations

Using DM_out to compute the final energy and forces
No. of atoms with KB's overlaping orbs in proc 0. Max # of overlaps:      49      68

siesta: E_KS(eV) =           -12856.5203

siesta: E_KS - E_eggbox =    -12856.5203

siesta: Atomic forces (eV/Ang):
----------------------------------------
   Tot    0.144471   -0.351536   -0.157281
----------------------------------------
   Max    7.555094
   Res    1.965380    sqrt( Sum f_i^2 / 3N )
----------------------------------------
   Max    7.555094    constrained

Stress tensor Voigt[x,y,z,yz,xz,xy] (kbar):      -41.33      -41.94        0.06       -0.15       -0.02        0.01
(Free)E + p*V (eV/cell)   -12751.2346
Target enthalpy (eV/cell)   -12856.5203

siesta: Program's energy decomposition (eV):
siesta: Ebs     =     -4580.320664
siesta: Eions   =     24807.050277
siesta: Ena     =      7061.091826
siesta: Ekin    =      9000.151030
siesta: Enl     =      -786.548839
siesta: Eso     =         0.000000
siesta: Edftu   =         0.000000
siesta: DEna    =       116.020592
siesta: DUscf   =        17.469155
siesta: DUext   =         0.000000
siesta: Exc     =     -3457.653758
siesta: eta*DQ  =         0.000000
siesta: Emadel  =         0.000000
siesta: Emeta   =         0.000000
siesta: Emolmec =         0.000000
siesta: Ekinion =         0.000000
siesta: Eharris =    -12856.520271
siesta: Etot    =    -12856.520271
siesta: FreeEng =    -12856.520271

siesta: Final energy (eV):
siesta:  Band Struct. =   -4580.320664
siesta:       Kinetic =    9000.151030
siesta:       Hartree =   56437.202628
siesta:       Edftu   =       0.000000
siesta:       Eso     =       0.000000
siesta:    Ext. field =       0.000000
siesta:   Exch.-corr. =   -3457.653758
siesta:  Ion-electron = -121957.309747
siesta:       Ion-ion =   47121.089575
siesta:       Ekinion =       0.000000
siesta:         Total =  -12856.520271
siesta:         Fermi =      -7.655594

siesta: Atomic forces (eV/Ang):
siesta:      1    0.105431    0.316190   -0.021232
siesta:      2    0.233117    0.025647   -0.011068
siesta:      3   -0.036929   -0.069934   -0.029331
siesta:      4   -0.185689   -0.295346   -0.032986
siesta:      5    0.812260   -1.446086    0.017521
siesta:      6    0.898295   -1.441100   -0.009539
siesta:      7   -1.359464    0.997239    0.002665
siesta:      8   -1.198182    1.279348   -0.001511
siesta:      9   -1.278594   -0.675102   -0.077176
siesta:     10   -0.783288   -1.191674   -0.100653
siesta:     11   -3.587013    0.247102    0.074392
siesta:     12    0.173747   -3.543327    0.090955
siesta:     13   -0.241368   -0.044078   -0.031360
siesta:     14    0.015215   -0.260644   -0.035341
siesta:     15   -0.009145   -0.024872   -0.052196
siesta:     16    0.343693    0.319795   -0.032304
siesta:     17    1.220145   -1.078508    0.015774
siesta:     18    1.276757   -1.151916   -0.016949
siesta:     19   -0.956724    1.337161    0.010701
siesta:     20   -0.901846    1.568727   -0.015586
siesta:     21    0.945799    1.180365   -0.100884
siesta:     22    1.190619    0.634737   -0.139121
siesta:     23   -0.099413    3.302530    0.117563
siesta:     24    3.660169   -0.229861    0.129059
siesta:     25   -0.235637    0.031123   -0.015896
siesta:     26   -0.085391    0.255138   -0.028493
siesta:     27    0.058028   -0.038312   -0.030144
siesta:     28    0.243188   -0.252625   -0.037223
siesta:     29    1.354382    1.002652   -0.000271
siesta:     30    1.204112    1.325665   -0.001018
siesta:     31   -0.859398   -1.406364    0.010774
siesta:     32   -0.839867   -1.537893   -0.009320
siesta:     33    0.825790   -1.237439   -0.117980
siesta:     34    1.305810   -0.699947   -0.076948
siesta:     35   -0.138696   -3.491456    0.126110
siesta:     36    3.468756    0.287368    0.100550
siesta:     37   -0.053460   -0.195158   -0.042617
siesta:     38    0.289343    0.027297   -0.013751
siesta:     39   -0.008161   -0.061959   -0.055652
siesta:     40   -0.348948    0.351505    0.033387
siesta:     41    0.938047    1.221847   -0.004378
siesta:     42    0.799882    1.586081    0.045807
siesta:     43   -1.213289   -1.072609    0.017473
siesta:     44   -1.257711   -1.124766   -0.021680
siesta:     45   -1.200864    0.580999   -0.144827
siesta:     46   -0.930362    1.183896   -0.166276
siesta:     47   -3.713868   -0.240516    0.139253
siesta:     48    0.104627    3.278691    0.168373
siesta:     49    2.029544    1.979093    0.125147
siesta:     50   -1.223680    7.490736    0.001332
siesta:     51    7.343126   -2.247883   -0.076300
siesta:     52   -2.107280   -1.903827    0.073825
siesta:     53   -7.414691    2.054855   -0.059627
siesta:     54    1.272677   -7.358271   -0.137880
siesta:     55   -2.091405    1.981354    0.100871
siesta:     56   -7.245848   -2.233584   -0.167547
siesta:     57    0.887355    7.555094   -0.038692
siesta:     58    2.217585   -1.908832    0.100902
siesta:     59   -0.941039   -7.445497   -0.207816
siesta:     60    7.531031    2.077088   -0.053815
siesta:     61   -0.776864    3.735782    0.037614
siesta:     62    3.555187   -1.282941    0.027959
siesta:     63   -3.414842    1.495006    0.008660
siesta:     64    0.899226   -3.405995    0.035350
siesta:     65   -3.587791    1.292313    0.037316
siesta:     66    0.750747   -3.713057    0.046364
siesta:     67   -0.900830    3.407032    0.054943
siesta:     68    3.391838   -1.453993    0.037019
siesta:     69   -3.566224   -1.340647    0.028788
siesta:     70    0.719441    3.729200    0.044087
siesta:     71   -0.870090   -3.423252    0.040327
siesta:     72    3.386806    1.490353    0.019336
siesta:     73   -0.722567   -3.719593    0.029167
siesta:     74    3.591325    1.355585    0.031435
siesta:     75   -3.391172   -1.486045    0.018190
siesta:     76    0.879000    3.398777    0.059119
siesta: ----------------------------------------
siesta:    Tot    0.144471   -0.351536   -0.157281

siesta: Stress tensor (static) (eV/Ang**3):
siesta:    -0.025798    0.000008   -0.000014
siesta:     0.000008   -0.026179   -0.000096
siesta:    -0.000014   -0.000096    0.000040

siesta: Cell volume =       6081.604491 Ang**3

siesta: Pressure (static):
siesta:                Solid            Molecule  Units
siesta:           0.00018855          0.00025365  Ry/Bohr**3
siesta:           0.01731215          0.02328921  eV/Ang**3
siesta:          27.73741849         37.31383617  kBar
(Free)E+ p_basis*V_orbitals  =      -12840.549366
(Free)Eharris+ p_basis*V_orbitals  =      -12840.549366

siesta: Electric dipole (a.u.)  =   -0.000000   -0.000000    0.143366
siesta: Electric dipole (Debye) =   -0.000000   -0.000000    0.364401

cite: Please see "ptcda.bib" for an exhaustive BiBTeX file.
cite: Please clearly indicate Siesta version in published work: v4.1-b4-351
cite: This calculation has made use of the following articles
cite: which are encouraged to be cited in a published work.
        Primary SIESTA paper
          DOI: www.doi.org/10.1088/0953-8984/14/11/302

>> End of run:  22-JAN-2021  23:21:07
Job completed
[1611354067.826264] [n-62-21-35:20984:0]          mpool.c:42   UCX  WARN  object 0x31ac700 was not returned to mpool ucp_requests
[1611354067.834225] [n-62-21-35:20993:0]          mpool.c:42   UCX  WARN  object 0x37a7540 was not returned to mpool ucp_requests
[1611354067.834356] [n-62-21-35:20987:0]          mpool.c:42   UCX  WARN  object 0x27a6540 was not returned to mpool ucp_requests
[1611354067.835238] [n-62-21-35:20991:0]          mpool.c:42   UCX  WARN  object 0x2f26700 was not returned to mpool ucp_requests
