Siesta Version  : v4.1-b4-351
Architecture    : x86_64-linux-n-62-26-19
Compiler version: GNU Fortran (GCC) 9.3.0
Compiler flags  : mpifort -m64 -fPIC -O3 -march=native -ftree-vectorize -fexpensive-optimizatioons -funroll-loops -fprefetch-loop-arrays -fno-second-underscore  -flto
PP flags        : -I/dtu/sw/dcc/SL73/2020-aug/generic/build-tools/1.0/include -I/dtu/sw/dcc/SL773/2020-aug/generic/gcc/9.3.0/include -I/dtu/sw/dcc/SL73/2020-aug/generic/gcc/9.3.0/include -I/dtu/sw/dcc/SL73/2020-aug/XeonE5-2660v3/gnu/9.3.0/zlib/1.2.11/include -I/dtu/sw/dcc/SL73/2020-aug/generic/numactl/2.0.12/include -I/dtu/sw/dcc/SL73/2020-aug/XeonE5-2660v3/gnu/9.3.0/libxml2/2.9.10/include -I/dtu/sw/dcc/SL73/2020-aug/XeonE5-2660v3/gnu/9.3.0/hwloc/2.2.0/include -I/dtu/sw/dcc/SL73/2020-aug/XeonE5-2660v3/gnu/9.3.0/knem/1.1.4/include -I/dtu/sw/dcc/SL73/2020-aug/XeonE5-2660v3/gnu/9.3.0/ucx/1.8.1/include -I/dtu/sw/dcc/SL73/2020-aug/XeonE5-2660v3/gnu/9.3.0/openmpi/4.0.4/include -I/dtu/sw/dcc/SL73/2020-aug/XeonE5-2660v3/gnu/9.3.0/szip/2.1.1/include -I/dtu/sw/dcc/SL73/2020-aug/XeonE5-2660v3/gnu/9.3.0/hdf5/1.12.0/include -I/dtu/sw/dcc/SL73/2020-aug/XeonE5-2660v3/gnu/9.3.0/pnetcdf/1.12.1/include -I/dtu/sw/dcc/SL73/2020-aug/generic/gen-zlib/1.2.11/include -I/dtu/sw/dcc/SL73/2020-aug/generic/openssl/1.1.1/include -I/dtu/sw/dcc/SL73/2020-aug/generic/libssh2/1.8.2/include -I/dtu/sw/dcc/SL73/2020-aug/generic/curl/7.65.1/include -I/dtu/sw/dcc/SL73/2020-aug/XeonE5-2660v3/gnu/9.3.0/netcdf/4.7.4/include -I/dtu/sw/dcc/SL73/2020-aug/XeonE5-2660v3/gnu/9.3.0/flook/0.8.1/include -I/dtu/sw/dcc/SL73/2020-aug/XeonE5-2660v3/gnu/9.3.0/fftw/3.3.8/include -I/dtu/sw/dcc/SL73/2020-aug/XeonE5-2660v3/gnu/9.3.0/parmetis/4.0.3/include -I/dtu/sw/dcc/SL73/2020-aug/XeonE5-2660v3/gnu/9.3.0/scalapack/2.1.0/include -I/dtu/sw/dcc/SL73/2020-aug/XeonE5-2660v3/gnu/9.3.0/lapack/3.9.0/include -I/dtu/sw/dcc/SL73/2020-aug/XeonE5-2660v3/gnu/9.3.0/blis/0.7.0/include -I/dtu/sw/dcc/SL73/2020-aug/XeonE5-2660v3/gnu/9.3.0/scotch/6.0.9/include -I/dtu/sw/dcc/SL73/2020-aug/XeonE5-2660v3/gnu/9.3.0/mumps/5.3.3/include -I/dtu/sw/dcc/SL73/2020-aug/XeonE5-2660v3/gnu/9.3.0/elpa/2020.05.001/include -DSIESTA__ELPA -DMPI -DFC_HAVE_FLUSH -DFC_HAVE_ABORT -DCDF -DCDF4 -DSIESTA__FLOOK  -DNCDF -DNCDF_4 -DNCDF_PARALLEL -DTS_NOCHECKS -DSIESTA__METIS -DSIESTA__MUMPS -DSIESTA__MRRR -I/dtu/sw/dcc/SL73/2020-aug/XeonE5-2660v3/gnu/9.3.0/elpa/2020.05.001/include/elpa
Libraries       : libncdf.a libfdict.a -lnetcdff -lnetcdf -lpnetcdf -lhdf5_hl -lhdf5 -lz  -lzmuumps -lmumps_common -lesmumps -lscotch -lscotcherr -lpord -lparmetis -lmetis -lelpa -lscalapack -llapack -lblis  -L/dtu/sw/dcc/SL73/2020-aug/XeonE5-2660v3/gnu/9.3.0/flook/0.8.1/lib -Wl,-rpath=/dtu/sw/dcc/SL73/2020-aug/XeonE5-2660v3/gnu/9.3.0/flook/0.8.1/lib -lflookall -ldl  -flto -fuse-linker-plugin  -lmetis
PARALLEL version
NetCDF support
NetCDF-4 support
NetCDF-4 MPI-IO support
METIS ordering support
Lua support

* Running on 8 nodes in parallel
>> Start of run:  22-JAN-2021  23:23:54

                           ***********************       
                           *  WELCOME TO SIESTA  *       
                           ***********************       

reinit: Reading from ../si2x1h-dipole.fdf

reinit: -----------------------------------------------------------------------
reinit: System Name: Si(100)-2x1 3 layers (H-saturated
reinit: -----------------------------------------------------------------------
reinit: System Label: si2x1h-dipole
reinit: -----------------------------------------------------------------------

initatom: Reading input for the pseudopotentials and atomic orbitals ----------
Species number:   1 Atomic number:   14 Label: Si
Species number:   2 Atomic number:    1 Label: H

Ground state valence configuration:   3s02  3p02
Reading pseudopotential information in formatted form from Si.psf

Valence configuration for pseudopotential generation:
3s( 2.00) rc: 1.89
3p( 2.00) rc: 1.89
3d( 0.00) rc: 1.89
4f( 0.00) rc: 1.89
Ground state valence configuration:   1s01
Reading pseudopotential information in formatted form from H.psf

Valence configuration for pseudopotential generation:
1s( 1.00) rc: 1.25
2p( 0.00) rc: 1.25
3d( 0.00) rc: 1.25
4f( 0.00) rc: 1.25
For Si, standard SIESTA heuristics set lmxkb to 2
 (one more than the basis l, including polarization orbitals).
Use PS.lmax or PS.KBprojectors blocks to override.
For H, standard SIESTA heuristics set lmxkb to 1
 (one more than the basis l, including polarization orbitals).
Use PS.lmax or PS.KBprojectors blocks to override.

<basis_specs>
===============================================================================
Si                   Z=  14    Mass=  28.090        Charge= 0.17977+309
Lmxo=1 Lmxkb= 2    BasisType=split      Semic=F
L=0  Nsemic=0  Cnfigmx=3
          i=1  nzeta=1  polorb=0  (3s)
            splnorm:   0.30000    
               vcte:    0.0000    
               rinn:    0.0000    
               qcoe:    0.0000    
               qyuk:    0.0000    
               qwid:   0.10000E-01
                rcs:    0.0000    
            lambdas:    1.0000    
L=1  Nsemic=0  Cnfigmx=3
          i=1  nzeta=1  polorb=0  (3p)
            splnorm:   0.30000    
               vcte:    0.0000    
               rinn:    0.0000    
               qcoe:    0.0000    
               qyuk:    0.0000    
               qwid:   0.10000E-01
                rcs:    0.0000    
            lambdas:    1.0000    
-------------------------------------------------------------------------------
L=0  Nkbl=1  erefs: 0.17977+309
L=1  Nkbl=1  erefs: 0.17977+309
L=2  Nkbl=1  erefs: 0.17977+309
===============================================================================
</basis_specs>

atom: Called for Si                    (Z =  14)

read_vps: Pseudopotential generation method:
read_vps: ATM3      Troullier-Martins                       
Valence charge for ps generation:    4.00000

xc_check: Exchange-correlation functional:
xc_check: Ceperley-Alder
V l=0 = -2*Zval/r beyond r=  2.5494
V l=1 = -2*Zval/r beyond r=  2.5494
V l=2 = -2*Zval/r beyond r=  2.5494
All V_l potentials equal beyond r=  1.8652
This should be close to max(r_c) in ps generation
All pots = -2*Zval/r beyond r=  2.5494
Using large-core scheme for Vlocal

atom: Estimated core radius    2.54944

atom: Including non-local core corrections could be a good idea
atom: Maximum radius for 4*pi*r*r*local-pseudopot. charge    2.85303
atom: Maximum radius for r*vlocal+2*Zval:    2.58151
GHOST: No ghost state for L =  0
GHOST: No ghost state for L =  1
GHOST: No ghost state for L =  2

KBgen: Kleinman-Bylander projectors: 
   l= 0   rc=  1.936440   el= -0.796617   Ekb=  4.661340   kbcos=  0.299756
   l= 1   rc=  1.936440   el= -0.307040   Ekb=  1.494238   kbcos=  0.301471
   l= 2   rc=  1.936440   el=  0.002313   Ekb= -2.808672   kbcos= -0.054903

KBgen: Total number of  Kleinman-Bylander projectors:    9
atom: -------------------------------------------------------------------------

atom: SANKEY-TYPE ORBITALS:

SPLIT: Orbitals with angular momentum L= 0

SPLIT: Basis orbitals for state 3s

SPLIT: PAO cut-off radius determined from an
SPLIT: energy shift=  0.014700 Ry

   izeta = 1
                 lambda =    1.000000
                     rc =    5.264094
                 energy =   -0.784048
                kinetic =    0.554443
    potential(screened) =   -1.338491
       potential(ionic) =   -3.803943

SPLIT: Orbitals with angular momentum L= 1

SPLIT: Basis orbitals for state 3p

SPLIT: PAO cut-off radius determined from an
SPLIT: energy shift=  0.014700 Ry

   izeta = 1
                 lambda =    1.000000
                     rc =    6.429618
                 energy =   -0.291747
                kinetic =    0.864936
    potential(screened) =   -1.156682
       potential(ionic) =   -3.408656
atom: Total number of Sankey-type orbitals:  4

atm_pop: Valence configuration (for local Pseudopot. screening):
 3s( 2.00)                                                            
 3p( 2.00)                                                            
Vna: chval, zval:    4.00000   4.00000

Vna:  Cut-off radius for the neutral-atom potential:   6.429618

atom: _________________________________________________________________________

<basis_specs>
===============================================================================
H                    Z=   1    Mass=  1.0100        Charge= 0.17977+309
Lmxo=0 Lmxkb= 1    BasisType=split      Semic=F
L=0  Nsemic=0  Cnfigmx=1
          i=1  nzeta=1  polorb=0  (1s)
            splnorm:   0.30000    
               vcte:    0.0000    
               rinn:    0.0000    
               qcoe:    0.0000    
               qyuk:    0.0000    
               qwid:   0.10000E-01
                rcs:    0.0000    
            lambdas:    1.0000    
-------------------------------------------------------------------------------
L=0  Nkbl=1  erefs: 0.17977+309
L=1  Nkbl=1  erefs: 0.17977+309
===============================================================================
</basis_specs>

atom: Called for H                     (Z =   1)

read_vps: Pseudopotential generation method:
read_vps: ATM3      Troullier-Martins                       
Valence charge for ps generation:    1.00000

xc_check: Exchange-correlation functional:
xc_check: Ceperley-Alder
V l=0 = -2*Zval/r beyond r=  1.2343
V l=1 = -2*Zval/r beyond r=  1.2189
All V_l potentials equal beyond r=  1.2343
This should be close to max(r_c) in ps generation
All pots = -2*Zval/r beyond r=  1.2343

VLOCAL1: 99.0% of the norm of Vloc inside     28.493 Ry
VLOCAL1: 99.9% of the norm of Vloc inside     64.935 Ry
atom: Maximum radius for 4*pi*r*r*local-pseudopot. charge    1.45251
atom: Maximum radius for r*vlocal+2*Zval:    1.21892
GHOST: No ghost state for L =  0
GHOST: No ghost state for L =  1

KBgen: Kleinman-Bylander projectors: 
   l= 0   rc=  1.364359   el= -0.467325   Ekb= -2.005361   kbcos= -0.336422
   l= 1   rc=  1.434438   el=  0.001430   Ekb= -0.501708   kbcos= -0.021697

KBgen: Total number of  Kleinman-Bylander projectors:    4
atom: -------------------------------------------------------------------------

atom: SANKEY-TYPE ORBITALS:

SPLIT: Orbitals with angular momentum L= 0

SPLIT: Basis orbitals for state 1s

SPLIT: PAO cut-off radius determined from an
SPLIT: energy shift=  0.014700 Ry

   izeta = 1
                 lambda =    1.000000
                     rc =    5.075940
                 energy =   -0.454238
                kinetic =    0.905976
    potential(screened) =   -1.360214
       potential(ionic) =   -1.894198
atom: Total number of Sankey-type orbitals:  1

atm_pop: Valence configuration (for local Pseudopot. screening):
 1s( 1.00)                                                            
Vna: chval, zval:    1.00000   1.00000

Vna:  Cut-off radius for the neutral-atom potential:   5.075940

atom: _________________________________________________________________________

prinput: Basis input ----------------------------------------------------------

PAO.BasisType split     

%block ChemicalSpeciesLabel
    1   14 Si                      # Species index, atomic number, species label
    2    1 H                       # Species index, atomic number, species label
%endblock ChemicalSpeciesLabel

%block PAO.Basis                 # Define Basis set
Si                    2                    # Species label, number of l-shells
 n=3   0   1                         # n, l, Nzeta 
   5.264   
   1.000   
 n=3   1   1                         # n, l, Nzeta 
   6.430   
   1.000   
H                     1                    # Species label, number of l-shells
 n=1   0   1                         # n, l, Nzeta 
   5.076   
   1.000   
%endblock PAO.Basis

prinput: ----------------------------------------------------------------------

Dumping basis to NetCDF file Si.ion.nc
Dumping basis to NetCDF file H.ion.nc
coor:   Atomic-coordinates input format  =     Cartesian coordinates
coor:                                          (in units of alat)

siesta: Atomic coordinates (Bohr) and species
siesta:     -0.00017   2.11611   1.37174  1        1
siesta:      0.00010   6.16119   0.15912  1        2
siesta:      3.60770  -0.03789   2.38183  1        3
siesta:      3.60795   7.06713   2.48242  1        4
siesta:      3.60787   3.60787   5.10224  1        5
siesta:      3.60787  10.82360   5.10224  1        6
siesta:      1.45758   3.60787   6.88886  2        7
siesta:      5.75816   3.60787   6.88886  2        8
siesta:      1.45758  10.82360   6.88886  2        9
siesta:      5.75816  10.82360   6.88886  2       10

siesta: System type = slab      

initatomlists: Number of atoms, orbitals, and projectors:     10    28    70

siesta: ******************** Simulation parameters ****************************
siesta:
siesta: The following are some of the parameters of the simulation.
siesta: A complete list of the parameters used, including default values,
siesta: can be found in file out.fdf
siesta:
redata: Spin configuration                          = none
redata: Number of spin components                   = 1
redata: Time-Reversal Symmetry                      = T
redata: Spin spiral                                 = F
redata: Long output                                 =   F
redata: Number of Atomic Species                    =        2
redata: Charge density info will appear in .RHO file
redata: Write Mulliken Pop.                         = Atomic and Orbital charges
redata: Matel table size (NRTAB)                    =     1024
redata: Mesh Cutoff                                 =    50.0000 Ry
redata: Net charge of the system                    =     0.0000 |e|
redata: Min. number of SCF Iter                     =        0
redata: Max. number of SCF Iter                     =     1000
redata: SCF convergence failure will abort job
redata: SCF mix quantity                            = Hamiltonian
redata: Mix DM or H after convergence               =   F
redata: Recompute H after scf cycle                 =   F
redata: Mix DM in first SCF step                    =   T
redata: Write Pulay info on disk                    =   F
redata: New DM Occupancy tolerance                  = 0.000000000001
redata: No kicks to SCF
redata: DM Mixing Weight for Kicks                  =     0.5000
redata: Require Harris convergence for SCF          =   F
redata: Harris energy tolerance for SCF             =     0.000100 eV
redata: Require DM convergence for SCF              =   T
redata: DM tolerance for SCF                        =     0.000100
redata: Require EDM convergence for SCF             =   F
redata: EDM tolerance for SCF                       =     0.001000 eV
redata: Require H convergence for SCF               =   T
redata: Hamiltonian tolerance for SCF               =     0.001000 eV
redata: Require (free) Energy convergence for SCF   =   F
redata: (free) Energy tolerance for SCF             =     0.000100 eV
redata: Using Saved Data (generic)                  =   F
redata: Use continuation files for DM               =   T
redata: Neglect nonoverlap interactions             =   F
redata: Method of Calculation                       = Diagonalization
redata: Electronic Temperature                      =   299.9869 K
redata: Fix the spin of the system                  =   F
redata: Dynamics option                             = Single-point calculation
mix.SCF: Pulay mixing                            = Pulay
mix.SCF:    Variant                              = stable
mix.SCF:    History steps                        = 3
mix.SCF:    Linear mixing weight                 =     0.100000
mix.SCF:    Mixing weight                        =     0.100000
mix.SCF:    SVD condition                        = 0.1000E-07
redata: Save all siesta data in one NC              =   F
redata: ***********************************************************************

%block SCF.Mixers
  Pulay
%endblock SCF.Mixers

%block SCF.Mixer.Pulay
  # Mixing method
  method pulay
  variant stable

  # Mixing options
  weight 0.1000
  weight.linear 0.1000
  history 3
%endblock SCF.Mixer.Pulay

DM_history_depth set to one: no extrapolation allowed by default for geometry relaxation
Size of DM history Fstack: 1
Total number of electrons:    28.000000
Total ionic charge:    28.000000

* ProcessorY, Blocksize:    2   3


* Orbital distribution balance (max,min):     6     3

 Kpoints in:            3 . Kpoints trimmed:            3

siesta: k-grid: Number of k-points =     3
siesta: k-grid: Cutoff (effective) =     5.728 Ang
siesta: k-grid: Supercell and displacements
siesta: k-grid:    3   0   0      0.000
siesta: k-grid:    0   2   0      0.500
siesta: k-grid:    0   0   1      0.000

diag: Algorithm                                     = D&C
diag: Parallel over k                               =   F
diag: Use parallel 2D distribution                  =   T
diag: Parallel block-size                           = 3
diag: Parallel distribution                         =     2 x     4
diag: Used triangular part                          = Lower
diag: Absolute tolerance                            =  0.100E-15
diag: Orthogonalization factor                      =  0.100E-05
diag: Memory factor                                 =  1.0000

superc: Internal auxiliary supercell:     5 x     3 x     1  =      15
superc: Number of atoms, orbitals, and projectors:    150    420   1050

siesta: Constraint (6): pos
  [ 5 -- 10 ]


ts: **************************************************************
ts: Save H and S matrices                           =    F
ts: Save DM and EDM matrices                        =    F
ts: Only save the overlap matrix S                  =    F
ts: **************************************************************

************************ Begin: TS CHECKS AND WARNINGS ************************
************************ End: TS CHECKS AND WARNINGS **************************


                     ====================================
                        Single-point calculation
                     ====================================

outcoor: Atomic coordinates (scaled):                       
   -0.00002372    0.29326368    0.19010387   1       1  Si
    0.00001337    0.85385554    0.02205212   1       2  Si
    0.49997747   -0.00525118    0.33008893   1       3  Si
    0.50001096    0.97940531    0.34402895   1       4  Si
    0.50000000    0.50000000    0.70710000   1       5  Si
    0.50000000    1.50000000    0.70710000   1       6  Si
    0.20200000    0.50000000    0.95470000   2       7  H
    0.79800000    0.50000000    0.95470000   2       8  H
    0.20200000    1.50000000    0.95470000   2       9  H
    0.79800000    1.50000000    0.95470000   2      10  H

superc: Internal auxiliary supercell:     5 x     3 x     1  =      15
superc: Number of atoms, orbitals, and projectors:    150    420   1050

outcell: Unit cell vectors (Ang):
        3.818400    0.000000    0.000000
        0.000000    7.636800    0.000000
        0.000000    0.000000   11.455200

outcell: Cell vector modules (Ang)   :    3.818400    7.636800   11.455200
outcell: Cell angles (23,13,12) (deg):     90.0000     90.0000     90.0000
outcell: Cell volume (Ang**3)        :    334.0377
<dSpData1D:S at geom step 0
  <sparsity:sparsity for geom step 0
    nrows_g=28 nrows=6 sparsity=.9298 nnzs=729, refcount: 7>
  <dData1D:(new from dSpData1D) n=729, refcount: 1>
refcount: 1>
new_DM -- step:     1
Initializing Density Matrix...

Attempting to read DM from file... Failed...
DM filled with atomic data:
<dSpData2D:DM initialized from atoms
  <sparsity:sparsity for geom step 0
    nrows_g=28 nrows=6 sparsity=.9298 nnzs=729, refcount: 8>
  <dData2D:DM n=729 m=1, refcount: 1>
refcount: 1>
No. of atoms with KB's overlaping orbs in proc 0. Max # of overlaps:      25      52
New grid distribution:   1
           1       1:    9    1:    9    1:    7
           2       1:    9    1:    9    8:   13
           3       1:    9    1:    9   14:   19
           4       1:    9    1:    9   20:   25
           5       1:    9   10:   18    1:    7
           6       1:    9   10:   18    8:   13
           7       1:    9   10:   18   14:   19
           8       1:    9   10:   18   20:   25

InitMesh: MESH =    18 x    36 x    50 =       32400
InitMesh: (bp) =     9 x    18 x    25 =        4050
InitMesh: Mesh cutoff (required, used) =    50.000    52.655 Ry
ExtMesh (bp) on 0 =    45 x    45 x    39 =       78975
New grid distribution:   2
           1       1:    9    9:   18    6:    8
           2       1:    9    1:    8    6:    8
           3       1:    9    1:    8    9:   25
           4       1:    9    9:   18    4:    5
           5       1:    9    9:   18    1:    3
           6       1:    9    1:    8    1:    3
           7       1:    9    9:   18    9:   25
           8       1:    9    1:    8    4:    5
New grid distribution:   3
           1       1:    9   10:   18    1:    5
           2       1:    9    1:    9    6:   10
           3       1:    9    1:    9   11:   20
           4       1:    9    1:    9   21:   25
           5       1:    9    1:    9    1:    5
           6       1:    9   10:   18    6:   10
           7       1:    9   10:   18   11:   20
           8       1:    9   10:   18   21:   25
Setting up quadratic distribution...
ExtMesh (bp) on 0 =    45 x    46 x    35 =       72450
PhiOnMesh: Number of (b)points on node 0 =                  270
PhiOnMesh: nlist on node 0 =                 6477

dipole: A dipole layer will be introduced in the vacuum
dipole: region to compensate the system dipole
Dipole moment in unit cell =      -0.0000       0.0000      -0.0000 D
Electric field for dipole correction =     0.000000    -0.000000     0.000000 eV/Ang/e

stepf: Fermi-Dirac step function
Dipole moment in unit cell =      -0.0000       0.0000      -1.5872 D
Electric field for dipole correction =     0.000000    -0.000000     0.179007 eV/Ang/e

siesta: Program's energy decomposition (eV):
siesta: Ebs     =      -323.449189
siesta: Eions   =      1221.235657
siesta: Ena     =       369.291243
siesta: Ekin    =       285.091731
siesta: Enl     =        70.667467
siesta: Eso     =         0.000000
siesta: Edftu   =         0.000000
siesta: DEna    =        21.244152
siesta: DUscf   =         3.734818
siesta: DUext   =         0.029576
siesta: Exc     =      -223.367682
siesta: eta*DQ  =         0.000000
siesta: Emadel  =         0.000000
siesta: Emeta   =         0.000000
siesta: Emolmec =         0.000000
siesta: Ekinion =         0.000000
siesta: Eharris =      -684.222163
siesta: Etot    =      -694.544352
siesta: FreeEng =      -694.544352

        iscf     Eharris(eV)        E_KS(eV)     FreeEng(eV)     dDmax    Ef(eV) dHmax(eV)
   scf:    1     -684.222163     -694.544352     -694.544352  1.148487 -4.124140  4.382388
timer: Routine,Calls,Time,% = IterSCF        1       0.049  15.73
Dipole moment in unit cell =      -0.0000       0.0000      -1.5523 D
Electric field for dipole correction =     0.000000    -0.000000     0.175067 eV/Ang/e
   scf:    2     -696.172536     -695.429006     -695.429006  0.082812 -4.256722  2.941756
Dipole moment in unit cell =      -0.0000       0.0000      -1.2522 D
Electric field for dipole correction =     0.000000    -0.000000     0.141221 eV/Ang/e
   scf:    3     -695.963431     -696.070751     -696.070751  0.230400 -4.528818  1.337002
Dipole moment in unit cell =       0.0000      -0.0000       1.6414 D
Electric field for dipole correction =    -0.000000     0.000000    -0.185121 eV/Ang/e
   scf:    4     -694.063064     -695.605360     -695.605360  0.268520 -4.796945  1.975789
Dipole moment in unit cell =      -0.0000       0.0000      -0.1474 D
Electric field for dipole correction =     0.000000    -0.000000     0.016623 eV/Ang/e
   scf:    5     -696.335240     -696.225394     -696.225394  0.180682 -4.739224  0.554151
Dipole moment in unit cell =      -0.0000       0.0000      -0.3300 D
Electric field for dipole correction =     0.000000    -0.000000     0.037223 eV/Ang/e
   scf:    6     -696.231657     -696.230947     -696.230947  0.014565 -4.783520  0.298140
Dipole moment in unit cell =      -0.0000       0.0000      -0.3122 D
Electric field for dipole correction =     0.000000    -0.000000     0.035213 eV/Ang/e
   scf:    7     -696.238031     -696.236779     -696.236779  0.018540 -4.814005  0.173217
Dipole moment in unit cell =      -0.0000       0.0000      -0.3765 D
Electric field for dipole correction =     0.000000    -0.000000     0.042465 eV/Ang/e
   scf:    8     -696.238020     -696.237473     -696.237473  0.002121 -4.823951  0.111879
Dipole moment in unit cell =      -0.0000       0.0000      -0.4234 D
Electric field for dipole correction =     0.000000    -0.000000     0.047753 eV/Ang/e
   scf:    9     -696.239056     -696.238337     -696.238337  0.002480 -4.833895  0.054878
Dipole moment in unit cell =      -0.0000       0.0000      -0.4385 D
Electric field for dipole correction =     0.000000    -0.000000     0.049451 eV/Ang/e
   scf:   10     -696.239278     -696.238895     -696.238895  0.003176 -4.842836  0.025173
Dipole moment in unit cell =      -0.0000       0.0000      -0.4382 D
Electric field for dipole correction =     0.000000    -0.000000     0.049426 eV/Ang/e
   scf:   11     -696.238970     -696.238933     -696.238933  0.000450 -4.845185  0.021560
Dipole moment in unit cell =      -0.0000       0.0000      -0.4345 D
Electric field for dipole correction =     0.000000    -0.000000     0.049002 eV/Ang/e
   scf:   12     -696.239034     -696.238998     -696.238998  0.001585 -4.856927  0.008915
Dipole moment in unit cell =      -0.0000       0.0000      -0.4357 D
Electric field for dipole correction =     0.000000    -0.000000     0.049144 eV/Ang/e
   scf:   13     -696.238999     -696.238999     -696.238999  0.000241 -4.859053  0.006239
Dipole moment in unit cell =      -0.0000       0.0000      -0.4381 D
Electric field for dipole correction =     0.000000    -0.000000     0.049410 eV/Ang/e
   scf:   14     -696.239000     -696.239000     -696.239000  0.000179 -4.860825  0.003707
Dipole moment in unit cell =      -0.0000       0.0000      -0.4390 D
Electric field for dipole correction =     0.000000    -0.000000     0.049508 eV/Ang/e
   scf:   15     -696.239002     -696.239001     -696.239001  0.000100 -4.861027  0.002622
Dipole moment in unit cell =      -0.0000       0.0000      -0.4394 D
Electric field for dipole correction =     0.000000    -0.000000     0.049561 eV/Ang/e
   scf:   16     -696.239002     -696.239002     -696.239002  0.000105 -4.861196  0.001753
Dipole moment in unit cell =      -0.0000       0.0000      -0.4393 D
Electric field for dipole correction =     0.000000    -0.000000     0.049545 eV/Ang/e
   scf:   17     -696.239002     -696.239002     -696.239002  0.000114 -4.861352  0.001229
Dipole moment in unit cell =      -0.0000       0.0000      -0.4392 D
Electric field for dipole correction =     0.000000    -0.000000     0.049538 eV/Ang/e
   scf:   18     -696.239002     -696.239002     -696.239002  0.000016 -4.861443  0.001083
Dipole moment in unit cell =      -0.0000       0.0000      -0.4392 D
Electric field for dipole correction =     0.000000    -0.000000     0.049531 eV/Ang/e
   scf:   19     -696.239002     -696.239002     -696.239002  0.000053 -4.861940  0.000698

SCF Convergence by DM+H criterion
max |DM_out - DM_in|         :     0.0000531647
max |H_out - H_in|      (eV) :     0.0006983698
SCF cycle converged after 19 iterations

Using DM_out to compute the final energy and forces
No. of atoms with KB's overlaping orbs in proc 0. Max # of overlaps:      25      52
Dipole moment in unit cell =      -0.0000       0.0000      -0.4392 D
Electric field for dipole correction =     0.000000    -0.000000     0.049531 eV/Ang/e

siesta: E_KS(eV) =             -696.2390

siesta: E_KS - E_eggbox =      -696.2390

siesta: Atomic forces (eV/Ang):
     1   -0.000347   -1.028724   -1.074196
     2   -0.000022    1.005533   -1.785224
     3    0.004366   -0.937929   -0.103922
     4    0.000230    1.444911    0.553198
     5   -0.000111    0.039033    0.101937
     6   -0.000010   -0.566358   -2.657235
     7   -1.639604   -0.053651    1.319206
     8    1.639611   -0.053698    1.319170
     9   -1.659747    0.086776    1.139037
    10    1.659761    0.086867    1.139025
----------------------------------------
   Tot    0.004128    0.022760   -0.049003
----------------------------------------
   Max    2.657235
   Res    1.065685    sqrt( Sum f_i^2 / 3N )
----------------------------------------
   Max    1.785224    constrained

Stress tensor Voigt[x,y,z,yz,xz,xy] (kbar):     -121.07      -27.36      -51.53        5.15       -0.02        0.02
(Free)E + p*V (eV/cell)     -682.3425
Target enthalpy (eV/cell)     -696.2390

mulliken: Atomic and Orbital Populations:

Species: Si                  
Atom  Qatom  Qorb
               3s      3py     3pz     3px     
   1  3.974   1.433   0.922   0.776   0.843
   2  3.977   1.507   0.700   0.978   0.793
   3  4.040   1.400   0.848   0.921   0.872
   4  4.055   1.372   0.869   0.876   0.937
   5  3.847   1.312   0.763   0.860   0.913
   6  3.781   1.285   0.820   0.828   0.847

Species: H                   
Atom  Qatom  Qorb
               1s      
   7  1.085   1.085
   8  1.085   1.085
   9  1.078   1.078
  10  1.078   1.078

mulliken: Qtot =       28.000

siesta: Program's energy decomposition (eV):
siesta: Ebs     =      -300.748712
siesta: Eions   =      1221.235657
siesta: Ena     =       369.291243
siesta: Ekin    =       284.212665
siesta: Enl     =        75.090356
siesta: Eso     =         0.000000
siesta: Edftu   =         0.000000
siesta: DEna    =        18.493527
siesta: DUscf   =         1.032830
siesta: DUext   =         0.002264
siesta: Exc     =      -223.126230
siesta: eta*DQ  =         0.000000
siesta: Emadel  =         0.000000
siesta: Emeta   =         0.000000
siesta: Emolmec =         0.000000
siesta: Ekinion =         0.000000
siesta: Eharris =      -696.239002
siesta: Etot    =      -696.239002
siesta: FreeEng =      -696.239002

siesta: Final energy (eV):
siesta:  Band Struct. =    -300.748712
siesta:       Kinetic =     284.212665
siesta:       Hartree =     854.403661
siesta:       Edftu   =       0.000000
siesta:       Eso     =       0.000000
siesta:    Ext. field =       0.002264
siesta:   Exch.-corr. =    -223.126230
siesta:  Ion-electron =   -2003.090183
siesta:       Ion-ion =     391.358821
siesta:       Ekinion =       0.000000
siesta:         Total =    -696.239002
siesta:         Fermi =      -4.861940

siesta: Atomic forces (eV/Ang):
siesta:      1   -0.000347   -1.028724   -1.074196
siesta:      2   -0.000022    1.005533   -1.785224
siesta:      3    0.004366   -0.937929   -0.103922
siesta:      4    0.000230    1.444911    0.553198
siesta:      5   -0.000111    0.039033    0.101937
siesta:      6   -0.000010   -0.566358   -2.657235
siesta:      7   -1.639604   -0.053651    1.319206
siesta:      8    1.639611   -0.053698    1.319170
siesta:      9   -1.659747    0.086776    1.139037
siesta:     10    1.659761    0.086867    1.139025
siesta: ----------------------------------------
siesta:    Tot    0.004128    0.022760   -0.049003

siesta: Constrained forces (eV/Ang):
siesta:      1   -0.000347   -1.028724   -1.074196
siesta:      2   -0.000022    1.005533   -1.785224
siesta:      3    0.004366   -0.937929   -0.103922
siesta:      4    0.000230    1.444911    0.553198
siesta:      5    0.000000    0.000000    0.000000
siesta:      6    0.000000    0.000000    0.000000
siesta:      7    0.000000    0.000000    0.000000
siesta:      8    0.000000    0.000000    0.000000
siesta:      9    0.000000    0.000000    0.000000
siesta:     10    0.000000    0.000000    0.000000
siesta: ----------------------------------------
siesta:  Tot    0.004228    0.483791   -2.410143

siesta: Stress tensor (static) (eV/Ang**3):
siesta:    -0.075566    0.000014   -0.000010
siesta:     0.000014   -0.017076    0.003214
siesta:    -0.000010    0.003214   -0.032162

siesta: Cell volume =        334.037723 Ang**3

siesta: Pressure (static):
siesta:                Solid            Molecule  Units
siesta:           0.00045309          0.00019864  Ry/Bohr**3
siesta:           0.04160145          0.01823805  eV/Ang**3
siesta:          66.65359450         29.22088584  kBar
(Free)E+ p_basis*V_orbitals  =        -693.919811
(Free)Eharris+ p_basis*V_orbitals  =        -693.919811

siesta: Electric dipole (a.u.)  =   -0.000000    0.000000   -0.172785
siesta: Electric dipole (Debye) =   -0.000000    0.000000   -0.439177
Dipole moment in unit cell =      -0.0000       0.0000      -0.4392 D
Electric field for dipole correction =     0.000000    -0.000000     0.049531 eV/Ang/e

dhscf: Vacuum level (max, mean) =    0.979684    0.506490 eV

cite: Please see "si2x1h-dipole.bib" for an exhaustive BiBTeX file.
cite: Please clearly indicate Siesta version in published work: v4.1-b4-351
cite: This calculation has made use of the following articles
cite: which are encouraged to be cited in a published work.
        Primary SIESTA paper
          DOI: www.doi.org/10.1088/0953-8984/14/11/302
        Slab-dipole correction
          DOI: www.doi.org/10.1103/PhysRevB.59.12301

>> End of run:  22-JAN-2021  23:23:55
Job completed
