Siesta Version  : v4.1-b4-351
Architecture    : x86_64-linux-n-62-26-19
Compiler version: GNU Fortran (GCC) 9.3.0
Compiler flags  : mpifort -m64 -fPIC -O3 -march=native -ftree-vectorize -fexpensive-optimizatioons -funroll-loops -fprefetch-loop-arrays -fno-second-underscore  -flto
PP flags        : -I/dtu/sw/dcc/SL73/2020-aug/generic/build-tools/1.0/include -I/dtu/sw/dcc/SL773/2020-aug/generic/gcc/9.3.0/include -I/dtu/sw/dcc/SL73/2020-aug/generic/gcc/9.3.0/include -I/dtu/sw/dcc/SL73/2020-aug/XeonE5-2660v3/gnu/9.3.0/zlib/1.2.11/include -I/dtu/sw/dcc/SL73/2020-aug/generic/numactl/2.0.12/include -I/dtu/sw/dcc/SL73/2020-aug/XeonE5-2660v3/gnu/9.3.0/libxml2/2.9.10/include -I/dtu/sw/dcc/SL73/2020-aug/XeonE5-2660v3/gnu/9.3.0/hwloc/2.2.0/include -I/dtu/sw/dcc/SL73/2020-aug/XeonE5-2660v3/gnu/9.3.0/knem/1.1.4/include -I/dtu/sw/dcc/SL73/2020-aug/XeonE5-2660v3/gnu/9.3.0/ucx/1.8.1/include -I/dtu/sw/dcc/SL73/2020-aug/XeonE5-2660v3/gnu/9.3.0/openmpi/4.0.4/include -I/dtu/sw/dcc/SL73/2020-aug/XeonE5-2660v3/gnu/9.3.0/szip/2.1.1/include -I/dtu/sw/dcc/SL73/2020-aug/XeonE5-2660v3/gnu/9.3.0/hdf5/1.12.0/include -I/dtu/sw/dcc/SL73/2020-aug/XeonE5-2660v3/gnu/9.3.0/pnetcdf/1.12.1/include -I/dtu/sw/dcc/SL73/2020-aug/generic/gen-zlib/1.2.11/include -I/dtu/sw/dcc/SL73/2020-aug/generic/openssl/1.1.1/include -I/dtu/sw/dcc/SL73/2020-aug/generic/libssh2/1.8.2/include -I/dtu/sw/dcc/SL73/2020-aug/generic/curl/7.65.1/include -I/dtu/sw/dcc/SL73/2020-aug/XeonE5-2660v3/gnu/9.3.0/netcdf/4.7.4/include -I/dtu/sw/dcc/SL73/2020-aug/XeonE5-2660v3/gnu/9.3.0/flook/0.8.1/include -I/dtu/sw/dcc/SL73/2020-aug/XeonE5-2660v3/gnu/9.3.0/fftw/3.3.8/include -I/dtu/sw/dcc/SL73/2020-aug/XeonE5-2660v3/gnu/9.3.0/parmetis/4.0.3/include -I/dtu/sw/dcc/SL73/2020-aug/XeonE5-2660v3/gnu/9.3.0/scalapack/2.1.0/include -I/dtu/sw/dcc/SL73/2020-aug/XeonE5-2660v3/gnu/9.3.0/lapack/3.9.0/include -I/dtu/sw/dcc/SL73/2020-aug/XeonE5-2660v3/gnu/9.3.0/blis/0.7.0/include -I/dtu/sw/dcc/SL73/2020-aug/XeonE5-2660v3/gnu/9.3.0/scotch/6.0.9/include -I/dtu/sw/dcc/SL73/2020-aug/XeonE5-2660v3/gnu/9.3.0/mumps/5.3.3/include -I/dtu/sw/dcc/SL73/2020-aug/XeonE5-2660v3/gnu/9.3.0/elpa/2020.05.001/include -DSIESTA__ELPA -DMPI -DFC_HAVE_FLUSH -DFC_HAVE_ABORT -DCDF -DCDF4 -DSIESTA__FLOOK  -DNCDF -DNCDF_4 -DNCDF_PARALLEL -DTS_NOCHECKS -DSIESTA__METIS -DSIESTA__MUMPS -DSIESTA__MRRR -I/dtu/sw/dcc/SL73/2020-aug/XeonE5-2660v3/gnu/9.3.0/elpa/2020.05.001/include/elpa
Libraries       : libncdf.a libfdict.a -lnetcdff -lnetcdf -lpnetcdf -lhdf5_hl -lhdf5 -lz  -lzmuumps -lmumps_common -lesmumps -lscotch -lscotcherr -lpord -lparmetis -lmetis -lelpa -lscalapack -llapack -lblis  -L/dtu/sw/dcc/SL73/2020-aug/XeonE5-2660v3/gnu/9.3.0/flook/0.8.1/lib -Wl,-rpath=/dtu/sw/dcc/SL73/2020-aug/XeonE5-2660v3/gnu/9.3.0/flook/0.8.1/lib -lflookall -ldl  -flto -fuse-linker-plugin  -lmetis
PARALLEL version
NetCDF support
NetCDF-4 support
NetCDF-4 MPI-IO support
METIS ordering support
Lua support

* Running on 8 nodes in parallel
>> Start of run:  22-JAN-2021  23:25:00

                           ***********************       
                           *  WELCOME TO SIESTA  *       
                           ***********************       

reinit: Reading from ../si64.fdf

reinit: -----------------------------------------------------------------------
reinit: System Name: 64-atom silicon
reinit: -----------------------------------------------------------------------
reinit: System Label: si64
reinit: -----------------------------------------------------------------------

initatom: Reading input for the pseudopotentials and atomic orbitals ----------
Species number:   1 Atomic number:   14 Label: Si

Ground state valence configuration:   3s02  3p02
Reading pseudopotential information in formatted form from Si.psf

Valence configuration for pseudopotential generation:
3s( 2.00) rc: 1.89
3p( 2.00) rc: 1.89
3d( 0.00) rc: 1.89
4f( 0.00) rc: 1.89
For Si, standard SIESTA heuristics set lmxkb to 2
 (one more than the basis l, including polarization orbitals).
Use PS.lmax or PS.KBprojectors blocks to override.

<basis_specs>
===============================================================================
Si                   Z=  14    Mass=  28.090        Charge= 0.17977+309
Lmxo=1 Lmxkb= 2    BasisType=split      Semic=F
L=0  Nsemic=0  Cnfigmx=3
          i=1  nzeta=1  polorb=0  (3s)
            splnorm:   0.15000    
               vcte:    0.0000    
               rinn:    0.0000    
               qcoe:    0.0000    
               qyuk:    0.0000    
               qwid:   0.10000E-01
                rcs:    0.0000    
            lambdas:    1.0000    
L=1  Nsemic=0  Cnfigmx=3
          i=1  nzeta=1  polorb=0  (3p)
            splnorm:   0.15000    
               vcte:    0.0000    
               rinn:    0.0000    
               qcoe:    0.0000    
               qyuk:    0.0000    
               qwid:   0.10000E-01
                rcs:    0.0000    
            lambdas:    1.0000    
-------------------------------------------------------------------------------
L=0  Nkbl=1  erefs: 0.17977+309
L=1  Nkbl=1  erefs: 0.17977+309
L=2  Nkbl=1  erefs: 0.17977+309
===============================================================================
</basis_specs>

atom: Called for Si                    (Z =  14)

read_vps: Pseudopotential generation method:
read_vps: ATM3      Troullier-Martins                       
Valence charge for ps generation:    4.00000

xc_check: Exchange-correlation functional:
xc_check: Ceperley-Alder
V l=0 = -2*Zval/r beyond r=  2.5494
V l=1 = -2*Zval/r beyond r=  2.5494
V l=2 = -2*Zval/r beyond r=  2.5494
All V_l potentials equal beyond r=  1.8652
This should be close to max(r_c) in ps generation
All pots = -2*Zval/r beyond r=  2.5494
Using large-core scheme for Vlocal

atom: Estimated core radius    2.54944

atom: Including non-local core corrections could be a good idea
atom: Maximum radius for 4*pi*r*r*local-pseudopot. charge    2.85303
atom: Maximum radius for r*vlocal+2*Zval:    2.58151
GHOST: No ghost state for L =  0
GHOST: No ghost state for L =  1
GHOST: No ghost state for L =  2

KBgen: Kleinman-Bylander projectors: 
   l= 0   rc=  1.936440   el= -0.796617   Ekb=  4.661340   kbcos=  0.299756
   l= 1   rc=  1.936440   el= -0.307040   Ekb=  1.494238   kbcos=  0.301471
   l= 2   rc=  1.936440   el=  0.002313   Ekb= -2.808672   kbcos= -0.054903

KBgen: Total number of  Kleinman-Bylander projectors:    9
atom: -------------------------------------------------------------------------

atom: SANKEY-TYPE ORBITALS:

SPLIT: Orbitals with angular momentum L= 0

SPLIT: Basis orbitals for state 3s

SPLIT: PAO cut-off radius determined from an
SPLIT: energy shift=  0.022049 Ry

   izeta = 1
                 lambda =    1.000000
                     rc =    4.883716
                 energy =   -0.773554
                kinetic =    0.585471
    potential(screened) =   -1.359025
       potential(ionic) =   -3.840954

SPLIT: Orbitals with angular momentum L= 1

SPLIT: Basis orbitals for state 3p

SPLIT: PAO cut-off radius determined from an
SPLIT: energy shift=  0.022049 Ry

   izeta = 1
                 lambda =    1.000000
                     rc =    6.116033
                 energy =   -0.285742
                kinetic =    0.892202
    potential(screened) =   -1.177944
       potential(ionic) =   -3.446720
atom: Total number of Sankey-type orbitals:  4

atm_pop: Valence configuration (for local Pseudopot. screening):
 3s( 2.00)                                                            
 3p( 2.00)                                                            
Vna: chval, zval:    4.00000   4.00000

Vna:  Cut-off radius for the neutral-atom potential:   6.116033

atom: _________________________________________________________________________

prinput: Basis input ----------------------------------------------------------

PAO.BasisType split     

%block ChemicalSpeciesLabel
    1   14 Si                      # Species index, atomic number, species label
%endblock ChemicalSpeciesLabel

%block PAO.Basis                 # Define Basis set
Si                    2                    # Species label, number of l-shells
 n=3   0   1                         # n, l, Nzeta 
   4.884   
   1.000   
 n=3   1   1                         # n, l, Nzeta 
   6.116   
   1.000   
%endblock PAO.Basis

prinput: ----------------------------------------------------------------------

Dumping basis to NetCDF file Si.ion.nc
coor:   Atomic-coordinates input format  =     Cartesian coordinates
coor:                                          (in units of alat)

siesta: Atomic coordinates (Bohr) and species
siesta:      0.00000   0.00000   0.00000  1        1
siesta:      2.56530   2.56530   2.56530  1        2
siesta:      0.00000   5.13061   5.13061  1        3
siesta:      2.56530   7.69591   7.69591  1        4
siesta:      5.13061   0.00000   5.13061  1        5
siesta:      7.69591   2.56530   7.69591  1        6
siesta:      5.13061   5.13061   0.00000  1        7
siesta:      7.69591   7.69591   2.56530  1        8
siesta:     10.26122   0.00000   0.00000  1        9
siesta:     12.82652   2.56530   2.56530  1       10
siesta:     10.26122   5.13061   5.13061  1       11
siesta:     12.82652   7.69591   7.69591  1       12
siesta:     15.39183   0.00000   5.13061  1       13
siesta:     17.95713   2.56530   7.69591  1       14
siesta:     15.39183   5.13061   0.00000  1       15
siesta:     17.95713   7.69591   2.56530  1       16
siesta:      0.00000  10.26122   0.00000  1       17
siesta:      2.56530  12.82652   2.56530  1       18
siesta:      0.00000  15.39183   5.13061  1       19
siesta:      2.56530  17.95713   7.69591  1       20
siesta:      5.13061  10.26122   5.13061  1       21
siesta:      7.69591  12.82652   7.69591  1       22
siesta:      5.13061  15.39183   0.00000  1       23
siesta:      7.69591  17.95713   2.56530  1       24
siesta:      0.00000   0.00000  10.26122  1       25
siesta:      2.56530   2.56530  12.82652  1       26
siesta:      0.00000   5.13061  15.39183  1       27
siesta:      2.56530   7.69591  17.95713  1       28
siesta:      5.13061   0.00000  15.39183  1       29
siesta:      7.69591   2.56530  17.95713  1       30
siesta:      5.13061   5.13061  10.26122  1       31
siesta:      7.69591   7.69591  12.82652  1       32
siesta:     10.26122  10.26122   0.00000  1       33
siesta:     12.82652  12.82652   2.56530  1       34
siesta:     10.26122  15.39183   5.13061  1       35
siesta:     12.82652  17.95713   7.69591  1       36
siesta:     15.39183  10.26122   5.13061  1       37
siesta:     17.95713  12.82652   7.69591  1       38
siesta:     15.39183  15.39183   0.00000  1       39
siesta:     17.95713  17.95713   2.56530  1       40
siesta:     10.26122   0.00000  10.26122  1       41
siesta:     12.82652   2.56530  12.82652  1       42
siesta:     10.26122   5.13061  15.39183  1       43
siesta:     12.82652   7.69591  17.95713  1       44
siesta:     15.39183   0.00000  15.39183  1       45
siesta:     17.95713   2.56530  17.95713  1       46
siesta:     15.39183   5.13061  10.26122  1       47
siesta:     17.95713   7.69591  12.82652  1       48
siesta:      0.00000  10.26122  10.26122  1       49
siesta:      2.56530  12.82652  12.82652  1       50
siesta:      0.00000  15.39183  15.39183  1       51
siesta:      2.56530  17.95713  17.95713  1       52
siesta:      5.13061  10.26122  15.39183  1       53
siesta:      7.69591  12.82652  17.95713  1       54
siesta:      5.13061  15.39183  10.26122  1       55
siesta:      7.69591  17.95713  12.82652  1       56
siesta:     10.26122  10.26122  10.26122  1       57
siesta:     12.82652  12.82652  12.82652  1       58
siesta:     10.26122  15.39183  15.39183  1       59
siesta:     12.82652  17.95713  17.95713  1       60
siesta:     15.39183  10.26122  15.39183  1       61
siesta:     17.95713  12.82652  17.95713  1       62
siesta:     15.39183  15.39183  10.26122  1       63
siesta:     17.95713  17.95713  12.82652  1       64

siesta: System type = bulk      

initatomlists: Number of atoms, orbitals, and projectors:     64   256   576

siesta: ******************** Simulation parameters ****************************
siesta:
siesta: The following are some of the parameters of the simulation.
siesta: A complete list of the parameters used, including default values,
siesta: can be found in file out.fdf
siesta:
redata: Spin configuration                          = none
redata: Number of spin components                   = 1
redata: Time-Reversal Symmetry                      = T
redata: Spin spiral                                 = F
redata: Long output                                 =   F
redata: Number of Atomic Species                    =        1
redata: Charge density info will appear in .RHO file
redata: Write Mulliken Pop.                         = NO
redata: Matel table size (NRTAB)                    =     1024
redata: Mesh Cutoff                                 =    40.0000 Ry
redata: Net charge of the system                    =     0.0000 |e|
redata: Min. number of SCF Iter                     =        0
redata: Max. number of SCF Iter                     =     1000
redata: SCF convergence failure will abort job
redata: SCF mix quantity                            = Hamiltonian
redata: Mix DM or H after convergence               =   F
redata: Recompute H after scf cycle                 =   F
redata: Mix DM in first SCF step                    =   T
redata: Write Pulay info on disk                    =   F
redata: New DM Occupancy tolerance                  = 0.000000000001
redata: No kicks to SCF
redata: DM Mixing Weight for Kicks                  =     0.5000
redata: Require Harris convergence for SCF          =   F
redata: Harris energy tolerance for SCF             =     0.000100 eV
redata: Require DM convergence for SCF              =   T
redata: DM tolerance for SCF                        =     0.001000
redata: Require EDM convergence for SCF             =   F
redata: EDM tolerance for SCF                       =     0.001000 eV
redata: Require H convergence for SCF               =   T
redata: Hamiltonian tolerance for SCF               =     0.001000 eV
redata: Require (free) Energy convergence for SCF   =   F
redata: (free) Energy tolerance for SCF             =     0.000100 eV
redata: Using Saved Data (generic)                  =   F
redata: Use continuation files for DM               =   T
redata: Neglect nonoverlap interactions             =   F
redata: Method of Calculation                       = Diagonalization
redata: Electronic Temperature                      =   290.1109 K
redata: Fix the spin of the system                  =   F
redata: Dynamics option                             = Single-point calculation
mix.SCF: Pulay mixing                            = Pulay
mix.SCF:    Variant                              = stable
mix.SCF:    History steps                        = 3
mix.SCF:    Linear mixing weight                 =     0.300000
mix.SCF:    Mixing weight                        =     0.300000
mix.SCF:    SVD condition                        = 0.1000E-07
redata: Save all siesta data in one NC              =   F
redata: ***********************************************************************

%block SCF.Mixers
  Pulay
%endblock SCF.Mixers

%block SCF.Mixer.Pulay
  # Mixing method
  method pulay
  variant stable

  # Mixing options
  weight 0.3000
  weight.linear 0.3000
  history 3
%endblock SCF.Mixer.Pulay

DM_history_depth set to one: no extrapolation allowed by default for geometry relaxation
Size of DM history Fstack: 1
Total number of electrons:   256.000000
Total ionic charge:   256.000000

* ProcessorY, Blocksize:    2  24


* Orbital distribution balance (max,min):    48    24

 Kpoints in:            1 . Kpoints trimmed:            1

siesta: k-grid: Number of k-points =     1
siesta: k-grid: Cutoff (effective) =     5.430 Ang
siesta: k-grid: Supercell and displacements
siesta: k-grid:    1   0   0      0.000
siesta: k-grid:    0   1   0      0.000
siesta: k-grid:    0   0   1      0.000

diag: Algorithm                                     = D&C
diag: Parallel over k                               =   F
diag: Use parallel 2D distribution                  =   T
diag: Parallel block-size                           = 24
diag: Parallel distribution                         =     2 x     4
diag: Used triangular part                          = Lower
diag: Absolute tolerance                            =  0.100E-15
diag: Orthogonalization factor                      =  0.100E-05
diag: Memory factor                                 =  1.0000


ts: **************************************************************
ts: Save H and S matrices                           =    F
ts: Save DM and EDM matrices                        =    F
ts: Only save the overlap matrix S                  =    F
ts: **************************************************************

************************ Begin: TS CHECKS AND WARNINGS ************************
************************ End: TS CHECKS AND WARNINGS **************************


                     ====================================
                        Single-point calculation
                     ====================================

outcell: Unit cell vectors (Ang):
       10.860000    0.000000    0.000000
        0.000000   10.860000    0.000000
        0.000000    0.000000   10.860000

outcell: Cell vector modules (Ang)   :   10.860000   10.860000   10.860000
outcell: Cell angles (23,13,12) (deg):     90.0000     90.0000     90.0000
outcell: Cell volume (Ang**3)        :   1280.8241
Gamma-point calculation with multiply-connected orbital pairs
Folding of H and S implicitly performed
<dSpData1D:S at geom step 0
  <sparsity:sparsity for geom step 0
    nrows_g=256 nrows=48 sparsity=.1509 nnzs=9888, refcount: 7>
  <dData1D:(new from dSpData1D) n=9888, refcount: 1>
refcount: 1>
new_DM -- step:     1
Initializing Density Matrix...

Attempting to read DM from file... Failed...
DM filled with atomic data:
<dSpData2D:DM initialized from atoms
  <sparsity:sparsity for geom step 0
    nrows_g=256 nrows=48 sparsity=.1509 nnzs=9888, refcount: 8>
  <dData2D:DM n=9888 m=1, refcount: 1>
refcount: 1>
No. of atoms with KB's overlaping orbs in proc 0. Max # of overlaps:      64      56
New grid distribution:   1
           1       1:   24    1:   12    1:    6
           2       1:   24    1:   12    7:   12
           3       1:   24    1:   12   13:   18
           4       1:   24    1:   12   19:   24
           5       1:   24   13:   24    1:    6
           6       1:   24   13:   24    7:   12
           7       1:   24   13:   24   13:   18
           8       1:   24   13:   24   19:   24

InitMesh: MESH =    48 x    48 x    48 =      110592
InitMesh: (bp) =    24 x    24 x    24 =       13824
InitMesh: Mesh cutoff (required, used) =    40.000    53.991 Ry
ExtMesh (bp) on 0 =    56 x    44 x    38 =       93632
New grid distribution:   2
           1       1:   12   13:   24   13:   24
           2      13:   24    1:   12    1:   12
           3      13:   24    1:   12   13:   24
           4      13:   24   13:   24    1:   12
           5       1:   12    1:   12   13:   24
           6       1:   12    1:   12    1:   12
           7      13:   24   13:   24   13:   24
           8       1:   12   13:   24    1:   12
New grid distribution:   3
           1       1:   12   13:   24   13:   24
           2      13:   24    1:   12    1:   12
           3      13:   24    1:   12   13:   24
           4      13:   24   13:   24    1:   12
           5       1:   12    1:   12   13:   24
           6       1:   12    1:   12    1:   12
           7      13:   24   13:   24   13:   24
           8       1:   12   13:   24    1:   12
Setting up quadratic distribution...
ExtMesh (bp) on 0 =    44 x    44 x    44 =       85184
PhiOnMesh: Number of (b)points on node 0 =                 1728
PhiOnMesh: nlist on node 0 =                50192

stepf: Fermi-Dirac step function

siesta: Program's energy decomposition (eV):
siesta: Ebs     =     -2371.511232
siesta: Eions   =     12185.667955
siesta: Ena     =      3675.146874
siesta: Ekin    =      2550.188888
siesta: Enl     =       951.533780
siesta: Eso     =         0.000000
siesta: Edftu   =         0.000000
siesta: DEna    =       218.961654
siesta: DUscf   =         5.567055
siesta: DUext   =         0.000000
siesta: Exc     =     -2053.903423
siesta: eta*DQ  =         0.000000
siesta: Emadel  =         0.000000
siesta: Emeta   =         0.000000
siesta: Emolmec =         0.000000
siesta: Ekinion =         0.000000
siesta: Eharris =     -6820.136896
siesta: Etot    =     -6838.173127
siesta: FreeEng =     -6838.173127

        iscf     Eharris(eV)        E_KS(eV)     FreeEng(eV)     dDmax    Ef(eV) dHmax(eV)
   scf:    1    -6820.136896    -6838.173127    -6838.173127  1.020329 -3.064304  0.219064
timer: Routine,Calls,Time,% = IterSCF        1       0.121  31.25
   scf:    2    -6838.224625    -6838.198966    -6838.198966  0.004605 -3.130831  0.150459
   scf:    3    -6838.244700    -6838.222268    -6838.222268  0.010157 -3.276489  0.000278
   scf:    4    -6838.222270    -6838.222269    -6838.222269  0.000086 -3.276833  0.000040

SCF Convergence by DM+H criterion
max |DM_out - DM_in|         :     0.0000864092
max |H_out - H_in|      (eV) :     0.0000399840
SCF cycle converged after 4 iterations

Using DM_out to compute the final energy and forces
No. of atoms with KB's overlaping orbs in proc 0. Max # of overlaps:      64      56

siesta: E_KS(eV) =            -6838.2223

siesta: E_KS - E_eggbox =     -6838.2223

siesta: Atomic forces (eV/Ang):
----------------------------------------
   Tot   -0.000000    0.000000    0.000000
----------------------------------------
   Max    0.000000
   Res    0.000000    sqrt( Sum f_i^2 / 3N )
----------------------------------------
   Max    0.000000    constrained

Stress tensor Voigt[x,y,z,yz,xz,xy] (kbar):      -62.08      -62.08      -62.08       -0.00        0.00        0.00
(Free)E + p*V (eV/cell)    -6788.5929
Target enthalpy (eV/cell)    -6838.2223

siesta: Program's energy decomposition (eV):
siesta: Ebs     =     -2369.659152
siesta: Eions   =     12185.667955
siesta: Ena     =      3675.146874
siesta: Ekin    =      2552.619235
siesta: Enl     =       954.496992
siesta: Eso     =         0.000000
siesta: Edftu   =         0.000000
siesta: DEna    =       214.479067
siesta: DUscf   =         5.382615
siesta: DUext   =         0.000000
siesta: Exc     =     -2054.679096
siesta: eta*DQ  =         0.000000
siesta: Emadel  =         0.000000
siesta: Emeta   =         0.000000
siesta: Emolmec =         0.000000
siesta: Ekinion =         0.000000
siesta: Eharris =     -6838.222270
siesta: Etot    =     -6838.222269
siesta: FreeEng =     -6838.222269

siesta: Final energy (eV):
siesta:  Band Struct. =   -2369.659152
siesta:       Kinetic =    2552.619235
siesta:       Hartree =     399.178252
siesta:       Edftu   =       0.000000
siesta:       Eso     =       0.000000
siesta:    Ext. field =       0.000000
siesta:   Exch.-corr. =   -2054.679096
siesta:  Ion-electron =   -3041.810586
siesta:       Ion-ion =   -4693.530075
siesta:       Ekinion =       0.000000
siesta:         Total =   -6838.222269
siesta:         Fermi =      -3.276833

siesta: Stress tensor (static) (eV/Ang**3):
siesta:    -0.038748    0.000000    0.000000
siesta:     0.000000   -0.038748   -0.000000
siesta:     0.000000   -0.000000   -0.038748

siesta: Cell volume =       1280.824056 Ang**3

siesta: Pressure (static):
siesta:                Solid            Molecule  Units
siesta:           0.00042202          0.00042202  Ry/Bohr**3
siesta:           0.03874800          0.03874800  eV/Ang**3
siesta:          62.08181353         62.08181353  kBar
(Free)E+ p_basis*V_orbitals  =       -6821.101356
(Free)Eharris+ p_basis*V_orbitals  =       -6821.101357

cite: Please see "si64.bib" for an exhaustive BiBTeX file.
cite: Please clearly indicate Siesta version in published work: v4.1-b4-351
cite: This calculation has made use of the following articles
cite: which are encouraged to be cited in a published work.
        Primary SIESTA paper
          DOI: www.doi.org/10.1088/0953-8984/14/11/302

>> End of run:  22-JAN-2021  23:25:01
Job completed
[1611354301.785407] [n-62-21-35:25372:0]          mpool.c:42   UCX  WARN  object 0x2ce2700 was not returned to mpool ucp_requests
[1611354301.785397] [n-62-21-35:25374:0]          mpool.c:42   UCX  WARN  object 0x42bf540 was not returned to mpool ucp_requests
[1611354301.786101] [n-62-21-35:25364:0]          mpool.c:42   UCX  WARN  object 0x2fbf700 was not returned to mpool ucp_requests
[1611354301.787293] [n-62-21-35:25367:0]          mpool.c:42   UCX  WARN  object 0x4427540 was not returned to mpool ucp_requests
