Siesta Version  : v4.1-b4-351
Architecture    : x86_64-linux-n-62-26-19
Compiler version: GNU Fortran (GCC) 9.3.0
Compiler flags  : mpifort -m64 -fPIC -O3 -march=native -ftree-vectorize -fexpensive-optimizatioons -funroll-loops -fprefetch-loop-arrays -fno-second-underscore  -flto
PP flags        : -I/dtu/sw/dcc/SL73/2020-aug/generic/build-tools/1.0/include -I/dtu/sw/dcc/SL773/2020-aug/generic/gcc/9.3.0/include -I/dtu/sw/dcc/SL73/2020-aug/generic/gcc/9.3.0/include -I/dtu/sw/dcc/SL73/2020-aug/XeonE5-2660v3/gnu/9.3.0/zlib/1.2.11/include -I/dtu/sw/dcc/SL73/2020-aug/generic/numactl/2.0.12/include -I/dtu/sw/dcc/SL73/2020-aug/XeonE5-2660v3/gnu/9.3.0/libxml2/2.9.10/include -I/dtu/sw/dcc/SL73/2020-aug/XeonE5-2660v3/gnu/9.3.0/hwloc/2.2.0/include -I/dtu/sw/dcc/SL73/2020-aug/XeonE5-2660v3/gnu/9.3.0/knem/1.1.4/include -I/dtu/sw/dcc/SL73/2020-aug/XeonE5-2660v3/gnu/9.3.0/ucx/1.8.1/include -I/dtu/sw/dcc/SL73/2020-aug/XeonE5-2660v3/gnu/9.3.0/openmpi/4.0.4/include -I/dtu/sw/dcc/SL73/2020-aug/XeonE5-2660v3/gnu/9.3.0/szip/2.1.1/include -I/dtu/sw/dcc/SL73/2020-aug/XeonE5-2660v3/gnu/9.3.0/hdf5/1.12.0/include -I/dtu/sw/dcc/SL73/2020-aug/XeonE5-2660v3/gnu/9.3.0/pnetcdf/1.12.1/include -I/dtu/sw/dcc/SL73/2020-aug/generic/gen-zlib/1.2.11/include -I/dtu/sw/dcc/SL73/2020-aug/generic/openssl/1.1.1/include -I/dtu/sw/dcc/SL73/2020-aug/generic/libssh2/1.8.2/include -I/dtu/sw/dcc/SL73/2020-aug/generic/curl/7.65.1/include -I/dtu/sw/dcc/SL73/2020-aug/XeonE5-2660v3/gnu/9.3.0/netcdf/4.7.4/include -I/dtu/sw/dcc/SL73/2020-aug/XeonE5-2660v3/gnu/9.3.0/flook/0.8.1/include -I/dtu/sw/dcc/SL73/2020-aug/XeonE5-2660v3/gnu/9.3.0/fftw/3.3.8/include -I/dtu/sw/dcc/SL73/2020-aug/XeonE5-2660v3/gnu/9.3.0/parmetis/4.0.3/include -I/dtu/sw/dcc/SL73/2020-aug/XeonE5-2660v3/gnu/9.3.0/scalapack/2.1.0/include -I/dtu/sw/dcc/SL73/2020-aug/XeonE5-2660v3/gnu/9.3.0/lapack/3.9.0/include -I/dtu/sw/dcc/SL73/2020-aug/XeonE5-2660v3/gnu/9.3.0/blis/0.7.0/include -I/dtu/sw/dcc/SL73/2020-aug/XeonE5-2660v3/gnu/9.3.0/scotch/6.0.9/include -I/dtu/sw/dcc/SL73/2020-aug/XeonE5-2660v3/gnu/9.3.0/mumps/5.3.3/include -I/dtu/sw/dcc/SL73/2020-aug/XeonE5-2660v3/gnu/9.3.0/elpa/2020.05.001/include -DSIESTA__ELPA -DMPI -DFC_HAVE_FLUSH -DFC_HAVE_ABORT -DCDF -DCDF4 -DSIESTA__FLOOK  -DNCDF -DNCDF_4 -DNCDF_PARALLEL -DTS_NOCHECKS -DSIESTA__METIS -DSIESTA__MUMPS -DSIESTA__MRRR -I/dtu/sw/dcc/SL73/2020-aug/XeonE5-2660v3/gnu/9.3.0/elpa/2020.05.001/include/elpa
Libraries       : libncdf.a libfdict.a -lnetcdff -lnetcdf -lpnetcdf -lhdf5_hl -lhdf5 -lz  -lzmuumps -lmumps_common -lesmumps -lscotch -lscotcherr -lpord -lparmetis -lmetis -lelpa -lscalapack -llapack -lblis  -L/dtu/sw/dcc/SL73/2020-aug/XeonE5-2660v3/gnu/9.3.0/flook/0.8.1/lib -Wl,-rpath=/dtu/sw/dcc/SL73/2020-aug/XeonE5-2660v3/gnu/9.3.0/flook/0.8.1/lib -lflookall -ldl  -flto -fuse-linker-plugin  -lmetis
PARALLEL version
NetCDF support
NetCDF-4 support
NetCDF-4 MPI-IO support
METIS ordering support
Lua support

* Running on 8 nodes in parallel
>> Start of run:  22-JAN-2021  23:25:10

                           ***********************       
                           *  WELCOME TO SIESTA  *       
                           ***********************       

reinit: Reading from ../si_coop.fdf

reinit: -----------------------------------------------------------------------
reinit: System Name: Si chain  for COOP curves calculation
reinit: -----------------------------------------------------------------------
reinit: System Label: si_coop
reinit: -----------------------------------------------------------------------

initatom: Reading input for the pseudopotentials and atomic orbitals ----------
Species number:   1 Atomic number:   14 Label: Si

Ground state valence configuration:   3s02  3p02
Reading pseudopotential information in formatted form from Si.psf

Valence configuration for pseudopotential generation:
3s( 2.00) rc: 1.89
3p( 2.00) rc: 1.89
3d( 0.00) rc: 1.89
4f( 0.00) rc: 1.89
For Si, standard SIESTA heuristics set lmxkb to 3
 (one more than the basis l, including polarization orbitals).
Use PS.lmax or PS.KBprojectors blocks to override.

<basis_specs>
===============================================================================
Si                   Z=  14    Mass=  28.090        Charge= 0.17977+309
Lmxo=1 Lmxkb= 3    BasisType=split      Semic=F
L=0  Nsemic=0  Cnfigmx=3
          i=1  nzeta=1  polorb=0  (3s)
            splnorm:   0.15000    
               vcte:    0.0000    
               rinn:    0.0000    
               qcoe:    0.0000    
               qyuk:    0.0000    
               qwid:   0.10000E-01
                rcs:    0.0000    
            lambdas:    1.0000    
L=1  Nsemic=0  Cnfigmx=3
          i=1  nzeta=1  polorb=1  (3p)
            splnorm:   0.15000    
               vcte:    0.0000    
               rinn:    0.0000    
               qcoe:    0.0000    
               qyuk:    0.0000    
               qwid:   0.10000E-01
                rcs:    0.0000    
            lambdas:    1.0000    
-------------------------------------------------------------------------------
L=0  Nkbl=1  erefs: 0.17977+309
L=1  Nkbl=1  erefs: 0.17977+309
L=2  Nkbl=1  erefs: 0.17977+309
L=3  Nkbl=1  erefs: 0.17977+309
===============================================================================
</basis_specs>

atom: Called for Si                    (Z =  14)

read_vps: Pseudopotential generation method:
read_vps: ATM3      Troullier-Martins                       
Valence charge for ps generation:    4.00000

xc_check: Exchange-correlation functional:
xc_check: Ceperley-Alder
V l=0 = -2*Zval/r beyond r=  2.5494
V l=1 = -2*Zval/r beyond r=  2.5494
V l=2 = -2*Zval/r beyond r=  2.5494
V l=3 = -2*Zval/r beyond r=  2.5494
All V_l potentials equal beyond r=  1.8652
This should be close to max(r_c) in ps generation
All pots = -2*Zval/r beyond r=  2.5494
Using large-core scheme for Vlocal

atom: Estimated core radius    2.54944

atom: Including non-local core corrections could be a good idea
atom: Maximum radius for 4*pi*r*r*local-pseudopot. charge    2.85303
atom: Maximum radius for r*vlocal+2*Zval:    2.58151
GHOST: No ghost state for L =  0
GHOST: No ghost state for L =  1
GHOST: No ghost state for L =  2
GHOST: No ghost state for L =  3

KBgen: Kleinman-Bylander projectors: 
   l= 0   rc=  1.936440   el= -0.796617   Ekb=  4.661340   kbcos=  0.299756
   l= 1   rc=  1.936440   el= -0.307040   Ekb=  1.494238   kbcos=  0.301471
   l= 2   rc=  1.936440   el=  0.002313   Ekb= -2.808672   kbcos= -0.054903
   l= 3   rc=  1.936440   el=  0.003402   Ekb= -0.959059   kbcos= -0.005513

KBgen: Total number of  Kleinman-Bylander projectors:   16
atom: -------------------------------------------------------------------------

atom: SANKEY-TYPE ORBITALS:

SPLIT: Orbitals with angular momentum L= 0

SPLIT: Basis orbitals for state 3s

SPLIT: PAO cut-off radius determined from an
SPLIT: energy shift=  0.007350 Ry

   izeta = 1
                 lambda =    1.000000
                     rc =    5.674097
                 energy =   -0.790139
                kinetic =    0.533579
    potential(screened) =   -1.323718
       potential(ionic) =   -3.776962

SPLIT: Orbitals with angular momentum L= 1

SPLIT: Basis orbitals for state 3p

SPLIT: PAO cut-off radius determined from an
SPLIT: energy shift=  0.007350 Ry

   izeta = 1
                 lambda =    1.000000
                     rc =    7.105845
                 energy =   -0.299565
                kinetic =    0.824289
    potential(screened) =   -1.123854
       potential(ionic) =   -3.348521

POLgen: Perturbative polarization orbital with L=  2

POLgen: Polarization orbital for state 3p

   izeta = 1
                     rc =    7.105845
                 energy =    0.366373
                kinetic =    1.162439
    potential(screened) =   -0.796066
       potential(ionic) =   -2.795335
atom: Total number of Sankey-type orbitals:  9

atm_pop: Valence configuration (for local Pseudopot. screening):
 3s( 2.00)                                                            
 3p( 2.00)                                                            
Vna: chval, zval:    4.00000   4.00000

Vna:  Cut-off radius for the neutral-atom potential:   7.105845

atom: _________________________________________________________________________

prinput: Basis input ----------------------------------------------------------

PAO.BasisType split     

%block ChemicalSpeciesLabel
    1   14 Si                      # Species index, atomic number, species label
%endblock ChemicalSpeciesLabel

%block PAO.Basis                 # Define Basis set
Si                    2                    # Species label, number of l-shells
 n=3   0   1                         # n, l, Nzeta 
   5.674   
   1.000   
 n=3   1   1 P   1                   # n, l, Nzeta, Polarization, NzetaPol
   7.106   
   1.000   
%endblock PAO.Basis

prinput: ----------------------------------------------------------------------

Dumping basis to NetCDF file Si.ion.nc
coor:   Atomic-coordinates input format  =     Cartesian coordinates
coor:                                          (in Angstroms)

siesta: Atomic coordinates (Bohr) and species
siesta:      0.00000   0.00000   0.00000  1        1
siesta:      1.88973   0.00000   0.00000  1        2
siesta:      3.77945   0.00000   0.00000  1        3
siesta:      5.66918   0.00000   0.00000  1        4

siesta: System type = chain     

initatomlists: Number of atoms, orbitals, and projectors:      4    36    64

siesta: ******************** Simulation parameters ****************************
siesta:
siesta: The following are some of the parameters of the simulation.
siesta: A complete list of the parameters used, including default values,
siesta: can be found in file out.fdf
siesta:
redata: Spin configuration                          = none
redata: Number of spin components                   = 1
redata: Time-Reversal Symmetry                      = T
redata: Spin spiral                                 = F
redata: Long output                                 =   F
redata: Number of Atomic Species                    =        1
redata: Charge density info will appear in .RHO file
redata: Write Mulliken Pop.                         = NO
redata: Matel table size (NRTAB)                    =     1024
redata: Mesh Cutoff                                 =   150.0000 Ry
redata: Net charge of the system                    =     0.0000 |e|
redata: Min. number of SCF Iter                     =        0
redata: Max. number of SCF Iter                     =     1000
redata: SCF convergence failure will abort job
redata: SCF mix quantity                            = Hamiltonian
redata: Mix DM or H after convergence               =   F
redata: Recompute H after scf cycle                 =   F
redata: Mix DM in first SCF step                    =   T
redata: Write Pulay info on disk                    =   F
redata: New DM Occupancy tolerance                  = 0.000000000001
redata: No kicks to SCF
redata: DM Mixing Weight for Kicks                  =     0.5000
redata: Require Harris convergence for SCF          =   F
redata: Harris energy tolerance for SCF             =     0.000100 eV
redata: Require DM convergence for SCF              =   T
redata: DM tolerance for SCF                        =     0.000100
redata: Require EDM convergence for SCF             =   F
redata: EDM tolerance for SCF                       =     0.001000 eV
redata: Require H convergence for SCF               =   T
redata: Hamiltonian tolerance for SCF               =     0.001000 eV
redata: Require (free) Energy convergence for SCF   =   F
redata: (free) Energy tolerance for SCF             =     0.000100 eV
redata: Using Saved Data (generic)                  =   F
redata: Use continuation files for DM               =   F
redata: Neglect nonoverlap interactions             =   F
redata: Method of Calculation                       = Diagonalization
redata: Electronic Temperature                      =   290.1109 K
redata: Fix the spin of the system                  =   F
redata: Dynamics option                             = Single-point calculation
mix.SCF: Pulay mixing                            = Pulay
mix.SCF:    Variant                              = stable
mix.SCF:    History steps                        = 3
mix.SCF:    Linear mixing weight                 =     0.100000
mix.SCF:    Mixing weight                        =     0.100000
mix.SCF:    SVD condition                        = 0.1000E-07
redata: Save all siesta data in one NC              =   F
redata: ***********************************************************************

%block SCF.Mixers
  Pulay
%endblock SCF.Mixers

%block SCF.Mixer.Pulay
  # Mixing method
  method pulay
  variant stable

  # Mixing options
  weight 0.1000
  weight.linear 0.1000
  history 3
%endblock SCF.Mixer.Pulay

DM_history_depth set to one: no extrapolation allowed by default for geometry relaxation
Size of DM history Fstack: 1
Total number of electrons:    16.000000
Total ionic charge:    16.000000

* ProcessorY, Blocksize:    2   4


* Orbital distribution balance (max,min):     8     4

k-point displ. along   1 input, could be:     0.00    0.50
 Kpoints in:            5 . Kpoints trimmed:            5

siesta: k-grid: Number of k-points =     5
siesta: k-grid: Cutoff (effective) =     5.000 Ang
siesta: k-grid: Supercell and displacements
siesta: k-grid:    8   0   0      0.000
siesta: k-grid:    0   1   0      0.000
siesta: k-grid:    0   0   1      0.000

diag: Algorithm                                     = D&C
diag: Parallel over k                               =   F
diag: Use parallel 2D distribution                  =   T
diag: Parallel block-size                           = 4
diag: Parallel distribution                         =     2 x     4
diag: Used triangular part                          = Lower
diag: Absolute tolerance                            =  0.100E-15
diag: Orthogonalization factor                      =  0.100E-05
diag: Memory factor                                 =  1.0000

superc: Internal auxiliary supercell:     5 x     1 x     1  =       5
superc: Number of atoms, orbitals, and projectors:     20    180    320


ts: **************************************************************
ts: Save H and S matrices                           =    F
ts: Save DM and EDM matrices                        =    F
ts: Only save the overlap matrix S                  =    F
ts: **************************************************************

************************ Begin: TS CHECKS AND WARNINGS ************************
************************ End: TS CHECKS AND WARNINGS **************************


                     ====================================
                        Single-point calculation
                     ====================================

superc: Internal auxiliary supercell:     5 x     1 x     1  =       5
superc: Number of atoms, orbitals, and projectors:     20    180    320

outcell: Unit cell vectors (Ang):
        4.000000    0.000000    0.000000
        0.000000   10.000000    0.000000
        0.000000    0.000000   10.000000

outcell: Cell vector modules (Ang)   :    4.000000   10.000000   10.000000
outcell: Cell angles (23,13,12) (deg):     90.0000     90.0000     90.0000
outcell: Cell volume (Ang**3)        :    400.0000
<dSpData1D:S at geom step 0
  <sparsity:sparsity for geom step 0
    nrows_g=36 nrows=8 sparsity=.9444 nnzs=1224, refcount: 7>
  <dData1D:(new from dSpData1D) n=1224, refcount: 1>
refcount: 1>
new_DM -- step:     1
Initializing Density Matrix...
DM filled with atomic data:
<dSpData2D:DM initialized from atoms
  <sparsity:sparsity for geom step 0
    nrows_g=36 nrows=8 sparsity=.9444 nnzs=1224, refcount: 8>
  <dData2D:DM n=1224 m=1, refcount: 1>
refcount: 1>
No. of atoms with KB's overlaping orbs in proc 0. Max # of overlaps:      12      81
New grid distribution:   1
           1       1:   15    1:   20    1:   10
           2       1:   15    1:   20   11:   20
           3       1:   15    1:   20   21:   30
           4       1:   15    1:   20   31:   40
           5       1:   15   21:   40    1:   10
           6       1:   15   21:   40   11:   20
           7       1:   15   21:   40   21:   30
           8       1:   15   21:   40   31:   40

InitMesh: MESH =    30 x    80 x    80 =      192000
InitMesh: (bp) =    15 x    40 x    40 =       24000
InitMesh: Mesh cutoff (required, used) =   150.000   155.462 Ry
ExtMesh (bp) on 0 =    75 x    84 x    74 =      466200
New grid distribution:   2
           1       1:   15   14:   40    1:    5
           2       1:   15    1:   13    1:    5
           3       1:   15    1:   12   14:   35
           4       1:   15   13:   40   36:   40
           5       1:   15   14:   40    6:   13
           6       1:   15    1:   13    6:   13
           7       1:   15   13:   40   14:   35
           8       1:   15    1:   12   36:   40
New grid distribution:   3
           1       1:   15   15:   40    1:    6
           2       1:   15    1:   14    8:   15
           3       1:   15    1:   15   16:   34
           4       1:   15    1:   14    1:    7
           5       1:   15    1:   15   35:   40
           6       1:   15   15:   40    7:   15
           7       1:   15   16:   40   16:   34
           8       1:   15   16:   40   35:   40
Setting up quadratic distribution...
ExtMesh (bp) on 0 =    75 x    91 x    69 =      470925
PhiOnMesh: Number of (b)points on node 0 =                 2025
PhiOnMesh: nlist on node 0 =                61203

stepf: Fermi-Dirac step function

siesta: Program's energy decomposition (eV):
siesta: Ebs     =      -226.878966
siesta: Eions   =       761.604247
siesta: Ena     =       338.976744
siesta: Ekin    =       265.845532
siesta: Enl     =       155.324528
siesta: Eso     =         0.000000
siesta: Edftu   =         0.000000
siesta: DEna    =       -17.516846
siesta: DUscf   =         2.038399
siesta: DUext   =         0.000000
siesta: Exc     =      -157.428405
siesta: eta*DQ  =         0.000000
siesta: Emadel  =         0.000000
siesta: Emeta   =         0.000000
siesta: Emolmec =         0.000000
siesta: Ekinion =         0.000000
siesta: Eharris =      -121.207233
siesta: Etot    =      -174.364294
siesta: FreeEng =      -174.372959

        iscf     Eharris(eV)        E_KS(eV)     FreeEng(eV)     dDmax    Ef(eV) dHmax(eV)
   scf:    1     -121.207233     -174.364294     -174.372959  6.055279 -7.994473  2.893698
timer: Routine,Calls,Time,% = IterSCF        1       0.181  19.77
   scf:    2     -174.475632     -174.420594     -174.429258  0.109988 -7.666231  2.507379
   scf:    3     -174.625751     -174.566215     -174.581768  0.701078 -5.533050  0.190180
   scf:    4     -174.159090     -174.391370     -174.405428  0.352912 -4.746558  1.785476
   scf:    5     -174.678616     -174.581706     -174.592091  0.348921 -5.541164  0.027093
   scf:    6     -174.582279     -174.582000     -174.592129  0.006400 -5.561870  0.001956
   scf:    7     -174.581978     -174.581989     -174.592128  0.000454 -5.561077  0.000760
   scf:    8     -174.582002     -174.581995     -174.592129  0.000420 -5.561103  0.000663
   scf:    9     -174.582020     -174.582007     -174.592129  0.000331 -5.561216  0.000500
   scf:   10     -174.582043     -174.582025     -174.592130  0.000337 -5.561402  0.000441
   scf:   11     -174.582028     -174.582027     -174.592130  0.000019 -5.561412  0.000442

SCF Convergence by DM+H criterion
max |DM_out - DM_in|         :     0.0000187436
max |H_out - H_in|      (eV) :     0.0004420515
SCF cycle converged after 11 iterations

Using DM_out to compute the final energy and forces
No. of atoms with KB's overlaping orbs in proc 0. Max # of overlaps:      12      81

siesta: E_KS(eV) =             -174.5820

siesta: E_KS - E_eggbox =      -174.5820

siesta: Atomic forces (eV/Ang):
----------------------------------------
   Tot    0.000000    0.000000    0.000000
----------------------------------------
   Max    0.000000
   Res    0.000000    sqrt( Sum f_i^2 / 3N )
----------------------------------------
   Max    0.000000    constrained

Stress tensor Voigt[x,y,z,yz,xz,xy] (kbar):    -3042.14       -0.01       -0.01       -0.00        0.00        0.00
(Free)E + p*V (eV/cell)       78.5732
Target enthalpy (eV/cell)     -174.5921
Writing WFSX for COOP/COHP in si_coop.fullBZ.WFSX
siesta: PDOS info: 
siesta: e1, e2, sigma, nhist:   -25.00 eV    5.00 eV    0.20 eV    500

siesta: Program's energy decomposition (eV):
siesta: Ebs     =      -236.953980
siesta: Eions   =       761.604247
siesta: Ena     =       338.976744
siesta: Ekin    =       261.043606
siesta: Enl     =       149.913747
siesta: Eso     =         0.000000
siesta: Edftu   =         0.000000
siesta: DEna    =        -8.184583
siesta: DUscf   =         1.510263
siesta: DUext   =         0.000000
siesta: Exc     =      -156.237556
siesta: eta*DQ  =         0.000000
siesta: Emadel  =         0.000000
siesta: Emeta   =         0.000000
siesta: Emolmec =         0.000000
siesta: Ekinion =         0.000000
siesta: Eharris =      -174.582028
siesta: Etot    =      -174.582027
siesta: FreeEng =      -174.592130

siesta: Final energy (eV):
siesta:  Band Struct. =    -236.953980
siesta:       Kinetic =     261.043606
siesta:       Hartree =     829.334289
siesta:       Edftu   =       0.000000
siesta:       Eso     =       0.000000
siesta:    Ext. field =       0.000000
siesta:   Exch.-corr. =    -156.237556
siesta:  Ion-electron =   -1952.658171
siesta:       Ion-ion =     843.935805
siesta:       Ekinion =       0.000000
siesta:         Total =    -174.582027
siesta:         Fermi =      -5.561412

siesta: Stress tensor (static) (eV/Ang**3):
siesta:    -1.898732    0.000000   -0.000000
siesta:     0.000000   -0.000004    0.000000
siesta:     0.000000   -0.000000   -0.000004

siesta: Cell volume =        400.000000 Ang**3

siesta: Pressure (static):
siesta:                Solid            Molecule  Units
siesta:           0.00689323          0.00689323  Ry/Bohr**3
siesta:           0.63291323          0.63291323  eV/Ang**3
siesta:        1014.04975103       1014.04975098  kBar
(Free)E+ p_basis*V_orbitals  =        -171.801901
(Free)Eharris+ p_basis*V_orbitals  =        -171.801903

siesta: Electric dipole (a.u.)  =   -0.000000   -0.000000    0.000000
siesta: Electric dipole (Debye) =   -0.000000   -0.000000    0.000000

cite: Please see "si_coop.bib" for an exhaustive BiBTeX file.
cite: Please clearly indicate Siesta version in published work: v4.1-b4-351
cite: This calculation has made use of the following articles
cite: which are encouraged to be cited in a published work.
        Primary SIESTA paper
          DOI: www.doi.org/10.1088/0953-8984/14/11/302

>> End of run:  22-JAN-2021  23:25:13
Job completed
