Siesta Version  : v4.1-b4-351
Architecture    : x86_64-linux-n-62-26-19
Compiler version: GNU Fortran (GCC) 9.3.0
Compiler flags  : mpifort -m64 -fPIC -O3 -march=native -ftree-vectorize -fexpensive-optimizatioons -funroll-loops -fprefetch-loop-arrays -fno-second-underscore  -flto
PP flags        : -I/dtu/sw/dcc/SL73/2020-aug/generic/build-tools/1.0/include -I/dtu/sw/dcc/SL773/2020-aug/generic/gcc/9.3.0/include -I/dtu/sw/dcc/SL73/2020-aug/generic/gcc/9.3.0/include -I/dtu/sw/dcc/SL73/2020-aug/XeonE5-2660v3/gnu/9.3.0/zlib/1.2.11/include -I/dtu/sw/dcc/SL73/2020-aug/generic/numactl/2.0.12/include -I/dtu/sw/dcc/SL73/2020-aug/XeonE5-2660v3/gnu/9.3.0/libxml2/2.9.10/include -I/dtu/sw/dcc/SL73/2020-aug/XeonE5-2660v3/gnu/9.3.0/hwloc/2.2.0/include -I/dtu/sw/dcc/SL73/2020-aug/XeonE5-2660v3/gnu/9.3.0/knem/1.1.4/include -I/dtu/sw/dcc/SL73/2020-aug/XeonE5-2660v3/gnu/9.3.0/ucx/1.8.1/include -I/dtu/sw/dcc/SL73/2020-aug/XeonE5-2660v3/gnu/9.3.0/openmpi/4.0.4/include -I/dtu/sw/dcc/SL73/2020-aug/XeonE5-2660v3/gnu/9.3.0/szip/2.1.1/include -I/dtu/sw/dcc/SL73/2020-aug/XeonE5-2660v3/gnu/9.3.0/hdf5/1.12.0/include -I/dtu/sw/dcc/SL73/2020-aug/XeonE5-2660v3/gnu/9.3.0/pnetcdf/1.12.1/include -I/dtu/sw/dcc/SL73/2020-aug/generic/gen-zlib/1.2.11/include -I/dtu/sw/dcc/SL73/2020-aug/generic/openssl/1.1.1/include -I/dtu/sw/dcc/SL73/2020-aug/generic/libssh2/1.8.2/include -I/dtu/sw/dcc/SL73/2020-aug/generic/curl/7.65.1/include -I/dtu/sw/dcc/SL73/2020-aug/XeonE5-2660v3/gnu/9.3.0/netcdf/4.7.4/include -I/dtu/sw/dcc/SL73/2020-aug/XeonE5-2660v3/gnu/9.3.0/flook/0.8.1/include -I/dtu/sw/dcc/SL73/2020-aug/XeonE5-2660v3/gnu/9.3.0/fftw/3.3.8/include -I/dtu/sw/dcc/SL73/2020-aug/XeonE5-2660v3/gnu/9.3.0/parmetis/4.0.3/include -I/dtu/sw/dcc/SL73/2020-aug/XeonE5-2660v3/gnu/9.3.0/scalapack/2.1.0/include -I/dtu/sw/dcc/SL73/2020-aug/XeonE5-2660v3/gnu/9.3.0/lapack/3.9.0/include -I/dtu/sw/dcc/SL73/2020-aug/XeonE5-2660v3/gnu/9.3.0/blis/0.7.0/include -I/dtu/sw/dcc/SL73/2020-aug/XeonE5-2660v3/gnu/9.3.0/scotch/6.0.9/include -I/dtu/sw/dcc/SL73/2020-aug/XeonE5-2660v3/gnu/9.3.0/mumps/5.3.3/include -I/dtu/sw/dcc/SL73/2020-aug/XeonE5-2660v3/gnu/9.3.0/elpa/2020.05.001/include -DSIESTA__ELPA -DMPI -DFC_HAVE_FLUSH -DFC_HAVE_ABORT -DCDF -DCDF4 -DSIESTA__FLOOK  -DNCDF -DNCDF_4 -DNCDF_PARALLEL -DTS_NOCHECKS -DSIESTA__METIS -DSIESTA__MUMPS -DSIESTA__MRRR -I/dtu/sw/dcc/SL73/2020-aug/XeonE5-2660v3/gnu/9.3.0/elpa/2020.05.001/include/elpa
Libraries       : libncdf.a libfdict.a -lnetcdff -lnetcdf -lpnetcdf -lhdf5_hl -lhdf5 -lz  -lzmuumps -lmumps_common -lesmumps -lscotch -lscotcherr -lpord -lparmetis -lmetis -lelpa -lscalapack -llapack -lblis  -L/dtu/sw/dcc/SL73/2020-aug/XeonE5-2660v3/gnu/9.3.0/flook/0.8.1/lib -Wl,-rpath=/dtu/sw/dcc/SL73/2020-aug/XeonE5-2660v3/gnu/9.3.0/flook/0.8.1/lib -lflookall -ldl  -flto -fuse-linker-plugin  -lmetis
PARALLEL version
NetCDF support
NetCDF-4 support
NetCDF-4 MPI-IO support
METIS ordering support
Lua support

* Running on 8 nodes in parallel
>> Start of run:  22-JAN-2021  23:26:37

                           ***********************       
                           *  WELCOME TO SIESTA  *       
                           ***********************       

reinit: Reading from ../si_fatbands.fdf

reinit: -----------------------------------------------------------------------
reinit: System Name: bulk silicon with test of various types of WFS output
reinit: -----------------------------------------------------------------------
reinit: System Label: si_fatbands
reinit: -----------------------------------------------------------------------

initatom: Reading input for the pseudopotentials and atomic orbitals ----------
Species number:   1 Atomic number:   14 Label: Si

Ground state valence configuration:   3s02  3p02
Reading pseudopotential information in formatted form from Si.psf

Valence configuration for pseudopotential generation:
3s( 2.00) rc: 1.89
3p( 2.00) rc: 1.89
3d( 0.00) rc: 1.89
4f( 0.00) rc: 1.89
For Si, standard SIESTA heuristics set lmxkb to 3
 (one more than the basis l, including polarization orbitals).
Use PS.lmax or PS.KBprojectors blocks to override.

<basis_specs>
===============================================================================
Si                   Z=  14    Mass=  28.090        Charge= 0.17977+309
Lmxo=1 Lmxkb= 3    BasisType=split      Semic=F
L=0  Nsemic=0  Cnfigmx=3
          i=1  nzeta=2  polorb=0  (3s)
            splnorm:   0.15000    
               vcte:    0.0000    
               rinn:    0.0000    
               qcoe:    0.0000    
               qyuk:    0.0000    
               qwid:   0.10000E-01
                rcs:    0.0000      0.0000    
            lambdas:    1.0000      1.0000    
L=1  Nsemic=0  Cnfigmx=3
          i=1  nzeta=2  polorb=1  (3p)
            splnorm:   0.15000    
               vcte:    0.0000    
               rinn:    0.0000    
               qcoe:    0.0000    
               qyuk:    0.0000    
               qwid:   0.10000E-01
                rcs:    0.0000      0.0000    
            lambdas:    1.0000      1.0000    
-------------------------------------------------------------------------------
L=0  Nkbl=1  erefs: 0.17977+309
L=1  Nkbl=1  erefs: 0.17977+309
L=2  Nkbl=1  erefs: 0.17977+309
L=3  Nkbl=1  erefs: 0.17977+309
===============================================================================
</basis_specs>

atom: Called for Si                    (Z =  14)

read_vps: Pseudopotential generation method:
read_vps: ATM3      Troullier-Martins                       
Valence charge for ps generation:    4.00000

xc_check: Exchange-correlation functional:
xc_check: Ceperley-Alder
V l=0 = -2*Zval/r beyond r=  2.5494
V l=1 = -2*Zval/r beyond r=  2.5494
V l=2 = -2*Zval/r beyond r=  2.5494
V l=3 = -2*Zval/r beyond r=  2.5494
All V_l potentials equal beyond r=  1.8652
This should be close to max(r_c) in ps generation
All pots = -2*Zval/r beyond r=  2.5494
Using large-core scheme for Vlocal

atom: Estimated core radius    2.54944

atom: Including non-local core corrections could be a good idea
atom: Maximum radius for 4*pi*r*r*local-pseudopot. charge    2.85303
atom: Maximum radius for r*vlocal+2*Zval:    2.58151
GHOST: No ghost state for L =  0
GHOST: No ghost state for L =  1
GHOST: No ghost state for L =  2
GHOST: No ghost state for L =  3

KBgen: Kleinman-Bylander projectors: 
   l= 0   rc=  1.936440   el= -0.796617   Ekb=  4.661340   kbcos=  0.299756
   l= 1   rc=  1.936440   el= -0.307040   Ekb=  1.494238   kbcos=  0.301471
   l= 2   rc=  1.936440   el=  0.002313   Ekb= -2.808672   kbcos= -0.054903
   l= 3   rc=  1.936440   el=  0.003402   Ekb= -0.959059   kbcos= -0.005513

KBgen: Total number of  Kleinman-Bylander projectors:   16
atom: -------------------------------------------------------------------------

atom: SANKEY-TYPE ORBITALS:
atom: Selected multiple-zeta basis: split     

SPLIT: Orbitals with angular momentum L= 0

SPLIT: Basis orbitals for state 3s

SPLIT: PAO cut-off radius determined from an
SPLIT: energy shift=  0.022049 Ry

   izeta = 1
                 lambda =    1.000000
                     rc =    4.883716
                 energy =   -0.773554
                kinetic =    0.585471
    potential(screened) =   -1.359025
       potential(ionic) =   -3.840954

   izeta = 2
                 rmatch =    4.418952
              splitnorm =    0.150000
                 energy =   -0.679782
                kinetic =    0.875998
    potential(screened) =   -1.555780
       potential(ionic) =   -4.137081

SPLIT: Orbitals with angular momentum L= 1

SPLIT: Basis orbitals for state 3p

SPLIT: PAO cut-off radius determined from an
SPLIT: energy shift=  0.022049 Ry

   izeta = 1
                 lambda =    1.000000
                     rc =    6.116033
                 energy =   -0.285742
                kinetic =    0.892202
    potential(screened) =   -1.177944
       potential(ionic) =   -3.446720

   izeta = 2
                 rmatch =    4.945148
              splitnorm =    0.150000
                 energy =   -0.200424
                kinetic =    1.256022
    potential(screened) =   -1.456447
       potential(ionic) =   -3.904246

POLgen: Perturbative polarization orbital with L=  2

POLgen: Polarization orbital for state 3p

   izeta = 1
                     rc =    6.116033
                 energy =    0.448490
                kinetic =    1.330466
    potential(screened) =   -0.881975
       potential(ionic) =   -2.962224
atom: Total number of Sankey-type orbitals: 13

atm_pop: Valence configuration (for local Pseudopot. screening):
 3s( 2.00)                                                            
 3p( 2.00)                                                            
Vna: chval, zval:    4.00000   4.00000

Vna:  Cut-off radius for the neutral-atom potential:   6.116033

atom: _________________________________________________________________________

prinput: Basis input ----------------------------------------------------------

PAO.BasisType split     

%block ChemicalSpeciesLabel
    1   14 Si                      # Species index, atomic number, species label
%endblock ChemicalSpeciesLabel

%block PAO.Basis                 # Define Basis set
Si                    2                    # Species label, number of l-shells
 n=3   0   2                         # n, l, Nzeta 
   4.884      4.419   
   1.000      1.000   
 n=3   1   2 P   1                   # n, l, Nzeta, Polarization, NzetaPol
   6.116      4.945   
   1.000      1.000   
%endblock PAO.Basis

prinput: ----------------------------------------------------------------------

Dumping basis to NetCDF file Si.ion.nc
coor:   Atomic-coordinates input format  =     Fractional

siesta: Atomic coordinates (Bohr) and species
siesta:      0.00000   0.00000   0.00000  1        1
siesta:      2.56530   2.56530   2.56530  1        2

siesta: System type = bulk      

initatomlists: Number of atoms, orbitals, and projectors:      2    26    32

siesta: ******************** Simulation parameters ****************************
siesta:
siesta: The following are some of the parameters of the simulation.
siesta: A complete list of the parameters used, including default values,
siesta: can be found in file out.fdf
siesta:
redata: Spin configuration                          = none
redata: Number of spin components                   = 1
redata: Time-Reversal Symmetry                      = T
redata: Spin spiral                                 = F
redata: Long output                                 =   F
redata: Number of Atomic Species                    =        1
redata: Charge density info will appear in .RHO file
redata: Write Mulliken Pop.                         = NO
redata: Matel table size (NRTAB)                    =     1024
redata: Mesh Cutoff                                 =    90.0000 Ry
redata: Net charge of the system                    =     0.0000 |e|
redata: Min. number of SCF Iter                     =        0
redata: Max. number of SCF Iter                     =     1000
redata: SCF convergence failure will abort job
redata: SCF mix quantity                            = Hamiltonian
redata: Mix DM or H after convergence               =   F
redata: Recompute H after scf cycle                 =   F
redata: Mix DM in first SCF step                    =   T
redata: Write Pulay info on disk                    =   F
redata: New DM Occupancy tolerance                  = 0.000000000001
redata: No kicks to SCF
redata: DM Mixing Weight for Kicks                  =     0.5000
redata: Require Harris convergence for SCF          =   F
redata: Harris energy tolerance for SCF             =     0.000100 eV
redata: Require DM convergence for SCF              =   T
redata: DM tolerance for SCF                        =     0.000100
redata: Require EDM convergence for SCF             =   F
redata: EDM tolerance for SCF                       =     0.001000 eV
redata: Require H convergence for SCF               =   T
redata: Hamiltonian tolerance for SCF               =     0.001000 eV
redata: Require (free) Energy convergence for SCF   =   F
redata: (free) Energy tolerance for SCF             =     0.000100 eV
redata: Using Saved Data (generic)                  =   F
redata: Use continuation files for DM               =   F
redata: Neglect nonoverlap interactions             =   F
redata: Method of Calculation                       = Diagonalization
redata: Electronic Temperature                      =   290.1109 K
redata: Fix the spin of the system                  =   F
redata: Dynamics option                             = Single-point calculation
mix.SCF: Pulay mixing                            = Pulay
mix.SCF:    Variant                              = stable
mix.SCF:    History steps                        = 3
mix.SCF:    Linear mixing weight                 =     0.300000
mix.SCF:    Mixing weight                        =     0.300000
mix.SCF:    SVD condition                        = 0.1000E-07
redata: Save all siesta data in one NC              =   F
redata: ***********************************************************************

%block SCF.Mixers
  Pulay
%endblock SCF.Mixers

%block SCF.Mixer.Pulay
  # Mixing method
  method pulay
  variant stable

  # Mixing options
  weight 0.3000
  weight.linear 0.3000
  history 3
%endblock SCF.Mixer.Pulay

DM_history_depth set to one: no extrapolation allowed by default for geometry relaxation
Size of DM history Fstack: 1
Total number of electrons:     8.000000
Total ionic charge:     8.000000

* ProcessorY, Blocksize:    2   3


* Orbital distribution balance (max,min):     5     3

 Kpoints in:           32 . Kpoints trimmed:           32

siesta: k-grid: Number of k-points =    32
siesta: k-grid: Cutoff (effective) =     7.679 Ang
siesta: k-grid: Supercell and displacements
siesta: k-grid:    0   4   0      0.500
siesta: k-grid:    0   0   4      0.500
siesta: k-grid:    4   0   0      0.500

diag: Algorithm                                     = D&C
diag: Parallel over k                               =   F
diag: Use parallel 2D distribution                  =   T
diag: Parallel block-size                           = 3
diag: Parallel distribution                         =     2 x     4
diag: Used triangular part                          = Lower
diag: Absolute tolerance                            =  0.100E-15
diag: Orthogonalization factor                      =  0.100E-05
diag: Memory factor                                 =  1.0000
Using LatticeConstant from fdf file for BandLinesScale:   10.261217 Bohr
Beware any cell changes by the end of the run
Using LatticeConstant from fdf file for BandLinesScale:   10.261217 Bohr
Beware any cell changes by the end of the run
Using LatticeConstant from fdf file for WaveFuncKPointsScale:   10.261217 Bohr
Beware any cell changes by the end of the run

superc: Internal auxiliary supercell:     5 x     5 x     5  =     125
superc: Number of atoms, orbitals, and projectors:    250   3250   4000


ts: **************************************************************
ts: Save H and S matrices                           =    F
ts: Save DM and EDM matrices                        =    F
ts: Only save the overlap matrix S                  =    F
ts: **************************************************************

************************ Begin: TS CHECKS AND WARNINGS ************************
************************ End: TS CHECKS AND WARNINGS **************************


                     ====================================
                        Single-point calculation
                     ====================================

superc: Internal auxiliary supercell:     5 x     5 x     5  =     125
superc: Number of atoms, orbitals, and projectors:    250   3250   4000

outcell: Unit cell vectors (Ang):
        2.715000    2.715000    0.000000
        0.000000    2.715000    2.715000
        2.715000    0.000000    2.715000

outcell: Cell vector modules (Ang)   :    3.839590    3.839590    3.839590
outcell: Cell angles (23,13,12) (deg):     60.0000     60.0000     60.0000
outcell: Cell volume (Ang**3)        :     40.0258
<dSpData1D:S at geom step 0
  <sparsity:sparsity for geom step 0
    nrows_g=26 nrows=5 sparsity=5.5311 nnzs=3739, refcount: 7>
  <dData1D:(new from dSpData1D) n=3739, refcount: 1>
refcount: 1>
new_DM -- step:     1
Initializing Density Matrix...
DM filled with atomic data:
<dSpData2D:DM initialized from atoms
  <sparsity:sparsity for geom step 0
    nrows_g=26 nrows=5 sparsity=5.5311 nnzs=3739, refcount: 8>
  <dData2D:DM n=3739 m=1, refcount: 1>
refcount: 1>
No. of atoms with KB's overlaping orbs in proc 0. Max # of overlaps:      26     161
New grid distribution:   1
           1       1:    9    1:    5    1:    3
           2       1:    9    1:    5    4:    5
           3       1:    9    1:    5    6:    7
           4       1:    9    1:    5    8:    9
           5       1:    9    6:    9    1:    3
           6       1:    9    6:    9    4:    5
           7       1:    9    6:    9    6:    7
           8       1:    9    6:    9    8:    9

InitMesh: MESH =    18 x    18 x    18 =        5832
InitMesh: (bp) =     9 x     9 x     9 =         729
InitMesh: Mesh cutoff (required, used) =    90.000    91.110 Ry
ExtMesh (bp) on 0 =    49 x    45 x    43 =       94815
New grid distribution:   2
           1       1:    5    1:    5    1:    5
           2       6:    9    6:    9    1:    5
           3       1:    5    1:    5    6:    9
           4       6:    9    1:    5    6:    9
           5       1:    5    6:    9    1:    5
           6       6:    9    1:    5    1:    5
           7       1:    5    6:    9    6:    9
           8       6:    9    6:    9    6:    9
New grid distribution:   3
           1       1:    5    1:    5    1:    5
           2       6:    9    6:    9    1:    5
           3       1:    5    1:    5    6:    9
           4       6:    9    1:    5    6:    9
           5       1:    5    6:    9    1:    5
           6       6:    9    1:    5    1:    5
           7       1:    5    6:    9    6:    9
           8       6:    9    6:    9    6:    9
Setting up quadratic distribution...
ExtMesh (bp) on 0 =    45 x    45 x    45 =       91125
PhiOnMesh: Number of (b)points on node 0 =                  125
PhiOnMesh: nlist on node 0 =                 9760

stepf: Fermi-Dirac step function

siesta: Program's energy decomposition (eV):
siesta: Ebs     =       -73.640184
siesta: Eions   =       380.802124
siesta: Ena     =       114.848340
siesta: Ekin    =        81.893038
siesta: Enl     =        29.332741
siesta: Eso     =         0.000000
siesta: Edftu   =         0.000000
siesta: DEna    =         4.187562
siesta: DUscf   =         0.264534
siesta: DUext   =         0.000000
siesta: Exc     =       -65.159608
siesta: eta*DQ  =         0.000000
siesta: Emadel  =         0.000000
siesta: Emeta   =         0.000000
siesta: Emolmec =         0.000000
siesta: Ekinion =         0.000000
siesta: Eharris =      -216.624578
siesta: Etot    =      -215.435517
siesta: FreeEng =      -215.435517

        iscf     Eharris(eV)        E_KS(eV)     FreeEng(eV)     dDmax    Ef(eV) dHmax(eV)
   scf:    1     -216.624578     -215.435517     -215.435517  1.817604 -3.900047  0.120725
timer: Routine,Calls,Time,% = IterSCF        1       0.358  32.56
   scf:    2     -215.437482     -215.436522     -215.436522  0.002943 -3.872860  0.074717
   scf:    3     -215.437707     -215.437178     -215.437178  0.004798 -3.826821  0.002658
   scf:    4     -215.437188     -215.437183     -215.437183  0.000457 -3.826972  0.000508
   scf:    5     -215.437183     -215.437183     -215.437183  0.000040 -3.826961  0.000312

SCF Convergence by DM+H criterion
max |DM_out - DM_in|         :     0.0000404071
max |H_out - H_in|      (eV) :     0.0003122125
SCF cycle converged after 5 iterations

Using DM_out to compute the final energy and forces
No. of atoms with KB's overlaping orbs in proc 0. Max # of overlaps:      26     161

siesta: E_KS(eV) =             -215.4372

siesta: E_KS - E_eggbox =      -215.4372

siesta: Atomic forces (eV/Ang):
----------------------------------------
   Tot    0.000221    0.000221    0.000221
----------------------------------------
   Max    0.021340
   Res    0.021230    sqrt( Sum f_i^2 / 3N )
----------------------------------------
   Max    0.021340    constrained

Stress tensor Voigt[x,y,z,yz,xz,xy] (kbar):       13.69       13.69       13.69       10.72       10.72       10.72
(Free)E + p*V (eV/cell)     -215.7793
Target enthalpy (eV/cell)     -215.4372
Writing WFSX for selected k-points in si_fatbands.selected.WFSX
Writing WFSX for COOP/COHP in si_fatbands.fullBZ.WFSX
Computing bands...
Writing WFSX for bands in si_fatbands.bands.WFSX

siesta: Program's energy decomposition (eV):
siesta: Ebs     =       -73.797139
siesta: Eions   =       380.802124
siesta: Ena     =       114.848340
siesta: Ekin    =        81.648391
siesta: Enl     =        29.318772
siesta: Eso     =         0.000000
siesta: Edftu   =         0.000000
siesta: DEna    =         4.387143
siesta: DUscf   =         0.252748
siesta: DUext   =         0.000000
siesta: Exc     =       -65.090454
siesta: eta*DQ  =         0.000000
siesta: Emadel  =         0.000000
siesta: Emeta   =         0.000000
siesta: Emolmec =         0.000000
siesta: Ekinion =         0.000000
siesta: Eharris =      -215.437183
siesta: Etot    =      -215.437183
siesta: FreeEng =      -215.437183

siesta: Final energy (eV):
siesta:  Band Struct. =     -73.797139
siesta:       Kinetic =      81.648391
siesta:       Hartree =      14.748504
siesta:       Edftu   =       0.000000
siesta:       Eso     =       0.000000
siesta:    Ext. field =       0.000000
siesta:   Exch.-corr. =     -65.090454
siesta:  Ion-electron =    -100.070855
siesta:       Ion-ion =    -146.672770
siesta:       Ekinion =       0.000000
siesta:         Total =    -215.437183
siesta:         Fermi =      -3.826961

siesta: Stress tensor (static) (eV/Ang**3):
siesta:     0.008546    0.006690    0.006690
siesta:     0.006690    0.008546    0.006690
siesta:     0.006690    0.006690    0.008546

siesta: Cell volume =         40.025752 Ang**3

siesta: Pressure (static):
siesta:                Solid            Molecule  Units
siesta:          -0.00009308         -0.00010092  Ry/Bohr**3
siesta:          -0.00854635         -0.00926637  eV/Ang**3
siesta:         -13.69290456        -14.84652482  kBar
(Free)E+ p_basis*V_orbitals  =        -214.226509
(Free)Eharris+ p_basis*V_orbitals  =        -214.226509

cite: Please see "si_fatbands.bib" for an exhaustive BiBTeX file.
cite: Please clearly indicate Siesta version in published work: v4.1-b4-351
cite: This calculation has made use of the following articles
cite: which are encouraged to be cited in a published work.
        Primary SIESTA paper
          DOI: www.doi.org/10.1088/0953-8984/14/11/302

>> End of run:  22-JAN-2021  23:26:40
Job completed
