Siesta Version  : v4.1-b4-351
Architecture    : x86_64-linux-n-62-26-19
Compiler version: GNU Fortran (GCC) 9.3.0
Compiler flags  : mpifort -m64 -fPIC -O3 -march=native -ftree-vectorize -fexpensive-optimizatioons -funroll-loops -fprefetch-loop-arrays -fno-second-underscore  -flto
PP flags        : -I/dtu/sw/dcc/SL73/2020-aug/generic/build-tools/1.0/include -I/dtu/sw/dcc/SL773/2020-aug/generic/gcc/9.3.0/include -I/dtu/sw/dcc/SL73/2020-aug/generic/gcc/9.3.0/include -I/dtu/sw/dcc/SL73/2020-aug/XeonE5-2660v3/gnu/9.3.0/zlib/1.2.11/include -I/dtu/sw/dcc/SL73/2020-aug/generic/numactl/2.0.12/include -I/dtu/sw/dcc/SL73/2020-aug/XeonE5-2660v3/gnu/9.3.0/libxml2/2.9.10/include -I/dtu/sw/dcc/SL73/2020-aug/XeonE5-2660v3/gnu/9.3.0/hwloc/2.2.0/include -I/dtu/sw/dcc/SL73/2020-aug/XeonE5-2660v3/gnu/9.3.0/knem/1.1.4/include -I/dtu/sw/dcc/SL73/2020-aug/XeonE5-2660v3/gnu/9.3.0/ucx/1.8.1/include -I/dtu/sw/dcc/SL73/2020-aug/XeonE5-2660v3/gnu/9.3.0/openmpi/4.0.4/include -I/dtu/sw/dcc/SL73/2020-aug/XeonE5-2660v3/gnu/9.3.0/szip/2.1.1/include -I/dtu/sw/dcc/SL73/2020-aug/XeonE5-2660v3/gnu/9.3.0/hdf5/1.12.0/include -I/dtu/sw/dcc/SL73/2020-aug/XeonE5-2660v3/gnu/9.3.0/pnetcdf/1.12.1/include -I/dtu/sw/dcc/SL73/2020-aug/generic/gen-zlib/1.2.11/include -I/dtu/sw/dcc/SL73/2020-aug/generic/openssl/1.1.1/include -I/dtu/sw/dcc/SL73/2020-aug/generic/libssh2/1.8.2/include -I/dtu/sw/dcc/SL73/2020-aug/generic/curl/7.65.1/include -I/dtu/sw/dcc/SL73/2020-aug/XeonE5-2660v3/gnu/9.3.0/netcdf/4.7.4/include -I/dtu/sw/dcc/SL73/2020-aug/XeonE5-2660v3/gnu/9.3.0/flook/0.8.1/include -I/dtu/sw/dcc/SL73/2020-aug/XeonE5-2660v3/gnu/9.3.0/fftw/3.3.8/include -I/dtu/sw/dcc/SL73/2020-aug/XeonE5-2660v3/gnu/9.3.0/parmetis/4.0.3/include -I/dtu/sw/dcc/SL73/2020-aug/XeonE5-2660v3/gnu/9.3.0/scalapack/2.1.0/include -I/dtu/sw/dcc/SL73/2020-aug/XeonE5-2660v3/gnu/9.3.0/lapack/3.9.0/include -I/dtu/sw/dcc/SL73/2020-aug/XeonE5-2660v3/gnu/9.3.0/blis/0.7.0/include -I/dtu/sw/dcc/SL73/2020-aug/XeonE5-2660v3/gnu/9.3.0/scotch/6.0.9/include -I/dtu/sw/dcc/SL73/2020-aug/XeonE5-2660v3/gnu/9.3.0/mumps/5.3.3/include -I/dtu/sw/dcc/SL73/2020-aug/XeonE5-2660v3/gnu/9.3.0/elpa/2020.05.001/include -DSIESTA__ELPA -DMPI -DFC_HAVE_FLUSH -DFC_HAVE_ABORT -DCDF -DCDF4 -DSIESTA__FLOOK  -DNCDF -DNCDF_4 -DNCDF_PARALLEL -DTS_NOCHECKS -DSIESTA__METIS -DSIESTA__MUMPS -DSIESTA__MRRR -I/dtu/sw/dcc/SL73/2020-aug/XeonE5-2660v3/gnu/9.3.0/elpa/2020.05.001/include/elpa
Libraries       : libncdf.a libfdict.a -lnetcdff -lnetcdf -lpnetcdf -lhdf5_hl -lhdf5 -lz  -lzmuumps -lmumps_common -lesmumps -lscotch -lscotcherr -lpord -lparmetis -lmetis -lelpa -lscalapack -llapack -lblis  -L/dtu/sw/dcc/SL73/2020-aug/XeonE5-2660v3/gnu/9.3.0/flook/0.8.1/lib -Wl,-rpath=/dtu/sw/dcc/SL73/2020-aug/XeonE5-2660v3/gnu/9.3.0/flook/0.8.1/lib -lflookall -ldl  -flto -fuse-linker-plugin  -lmetis
PARALLEL version
NetCDF support
NetCDF-4 support
NetCDF-4 MPI-IO support
METIS ordering support
Lua support

* Running on 8 nodes in parallel
>> Start of run:  22-JAN-2021  23:27:28

                           ***********************       
                           *  WELCOME TO SIESTA  *       
                           ***********************       

reinit: Reading from ../sih-mrrr.fdf

reinit: -----------------------------------------------------------------------
reinit: System Name: H in 64-atom silicon
reinit: -----------------------------------------------------------------------
reinit: System Label: sih-mrrr
reinit: -----------------------------------------------------------------------

initatom: Reading input for the pseudopotentials and atomic orbitals ----------
Species number:   1 Atomic number:   14 Label: Si
Species number:   2 Atomic number:    1 Label: H

Ground state valence configuration:   3s02  3p02
Reading pseudopotential information in formatted form from Si.psf

Valence configuration for pseudopotential generation:
3s( 2.00) rc: 1.89
3p( 2.00) rc: 1.89
3d( 0.00) rc: 1.89
4f( 0.00) rc: 1.89
Ground state valence configuration:   1s01
Reading pseudopotential information in formatted form from H.psf

Valence configuration for pseudopotential generation:
1s( 1.00) rc: 1.25
2p( 0.00) rc: 1.25
3d( 0.00) rc: 1.25
4f( 0.00) rc: 1.25
For Si, standard SIESTA heuristics set lmxkb to 3
 (one more than the basis l, including polarization orbitals).
Use PS.lmax or PS.KBprojectors blocks to override.
For H, standard SIESTA heuristics set lmxkb to 1
 (one more than the basis l, including polarization orbitals).
Use PS.lmax or PS.KBprojectors blocks to override.

<basis_specs>
===============================================================================
Si                   Z=  14    Mass=  28.090        Charge= 0.17977+309
Lmxo=1 Lmxkb= 3    BasisType=split      Semic=F
L=0  Nsemic=0  Cnfigmx=3
          i=1  nzeta=3  polorb=0  (3s)
            splnorm:   0.15000    
               vcte:    0.0000    
               rinn:    0.0000    
               qcoe:    0.0000    
               qyuk:    0.0000    
               qwid:   0.10000E-01
                rcs:    0.0000      0.0000      0.0000    
            lambdas:    1.0000      1.0000      1.0000    
L=1  Nsemic=0  Cnfigmx=3
          i=1  nzeta=3  polorb=1  (3p)
            splnorm:   0.15000    
               vcte:    0.0000    
               rinn:    0.0000    
               qcoe:    0.0000    
               qyuk:    0.0000    
               qwid:   0.10000E-01
                rcs:    0.0000      0.0000      0.0000    
            lambdas:    1.0000      1.0000      1.0000    
-------------------------------------------------------------------------------
L=0  Nkbl=1  erefs: 0.17977+309
L=1  Nkbl=1  erefs: 0.17977+309
L=2  Nkbl=1  erefs: 0.17977+309
L=3  Nkbl=1  erefs: 0.17977+309
===============================================================================
</basis_specs>

atom: Called for Si                    (Z =  14)

read_vps: Pseudopotential generation method:
read_vps: ATM3      Troullier-Martins                       
Valence charge for ps generation:    4.00000

xc_check: Exchange-correlation functional:
xc_check: Ceperley-Alder
V l=0 = -2*Zval/r beyond r=  2.5494
V l=1 = -2*Zval/r beyond r=  2.5494
V l=2 = -2*Zval/r beyond r=  2.5494
V l=3 = -2*Zval/r beyond r=  2.5494
All V_l potentials equal beyond r=  1.8652
This should be close to max(r_c) in ps generation
All pots = -2*Zval/r beyond r=  2.5494
Using large-core scheme for Vlocal

atom: Estimated core radius    2.54944

atom: Including non-local core corrections could be a good idea
atom: Maximum radius for 4*pi*r*r*local-pseudopot. charge    2.85303
atom: Maximum radius for r*vlocal+2*Zval:    2.58151
GHOST: No ghost state for L =  0
GHOST: No ghost state for L =  1
GHOST: No ghost state for L =  2
GHOST: No ghost state for L =  3

KBgen: Kleinman-Bylander projectors: 
   l= 0   rc=  1.936440   el= -0.796617   Ekb=  4.661340   kbcos=  0.299756
   l= 1   rc=  1.936440   el= -0.307040   Ekb=  1.494238   kbcos=  0.301471
   l= 2   rc=  1.936440   el=  0.002313   Ekb= -2.808672   kbcos= -0.054903
   l= 3   rc=  1.936440   el=  0.003402   Ekb= -0.959059   kbcos= -0.005513

KBgen: Total number of  Kleinman-Bylander projectors:   16
atom: -------------------------------------------------------------------------

atom: SANKEY-TYPE ORBITALS:
atom: Selected multiple-zeta basis: split     

SPLIT: Orbitals with angular momentum L= 0

SPLIT: Basis orbitals for state 3s

SPLIT: PAO cut-off radius determined from an
SPLIT: energy shift=  0.022049 Ry
Split based on tail norm

   izeta = 1
                 lambda =    1.000000
                     rc =    4.883716
                 energy =   -0.773554
                kinetic =    0.585471
    potential(screened) =   -1.359025
       potential(ionic) =   -3.840954

   izeta = 2
                 rmatch =    3.709492
              splitnorm =    0.150000
                 energy =   -0.473420
                kinetic =    1.234802
    potential(screened) =   -1.708222
       potential(ionic) =   -4.337508

   izeta = 3
                 rmatch =    4.099641
              splitnorm =    0.075000
                 energy =   -0.617371
                kinetic =    0.995405
    potential(screened) =   -1.612776
       potential(ionic) =   -4.215282

SPLIT: Orbitals with angular momentum L= 1

SPLIT: Basis orbitals for state 3p

SPLIT: PAO cut-off radius determined from an
SPLIT: energy shift=  0.022049 Ry
Split based on tail norm

   izeta = 1
                 lambda =    1.000000
                     rc =    6.116033
                 energy =   -0.285742
                kinetic =    0.892202
    potential(screened) =   -1.177944
       potential(ionic) =   -3.446720

   izeta = 2
                 rmatch =    4.703962
              splitnorm =    0.150000
                 energy =   -0.155590
                kinetic =    1.373317
    potential(screened) =   -1.528907
       potential(ionic) =   -4.017140

   izeta = 3
                 rmatch =    5.198700
              splitnorm =    0.075000
                 energy =   -0.212909
                kinetic =    1.220853
    potential(screened) =   -1.433761
       potential(ionic) =   -3.868439

POLgen: Perturbative polarization orbital with L=  2

POLgen: Polarization orbital for state 3p
Split based on tail norm

   izeta = 1
                     rc =    6.116033
                 energy =    0.448490
                kinetic =    1.330466
    potential(screened) =   -0.881975
       potential(ionic) =   -2.962224
atom: Total number of Sankey-type orbitals: 17

atm_pop: Valence configuration (for local Pseudopot. screening):
 3s( 2.00)                                                            
 3p( 2.00)                                                            
Vna: chval, zval:    4.00000   4.00000

Vna:  Cut-off radius for the neutral-atom potential:   6.116033

atom: _________________________________________________________________________

<basis_specs>
===============================================================================
H                    Z=   1    Mass=  1.0100        Charge= 0.17977+309
Lmxo=0 Lmxkb= 1    BasisType=split      Semic=F
L=0  Nsemic=0  Cnfigmx=1
          i=1  nzeta=1  polorb=0  (1s)
            splnorm:   0.15000    
               vcte:    0.0000    
               rinn:    0.0000    
               qcoe:    0.0000    
               qyuk:    0.0000    
               qwid:   0.10000E-01
                rcs:    0.0000    
            lambdas:   0.80000    
-------------------------------------------------------------------------------
L=0  Nkbl=1  erefs: 0.17977+309
L=1  Nkbl=1  erefs: 0.17977+309
===============================================================================
</basis_specs>

atom: Called for H                     (Z =   1)

read_vps: Pseudopotential generation method:
read_vps: ATM3      Troullier-Martins                       
Valence charge for ps generation:    1.00000

xc_check: Exchange-correlation functional:
xc_check: Ceperley-Alder
V l=0 = -2*Zval/r beyond r=  1.2343
V l=1 = -2*Zval/r beyond r=  1.2189
All V_l potentials equal beyond r=  1.2343
This should be close to max(r_c) in ps generation
All pots = -2*Zval/r beyond r=  1.2343

VLOCAL1: 99.0% of the norm of Vloc inside     28.493 Ry
VLOCAL1: 99.9% of the norm of Vloc inside     64.935 Ry
atom: Maximum radius for 4*pi*r*r*local-pseudopot. charge    1.45251
atom: Maximum radius for r*vlocal+2*Zval:    1.21892
GHOST: No ghost state for L =  0
GHOST: No ghost state for L =  1

KBgen: Kleinman-Bylander projectors: 
   l= 0   rc=  1.364359   el= -0.467325   Ekb= -2.005361   kbcos= -0.336422
   l= 1   rc=  1.434438   el=  0.001430   Ekb= -0.501708   kbcos= -0.021697

KBgen: Total number of  Kleinman-Bylander projectors:    4
atom: -------------------------------------------------------------------------

atom: SANKEY-TYPE ORBITALS:

SPLIT: Orbitals with angular momentum L= 0

SPLIT: Basis orbitals for state 1s

SPLIT: PAO cut-off radius determined from an
SPLIT: energy shift=  0.022049 Ry
Split based on tail norm

   izeta = 1
                 lambda =    0.800000
                     rc =    4.718242
                 energy =   -0.396561
                kinetic =    1.341628
    potential(screened) =   -1.738188
       potential(ionic) =   -2.295884
atom: Total number of Sankey-type orbitals:  1

atm_pop: Valence configuration (for local Pseudopot. screening):
 1s( 1.00)                                                            
Vna: chval, zval:    1.00000   1.00000

Vna:  Cut-off radius for the neutral-atom potential:   4.708991

atom: _________________________________________________________________________

prinput: Basis input ----------------------------------------------------------

PAO.BasisType split     

%block ChemicalSpeciesLabel
    1   14 Si                      # Species index, atomic number, species label
    2    1 H                       # Species index, atomic number, species label
%endblock ChemicalSpeciesLabel

%block PAO.Basis                 # Define Basis set
Si                    2                    # Species label, number of l-shells
 n=3   0   3                         # n, l, Nzeta 
   4.884      3.709      4.100   
   1.000      1.000      1.000   
 n=3   1   3 P   1                   # n, l, Nzeta, Polarization, NzetaPol
   6.116      4.704      5.199   
   1.000      1.000      1.000   
H                     1                    # Species label, number of l-shells
 n=1   0   1                         # n, l, Nzeta 
   4.718   
   0.800   
%endblock PAO.Basis

prinput: ----------------------------------------------------------------------

Dumping basis to NetCDF file Si.ion.nc
Dumping basis to NetCDF file H.ion.nc
coor:   Atomic-coordinates input format  =     Cartesian coordinates
coor:                                          (in units of alat)

siesta: Atomic coordinates (Bohr) and species
siesta:      0.00000   0.00000   0.00000  1        1
siesta:      2.56530   2.56530   2.56530  1        2
siesta:      0.00000   5.13061   5.13061  1        3
siesta:      2.56530   7.69591   7.69591  1        4
siesta:      5.13061   0.00000   5.13061  1        5
siesta:      7.69591   2.56530   7.69591  1        6
siesta:      5.13061   5.13061   0.00000  1        7
siesta:      7.69591   7.69591   2.56530  1        8
siesta:     10.26122   0.00000   0.00000  1        9
siesta:     12.82652   2.56530   2.56530  1       10
siesta:     10.26122   5.13061   5.13061  1       11
siesta:     12.82652   7.69591   7.69591  1       12
siesta:     15.39183   0.00000   5.13061  1       13
siesta:     17.95713   2.56530   7.69591  1       14
siesta:     15.39183   5.13061   0.00000  1       15
siesta:     17.95713   7.69591   2.56530  1       16
siesta:      0.00000  10.26122   0.00000  1       17
siesta:      2.56530  12.82652   2.56530  1       18
siesta:      0.00000  15.39183   5.13061  1       19
siesta:      2.56530  17.95713   7.69591  1       20
siesta:      5.13061  10.26122   5.13061  1       21
siesta:      7.69591  12.82652   7.69591  1       22
siesta:      5.13061  15.39183   0.00000  1       23
siesta:      7.69591  17.95713   2.56530  1       24
siesta:      0.00000   0.00000  10.26122  1       25
siesta:      2.56530   2.56530  12.82652  1       26
siesta:      0.00000   5.13061  15.39183  1       27
siesta:      2.56530   7.69591  17.95713  1       28
siesta:      5.13061   0.00000  15.39183  1       29
siesta:      7.69591   2.56530  17.95713  1       30
siesta:      5.13061   5.13061  10.26122  1       31
siesta:      7.69591   7.69591  12.82652  1       32
siesta:     10.26122  10.26122   0.00000  1       33
siesta:     12.82652  12.82652   2.56530  1       34
siesta:     10.26122  15.39183   5.13061  1       35
siesta:     12.82652  17.95713   7.69591  1       36
siesta:     15.39183  10.26122   5.13061  1       37
siesta:     17.95713  12.82652   7.69591  1       38
siesta:     15.39183  15.39183   0.00000  1       39
siesta:     17.95713  17.95713   2.56530  1       40
siesta:     10.26122   0.00000  10.26122  1       41
siesta:     12.82652   2.56530  12.82652  1       42
siesta:     10.26122   5.13061  15.39183  1       43
siesta:     12.82652   7.69591  17.95713  1       44
siesta:     15.39183   0.00000  15.39183  1       45
siesta:     17.95713   2.56530  17.95713  1       46
siesta:     15.39183   5.13061  10.26122  1       47
siesta:     17.95713   7.69591  12.82652  1       48
siesta:      0.00000  10.26122  10.26122  1       49
siesta:      2.56530  12.82652  12.82652  1       50
siesta:      0.00000  15.39183  15.39183  1       51
siesta:      2.56530  17.95713  17.95713  1       52
siesta:      5.13061  10.26122  15.39183  1       53
siesta:      7.69591  12.82652  17.95713  1       54
siesta:      5.13061  15.39183  10.26122  1       55
siesta:      7.69591  17.95713  12.82652  1       56
siesta:     10.26122  10.26122  10.26122  1       57
siesta:     12.82652  12.82652  12.82652  1       58
siesta:     10.26122  15.39183  15.39183  1       59
siesta:     12.82652  17.95713  17.95713  1       60
siesta:     15.39183  10.26122  15.39183  1       61
siesta:     17.95713  12.82652  17.95713  1       62
siesta:     15.39183  15.39183  10.26122  1       63
siesta:     17.95713  17.95713  12.82652  1       64
siesta:     11.54387  11.54387  11.54387  2       65

siesta: System type = bulk      

initatomlists: Number of atoms, orbitals, and projectors:     65  1089  1028

siesta: ******************** Simulation parameters ****************************
siesta:
siesta: The following are some of the parameters of the simulation.
siesta: A complete list of the parameters used, including default values,
siesta: can be found in file out.fdf
siesta:
redata: Spin configuration                          = none
redata: Number of spin components                   = 1
redata: Time-Reversal Symmetry                      = T
redata: Spin spiral                                 = F
redata: Long output                                 =   F
redata: Number of Atomic Species                    =        2
redata: Charge density info will appear in .RHO file
redata: Write Mulliken Pop.                         = NO
redata: Matel table size (NRTAB)                    =     1024
redata: Mesh Cutoff                                 =    40.0000 Ry
redata: Net charge of the system                    =     0.0000 |e|
redata: Min. number of SCF Iter                     =        0
redata: Max. number of SCF Iter                     =     1000
redata: SCF convergence failure will abort job
redata: SCF mix quantity                            = Hamiltonian
redata: Mix DM or H after convergence               =   F
redata: Recompute H after scf cycle                 =   F
redata: Mix DM in first SCF step                    =   T
redata: Write Pulay info on disk                    =   F
redata: New DM Occupancy tolerance                  = 0.000000000001
redata: No kicks to SCF
redata: DM Mixing Weight for Kicks                  =     0.5000
redata: Require Harris convergence for SCF          =   F
redata: Harris energy tolerance for SCF             =     0.000100 eV
redata: Require DM convergence for SCF              =   T
redata: DM tolerance for SCF                        =     0.001000
redata: Require EDM convergence for SCF             =   F
redata: EDM tolerance for SCF                       =     0.001000 eV
redata: Require H convergence for SCF               =   T
redata: Hamiltonian tolerance for SCF               =     0.001000 eV
redata: Require (free) Energy convergence for SCF   =   F
redata: (free) Energy tolerance for SCF             =     0.000100 eV
redata: Using Saved Data (generic)                  =   F
redata: Use continuation files for DM               =   T
redata: Neglect nonoverlap interactions             =   F
redata: Method of Calculation                       = Diagonalization
redata: Electronic Temperature                      =   290.1109 K
redata: Fix the spin of the system                  =   F
redata: Dynamics option                             = Single-point calculation
mix.SCF: Pulay mixing                            = Pulay
mix.SCF:    Variant                              = stable
mix.SCF:    History steps                        = 4
mix.SCF:    Linear mixing weight                 =     0.300000
mix.SCF:    Mixing weight                        =     0.300000
mix.SCF:    SVD condition                        = 0.1000E-07
redata: Save all siesta data in one NC              =   F
redata: ***********************************************************************

%block SCF.Mixers
  Pulay
%endblock SCF.Mixers

%block SCF.Mixer.Pulay
  # Mixing method
  method pulay
  variant stable

  # Mixing options
  weight 0.3000
  weight.linear 0.3000
  history 4
%endblock SCF.Mixer.Pulay

DM_history_depth set to one: no extrapolation allowed by default for geometry relaxation
Size of DM history Fstack: 1
Total number of electrons:   257.000000
Total ionic charge:   257.000000

* ProcessorY, Blocksize:    2  24


* Orbital distribution balance (max,min):   144   120

 Kpoints in:            1 . Kpoints trimmed:            1

siesta: k-grid: Number of k-points =     1
siesta: k-grid: Cutoff (effective) =     5.430 Ang
siesta: k-grid: Supercell and displacements
siesta: k-grid:    1   0   0      0.000
siesta: k-grid:    0   1   0      0.000
siesta: k-grid:    0   0   1      0.000

diag: Algorithm                                     = MRRR
diag: Parallel over k                               =   F
diag: Use parallel 2D distribution                  =   T
diag: Parallel block-size                           = 24
diag: Parallel distribution                         =     2 x     4
diag: Used triangular part                          = Lower
diag: Absolute tolerance                            =  0.100E-15
diag: Orthogonalization factor                      =  0.100E-05
diag: Memory factor                                 =  1.0000
diag: Number of calculated states [no_calc / no_u]  = 140 / 1089


ts: **************************************************************
ts: Save H and S matrices                           =    F
ts: Save DM and EDM matrices                        =    F
ts: Only save the overlap matrix S                  =    F
ts: **************************************************************

************************ Begin: TS CHECKS AND WARNINGS ************************
************************ End: TS CHECKS AND WARNINGS **************************


                     ====================================
                        Single-point calculation
                     ====================================

outcell: Unit cell vectors (Ang):
       10.860000    0.000000    0.000000
        0.000000   10.860000    0.000000
        0.000000    0.000000   10.860000

outcell: Cell vector modules (Ang)   :   10.860000   10.860000   10.860000
outcell: Cell angles (23,13,12) (deg):     90.0000     90.0000     90.0000
outcell: Cell volume (Ang**3)        :   1280.8241
Gamma-point calculation with multiply-connected orbital pairs
Folding of H and S implicitly performed
<dSpData1D:S at geom step 0
  <sparsity:sparsity for geom step 0
    nrows_g=1089 nrows=144 sparsity=.0877 nnzs=103958, refcount: 7>
  <dData1D:(new from dSpData1D) n=103958, refcount: 1>
refcount: 1>
new_DM -- step:     1
Initializing Density Matrix...

Attempting to read DM from file... Failed...
DM filled with atomic data:
<dSpData2D:DM initialized from atoms
  <sparsity:sparsity for geom step 0
    nrows_g=1089 nrows=144 sparsity=.0877 nnzs=103958, refcount: 8>
  <dData2D:DM n=103958 m=1, refcount: 1>
refcount: 1>
No. of atoms with KB's overlaping orbs in proc 0. Max # of overlaps:      64     182
New grid distribution:   1
           1       1:   24    1:   12    1:    6
           2       1:   24    1:   12    7:   12
           3       1:   24    1:   12   13:   18
           4       1:   24    1:   12   19:   24
           5       1:   24   13:   24    1:    6
           6       1:   24   13:   24    7:   12
           7       1:   24   13:   24   13:   18
           8       1:   24   13:   24   19:   24

InitMesh: MESH =    48 x    48 x    48 =      110592
InitMesh: (bp) =    24 x    24 x    24 =       13824
InitMesh: Mesh cutoff (required, used) =    40.000    53.991 Ry
ExtMesh (bp) on 0 =    56 x    44 x    38 =       93632
New grid distribution:   2
           1       1:   12   13:   24   13:   24
           2      13:   24    1:   12    1:   12
           3      13:   24    1:   12   13:   24
           4      13:   24   13:   24    1:   12
           5       1:   12    1:   12   13:   24
           6       1:   12    1:   12    1:   12
           7      13:   24   13:   24   13:   24
           8       1:   12   13:   24    1:   12
New grid distribution:   3
           1       1:   12   13:   24   13:   24
           2      13:   24    1:   12    1:   12
           3      13:   24    1:   12   13:   24
           4      13:   24   13:   24    1:   12
           5       1:   12    1:   12   13:   24
           6       1:   12    1:   12    1:   12
           7      13:   24   13:   24   13:   24
           8       1:   12   13:   24    1:   12
Setting up quadratic distribution...
ExtMesh (bp) on 0 =    44 x    44 x    44 =       85184
PhiOnMesh: Number of (b)points on node 0 =                 1728
PhiOnMesh: nlist on node 0 =               176828

stepf: Fermi-Dirac step function

siesta: Program's energy decomposition (eV):
siesta: Ebs     =     -2358.927107
siesta: Eions   =     12205.375277
siesta: Ena     =      3677.559531
siesta: Ekin    =      2677.429389
siesta: Enl     =       930.107883
siesta: Eso     =         0.000000
siesta: Edftu   =         0.000000
siesta: DEna    =       117.458048
siesta: DUscf   =        11.107812
siesta: DUext   =         0.000000
siesta: Exc     =     -2104.223515
siesta: eta*DQ  =         0.000000
siesta: Emadel  =         0.000000
siesta: Emeta   =         0.000000
siesta: Emolmec =         0.000000
siesta: Ekinion =         0.000000
siesta: Eharris =     -6919.570749
siesta: Etot    =     -6895.936128
siesta: FreeEng =     -6896.019465

        iscf     Eharris(eV)        E_KS(eV)     FreeEng(eV)     dDmax    Ef(eV) dHmax(eV)
   scf:    1    -6919.570749    -6895.936128    -6896.019465  1.780553 -3.559264  3.612698
             Section          Calls    Walltime % sect.
 IterSCF                          1       1.017  100.00
  setup_H                         2       0.635   62.46
  compute_dm                      1       0.281   27.66
  MIXER                           1       0.002    0.17
timer: Routine,Calls,Time,% = IterSCF        1       0.931  27.18
   scf:    2    -6894.999145    -6896.343723    -6896.418863  0.035997 -3.595433  2.117608
   scf:    3    -6896.805870    -6896.791366    -6896.869448  0.014750 -3.559953  0.305294
   scf:    4    -6896.842525    -6896.821183    -6896.898503  0.012981 -3.553742  0.080163
   scf:    5    -6896.842924    -6896.833101    -6896.909902  0.013916 -3.545342  0.101408
   scf:    6    -6896.835833    -6896.834598    -6896.911353  0.006933 -3.540883  0.022221
   scf:    7    -6896.834766    -6896.834689    -6896.911443  0.001727 -3.539891  0.004900
   scf:    8    -6896.834705    -6896.834698    -6896.911458  0.000399 -3.539652  0.002954
   scf:    9    -6896.834720    -6896.834709    -6896.911462  0.000105 -3.539636  0.001161
   scf:   10    -6896.834723    -6896.834716    -6896.911465  0.000112 -3.539583  0.000561

SCF Convergence by DM+H criterion
max |DM_out - DM_in|         :     0.0001124414
max |H_out - H_in|      (eV) :     0.0005612258
SCF cycle converged after 10 iterations

Using DM_out to compute the final energy and forces
No. of atoms with KB's overlaping orbs in proc 0. Max # of overlaps:      64     182

siesta: E_KS(eV) =            -6896.8347

siesta: E_KS - E_eggbox =     -6896.8347

siesta: Atomic forces (eV/Ang):
----------------------------------------
   Tot    0.000000    0.000000   -0.000000
----------------------------------------
   Max    7.952278
   Res    1.397216    sqrt( Sum f_i^2 / 3N )
----------------------------------------
   Max    7.952278    constrained

Stress tensor Voigt[x,y,z,yz,xz,xy] (kbar):       -2.59       -2.59       -2.59      -13.52      -13.52      -13.52
(Free)E + p*V (eV/cell)    -6894.8399
Target enthalpy (eV/cell)    -6896.9115

siesta: Program's energy decomposition (eV):
siesta: Ebs     =     -2366.198999
siesta: Eions   =     12205.375277
siesta: Ena     =      3677.559531
siesta: Ekin    =      2664.705406
siesta: Enl     =       928.542281
siesta: Eso     =         0.000000
siesta: Edftu   =         0.000000
siesta: DEna    =       128.846099
siesta: DUscf   =         9.386758
siesta: DUext   =         0.000000
siesta: Exc     =     -2100.499515
siesta: eta*DQ  =         0.000000
siesta: Emadel  =         0.000000
siesta: Emeta   =         0.000000
siesta: Emolmec =         0.000000
siesta: Ekinion =         0.000000
siesta: Eharris =     -6896.834723
siesta: Etot    =     -6896.834716
siesta: FreeEng =     -6896.911465

siesta: Final energy (eV):
siesta:  Band Struct. =   -2366.198999
siesta:       Kinetic =    2664.705406
siesta:       Hartree =     496.789235
siesta:       Edftu   =       0.000000
siesta:       Eso     =       0.000000
siesta:    Ext. field =       0.000000
siesta:   Exch.-corr. =   -2100.499515
siesta:  Ion-electron =   -3285.534103
siesta:       Ion-ion =   -4672.295739
siesta:       Ekinion =       0.000000
siesta:         Total =   -6896.834716
siesta:         Fermi =      -3.539583

siesta: Atomic forces (eV/Ang):
siesta:      1    0.008279    0.008279    0.008279
siesta:      2   -0.008279   -0.008279   -0.008279
siesta:      3    0.039071    0.006771    0.006771
siesta:      4   -0.030118   -0.002202   -0.002202
siesta:      5    0.006771    0.039071    0.006771
siesta:      6   -0.002202   -0.030118   -0.002202
siesta:      7    0.006771    0.006771    0.039071
siesta:      8   -0.002202   -0.002202   -0.030118
siesta:      9   -0.069678   -0.001667   -0.001667
siesta:     10    0.069678    0.001667    0.001667
siesta:     11   -0.207933    0.038765    0.038765
siesta:     12    0.339778    0.052954    0.052954
siesta:     13    0.053351   -0.017290    0.020223
siesta:     14   -0.020223    0.017290   -0.053351
siesta:     15    0.053351    0.020223   -0.017290
siesta:     16   -0.020223   -0.053351    0.017290
siesta:     17   -0.001667   -0.069678   -0.001667
siesta:     18    0.001667    0.069678    0.001667
siesta:     19   -0.017290    0.053351    0.020223
siesta:     20    0.017290   -0.020223   -0.053351
siesta:     21    0.038765   -0.207933    0.038765
siesta:     22    0.052954    0.339778    0.052954
siesta:     23    0.020223    0.053351   -0.017290
siesta:     24   -0.053351   -0.020223    0.017290
siesta:     25   -0.001667   -0.001667   -0.069679
siesta:     26    0.001667    0.001667    0.069679
siesta:     27   -0.017290    0.020223    0.053351
siesta:     28    0.017290   -0.053351   -0.020223
siesta:     29    0.020223   -0.017290    0.053351
siesta:     30   -0.053351    0.017290   -0.020223
siesta:     31    0.038765    0.038765   -0.207933
siesta:     32    0.052954    0.052954    0.339778
siesta:     33    0.035293    0.035293    0.017062
siesta:     34   -0.035293   -0.035293   -0.017062
siesta:     35    0.107404    0.011685   -0.009790
siesta:     36   -0.107404    0.009790   -0.011685
siesta:     37    0.011685    0.107404   -0.009790
siesta:     38    0.009790   -0.107404   -0.011685
siesta:     39    0.002202    0.002202    0.030118
siesta:     40   -0.006771   -0.006771   -0.039071
siesta:     41    0.035293    0.017062    0.035293
siesta:     42   -0.035293   -0.017062   -0.035293
siesta:     43    0.107404   -0.009790    0.011685
siesta:     44   -0.107404   -0.011685    0.009790
siesta:     45    0.002202    0.030118    0.002202
siesta:     46   -0.006771   -0.039071   -0.006771
siesta:     47    0.011685   -0.009790    0.107404
siesta:     48    0.009790   -0.011685   -0.107404
siesta:     49    0.017062    0.035293    0.035293
siesta:     50   -0.017062   -0.035293   -0.035293
siesta:     51    0.030118    0.002202    0.002202
siesta:     52   -0.039071   -0.006771   -0.006771
siesta:     53   -0.009790    0.107404    0.011685
siesta:     54   -0.011685   -0.107404    0.009790
siesta:     55   -0.009790    0.011685    0.107404
siesta:     56   -0.011685    0.009790   -0.107404
siesta:     57   -7.952278   -7.952278   -7.952278
siesta:     58    7.952278    7.952278    7.952278
siesta:     59   -0.339778   -0.052954   -0.052954
siesta:     60    0.207933   -0.038765   -0.038765
siesta:     61   -0.052954   -0.339778   -0.052954
siesta:     62   -0.038765    0.207933   -0.038765
siesta:     63   -0.052954   -0.052954   -0.339778
siesta:     64   -0.038765   -0.038765    0.207933
siesta:     65   -0.000000   -0.000000    0.000000
siesta: ----------------------------------------
siesta:    Tot    0.000000    0.000000   -0.000000

siesta: Stress tensor (static) (eV/Ang**3):
siesta:    -0.001617   -0.008439   -0.008439
siesta:    -0.008439   -0.001617   -0.008439
siesta:    -0.008439   -0.008439   -0.001617

siesta: Cell volume =       1280.824056 Ang**3

siesta: Pressure (static):
siesta:                Solid            Molecule  Units
siesta:           0.00001761         -0.00007189  Ry/Bohr**3
siesta:           0.00161734         -0.00660049  eV/Ang**3
siesta:           2.59129419        -10.57526069  kBar
(Free)E+ p_basis*V_orbitals  =       -6850.287419
(Free)Eharris+ p_basis*V_orbitals  =       -6850.287425

cite: Please see "sih-mrrr.bib" for an exhaustive BiBTeX file.
cite: Please clearly indicate Siesta version in published work: v4.1-b4-351
cite: This calculation has made use of the following articles
cite: which are encouraged to be cited in a published work.
        Primary SIESTA paper
          DOI: www.doi.org/10.1088/0953-8984/14/11/302


             Section          Calls    Walltime       %
 global_section                   1      11.869  100.00
  siesta                          1      11.869  100.00
   Setup                          1       0.241    2.03
    bands                         1       0.000    0.00
    KSV_init                      1       0.000    0.00
   IterGeom                       1      11.609   97.81
    state_init                    1       0.385    3.25
     hsparse                      1       0.033    0.27
     overlap                      1       0.312    2.63
    Setup_H0                      1       1.924   16.21
     naefs                        1       0.002    0.01
     MolMec                       1       0.000    0.00
     kinefsm                      1       0.303    2.55
     nlefsm                       1       1.300   10.95
     DHSCF_Init                   1       0.319    2.69
      DHSCF1                      1       0.003    0.03
       INITMESH                   1       0.000    0.00
      DHSCF2                      1       0.315    2.66
       REMESH                     1       0.069    0.58
        INITMESH                  2       0.053    0.45
         SPLOAD                   2       0.053    0.44
       REORD                      1       0.000    0.00
       PHION                      1       0.194    1.63
       COMM_BSC                   1       0.000    0.00
       POISON                     1       0.003    0.02
        fft                       2       0.003    0.02
    IterSCF                      10       7.103   59.84
     setup_H                     11       3.438   28.96
      DHSCF                      11       3.419   28.81
       DHSCF3                    11       3.419   28.80
        rhoofd                   11       1.932   16.28
        COMM_BSC                 22       0.056    0.47
        POISON                   11       0.121    1.02
         fft                     22       0.118    0.99
        XC                       11       0.044    0.37
         COMM_BSC                22       0.005    0.04
         GXC-CellXC              11       0.039    0.32
        vmat                     11       1.260   10.62
     compute_dm                  10       2.706   22.80
      diagon                     10       2.691   22.67
       r-eigvec                  10       1.939   16.34
        r-buildHS                10       0.012    0.10
        rdiag                    10       1.927   16.23
         rdiag1                  10       0.123    1.04
         rdiag2                  10       0.349    2.94
         rdiag3                  10       1.337   11.27
         rdiag4                  10       0.058    0.49
       r-buildD                  10       0.738    6.22
     MIXER                        9       0.040    0.34
    PostSCF                       1       2.090   17.60
     naefs                        1       0.001    0.01
     kinefsm                      1       0.045    0.38
     nlefsm                       1       0.263    2.21
     DHSCF                        1       1.562   13.16
      DHSCF3                      1       0.308    2.59
       rhoofd                     1       0.175    1.47
       COMM_BSC                   2       0.006    0.05
       POISON                     1       0.011    0.09
        fft                       2       0.010    0.09
       XC                         1       0.004    0.03
        COMM_BSC                  2       0.000    0.00
        GXC-CellXC                1       0.003    0.03
       vmat                       1       0.112    0.94
      DHSCF4                      1       1.254   10.57
       REORD                      4       0.000    0.00
       COMM_BSC                   2       0.001    0.01
       dfscf                      1       1.240   10.45
     overfsm                      1       0.044    0.37
     MolMec                       1       0.000    0.00
    state_analysis                1       0.006    0.05
    siesta_move                   1       0.000    0.00
   Analysis                       1       0.017    0.14
    siesta_analysis               1       0.017    0.14
     optical                      1       0.000    0.00
>> End of run:  22-JAN-2021  23:27:39
Job completed
[1611354459.972373] [n-62-21-35:27761:0]          mpool.c:42   UCX  WARN  object 0x31e8540 was not returned to mpool ucp_requests
[1611354459.975127] [n-62-21-35:27770:0]          mpool.c:42   UCX  WARN  object 0x3eae700 was not returned to mpool ucp_requests
[1611354459.976107] [n-62-21-35:27768:0]          mpool.c:42   UCX  WARN  object 0x3f3a540 was not returned to mpool ucp_requests
[1611354459.976505] [n-62-21-35:27764:0]          mpool.c:42   UCX  WARN  object 0x3868540 was not returned to mpool ucp_requests
