Siesta Version  : v4.1-b4-351
Architecture    : x86_64-linux-n-62-26-19
Compiler version: GNU Fortran (GCC) 9.3.0
Compiler flags  : mpifort -m64 -fPIC -O3 -march=native -ftree-vectorize -fexpensive-optimizatioons -funroll-loops -fprefetch-loop-arrays -fno-second-underscore  -flto
PP flags        : -I/dtu/sw/dcc/SL73/2020-aug/generic/build-tools/1.0/include -I/dtu/sw/dcc/SL773/2020-aug/generic/gcc/9.3.0/include -I/dtu/sw/dcc/SL73/2020-aug/generic/gcc/9.3.0/include -I/dtu/sw/dcc/SL73/2020-aug/XeonE5-2660v3/gnu/9.3.0/zlib/1.2.11/include -I/dtu/sw/dcc/SL73/2020-aug/generic/numactl/2.0.12/include -I/dtu/sw/dcc/SL73/2020-aug/XeonE5-2660v3/gnu/9.3.0/libxml2/2.9.10/include -I/dtu/sw/dcc/SL73/2020-aug/XeonE5-2660v3/gnu/9.3.0/hwloc/2.2.0/include -I/dtu/sw/dcc/SL73/2020-aug/XeonE5-2660v3/gnu/9.3.0/knem/1.1.4/include -I/dtu/sw/dcc/SL73/2020-aug/XeonE5-2660v3/gnu/9.3.0/ucx/1.8.1/include -I/dtu/sw/dcc/SL73/2020-aug/XeonE5-2660v3/gnu/9.3.0/openmpi/4.0.4/include -I/dtu/sw/dcc/SL73/2020-aug/XeonE5-2660v3/gnu/9.3.0/szip/2.1.1/include -I/dtu/sw/dcc/SL73/2020-aug/XeonE5-2660v3/gnu/9.3.0/hdf5/1.12.0/include -I/dtu/sw/dcc/SL73/2020-aug/XeonE5-2660v3/gnu/9.3.0/pnetcdf/1.12.1/include -I/dtu/sw/dcc/SL73/2020-aug/generic/gen-zlib/1.2.11/include -I/dtu/sw/dcc/SL73/2020-aug/generic/openssl/1.1.1/include -I/dtu/sw/dcc/SL73/2020-aug/generic/libssh2/1.8.2/include -I/dtu/sw/dcc/SL73/2020-aug/generic/curl/7.65.1/include -I/dtu/sw/dcc/SL73/2020-aug/XeonE5-2660v3/gnu/9.3.0/netcdf/4.7.4/include -I/dtu/sw/dcc/SL73/2020-aug/XeonE5-2660v3/gnu/9.3.0/flook/0.8.1/include -I/dtu/sw/dcc/SL73/2020-aug/XeonE5-2660v3/gnu/9.3.0/fftw/3.3.8/include -I/dtu/sw/dcc/SL73/2020-aug/XeonE5-2660v3/gnu/9.3.0/parmetis/4.0.3/include -I/dtu/sw/dcc/SL73/2020-aug/XeonE5-2660v3/gnu/9.3.0/scalapack/2.1.0/include -I/dtu/sw/dcc/SL73/2020-aug/XeonE5-2660v3/gnu/9.3.0/lapack/3.9.0/include -I/dtu/sw/dcc/SL73/2020-aug/XeonE5-2660v3/gnu/9.3.0/blis/0.7.0/include -I/dtu/sw/dcc/SL73/2020-aug/XeonE5-2660v3/gnu/9.3.0/scotch/6.0.9/include -I/dtu/sw/dcc/SL73/2020-aug/XeonE5-2660v3/gnu/9.3.0/mumps/5.3.3/include -I/dtu/sw/dcc/SL73/2020-aug/XeonE5-2660v3/gnu/9.3.0/elpa/2020.05.001/include -DSIESTA__ELPA -DMPI -DFC_HAVE_FLUSH -DFC_HAVE_ABORT -DCDF -DCDF4 -DSIESTA__FLOOK  -DNCDF -DNCDF_4 -DNCDF_PARALLEL -DTS_NOCHECKS -DSIESTA__METIS -DSIESTA__MUMPS -DSIESTA__MRRR -I/dtu/sw/dcc/SL73/2020-aug/XeonE5-2660v3/gnu/9.3.0/elpa/2020.05.001/include/elpa
Libraries       : libncdf.a libfdict.a -lnetcdff -lnetcdf -lpnetcdf -lhdf5_hl -lhdf5 -lz  -lzmuumps -lmumps_common -lesmumps -lscotch -lscotcherr -lpord -lparmetis -lmetis -lelpa -lscalapack -llapack -lblis  -L/dtu/sw/dcc/SL73/2020-aug/XeonE5-2660v3/gnu/9.3.0/flook/0.8.1/lib -Wl,-rpath=/dtu/sw/dcc/SL73/2020-aug/XeonE5-2660v3/gnu/9.3.0/flook/0.8.1/lib -lflookall -ldl  -flto -fuse-linker-plugin  -lmetis
PARALLEL version
NetCDF support
NetCDF-4 support
NetCDF-4 MPI-IO support
METIS ordering support
Lua support

* Running on 8 nodes in parallel
>> Start of run:  22-JAN-2021  21:19:27

                           ***********************       
                           *  WELCOME TO SIESTA  *       
                           ***********************       

reinit: Reading from ../SOC_Pt2_zz.fdf

reinit: -----------------------------------------------------------------------
reinit: System Name: Pt2 z-alignment z
reinit: -----------------------------------------------------------------------
reinit: System Label: SOC_Pt2_zz
reinit: -----------------------------------------------------------------------

initatom: Reading input for the pseudopotentials and atomic orbitals ----------
Species number:   1 Atomic number:   78 Label: Pt_SOC

Ground state valence configuration:   6s01  5d09
Reading pseudopotential information in formatted form from Pt_SOC.psf

Pseudopotential generated from a relativistic atomic calculation

Valence configuration for pseudopotential generation:
6s( 1.00) rc: 2.24
6p( 0.00) rc: 2.73
5d( 9.00) rc: 1.24
5f( 0.00) rc: 2.98
For Pt_SOC, standard SIESTA heuristics set lmxkb to 3
 (one more than the basis l, including polarization orbitals).
Use PS.lmax or PS.KBprojectors blocks to override.
Pt_SOC: nkbl increased for l=1 due to the presence of a polarization orbital

<basis_specs>
===============================================================================
Pt_SOC               Z=  78    Mass=  195.08        Charge= 0.17977+309
Lmxo=2 Lmxkb= 3    BasisType=split      Semic=F
L=0  Nsemic=0  Cnfigmx=6
          i=1  nzeta=2  polorb=1  (6s)
            splnorm:   0.15000    
               vcte:    0.0000    
               rinn:    0.0000    
               qcoe:    0.0000    
               qyuk:    0.0000    
               qwid:   0.10000E-01
                rcs:    0.0000      0.0000    
            lambdas:    1.0000      1.0000    
L=1  Nsemic=0  Cnfigmx=6
L=2  Nsemic=0  Cnfigmx=5
          i=1  nzeta=2  polorb=0  (5d)
            splnorm:   0.15000    
               vcte:    0.0000    
               rinn:    0.0000    
               qcoe:    0.0000    
               qyuk:    0.0000    
               qwid:   0.10000E-01
                rcs:    0.0000      0.0000    
            lambdas:    1.0000      1.0000    
-------------------------------------------------------------------------------
L=0  Nkbl=1  erefs: 0.17977+309
L=1  Nkbl=1  erefs: 0.17977+309
L=2  Nkbl=1  erefs: 0.17977+309
L=3  Nkbl=1  erefs: 0.17977+309
===============================================================================
</basis_specs>

atom: Called for Pt_SOC                (Z =  78)

read_vps: Pseudopotential generation method:
read_vps: ATM 3.2.2 Troullier-Martins                       
Valence charge for ps generation:   10.00000

read_vps: Pseudopotential includes a core correction:
read_vps: Pseudo-core for xc-correction

xc_check: Exchange-correlation functional:
xc_check: GGA Perdew, Burke & Ernzerhof 1996
V l=0 = -2*Zval/r beyond r=  3.0596
V l=1 = -2*Zval/r beyond r=  3.0596
V l=2 = -2*Zval/r beyond r=  3.0596
V l=3 = -2*Zval/r beyond r=  3.0981
All V_l potentials equal beyond r=  2.9104
This should be close to max(r_c) in ps generation
All pots = -2*Zval/r beyond r=  3.0981

VLOCAL1: 99.0% of the norm of Vloc inside      5.125 Ry
VLOCAL1: 99.9% of the norm of Vloc inside     11.679 Ry
atom: Maximum radius for 4*pi*r*r*local-pseudopot. charge    3.51058
atom: Maximum radius for r*vlocal+2*Zval:    3.09807
GHOST: No ghost state for L =  0
GHOST: No ghost state for L =  1
GHOST: No ghost state for L =  2
GHOST: No ghost state for L =  3

KBgen: Kleinman-Bylander projectors: 
   l= 0   rc=  3.297886   el= -0.413885   Ekb=  4.454381   kbcos=  0.246717
   l= 1   rc=  3.381373   el= -0.063071   Ekb=  1.998299   kbcos=  0.230762
   l= 2   rc=  3.137044   el= -0.454162   Ekb= -5.116612   kbcos= -0.676172
   l= 3   rc=  3.599455   el=  0.003169   Ekb= -0.935521   kbcos= -0.024370

KBgen: Total number of  Kleinman-Bylander projectors:   16
atom: -------------------------------------------------------------------------

atom: SANKEY-TYPE ORBITALS:
atom: Selected multiple-zeta basis: split     

SPLIT: Orbitals with angular momentum L= 0

SPLIT: Basis orbitals for state 6s

SPLIT: PAO cut-off radius determined from an
SPLIT: energy shift=  0.007350 Ry

   izeta = 1
                 lambda =    1.000000
                     rc =    7.158402
                 energy =   -0.407576
                kinetic =    0.352573
    potential(screened) =   -0.760148
       potential(ionic) =   -7.385835

   izeta = 2
                 rmatch =    6.009165
              splitnorm =    0.150000
                 energy =   -0.341372
                kinetic =    0.579404
    potential(screened) =   -0.920777
       potential(ionic) =   -8.017759

SPLIT: Orbitals with angular momentum L= 2

SPLIT: Basis orbitals for state 5d

SPLIT: PAO cut-off radius determined from an
SPLIT: energy shift=  0.007350 Ry

   izeta = 1
                 lambda =    1.000000
                     rc =    5.044431
                 energy =   -0.446663
                kinetic =    4.610144
    potential(screened) =   -5.056807
       potential(ionic) =  -13.997492

   izeta = 2
                 rmatch =    3.021582
              splitnorm =    0.150000
                 energy =   -0.194009
                kinetic =    6.450170
    potential(screened) =   -6.644179
       potential(ionic) =  -16.245470

POLgen: Perturbative polarization orbital with L=  1

POLgen: Polarization orbital for state 6s

   izeta = 1
                     rc =    7.158402
                 energy =   -0.090110
                kinetic =    0.622430
    potential(screened) =   -0.712540
       potential(ionic) =   -6.949247
atom: Total number of Sankey-type orbitals: 15

atm_pop: Valence configuration (for local Pseudopot. screening):
 6s( 1.00)                                                            
 6p( 0.00)                                                            
 5d( 9.00)                                                            
Vna: chval, zval:   10.00000  10.00000

Vna:  Cut-off radius for the neutral-atom potential:   7.158402
comcore: Pseudo-core radius Rcore=  4.130025

atom: _________________________________________________________________________

prinput: Basis input ----------------------------------------------------------

PAO.BasisType split     

%block ChemicalSpeciesLabel
    1   78 Pt_SOC                  # Species index, atomic number, species label
%endblock ChemicalSpeciesLabel

%block PAO.Basis                 # Define Basis set
Pt_SOC                2                    # Species label, number of l-shells
 n=6   0   2 P   1                   # n, l, Nzeta, Polarization, NzetaPol
   7.158      6.009   
   1.000      1.000   
 n=5   2   2                         # n, l, Nzeta 
   5.044      3.022   
   1.000      1.000   
%endblock PAO.Basis

prinput: ----------------------------------------------------------------------

Dumping basis to NetCDF file Pt_SOC.ion.nc
coor:   Atomic-coordinates input format  =     Cartesian coordinates
coor:                                          (in Angstroms)

siesta: Atomic coordinates (Bohr) and species
siesta:      0.00000   0.00000  -2.26654  1        1
siesta:      0.00000   0.00000   2.26654  1        2

siesta: System type = molecule  

initatomlists: Number of atoms, orbitals, and projectors:      2    30    32

siesta: ******************** Simulation parameters ****************************
siesta:
siesta: The following are some of the parameters of the simulation.
siesta: A complete list of the parameters used, including default values,
siesta: can be found in file out.fdf
siesta:
redata: Spin configuration                          = spin-orbit
redata: Number of spin components                   = 8
redata: Time-Reversal Symmetry                      = F
redata: Spin spiral                                 = F
############################################################
This spin-orbit implementation uses a local approximation.
From 4.2 and onwards the full non-local approximation is implemented
You are strongly advised to use >=4.2 versions!
############################################################
redata: Long output                                 =   F
redata: Number of Atomic Species                    =        1
redata: Charge density info will appear in .RHO file
redata: Write Mulliken Pop.                         = Atomic and Orbital charges
redata: Matel table size (NRTAB)                    =     1024
redata: Mesh Cutoff                                 =   300.0000 Ry
redata: Net charge of the system                    =     0.0000 |e|
redata: Min. number of SCF Iter                     =        0
redata: Max. number of SCF Iter                     =     1000
redata: SCF convergence failure will abort job
redata: SCF mix quantity                            = Hamiltonian
redata: Mix DM or H after convergence               =   F
redata: Recompute H after scf cycle                 =   F
redata: Mix DM in first SCF step                    =   T
redata: Write Pulay info on disk                    =   F
redata: New DM Occupancy tolerance                  = 0.000000000001
redata: Kick with linear mixing every               =       50 iterations
redata: DM Mixing Weight for Kicks                  =     0.5000
redata: Require Harris convergence for SCF          =   F
redata: Harris energy tolerance for SCF             =     0.000100 eV
redata: Require DM convergence for SCF              =   T
redata: DM tolerance for SCF                        =     0.000010
redata: Require EDM convergence for SCF             =   F
redata: EDM tolerance for SCF                       =     0.001000 eV
redata: Require H convergence for SCF               =   T
redata: Hamiltonian tolerance for SCF               =     0.001000 eV
redata: Require (free) Energy convergence for SCF   =   F
redata: (free) Energy tolerance for SCF             =     0.000100 eV
redata: Using Saved Data (generic)                  =   F
redata: Use continuation files for DM               =   F
redata: Neglect nonoverlap interactions             =   F
redata: Method of Calculation                       = Diagonalization
redata: Electronic Temperature                      =   580.2219 K
redata: Fix the spin of the system                  =   F
redata: Dynamics option                             = Single-point calculation
mix.SCF: Pulay mixing                            = Pulay
mix.SCF:    Variant                              = stable
mix.SCF:    History steps                        = 5
mix.SCF:    Linear mixing weight                 =     0.010000
mix.SCF:    Mixing weight                        =     0.010000
mix.SCF:    SVD condition                        = 0.1000E-07
mix.SCF:    Restart steps                        = 49
mix.SCF:    Restart save steps                   = 1
mix.SCF:    Number of mixing iterations          = 49
mix.SCF:    Following mixer                      = Linear-Kick
mix.SCF: Linear mixing                           = Linear-Kick
mix.SCF:    Mixing weight                        =     0.500000
mix.SCF:    Number of mixing iterations          = 1
mix.SCF:    Following mixer                      = Pulay
mix.SCF: Spin-component mixing                   all
redata: Save all siesta data in one NC              =   F
redata: ***********************************************************************

%block SCF.Mixers
  Pulay
  Linear-Kick
%endblock SCF.Mixers

%block SCF.Mixer.Pulay
  # Mixing method
  method pulay
  variant stable

  # Mixing options
  weight 0.0100
  weight.linear 0.0100
  history 5
  restart 49
  restart.save 1

  # Continuation options
  iterations 49
  next Linear-Kick
%endblock SCF.Mixer.Pulay

%block SCF.Mixer.Linear-Kick
  # Mixing method
  method linear

  # Mixing options
  weight 0.5000

  # Continuation options
  iterations 1
  next Pulay
%endblock SCF.Mixer.Linear-Kick

DM_history_depth set to one: no extrapolation allowed by default for geometry relaxation
Size of DM history Fstack: 1
Total number of electrons:    20.000000
Total ionic charge:    20.000000

* ProcessorY, Blocksize:    2   4


* Orbital distribution balance (max,min):     4     2


Time-reversal symmetry not used.

siesta: k-grid: Number of k-points =     1
siesta: k-grid: Cutoff (effective) =    10.000 Ang
siesta: k-grid: Supercell and displacements
siesta: k-grid:    1   0   0      0.000
siesta: k-grid:    0   1   0      0.000
siesta: k-grid:    0   0   1      0.000

diag: Algorithm                                     = D&C
diag: Parallel over k                               =   F
diag: Use parallel 2D distribution                  =   T
diag: Parallel block-size                           = 4
diag: Parallel distribution                         =     2 x     4
diag: Used triangular part                          = Lower
diag: Absolute tolerance                            =  0.100E-15
diag: Orthogonalization factor                      =  0.100E-05
diag: Memory factor                                 =  1.0000


ts: **************************************************************
ts: Save H and S matrices                           =    F
ts: Save DM and EDM matrices                        =    F
ts: Only save the overlap matrix S                  =    F
ts: **************************************************************

************************ Begin: TS CHECKS AND WARNINGS ************************
************************ End: TS CHECKS AND WARNINGS **************************


                     ====================================
                        Single-point calculation
                     ====================================

outcoor: Atomic coordinates (Ang):                          
    0.00000000    0.00000000   -1.19940000   1       1  Pt_SOC
    0.00000000    0.00000000    1.19940000   1       2  Pt_SOC

outcell: Unit cell vectors (Ang):
       20.000000    0.000000    0.000000
        0.000000   20.000000    0.000000
        0.000000    0.000000   20.000000

outcell: Cell vector modules (Ang)   :   20.000000   20.000000   20.000000
outcell: Cell angles (23,13,12) (deg):     90.0000     90.0000     90.0000
outcell: Cell volume (Ang**3)        :   8000.0000
<dSpData1D:S at geom step 0
  <sparsity:sparsity for geom step 0
    nrows_g=30 nrows=4 sparsity=.1333 nnzs=120, refcount: 8>
  <dData1D:(new from dSpData1D) n=120, refcount: 1>
refcount: 1>
new_DM -- step:     1
Initializing Density Matrix...
DM filled with atomic data (user-defined):
<dSpData2D:DM initialized from atoms
  <sparsity:sparsity for geom step 0
    nrows_g=30 nrows=4 sparsity=.1333 nnzs=120, refcount: 9>
  <dData2D:DM n=120 m=8, refcount: 1>
refcount: 1>
     spin moment: S , {S} =    2.00000   0.00000   0.00000   2.00000
No. of atoms with KB's overlaping orbs in proc 0. Max # of overlaps:       2      30

Initializing spin-orbit part of the Hamiltonian
  Adding spin-orbit effects for Pt


New grid distribution:   1
           1       1:  108    1:   54    1:   27
           2       1:  108    1:   54   28:   54
           3       1:  108    1:   54   55:   81
           4       1:  108    1:   54   82:  108
           5       1:  108   55:  108    1:   27
           6       1:  108   55:  108   28:   54
           7       1:  108   55:  108   55:   81
           8       1:  108   55:  108   82:  108

InitMesh: MESH =   216 x   216 x   216 =    10077696
InitMesh: (bp) =   108 x   108 x   108 =     1259712
InitMesh: Mesh cutoff (required, used) =   300.000   322.366 Ry
ExtMesh (bp) on 0 =   192 x   138 x   111 =     2941056
New grid distribution:   2
           1      47:  108   45:  108    1:   47
           2      42:  108    1:   44    1:   47
           3      46:  108    1:   46   48:  108
           4       1:   45    1:   46   48:  108
           5       1:   46   45:  108    1:   47
           6       1:   41    1:   44    1:   47
           7      48:  108   47:  108   48:  108
           8       1:   47   47:  108   48:  108
New grid distribution:   3
           1      40:  108   34:  108    1:   44
           2      22:  108    1:   33    1:   44
           3      37:  108    1:   40   45:  108
           4       1:   36    1:   40   45:  108
           5       1:   39   34:  108    1:   44
           6       1:   21    1:   33    1:   44
           7      44:  108   41:  108   45:  108
           8       1:   43   41:  108   45:  108
Setting up quadratic distribution...
ExtMesh (bp) on 0 =   146 x   148 x   131 =     2830648
PhiOnMesh: Number of (b)points on node 0 =               186496
PhiOnMesh: nlist on node 0 =                62558

stepf: Fermi-Dirac step function

siesta: Program's energy decomposition (eV):
siesta: Ebs     =      -169.327494
siesta: Eions   =      1671.574203
siesta: Ena     =        29.270178
siesta: Ekin    =      1014.157297
siesta: Enl     =      -503.497995
siesta: Eso     =        -1.519253
siesta: Edftu   =         0.000000
siesta: DEna    =        18.290969
siesta: DUscf   =         6.721626
siesta: DUext   =         0.000000
siesta: Exc     =     -1693.138698
siesta: eta*DQ  =         0.000000
siesta: Emadel  =         0.000000
siesta: Emeta   =         0.000000
siesta: Emolmec =         0.000000
siesta: Ekinion =         0.000000
siesta: Eharris =     -2796.969288
siesta: Etot    =     -2801.290079
siesta: FreeEng =     -2801.349484

        iscf     Eharris(eV)        E_KS(eV)     FreeEng(eV)     dDmax    Ef(eV) dHmax(eV)
   scf:    1    -2796.969288    -2801.290079    -2801.349484  0.648985 -3.069874  6.699318
     spin moment: S , {S} =    0.48712   0.00000   0.00000   0.48712
timer: Routine,Calls,Time,% = IterSCF        1       3.116  62.95
   scf:    2    -2801.590396    -2801.440854    -2801.501340  0.013337 -3.117913  6.513302
     spin moment: S , {S} =    0.49370   0.00000  -0.00000   0.49370
   scf:    3    -2805.662355    -2804.685929    -2804.746323  0.470760 -4.549661  0.853575
     spin moment: S , {S} =    1.69039  -0.00000  -0.00000   1.69039
   scf:    4    -2804.476754    -2804.609351    -2804.677060  0.059829 -4.334421  0.429140
     spin moment: S , {S} =    1.59386   0.00000  -0.00000   1.59386
   scf:    5    -2804.609824    -2804.616566    -2804.690062  0.036686 -4.506891  0.656542
     spin moment: S , {S} =    1.55341   0.00000  -0.00000   1.55341
   scf:    6    -2804.840140    -2804.748313    -2804.789483  0.053345 -4.388734  0.473956
     spin moment: S , {S} =    1.79851  -0.00000  -0.00000   1.79851
   scf:    7    -2804.764491    -2804.758439    -2804.796421  0.019275 -4.293652  0.124211
     spin moment: S , {S} =    1.81260  -0.00000  -0.00000   1.81260
   scf:    8    -2804.793307    -2804.776867    -2804.801492  0.019705 -4.241729  0.113009
     spin moment: S , {S} =    1.85431  -0.00000   0.00000   1.85431
   scf:    9    -2804.787414    -2804.782770    -2804.804800  0.010173 -4.211209  0.014331
     spin moment: S , {S} =    1.86237  -0.00000  -0.00000   1.86237
   scf:   10    -2804.783545    -2804.783153    -2804.804812  0.000962 -4.208522  0.010228
     spin moment: S , {S} =    1.86279  -0.00000  -0.00000   1.86279
   scf:   11    -2804.782972    -2804.783064    -2804.804816  0.000264 -4.210912  0.008822
     spin moment: S , {S} =    1.86271  -0.00000   0.00000   1.86271
   scf:   12    -2804.783268    -2804.783162    -2804.804879  0.002367 -4.216647  0.003260
     spin moment: S , {S} =    1.86371  -0.00000  -0.00000   1.86371
   scf:   13    -2804.783073    -2804.783119    -2804.804880  0.000252 -4.216648  0.002421
     spin moment: S , {S} =    1.86356  -0.00000   0.00000   1.86356
   scf:   14    -2804.783117    -2804.783118    -2804.804881  0.000035 -4.216746  0.002487
     spin moment: S , {S} =    1.86356  -0.00000   0.00000   1.86356
   scf:   15    -2804.783139    -2804.783128    -2804.804881  0.000045 -4.216710  0.002439
     spin moment: S , {S} =    1.86357  -0.00000  -0.00000   1.86357
   scf:   16    -2804.783190    -2804.783159    -2804.804882  0.000089 -4.216500  0.002205
     spin moment: S , {S} =    1.86358  -0.00000  -0.00000   1.86358
   scf:   17    -2804.783135    -2804.783147    -2804.804883  0.000102 -4.216951  0.002279
     spin moment: S , {S} =    1.86359  -0.00000  -0.00000   1.86359
   scf:   18    -2804.783149    -2804.783148    -2804.804883  0.000109 -4.217159  0.002497
     spin moment: S , {S} =    1.86361  -0.00000  -0.00000   1.86361
   scf:   19    -2804.783162    -2804.783155    -2804.804883  0.000061 -4.217163  0.002606
     spin moment: S , {S} =    1.86363  -0.00000  -0.00000   1.86363
   scf:   20    -2804.783175    -2804.783166    -2804.804887  0.000239 -4.216760  0.001709
     spin moment: S , {S} =    1.86358  -0.00000  -0.00000   1.86358
   scf:   21    -2804.783162    -2804.783164    -2804.804887  0.000012 -4.216775  0.001657
     spin moment: S , {S} =    1.86358  -0.00000  -0.00000   1.86358
   scf:   22    -2804.783037    -2804.783101    -2804.804891  0.000334 -4.217261  0.001588
     spin moment: S , {S} =    1.86350  -0.00000  -0.00000   1.86350
   scf:   23    -2804.783109    -2804.783105    -2804.804891  0.000012 -4.217146  0.001572
     spin moment: S , {S} =    1.86349  -0.00000  -0.00000   1.86349
   scf:   24    -2804.783110    -2804.783108    -2804.804891  0.000051 -4.216887  0.001354
     spin moment: S , {S} =    1.86347  -0.00000  -0.00000   1.86347
   scf:   25    -2804.783105    -2804.783106    -2804.804891  0.000010 -4.216882  0.001306
     spin moment: S , {S} =    1.86346  -0.00000  -0.00000   1.86346
   scf:   26    -2804.783103    -2804.783105    -2804.804892  0.000151 -4.216955  0.001169
     spin moment: S , {S} =    1.86346  -0.00000   0.00000   1.86346
   scf:   27    -2804.783108    -2804.783106    -2804.804892  0.000006 -4.216938  0.001124
     spin moment: S , {S} =    1.86346  -0.00000   0.00000   1.86346
   scf:   28    -2804.783123    -2804.783115    -2804.804892  0.000022 -4.216855  0.000936
     spin moment: S , {S} =    1.86347  -0.00000   0.00000   1.86347
   scf:   29    -2804.783105    -2804.783110    -2804.804892  0.000027 -4.216975  0.000847
     spin moment: S , {S} =    1.86347  -0.00000   0.00000   1.86347
   scf:   30    -2804.783109    -2804.783110    -2804.804892  0.000014 -4.217003  0.000870
     spin moment: S , {S} =    1.86347  -0.00000   0.00000   1.86347
   scf:   31    -2804.783114    -2804.783112    -2804.804892  0.000024 -4.217006  0.000931
     spin moment: S , {S} =    1.86348  -0.00000   0.00000   1.86348
   scf:   32    -2804.783111    -2804.783111    -2804.804892  0.000009 -4.216980  0.000932
     spin moment: S , {S} =    1.86347  -0.00000   0.00000   1.86347

SCF Convergence by DM+H criterion
max |DM_out - DM_in|         :     0.0000087650
max |H_out - H_in|      (eV) :     0.0009324244
SCF cycle converged after 32 iterations

Using DM_out to compute the final energy and forces
No. of atoms with KB's overlaping orbs in proc 0. Max # of overlaps:       2      30

siesta: E_KS(eV) =            -2804.7831

siesta: E_KS - E_eggbox =     -2804.7831
     spin moment: S , {S} =    1.86347  -0.00000   0.00000   1.86347

siesta: Atomic forces (eV/Ang):
     1   -0.000000   -0.000000   -0.549588
     2    0.000000    0.000000    0.549588
----------------------------------------
   Tot   -0.000000    0.000000   -0.000000
----------------------------------------
   Max    0.549588
   Res    0.317305    sqrt( Sum f_i^2 / 3N )
----------------------------------------
   Max    0.549588    constrained

Stress tensor Voigt[x,y,z,yz,xz,xy] (kbar):       -0.00       -0.00       -0.26       -0.00       -0.00        0.00
(Free)E + p*V (eV/cell)    -2804.3740
Target enthalpy (eV/cell)    -2804.8049

mulliken: Atomic and Orbital Populations:

Species: Pt_SOC              

Atom      Orb        Charge      Spin       Svec
----------------------------------------------------------------
    1  1 6s         1.05733   0.00745      0.000   0.000  -0.007
    1  2 6s         0.13995   0.02144     -0.000  -0.000   0.021
    1  3 5dxy       1.75546   0.21764     -0.000   0.000   0.218
    1  4 5dyz       1.72664   0.22326     -0.000   0.000   0.223
    1  5 5dz2       1.77143   0.00458     -0.000  -0.000   0.005
    1  6 5dxz       1.72664   0.22326     -0.000  -0.000   0.223
    1  7 5dx2-y2    1.75560   0.21749      0.000   0.000   0.217
    1  8 5dxy      -0.01079   0.00468     -0.000  -0.000   0.005
    1  9 5dyz       0.00308   0.00417      0.000   0.000   0.004
    1 10 5dz2       0.02131   0.00529      0.000  -0.000   0.005
    1 11 5dxz       0.00308   0.00417      0.000  -0.000   0.004
    1 12 5dx2-y2   -0.01078   0.00468     -0.000   0.000   0.005
    1 13 6Ppy       0.03389   0.00543      0.000   0.000   0.005
    1 14 6Ppz      -0.00674   0.00233     -0.000  -0.000  -0.002
    1 15 6Ppx       0.03389   0.00543      0.000  -0.000   0.005
    1     Total    10.00000   0.93174     -0.000   0.000   0.932

    2  1 6s         1.05733   0.00745      0.000   0.000  -0.007
    2  2 6s         0.13995   0.02144     -0.000  -0.000   0.021
    2  3 5dxy       1.75546   0.21764     -0.000   0.000   0.218
    2  4 5dyz       1.72664   0.22326     -0.000   0.000   0.223
    2  5 5dz2       1.77143   0.00458     -0.000  -0.000   0.005
    2  6 5dxz       1.72664   0.22326     -0.000  -0.000   0.223
    2  7 5dx2-y2    1.75560   0.21749      0.000  -0.000   0.217
    2  8 5dxy      -0.01079   0.00468     -0.000  -0.000   0.005
    2  9 5dyz       0.00308   0.00417      0.000  -0.000   0.004
    2 10 5dz2       0.02131   0.00529     -0.000  -0.000   0.005
    2 11 5dxz       0.00308   0.00417      0.000   0.000   0.004
    2 12 5dx2-y2   -0.01078   0.00468     -0.000  -0.000   0.005
    2 13 6Ppy       0.03389   0.00543     -0.000  -0.000   0.005
    2 14 6Ppz      -0.00674   0.00233      0.000  -0.000  -0.002
    2 15 6Ppx       0.03389   0.00543     -0.000  -0.000   0.005
    2     Total    10.00000   0.93174     -0.000   0.000   0.932

----------------------------------------------------------------
Total              20.00000   1.86347     -0.000   0.000   1.863


siesta: Eigenvalues (eV):
ik =     1
   -8.5677   -8.3641   -7.5272   -7.0283   -7.0167   -6.6955   -6.3692   -5.8533   -5.8489   -5.6471
   -5.4298   -5.1633   -5.0508   -4.9761   -4.7162   -4.6603   -4.5891   -4.5334   -4.5022   -4.3707
   -4.0657   -3.9384   -3.6664   -3.3399   -0.2573    0.0205    0.5413    0.6848    0.8642    1.1443
    3.1754    3.4210    4.4668    4.7978    8.6676    8.8517    9.6609    9.8044   13.0195   13.2716
   20.6366   20.9476   20.9914   21.2945   21.3255   21.3681   21.5942   21.6869   23.3542   23.6478
   23.9274   24.2736   26.5706   26.6209   27.4261   27.5892   27.6252   27.9470   35.5940   35.8247
siesta: Fermi energy =      -4.216980 eV

siesta: Program's energy decomposition (eV):
siesta: Ebs     =      -116.892150
siesta: Eions   =      1671.574203
siesta: Ena     =        29.270178
siesta: Ekin    =      1096.651985
siesta: Enl     =      -554.173405
siesta: Eso     =        -1.534725
siesta: Edftu   =         0.000000
siesta: DEna    =         5.681495
siesta: DUscf   =         0.838860
siesta: DUext   =         0.000000
siesta: Exc     =     -1709.943297
siesta: eta*DQ  =         0.000000
siesta: Emadel  =         0.000000
siesta: Emeta   =         0.000000
siesta: Emolmec =         0.000000
siesta: Ekinion =         0.000000
siesta: Eharris =     -2804.783111
siesta: Etot    =     -2804.783111
siesta: FreeEng =     -2804.804892

siesta: Final energy (eV):
siesta:  Band Struct. =    -116.892150
siesta:       Kinetic =    1096.651985
siesta:       Hartree =    1575.310475
siesta:       Edftu   =       0.000000
siesta:       Eso     =      -1.534725
siesta:    Ext. field =       0.000000
siesta:   Exch.-corr. =   -1709.943297
siesta:  Ion-electron =   -3960.808705
siesta:       Ion-ion =     195.541155
siesta:       Ekinion =       0.000000
siesta:         Total =   -2804.783111
siesta:         Fermi =      -4.216980

siesta: Atomic forces (eV/Ang):
siesta:      1   -0.000000   -0.000000   -0.549588
siesta:      2    0.000000    0.000000    0.549588
siesta: ----------------------------------------
siesta:    Tot   -0.000000    0.000000   -0.000000

siesta: Stress tensor (static) (eV/Ang**3):
siesta:    -0.000000   -0.000000    0.000000
siesta:     0.000000   -0.000000   -0.000000
siesta:    -0.000000   -0.000000   -0.000162

siesta: Cell volume =       8000.000000 Ang**3

siesta: Pressure (static):
siesta:                Solid            Molecule  Units
siesta:           0.00000059         -0.00000001  Ry/Bohr**3
siesta:           0.00005386         -0.00000107  eV/Ang**3
siesta:           0.08629740         -0.00171326  kBar
(Free)E+ p_basis*V_orbitals  =       -2803.090081
(Free)Eharris+ p_basis*V_orbitals  =       -2803.090081
     spin moment: S , {S} =    1.86347  -0.00000   0.00000   1.86347

siesta: Electric dipole (a.u.)  =    0.000000   -0.000000   -0.000003
siesta: Electric dipole (Debye) =    0.000000   -0.000000   -0.000007

cite: Please see "SOC_Pt2_zz.bib" for an exhaustive BiBTeX file.
cite: Please clearly indicate Siesta version in published work: v4.1-b4-351
cite: This calculation has made use of the following articles
cite: which are encouraged to be cited in a published work.
        Primary SIESTA paper
          DOI: www.doi.org/10.1088/0953-8984/14/11/302
        Spin-orbit coupling (on-site approximation)
          DOI: www.doi.org/10.1088/0953-8984/19/19/489001

>> End of run:  22-JAN-2021  21:20:22
Job completed
