Siesta Version  : v4.1-b4-351
Architecture    : x86_64-linux-n-62-26-19
Compiler version: GNU Fortran (GCC) 9.3.0
Compiler flags  : mpifort -m64 -fPIC -O3 -march=native -ftree-vectorize -fexpensive-optimizatioons -funroll-loops -fprefetch-loop-arrays -fno-second-underscore  -flto
PP flags        : -I/dtu/sw/dcc/SL73/2020-aug/generic/build-tools/1.0/include -I/dtu/sw/dcc/SL773/2020-aug/generic/gcc/9.3.0/include -I/dtu/sw/dcc/SL73/2020-aug/generic/gcc/9.3.0/include -I/dtu/sw/dcc/SL73/2020-aug/XeonE5-2660v3/gnu/9.3.0/zlib/1.2.11/include -I/dtu/sw/dcc/SL73/2020-aug/generic/numactl/2.0.12/include -I/dtu/sw/dcc/SL73/2020-aug/XeonE5-2660v3/gnu/9.3.0/libxml2/2.9.10/include -I/dtu/sw/dcc/SL73/2020-aug/XeonE5-2660v3/gnu/9.3.0/hwloc/2.2.0/include -I/dtu/sw/dcc/SL73/2020-aug/XeonE5-2660v3/gnu/9.3.0/knem/1.1.4/include -I/dtu/sw/dcc/SL73/2020-aug/XeonE5-2660v3/gnu/9.3.0/ucx/1.8.1/include -I/dtu/sw/dcc/SL73/2020-aug/XeonE5-2660v3/gnu/9.3.0/openmpi/4.0.4/include -I/dtu/sw/dcc/SL73/2020-aug/XeonE5-2660v3/gnu/9.3.0/szip/2.1.1/include -I/dtu/sw/dcc/SL73/2020-aug/XeonE5-2660v3/gnu/9.3.0/hdf5/1.12.0/include -I/dtu/sw/dcc/SL73/2020-aug/XeonE5-2660v3/gnu/9.3.0/pnetcdf/1.12.1/include -I/dtu/sw/dcc/SL73/2020-aug/generic/gen-zlib/1.2.11/include -I/dtu/sw/dcc/SL73/2020-aug/generic/openssl/1.1.1/include -I/dtu/sw/dcc/SL73/2020-aug/generic/libssh2/1.8.2/include -I/dtu/sw/dcc/SL73/2020-aug/generic/curl/7.65.1/include -I/dtu/sw/dcc/SL73/2020-aug/XeonE5-2660v3/gnu/9.3.0/netcdf/4.7.4/include -I/dtu/sw/dcc/SL73/2020-aug/XeonE5-2660v3/gnu/9.3.0/flook/0.8.1/include -I/dtu/sw/dcc/SL73/2020-aug/XeonE5-2660v3/gnu/9.3.0/fftw/3.3.8/include -I/dtu/sw/dcc/SL73/2020-aug/XeonE5-2660v3/gnu/9.3.0/parmetis/4.0.3/include -I/dtu/sw/dcc/SL73/2020-aug/XeonE5-2660v3/gnu/9.3.0/scalapack/2.1.0/include -I/dtu/sw/dcc/SL73/2020-aug/XeonE5-2660v3/gnu/9.3.0/lapack/3.9.0/include -I/dtu/sw/dcc/SL73/2020-aug/XeonE5-2660v3/gnu/9.3.0/blis/0.7.0/include -I/dtu/sw/dcc/SL73/2020-aug/XeonE5-2660v3/gnu/9.3.0/scotch/6.0.9/include -I/dtu/sw/dcc/SL73/2020-aug/XeonE5-2660v3/gnu/9.3.0/mumps/5.3.3/include -I/dtu/sw/dcc/SL73/2020-aug/XeonE5-2660v3/gnu/9.3.0/elpa/2020.05.001/include -DSIESTA__ELPA -DMPI -DFC_HAVE_FLUSH -DFC_HAVE_ABORT -DCDF -DCDF4 -DSIESTA__FLOOK  -DNCDF -DNCDF_4 -DNCDF_PARALLEL -DTS_NOCHECKS -DSIESTA__METIS -DSIESTA__MUMPS -DSIESTA__MRRR -I/dtu/sw/dcc/SL73/2020-aug/XeonE5-2660v3/gnu/9.3.0/elpa/2020.05.001/include/elpa
Libraries       : libncdf.a libfdict.a -lnetcdff -lnetcdf -lpnetcdf -lhdf5_hl -lhdf5 -lz  -lzmuumps -lmumps_common -lesmumps -lscotch -lscotcherr -lpord -lparmetis -lmetis -lelpa -lscalapack -llapack -lblis  -L/dtu/sw/dcc/SL73/2020-aug/XeonE5-2660v3/gnu/9.3.0/flook/0.8.1/lib -Wl,-rpath=/dtu/sw/dcc/SL73/2020-aug/XeonE5-2660v3/gnu/9.3.0/flook/0.8.1/lib -lflookall -ldl  -flto -fuse-linker-plugin  -lmetis
PARALLEL version
NetCDF support
NetCDF-4 support
NetCDF-4 MPI-IO support
METIS ordering support
Lua support

* Running on 8 nodes in parallel
>> Start of run:  22-JAN-2021  21:02:08

                           ***********************       
                           *  WELCOME TO SIESTA  *       
                           ***********************       

reinit: Reading from ../SOC_Pt2_xx.fdf

reinit: -----------------------------------------------------------------------
reinit: System Name: Pt2 X-alignment x
reinit: -----------------------------------------------------------------------
reinit: System Label: SOC_Pt2_xx
reinit: -----------------------------------------------------------------------

initatom: Reading input for the pseudopotentials and atomic orbitals ----------
Species number:   1 Atomic number:   78 Label: Pt_SOC

Ground state valence configuration:   6s01  5d09
Reading pseudopotential information in formatted form from Pt_SOC.psf

Pseudopotential generated from a relativistic atomic calculation

Valence configuration for pseudopotential generation:
6s( 1.00) rc: 2.24
6p( 0.00) rc: 2.73
5d( 9.00) rc: 1.24
5f( 0.00) rc: 2.98
For Pt_SOC, standard SIESTA heuristics set lmxkb to 3
 (one more than the basis l, including polarization orbitals).
Use PS.lmax or PS.KBprojectors blocks to override.
Pt_SOC: nkbl increased for l=1 due to the presence of a polarization orbital

<basis_specs>
===============================================================================
Pt_SOC               Z=  78    Mass=  195.08        Charge= 0.17977+309
Lmxo=2 Lmxkb= 3    BasisType=split      Semic=F
L=0  Nsemic=0  Cnfigmx=6
          i=1  nzeta=2  polorb=1  (6s)
            splnorm:   0.15000    
               vcte:    0.0000    
               rinn:    0.0000    
               qcoe:    0.0000    
               qyuk:    0.0000    
               qwid:   0.10000E-01
                rcs:    0.0000      0.0000    
            lambdas:    1.0000      1.0000    
L=1  Nsemic=0  Cnfigmx=6
L=2  Nsemic=0  Cnfigmx=5
          i=1  nzeta=2  polorb=0  (5d)
            splnorm:   0.15000    
               vcte:    0.0000    
               rinn:    0.0000    
               qcoe:    0.0000    
               qyuk:    0.0000    
               qwid:   0.10000E-01
                rcs:    0.0000      0.0000    
            lambdas:    1.0000      1.0000    
-------------------------------------------------------------------------------
L=0  Nkbl=1  erefs: 0.17977+309
L=1  Nkbl=1  erefs: 0.17977+309
L=2  Nkbl=1  erefs: 0.17977+309
L=3  Nkbl=1  erefs: 0.17977+309
===============================================================================
</basis_specs>

atom: Called for Pt_SOC                (Z =  78)

read_vps: Pseudopotential generation method:
read_vps: ATM 3.2.2 Troullier-Martins                       
Valence charge for ps generation:   10.00000

read_vps: Pseudopotential includes a core correction:
read_vps: Pseudo-core for xc-correction

xc_check: Exchange-correlation functional:
xc_check: GGA Perdew, Burke & Ernzerhof 1996
V l=0 = -2*Zval/r beyond r=  3.0596
V l=1 = -2*Zval/r beyond r=  3.0596
V l=2 = -2*Zval/r beyond r=  3.0596
V l=3 = -2*Zval/r beyond r=  3.0981
All V_l potentials equal beyond r=  2.9104
This should be close to max(r_c) in ps generation
All pots = -2*Zval/r beyond r=  3.0981

VLOCAL1: 99.0% of the norm of Vloc inside      5.125 Ry
VLOCAL1: 99.9% of the norm of Vloc inside     11.679 Ry
atom: Maximum radius for 4*pi*r*r*local-pseudopot. charge    3.51058
atom: Maximum radius for r*vlocal+2*Zval:    3.09807
GHOST: No ghost state for L =  0
GHOST: No ghost state for L =  1
GHOST: No ghost state for L =  2
GHOST: No ghost state for L =  3

KBgen: Kleinman-Bylander projectors: 
   l= 0   rc=  3.297886   el= -0.413885   Ekb=  4.454381   kbcos=  0.246717
   l= 1   rc=  3.381373   el= -0.063071   Ekb=  1.998299   kbcos=  0.230762
   l= 2   rc=  3.137044   el= -0.454162   Ekb= -5.116612   kbcos= -0.676172
   l= 3   rc=  3.599455   el=  0.003169   Ekb= -0.935521   kbcos= -0.024370

KBgen: Total number of  Kleinman-Bylander projectors:   16
atom: -------------------------------------------------------------------------

atom: SANKEY-TYPE ORBITALS:
atom: Selected multiple-zeta basis: split     

SPLIT: Orbitals with angular momentum L= 0

SPLIT: Basis orbitals for state 6s

SPLIT: PAO cut-off radius determined from an
SPLIT: energy shift=  0.007350 Ry

   izeta = 1
                 lambda =    1.000000
                     rc =    7.158402
                 energy =   -0.407576
                kinetic =    0.352573
    potential(screened) =   -0.760148
       potential(ionic) =   -7.385835

   izeta = 2
                 rmatch =    6.009165
              splitnorm =    0.150000
                 energy =   -0.341372
                kinetic =    0.579404
    potential(screened) =   -0.920777
       potential(ionic) =   -8.017759

SPLIT: Orbitals with angular momentum L= 2

SPLIT: Basis orbitals for state 5d

SPLIT: PAO cut-off radius determined from an
SPLIT: energy shift=  0.007350 Ry

   izeta = 1
                 lambda =    1.000000
                     rc =    5.044431
                 energy =   -0.446663
                kinetic =    4.610144
    potential(screened) =   -5.056807
       potential(ionic) =  -13.997492

   izeta = 2
                 rmatch =    3.021582
              splitnorm =    0.150000
                 energy =   -0.194009
                kinetic =    6.450170
    potential(screened) =   -6.644179
       potential(ionic) =  -16.245470

POLgen: Perturbative polarization orbital with L=  1

POLgen: Polarization orbital for state 6s

   izeta = 1
                     rc =    7.158402
                 energy =   -0.090110
                kinetic =    0.622430
    potential(screened) =   -0.712540
       potential(ionic) =   -6.949247
atom: Total number of Sankey-type orbitals: 15

atm_pop: Valence configuration (for local Pseudopot. screening):
 6s( 1.00)                                                            
 6p( 0.00)                                                            
 5d( 9.00)                                                            
Vna: chval, zval:   10.00000  10.00000

Vna:  Cut-off radius for the neutral-atom potential:   7.158402
comcore: Pseudo-core radius Rcore=  4.130025

atom: _________________________________________________________________________

prinput: Basis input ----------------------------------------------------------

PAO.BasisType split     

%block ChemicalSpeciesLabel
    1   78 Pt_SOC                  # Species index, atomic number, species label
%endblock ChemicalSpeciesLabel

%block PAO.Basis                 # Define Basis set
Pt_SOC                2                    # Species label, number of l-shells
 n=6   0   2 P   1                   # n, l, Nzeta, Polarization, NzetaPol
   7.158      6.009   
   1.000      1.000   
 n=5   2   2                         # n, l, Nzeta 
   5.044      3.022   
   1.000      1.000   
%endblock PAO.Basis

prinput: ----------------------------------------------------------------------

Dumping basis to NetCDF file Pt_SOC.ion.nc
coor:   Atomic-coordinates input format  =     Cartesian coordinates
coor:                                          (in Angstroms)

siesta: Atomic coordinates (Bohr) and species
siesta:     -2.26654   0.00000   0.00000  1        1
siesta:      2.26654   0.00000   0.00000  1        2

siesta: System type = molecule  

initatomlists: Number of atoms, orbitals, and projectors:      2    30    32

siesta: ******************** Simulation parameters ****************************
siesta:
siesta: The following are some of the parameters of the simulation.
siesta: A complete list of the parameters used, including default values,
siesta: can be found in file out.fdf
siesta:
redata: Spin configuration                          = spin-orbit
redata: Number of spin components                   = 8
redata: Time-Reversal Symmetry                      = F
redata: Spin spiral                                 = F
############################################################
This spin-orbit implementation uses a local approximation.
From 4.2 and onwards the full non-local approximation is implemented
You are strongly advised to use >=4.2 versions!
############################################################
redata: Long output                                 =   F
redata: Number of Atomic Species                    =        1
redata: Charge density info will appear in .RHO file
redata: Write Mulliken Pop.                         = Atomic and Orbital charges
redata: Matel table size (NRTAB)                    =     1024
redata: Mesh Cutoff                                 =   300.0000 Ry
redata: Net charge of the system                    =     0.0000 |e|
redata: Min. number of SCF Iter                     =        0
redata: Max. number of SCF Iter                     =     1000
redata: SCF convergence failure will abort job
redata: SCF mix quantity                            = Hamiltonian
redata: Mix DM or H after convergence               =   F
redata: Recompute H after scf cycle                 =   F
redata: Mix DM in first SCF step                    =   T
redata: Write Pulay info on disk                    =   F
redata: New DM Occupancy tolerance                  = 0.000000000001
redata: Kick with linear mixing every               =       50 iterations
redata: DM Mixing Weight for Kicks                  =     0.5000
redata: Require Harris convergence for SCF          =   F
redata: Harris energy tolerance for SCF             =     0.000100 eV
redata: Require DM convergence for SCF              =   T
redata: DM tolerance for SCF                        =     0.000010
redata: Require EDM convergence for SCF             =   F
redata: EDM tolerance for SCF                       =     0.001000 eV
redata: Require H convergence for SCF               =   T
redata: Hamiltonian tolerance for SCF               =     0.001000 eV
redata: Require (free) Energy convergence for SCF   =   F
redata: (free) Energy tolerance for SCF             =     0.000100 eV
redata: Using Saved Data (generic)                  =   F
redata: Use continuation files for DM               =   F
redata: Neglect nonoverlap interactions             =   F
redata: Method of Calculation                       = Diagonalization
redata: Electronic Temperature                      =   580.2219 K
redata: Fix the spin of the system                  =   F
redata: Dynamics option                             = Single-point calculation
mix.SCF: Pulay mixing                            = Pulay
mix.SCF:    Variant                              = stable
mix.SCF:    History steps                        = 5
mix.SCF:    Linear mixing weight                 =     0.010000
mix.SCF:    Mixing weight                        =     0.010000
mix.SCF:    SVD condition                        = 0.1000E-07
mix.SCF:    Restart steps                        = 49
mix.SCF:    Restart save steps                   = 1
mix.SCF:    Number of mixing iterations          = 49
mix.SCF:    Following mixer                      = Linear-Kick
mix.SCF: Linear mixing                           = Linear-Kick
mix.SCF:    Mixing weight                        =     0.500000
mix.SCF:    Number of mixing iterations          = 1
mix.SCF:    Following mixer                      = Pulay
mix.SCF: Spin-component mixing                   all
redata: Save all siesta data in one NC              =   F
redata: ***********************************************************************

%block SCF.Mixers
  Pulay
  Linear-Kick
%endblock SCF.Mixers

%block SCF.Mixer.Pulay
  # Mixing method
  method pulay
  variant stable

  # Mixing options
  weight 0.0100
  weight.linear 0.0100
  history 5
  restart 49
  restart.save 1

  # Continuation options
  iterations 49
  next Linear-Kick
%endblock SCF.Mixer.Pulay

%block SCF.Mixer.Linear-Kick
  # Mixing method
  method linear

  # Mixing options
  weight 0.5000

  # Continuation options
  iterations 1
  next Pulay
%endblock SCF.Mixer.Linear-Kick

DM_history_depth set to one: no extrapolation allowed by default for geometry relaxation
Size of DM history Fstack: 1
Total number of electrons:    20.000000
Total ionic charge:    20.000000

* ProcessorY, Blocksize:    2   4


* Orbital distribution balance (max,min):     4     2


Time-reversal symmetry not used.

siesta: k-grid: Number of k-points =     1
siesta: k-grid: Cutoff (effective) =    10.000 Ang
siesta: k-grid: Supercell and displacements
siesta: k-grid:    1   0   0      0.000
siesta: k-grid:    0   1   0      0.000
siesta: k-grid:    0   0   1      0.000

diag: Algorithm                                     = D&C
diag: Parallel over k                               =   F
diag: Use parallel 2D distribution                  =   T
diag: Parallel block-size                           = 4
diag: Parallel distribution                         =     2 x     4
diag: Used triangular part                          = Lower
diag: Absolute tolerance                            =  0.100E-15
diag: Orthogonalization factor                      =  0.100E-05
diag: Memory factor                                 =  1.0000


ts: **************************************************************
ts: Save H and S matrices                           =    F
ts: Save DM and EDM matrices                        =    F
ts: Only save the overlap matrix S                  =    F
ts: **************************************************************

************************ Begin: TS CHECKS AND WARNINGS ************************
************************ End: TS CHECKS AND WARNINGS **************************


                     ====================================
                        Single-point calculation
                     ====================================

outcoor: Atomic coordinates (Ang):                          
   -1.19940000    0.00000000    0.00000000   1       1  Pt_SOC
    1.19940000    0.00000000    0.00000000   1       2  Pt_SOC

outcell: Unit cell vectors (Ang):
       20.000000    0.000000    0.000000
        0.000000   20.000000    0.000000
        0.000000    0.000000   20.000000

outcell: Cell vector modules (Ang)   :   20.000000   20.000000   20.000000
outcell: Cell angles (23,13,12) (deg):     90.0000     90.0000     90.0000
outcell: Cell volume (Ang**3)        :   8000.0000
<dSpData1D:S at geom step 0
  <sparsity:sparsity for geom step 0
    nrows_g=30 nrows=4 sparsity=.1333 nnzs=120, refcount: 8>
  <dData1D:(new from dSpData1D) n=120, refcount: 1>
refcount: 1>
new_DM -- step:     1
Initializing Density Matrix...
DM filled with atomic data (user-defined):
<dSpData2D:DM initialized from atoms
  <sparsity:sparsity for geom step 0
    nrows_g=30 nrows=4 sparsity=.1333 nnzs=120, refcount: 9>
  <dData2D:DM n=120 m=8, refcount: 1>
refcount: 1>
     spin moment: S , {S} =    2.00000   2.00000   0.00000   0.00000
No. of atoms with KB's overlaping orbs in proc 0. Max # of overlaps:       2      30

Initializing spin-orbit part of the Hamiltonian
  Adding spin-orbit effects for Pt


New grid distribution:   1
           1       1:  108    1:   54    1:   27
           2       1:  108    1:   54   28:   54
           3       1:  108    1:   54   55:   81
           4       1:  108    1:   54   82:  108
           5       1:  108   55:  108    1:   27
           6       1:  108   55:  108   28:   54
           7       1:  108   55:  108   55:   81
           8       1:  108   55:  108   82:  108

InitMesh: MESH =   216 x   216 x   216 =    10077696
InitMesh: (bp) =   108 x   108 x   108 =     1259712
InitMesh: Mesh cutoff (required, used) =   300.000   322.366 Ry
ExtMesh (bp) on 0 =   192 x   138 x   111 =     2941056
New grid distribution:   2
           1      43:  108    1:   43    1:   45
           2       1:   47    1:   47   46:  108
           3       1:   48   48:  108   46:  108
           4      48:  108    1:   47   46:  108
           5      48:  108   44:  108    1:   45
           6       1:   47   44:  108    1:   45
           7      49:  108   48:  108   46:  108
           8       1:   42    1:   43    1:   45
New grid distribution:   3
           1      28:  108    1:   30    1:   37
           2       1:   44    1:   41   38:  108
           3       1:   48   42:  108   38:  108
           4      45:  108    1:   41   38:  108
           5      45:  108   31:  108    1:   37
           6       1:   44   31:  108    1:   37
           7      49:  108   42:  108   38:  108
           8       1:   27    1:   30    1:   37
Setting up quadratic distribution...
ExtMesh (bp) on 0 =   150 x   127 x   129 =     2457450
PhiOnMesh: Number of (b)points on node 0 =               127710
PhiOnMesh: nlist on node 0 =                65955

stepf: Fermi-Dirac step function

siesta: Program's energy decomposition (eV):
siesta: Ebs     =      -169.327496
siesta: Eions   =      1671.574203
siesta: Ena     =        29.270178
siesta: Ekin    =      1014.157294
siesta: Enl     =      -503.497993
siesta: Eso     =        -1.519253
siesta: Edftu   =         0.000000
siesta: DEna    =        18.290969
siesta: DUscf   =         6.721626
siesta: DUext   =         0.000000
siesta: Exc     =     -1693.138697
siesta: eta*DQ  =         0.000000
siesta: Emadel  =         0.000000
siesta: Emeta   =         0.000000
siesta: Emolmec =         0.000000
siesta: Ekinion =         0.000000
siesta: Eharris =     -2796.969287
siesta: Etot    =     -2801.290079
siesta: FreeEng =     -2801.349483

        iscf     Eharris(eV)        E_KS(eV)     FreeEng(eV)     dDmax    Ef(eV) dHmax(eV)
   scf:    1    -2796.969287    -2801.290079    -2801.349483  0.457572 -3.069874  6.044255
     spin moment: S , {S} =    0.48712   0.48712   0.00000   0.00000
timer: Routine,Calls,Time,% = IterSCF        1       3.178  64.33
   scf:    2    -2801.590396    -2801.440854    -2801.501340  0.012486 -3.117913  5.870568
     spin moment: S , {S} =    0.49370   0.49370   0.00000   0.00000
   scf:    3    -2805.662354    -2804.685928    -2804.746323  0.451899 -4.549661  0.731527
     spin moment: S , {S} =    1.69040   1.69040   0.00000   0.00000
   scf:    4    -2804.476753    -2804.609351    -2804.677060  0.057254 -4.334421  0.381698
     spin moment: S , {S} =    1.59386   1.59386   0.00000   0.00000
   scf:    5    -2804.609824    -2804.616566    -2804.690062  0.036681 -4.506891  0.542392
     spin moment: S , {S} =    1.55341   1.55341  -0.00000   0.00000
   scf:    6    -2804.840140    -2804.748313    -2804.789483  0.027941 -4.388734  0.366218
     spin moment: S , {S} =    1.79851   1.79851   0.00000   0.00000
   scf:    7    -2804.764491    -2804.758439    -2804.796421  0.019129 -4.293652  0.097722
     spin moment: S , {S} =    1.81260   1.81260   0.00000   0.00000
   scf:    8    -2804.793306    -2804.776867    -2804.801492  0.008941 -4.241729  0.070037
     spin moment: S , {S} =    1.85431   1.85431   0.00000   0.00000
   scf:    9    -2804.787414    -2804.782770    -2804.804799  0.008079 -4.211209  0.008958
     spin moment: S , {S} =    1.86237   1.86237   0.00000   0.00000
   scf:   10    -2804.783545    -2804.783153    -2804.804812  0.000435 -4.208522  0.007234
     spin moment: S , {S} =    1.86279   1.86279  -0.00000   0.00000
   scf:   11    -2804.782971    -2804.783063    -2804.804816  0.000172 -4.210912  0.005909
     spin moment: S , {S} =    1.86271   1.86271   0.00000   0.00000
   scf:   12    -2804.783268    -2804.783161    -2804.804879  0.001259 -4.216647  0.002058
     spin moment: S , {S} =    1.86371   1.86371  -0.00000   0.00000
   scf:   13    -2804.783073    -2804.783118    -2804.804880  0.000148 -4.216648  0.001734
     spin moment: S , {S} =    1.86356   1.86356   0.00000   0.00000
   scf:   14    -2804.783117    -2804.783118    -2804.804881  0.000033 -4.216746  0.001662
     spin moment: S , {S} =    1.86356   1.86356  -0.00000   0.00000
   scf:   15    -2804.783139    -2804.783128    -2804.804881  0.000032 -4.216710  0.001581
     spin moment: S , {S} =    1.86357   1.86357  -0.00000   0.00000
   scf:   16    -2804.783189    -2804.783158    -2804.804881  0.000049 -4.216499  0.001575
     spin moment: S , {S} =    1.86358   1.86358  -0.00000   0.00000
   scf:   17    -2804.783135    -2804.783147    -2804.804883  0.000080 -4.216951  0.001861
     spin moment: S , {S} =    1.86359   1.86359  -0.00000   0.00000
   scf:   18    -2804.783149    -2804.783148    -2804.804883  0.000068 -4.217159  0.001954
     spin moment: S , {S} =    1.86361   1.86361   0.00000   0.00000
   scf:   19    -2804.783162    -2804.783154    -2804.804883  0.000039 -4.217163  0.001933
     spin moment: S , {S} =    1.86363   1.86363  -0.00000   0.00000
   scf:   20    -2804.783175    -2804.783165    -2804.804887  0.000232 -4.216761  0.001215
     spin moment: S , {S} =    1.86358   1.86358  -0.00000   0.00000
   scf:   21    -2804.783161    -2804.783163    -2804.804887  0.000009 -4.216775  0.001185
     spin moment: S , {S} =    1.86358   1.86358  -0.00000   0.00000
   scf:   22    -2804.783037    -2804.783101    -2804.804891  0.000251 -4.217260  0.000714
     spin moment: S , {S} =    1.86350   1.86350  -0.00000   0.00000
   scf:   23    -2804.783109    -2804.783105    -2804.804891  0.000008 -4.217142  0.000695
     spin moment: S , {S} =    1.86349   1.86349  -0.00000   0.00000

SCF Convergence by DM+H criterion
max |DM_out - DM_in|         :     0.0000084436
max |H_out - H_in|      (eV) :     0.0006952980
SCF cycle converged after 23 iterations

Using DM_out to compute the final energy and forces
No. of atoms with KB's overlaping orbs in proc 0. Max # of overlaps:       2      30

siesta: E_KS(eV) =            -2804.7831

siesta: E_KS - E_eggbox =     -2804.7831
     spin moment: S , {S} =    1.86349   1.86349  -0.00000   0.00000

siesta: Atomic forces (eV/Ang):
     1   -0.549700   -0.000000   -0.000000
     2    0.549700   -0.000000   -0.000000
----------------------------------------
   Tot    0.000000   -0.000000   -0.000000
----------------------------------------
   Max    0.549700
   Res    0.317370    sqrt( Sum f_i^2 / 3N )
----------------------------------------
   Max    0.549700    constrained

Stress tensor Voigt[x,y,z,yz,xz,xy] (kbar):       -0.26        0.00        0.00       -0.00       -0.00        0.00
(Free)E + p*V (eV/cell)    -2804.3760
Target enthalpy (eV/cell)    -2804.8049

mulliken: Atomic and Orbital Populations:

Species: Pt_SOC              

Atom      Orb        Charge      Spin       Svec
----------------------------------------------------------------
    1  1 6s         1.05737   0.00724     -0.007   0.000   0.000
    1  2 6s         0.13996   0.02143      0.021   0.000  -0.000
    1  3 5dxy       1.72665   0.22329      0.223  -0.000   0.000
    1  4 5dyz       1.75547   0.21768      0.218  -0.000  -0.000
    1  5 5dz2       1.75955   0.16425      0.164   0.000  -0.000
    1  6 5dxz       1.72665   0.22329      0.223   0.000   0.000
    1  7 5dx2-y2    1.76743   0.05768      0.058  -0.000   0.000
    1  8 5dxy       0.00307   0.00413      0.004  -0.000   0.000
    1  9 5dyz      -0.01080   0.00464      0.005  -0.000   0.000
    1 10 5dz2      -0.00276   0.00480      0.005  -0.000   0.000
    1 11 5dxz       0.00307   0.00413      0.004   0.000  -0.000
    1 12 5dx2-y2    0.01329   0.00511      0.005   0.000  -0.000
    1 13 6Ppy       0.03389   0.00544      0.005  -0.000   0.000
    1 14 6Ppz       0.03389   0.00544      0.005   0.000   0.000
    1 15 6Ppx      -0.00673   0.00231     -0.002   0.000   0.000
    1     Total    10.00000   0.93174      0.932  -0.000   0.000

    2  1 6s         1.05737   0.00724     -0.007  -0.000  -0.000
    2  2 6s         0.13996   0.02143      0.021  -0.000   0.000
    2  3 5dxy       1.72665   0.22329      0.223  -0.000  -0.000
    2  4 5dyz       1.75547   0.21768      0.218   0.000   0.000
    2  5 5dz2       1.75955   0.16425      0.164   0.000  -0.000
    2  6 5dxz       1.72665   0.22329      0.223   0.000   0.000
    2  7 5dx2-y2    1.76743   0.05768      0.058  -0.000   0.000
    2  8 5dxy       0.00307   0.00413      0.004  -0.000   0.000
    2  9 5dyz      -0.01080   0.00464      0.005   0.000  -0.000
    2 10 5dz2      -0.00276   0.00480      0.005  -0.000   0.000
    2 11 5dxz       0.00307   0.00413      0.004   0.000  -0.000
    2 12 5dx2-y2    0.01329   0.00511      0.005   0.000  -0.000
    2 13 6Ppy       0.03389   0.00544      0.005  -0.000  -0.000
    2 14 6Ppz       0.03389   0.00544      0.005   0.000  -0.000
    2 15 6Ppx      -0.00673   0.00231     -0.002   0.000  -0.000
    2     Total    10.00000   0.93175      0.932  -0.000  -0.000

----------------------------------------------------------------
Total              20.00000   1.86349      1.863  -0.000   0.000


siesta: Eigenvalues (eV):
ik =     1
   -8.5675   -8.3644   -7.5271   -7.0283   -7.0168   -6.6956   -6.3692   -5.8535   -5.8490   -5.6470
   -5.4299   -5.1633   -5.0509   -4.9759   -4.7161   -4.6603   -4.5893   -4.5331   -4.5025   -4.3709
   -4.0658   -3.9387   -3.6659   -3.3400   -0.2577    0.0207    0.5414    0.6847    0.8638    1.1444
    3.1751    3.4211    4.4665    4.7980    8.6675    8.8519    9.6608    9.8045   13.0194   13.2716
   20.6362   20.9477   20.9912   21.2946   21.3254   21.3677   21.5942   21.6870   23.3539   23.6479
   23.9271   24.2738   26.5705   26.6209   27.4260   27.5891   27.6252   27.9471   35.5940   35.8246
siesta: Fermi energy =      -4.217142 eV

siesta: Program's energy decomposition (eV):
siesta: Ebs     =      -116.895593
siesta: Eions   =      1671.574203
siesta: Ena     =        29.270178
siesta: Ekin    =      1096.642182
siesta: Enl     =      -554.167169
siesta: Eso     =        -1.534769
siesta: Edftu   =         0.000000
siesta: DEna    =         5.682820
siesta: DUscf   =         0.839325
siesta: DUext   =         0.000000
siesta: Exc     =     -1709.941468
siesta: eta*DQ  =         0.000000
siesta: Emadel  =         0.000000
siesta: Emeta   =         0.000000
siesta: Emolmec =         0.000000
siesta: Ekinion =         0.000000
siesta: Eharris =     -2804.783109
siesta: Etot    =     -2804.783105
siesta: FreeEng =     -2804.804891

siesta: Final energy (eV):
siesta:  Band Struct. =    -116.895593
siesta:       Kinetic =    1096.642182
siesta:       Hartree =    1575.306961
siesta:       Edftu   =       0.000000
siesta:       Eso     =      -1.534769
siesta:    Ext. field =       0.000000
siesta:   Exch.-corr. =   -1709.941468
siesta:  Ion-electron =   -3960.797165
siesta:       Ion-ion =     195.541154
siesta:       Ekinion =       0.000000
siesta:         Total =   -2804.783105
siesta:         Fermi =      -4.217142

siesta: Atomic forces (eV/Ang):
siesta:      1   -0.549700   -0.000000   -0.000000
siesta:      2    0.549700   -0.000000   -0.000000
siesta: ----------------------------------------
siesta:    Tot    0.000000   -0.000000   -0.000000

siesta: Stress tensor (static) (eV/Ang**3):
siesta:    -0.000162    0.000000    0.000000
siesta:     0.000000    0.000000   -0.000000
siesta:    -0.000000   -0.000000    0.000000

siesta: Cell volume =       8000.000000 Ang**3

siesta: Pressure (static):
siesta:                Solid            Molecule  Units
siesta:           0.00000058         -0.00000001  Ry/Bohr**3
siesta:           0.00005361         -0.00000133  eV/Ang**3
siesta:           0.08589272         -0.00213589  kBar
(Free)E+ p_basis*V_orbitals  =       -2803.090080
(Free)Eharris+ p_basis*V_orbitals  =       -2803.090084
     spin moment: S , {S} =    1.86349   1.86349  -0.00000   0.00000

siesta: Electric dipole (a.u.)  =    0.000013    0.000000   -0.000000
siesta: Electric dipole (Debye) =    0.000033    0.000000   -0.000000

cite: Please see "SOC_Pt2_xx.bib" for an exhaustive BiBTeX file.
cite: Please clearly indicate Siesta version in published work: v4.1-b4-351
cite: This calculation has made use of the following articles
cite: which are encouraged to be cited in a published work.
        Primary SIESTA paper
          DOI: www.doi.org/10.1088/0953-8984/14/11/302
        Spin-orbit coupling (on-site approximation)
          DOI: www.doi.org/10.1088/0953-8984/19/19/489001

>> End of run:  22-JAN-2021  21:02:49
Job completed
