TBtrans Version: v4.1-b4-351
Architecture  : x86_64-linux-n-62-26-19
Compiler flags: mpifort -m64 -fPIC -O3 -march=native -ftree-vectorize -fexpensive-optimizatioons -funroll-loops -fprefetch-loop-arrays -fno-second-underscore  -flto
PP flags      : -I/dtu/sw/dcc/SL73/2020-aug/generic/build-tools/1.0/include -I/dtu/sw/dcc/SL773/2020-aug/generic/gcc/9.3.0/include -I/dtu/sw/dcc/SL73/2020-aug/generic/gcc/9.3.0/include -I/dtu/sw/dcc/SL73/2020-aug/XeonE5-2660v3/gnu/9.3.0/zlib/1.2.11/include -I/dtu/sw/dcc/SL73/2020-aug/generic/numactl/2.0.12/include -I/dtu/sw/dcc/SL73/2020-aug/XeonE5-2660v3/gnu/9.3.0/libxml2/2.9.10/include -I/dtu/sw/dcc/SL73/2020-aug/XeonE5-2660v3/gnu/9.3.0/hwloc/2.2.0/include -I/dtu/sw/dcc/SL73/2020-aug/XeonE5-2660v3/gnu/9.3.0/knem/1.1.4/include -I/dtu/sw/dcc/SL73/2020-aug/XeonE5-2660v3/gnu/9.3.0/ucx/1.8.1/include -I/dtu/sw/dcc/SL73/2020-aug/XeonE5-2660v3/gnu/9.3.0/openmpi/4.0.4/include -I/dtu/sw/dcc/SL73/2020-aug/XeonE5-2660v3/gnu/9.3.0/szip/2.1.1/include -I/dtu/sw/dcc/SL73/2020-aug/XeonE5-2660v3/gnu/9.3.0/hdf5/1.12.0/include -I/dtu/sw/dcc/SL73/2020-aug/XeonE5-2660v3/gnu/9.3.0/pnetcdf/1.12.1/include -I/dtu/sw/dcc/SL73/2020-aug/generic/gen-zlib/1.2.11/include -I/dtu/sw/dcc/SL73/2020-aug/generic/openssl/1.1.1/include -I/dtu/sw/dcc/SL73/2020-aug/generic/libssh2/1.8.2/include -I/dtu/sw/dcc/SL73/2020-aug/generic/curl/7.65.1/include -I/dtu/sw/dcc/SL73/2020-aug/XeonE5-2660v3/gnu/9.3.0/netcdf/4.7.4/include -I/dtu/sw/dcc/SL73/2020-aug/XeonE5-2660v3/gnu/9.3.0/flook/0.8.1/include -I/dtu/sw/dcc/SL73/2020-aug/XeonE5-2660v3/gnu/9.3.0/fftw/3.3.8/include -I/dtu/sw/dcc/SL73/2020-aug/XeonE5-2660v3/gnu/9.3.0/parmetis/4.0.3/include -I/dtu/sw/dcc/SL73/2020-aug/XeonE5-2660v3/gnu/9.3.0/scalapack/2.1.0/include -I/dtu/sw/dcc/SL73/2020-aug/XeonE5-2660v3/gnu/9.3.0/lapack/3.9.0/include -I/dtu/sw/dcc/SL73/2020-aug/XeonE5-2660v3/gnu/9.3.0/blis/0.7.0/include -I/dtu/sw/dcc/SL73/2020-aug/XeonE5-2660v3/gnu/9.3.0/scotch/6.0.9/include -I/dtu/sw/dcc/SL73/2020-aug/XeonE5-2660v3/gnu/9.3.0/mumps/5.3.3/include -I/dtu/sw/dcc/SL73/2020-aug/XeonE5-2660v3/gnu/9.3.0/elpa/2020.05.001/include -DSIESTA__ELPA -DMPI -DFC_HAVE_FLUSH -DFC_HAVE_ABORT -DCDF -DCDF4 -DSIESTA__FLOOK  -DNCDF -DNCDF_4 -DNCDF_PARALLEL -DTS_NOCHECKS -DSIESTA__METIS -DSIESTA__MUMPS -DSIESTA__MRRR -I/dtu/sw/dcc/SL73/2020-aug/XeonE5-2660v3/gnu/9.3.0/elpa/2020.05.001/include/elpa  -DTBTRANS
Libraries     : libncdf.a libfdict.a -lnetcdff -lnetcdf -lpnetcdf -lhdf5_hl -lhdf5 -lz  -lzmuumps -lmumps_common -lesmumps -lscotch -lscotcherr -lpord -lparmetis -lmetis -lelpa -lscalapack -llapack -lblis  -L/dtu/sw/dcc/SL73/2020-aug/XeonE5-2660v3/gnu/9.3.0/flook/0.8.1/lib -Wl,-rpath=/dtu/sw/dcc/SL73/2020-aug/XeonE5-2660v3/gnu/9.3.0/flook/0.8.1/lib -lflookall -ldl  -flto -fuse-linker-plugin  -lmetis
PARALLEL version
NetCDF support
NetCDF-4 support
NetCDF-4 MPI-IO support
METIS ordering support

* Running on 8 nodes in parallel
>> Start of run:  23-JAN-2021   1:27:09

                           ************************ 
                           *  WELCOME TO TBtrans  * 
                           ************************ 

reinit: Reading from au_111_capacitor.fdf

reinit: -----------------------------------------------------------------------
reinit: System Name: au_111_capacitor
reinit: -----------------------------------------------------------------------
reinit: System Label: au_111_capacitor
reinit: -----------------------------------------------------------------------

k-point displ. along   1 input, could be:     0.00    0.50
k-point displ. along   2 input, could be:     0.00    0.50
 Kpoints in:           20 . Kpoints trimmed:           18
tbt: Number of transport k-points = 18
tbt: Method = Monkhorst-Pack grid.
tbt: k-grid: Supercell and displacements
tbt:            4   0   0      0.000
tbt:            0   8   0      0.000
tbt:            0   0   1      0.000


tbt: **************************************************************
tbt: Electronic temperature (reference)             =   99.9993 K
tbt: Voltage                                        =    1.0000 Volts
tbt: Calculate transmission only using diag(Gf)     =    F
tbt: Saving bulk transmission for electrodes        =    F
tbt: Saving DOS from bulk electrodes                =    F
tbt: Saving DOS from Green function                 =    F
tbt: Saving DOS from spectral functions             =    F
tbt: Saving bond currents (orb-orb)                 =    F
tbt: Saving DM from Green function                  =    F
tbt: Saving DM from spectral functions              =    F
tbt: Saving COOP from Green function                =    F
tbt: Saving COOP from spectral functions            =    F
tbt: Saving COHP from Green function                =    F
tbt: Saving COHP from spectral functions            =    F
tbt: Calc. # transmission eigenvalues               =  0
tbt: Calc. T between all electrodes                 =    F
tbt: Calc. total T out of electrodes                =    F
tbt: Non-polarized Hamiltonian
tbt: BTD creation algorithm                         =    speed
tbt: BTD spectral function algorithm                =    propagation
tbt: Divide and conquer diagonalization             =    F
tbt: Assume LAPACK <i|S|j> = delta_ij               =    F
tbt: Saving downfolded self-energies                =    F
tbt: No delta Hamiltonian
tbt: No delta self-energy
tbt: Data files stored in current folder
tbt: No compression of TBT.nc files
tbt: Default NetCDF precision                       =    single
tbt: Use parallel MPI-IO for NetCDF file            =    F
tbt:           >> Electrodes << 
tbt: >> Left
tbt:   Electrode cell pivoting: E1, E2, E3          = A1, A2, A3
tbt:   In-core self-energy calculation
tbt:   Electrode TSHS file                          = ./elec_au_111_abc.TSHS
tbt:   # atoms used in electrode                    =    3
tbt:   Electrode Bloch repeating [E1 x E2 x E3]     = 2 x 1 x 1
tbt:   Position in geometry                         = 1 -- 6
tbt:   Semi-infinite direction for electrode        = negative wrt. E3
tbt:   Chemical shift                               =    0.499999 eV
tbt:   Electronic temperature                       =   99.999269 K
tbt:   Gamma-only electrode                         =    F
tbt:   Bulk H, S in electrode region                =    T
tbt:   Manual delta-Ef shift                        =    0.000000 eV
tbt:   Hamiltonian E-C bias fractional shift        =    0.0000
tbt:   Electrode self-energy imaginary Eta          =  0.1000E-02 eV
tbt:   Electrode self-energy accuracy               =  0.1000E-12 eV
tbt:   Electrode inter-layer distance (semi-inf)    =    2.3867 Ang
tbt: >> Right
tbt:   Electrode cell pivoting: E1, E2, E3          = A1, A2, A3
tbt:   In-core self-energy calculation
tbt:   Electrode TSHS file                          = ./elec_au_111_abc.TSHS
tbt:   # atoms used in electrode                    =    3
tbt:   Electrode Bloch repeating [E1 x E2 x E3]     = 2 x 1 x 1
tbt:   Position in geometry                         = 15 -- 20
tbt:   Semi-infinite direction for electrode        = positive wrt. E3
tbt:   Chemical shift                               =   -0.499999 eV
tbt:   Electronic temperature                       =   99.999269 K
tbt:   Gamma-only electrode                         =    F
tbt:   Bulk H, S in electrode region                =    T
tbt:   Manual delta-Ef shift                        =    0.000000 eV
tbt:   Hamiltonian E-C bias fractional shift        =    0.0000
tbt:   Electrode self-energy imaginary Eta          =  0.1000E-02 eV
tbt:   Electrode self-energy accuracy               =  0.1000E-12 eV
tbt:   Electrode inter-layer distance (semi-inf)    =    2.3867 Ang
ts:              >> TBtrans contour << 
ts: Device Green function imaginary Eta             =  0.000     eV
ts: Contour name                                    =    TBT.Contour.line
ts:   line contour E_min                            =   -2.0000 eV
ts:   line contour E_max                            =    2.0000 eV
ts:   line contour points                           =  400
ts:   line contour method                           =    Mid-rule
tbt: **************************************************************

tbt: <<<<<<<<<<<<<<<<<<<<<<<<<<<<<<<<<<<<<<<<<<<<<<<<<<<<<<<<<<<<<<
%block TBT.Contours
    line
%endblock TBT.Contours

%block TBT.Contour.line
  part line
     from -2. eV to 2. eV
      delta 0.01 eV
        method mid-rule
%endblock TBT.Contour.line
tbt: <<<<<<<<<<<<<<<<<<<<<<<<<<<<<<<<<<<<<<<<<<<<<<<<<<<<<<<<<<<<<<

************************ Begin: TBT CHECKS AND WARNINGS ************************
Electrode Left is using Bloch unfolding using the repeat scheme! Please use the tiling scheme (it is orders of magnitudes faster!).
Electrode Right is using Bloch unfolding using the repeat scheme! Please use the tiling scheme (it is orders of magnitudes faster!).
 ** Speed up the execution by utilizing parallel I/O
  > TBT.CDF.MPI true
************************ End: TBT CHECKS AND WARNINGS **************************

Device information (full):
  <sparsity:au_111_capacitor.TSHS
    nrows_g=180 nrows=180 sparsity=5.7673 nnzs=186860, refcount: 3>

Electrode information:

  <sparsity:./elec_au_111_abc.TSHS
    nrows_g=27 nrows=27 sparsity=44.2757 nnzs=32277, refcount: 3>
  <sparsity:(TM [--,--, 0] of: ./elec_au_111_abc.TSHS)
    nrows_g=27 nrows=27 sparsity=25.1152 nnzs=18309, refcount: 3>
  <sparsity:(TM [--,--,-1] of: ./elec_au_111_abc.TSHS)
    nrows_g=27 nrows=27 sparsity=9.4486 nnzs=6888, refcount: 3>
 Left principal cell is extending out with 96 elements:
    Atom 1 connects with atom 3
    Orbital 8 connects with orbital 26
    Hamiltonian value: |H(8,7046)|@R=-2 =  0.102E-18 eV
    Overlap          :  S(8,7046)|@R=-2 =   0.00    

  <sparsity:./elec_au_111_abc.TSHS
    nrows_g=27 nrows=27 sparsity=44.2757 nnzs=32277, refcount: 3>
  <sparsity:(TM [--,--, 0] of: ./elec_au_111_abc.TSHS)
    nrows_g=27 nrows=27 sparsity=25.1152 nnzs=18309, refcount: 3>
  <sparsity:(TM [--,--, 1] of: ./elec_au_111_abc.TSHS)
    nrows_g=27 nrows=27 sparsity=9.4486 nnzs=6888, refcount: 3>
 Right principal cell is extending out with 96 elements:
    Atom 3 connects with atom 1
    Orbital 26 connects with orbital 8
    Hamiltonian value: |H(26,6353)|@R=2 =  0.102E-18 eV
    Overlap          :  S(26,6353)|@R=2 =   0.00    


tbt: Analyzing electrode sparsity pattern and electrode pivot-tables
tbt: BTD pivoting scheme for electrode (Left): atom+Left

tbt: Analyzing device sparsity pattern and pivot-table
tbt: BTD pivoting scheme in device: atom+Left
tbt: Done analyzing electrode and device sparsity pattern and pivot-tables

tbt: Reducing matrix (H, S) sparsity patterns by: 28320

tbt: # of device region orbitals: 72
Region (8): [A]-device
  [ 7 -- 14 ]

tbt: # of Left downfolding orbitals: 90
tbt: # of Left device orbitals: 36
Region (6): [A]-Left folding region
  [ 1 -- 6 ]
Region (4): [A]-Left folding in D
  [ 7 -- 10 ]

tbt: # of Right downfolding orbitals: 90
tbt: # of Right device orbitals: 36
Region (6): [A]-Right folding region
  [ 15 -- 20 ]
Region (4): [A]-Right folding in D
  [ 11 -- 14 ]

tbt: Creating electrode tri-diagonal matrix blocks
tbt: Creating device tri-diagonal matrix blocks
Region (4): [TRI] device region
  [ [18] * 4 ]
tbt: Matrix elements in BTD: 3240

tbt: Electrodes tri-diagonal matrices
Region (2): [TRI] Left
  [ 54, 36 ]
Region (2): [TRI] Right
  [ 54, 36 ]

tbt: Electrode memory:    1.006 MB
tbt: Sparse H, S and auxiliary matrices memory:    3.317 MB
tbt: Sum of electrode and sparse memory:    4.322 MB

tbt: Initializing data file: au_111_capacitor.TBT.nc
tbt: Estimated file size of au_111_capacitor.TBT.nc:  35.531 KB

tbt: LHS Green function padding / memory: 7776 /  172.125 KB
tbt: RHS Green function padding / memory: 2592 /   91.125 KB
tbt: Initial ETA in               65.544 s
tbt: Calculated   5.000 %, ETA in               27.201 s
tbt: Calculated  10.000 %, ETA in               22.589 s
tbt: Calculated  15.000 %, ETA in               21.443 s
tbt: Calculated  20.000 %, ETA in               20.929 s
tbt: Calculated  25.000 %, ETA in               19.542 s
tbt: Calculated  30.000 %, ETA in               18.018 s
tbt: Calculated  35.000 %, ETA in               16.733 s
tbt: Calculated  40.000 %, ETA in               15.677 s
tbt: Calculated  45.000 %, ETA in               14.476 s
tbt: Calculated  50.000 %, ETA in               13.135 s
tbt: Calculated  55.000 %, ETA in               11.600 s
tbt: Calculated  60.000 %, ETA in               10.306 s
tbt: Calculated  65.000 %, ETA in                9.006 s
tbt: Calculated  70.000 %, ETA in                7.713 s
tbt: Calculated  75.000 %, ETA in                6.399 s
tbt: Calculated  80.000 %, ETA in                5.070 s
tbt: Calculated  85.000 %, ETA in                3.756 s
tbt: Calculated  90.000 %, ETA in                2.499 s
tbt: Calculated  95.000 %, ETA in                1.241 s
tbt: Completed in               24.730 s

Currents (ensure entire Fermi function window):
Left -> Right, V [V] / I [A]: 0.999999     V /  0.00000     A
Left -> Right, V [V] / P [W]: 0.999999     V /  0.00000     W


             Section          Calls    Walltime       %
 global_section                   1      25.209  100.00
  tbtrans                         1      25.209  100.00
   init-region+sp                 1       0.010    0.04
   pivot-elec                     1       0.002    0.01
    pivot                         1       0.000    0.00
   pivot-device                   1       0.000    0.00
    pivot                         1       0.000    0.00
   tri-init                       1       0.023    0.09
    tri-init-elec                 1       0.017    0.07
     TS-rgn2tri                   1       0.000    0.00
    TS-rgn2tri                    1       0.001    0.00
   TBT                            1      24.944   98.95
    read-GS                     900      20.518   81.39
    SE-dwn                      900       1.671    6.63
     ts_expand                 1800       0.197    0.78
    Gf-prep                     900       1.619    6.42
     V_TM_Pinv                  900       1.439    5.71
    analysis                    900       0.873    3.46
    cdf2ascii                     1       0.036    0.14
>> End of run:  23-JAN-2021   1:27:35
