Siesta Version  : v4.1-b4-351
Architecture    : x86_64-linux-n-62-26-19
Compiler version: GNU Fortran (GCC) 9.3.0
Compiler flags  : mpifort -m64 -fPIC -O3 -march=native -ftree-vectorize -fexpensive-optimizatioons -funroll-loops -fprefetch-loop-arrays -fno-second-underscore  -flto
PP flags        : -I/dtu/sw/dcc/SL73/2020-aug/generic/build-tools/1.0/include -I/dtu/sw/dcc/SL773/2020-aug/generic/gcc/9.3.0/include -I/dtu/sw/dcc/SL73/2020-aug/generic/gcc/9.3.0/include -I/dtu/sw/dcc/SL73/2020-aug/XeonE5-2660v3/gnu/9.3.0/zlib/1.2.11/include -I/dtu/sw/dcc/SL73/2020-aug/generic/numactl/2.0.12/include -I/dtu/sw/dcc/SL73/2020-aug/XeonE5-2660v3/gnu/9.3.0/libxml2/2.9.10/include -I/dtu/sw/dcc/SL73/2020-aug/XeonE5-2660v3/gnu/9.3.0/hwloc/2.2.0/include -I/dtu/sw/dcc/SL73/2020-aug/XeonE5-2660v3/gnu/9.3.0/knem/1.1.4/include -I/dtu/sw/dcc/SL73/2020-aug/XeonE5-2660v3/gnu/9.3.0/ucx/1.8.1/include -I/dtu/sw/dcc/SL73/2020-aug/XeonE5-2660v3/gnu/9.3.0/openmpi/4.0.4/include -I/dtu/sw/dcc/SL73/2020-aug/XeonE5-2660v3/gnu/9.3.0/szip/2.1.1/include -I/dtu/sw/dcc/SL73/2020-aug/XeonE5-2660v3/gnu/9.3.0/hdf5/1.12.0/include -I/dtu/sw/dcc/SL73/2020-aug/XeonE5-2660v3/gnu/9.3.0/pnetcdf/1.12.1/include -I/dtu/sw/dcc/SL73/2020-aug/generic/gen-zlib/1.2.11/include -I/dtu/sw/dcc/SL73/2020-aug/generic/openssl/1.1.1/include -I/dtu/sw/dcc/SL73/2020-aug/generic/libssh2/1.8.2/include -I/dtu/sw/dcc/SL73/2020-aug/generic/curl/7.65.1/include -I/dtu/sw/dcc/SL73/2020-aug/XeonE5-2660v3/gnu/9.3.0/netcdf/4.7.4/include -I/dtu/sw/dcc/SL73/2020-aug/XeonE5-2660v3/gnu/9.3.0/flook/0.8.1/include -I/dtu/sw/dcc/SL73/2020-aug/XeonE5-2660v3/gnu/9.3.0/fftw/3.3.8/include -I/dtu/sw/dcc/SL73/2020-aug/XeonE5-2660v3/gnu/9.3.0/parmetis/4.0.3/include -I/dtu/sw/dcc/SL73/2020-aug/XeonE5-2660v3/gnu/9.3.0/scalapack/2.1.0/include -I/dtu/sw/dcc/SL73/2020-aug/XeonE5-2660v3/gnu/9.3.0/lapack/3.9.0/include -I/dtu/sw/dcc/SL73/2020-aug/XeonE5-2660v3/gnu/9.3.0/blis/0.7.0/include -I/dtu/sw/dcc/SL73/2020-aug/XeonE5-2660v3/gnu/9.3.0/scotch/6.0.9/include -I/dtu/sw/dcc/SL73/2020-aug/XeonE5-2660v3/gnu/9.3.0/mumps/5.3.3/include -I/dtu/sw/dcc/SL73/2020-aug/XeonE5-2660v3/gnu/9.3.0/elpa/2020.05.001/include -DSIESTA__ELPA -DMPI -DFC_HAVE_FLUSH -DFC_HAVE_ABORT -DCDF -DCDF4 -DSIESTA__FLOOK  -DNCDF -DNCDF_4 -DNCDF_PARALLEL -DTS_NOCHECKS -DSIESTA__METIS -DSIESTA__MUMPS -DSIESTA__MRRR -I/dtu/sw/dcc/SL73/2020-aug/XeonE5-2660v3/gnu/9.3.0/elpa/2020.05.001/include/elpa
Libraries       : libncdf.a libfdict.a -lnetcdff -lnetcdf -lpnetcdf -lhdf5_hl -lhdf5 -lz  -lzmuumps -lmumps_common -lesmumps -lscotch -lscotcherr -lpord -lparmetis -lmetis -lelpa -lscalapack -llapack -lblis  -L/dtu/sw/dcc/SL73/2020-aug/XeonE5-2660v3/gnu/9.3.0/flook/0.8.1/lib -Wl,-rpath=/dtu/sw/dcc/SL73/2020-aug/XeonE5-2660v3/gnu/9.3.0/flook/0.8.1/lib -lflookall -ldl  -flto -fuse-linker-plugin  -lmetis
PARALLEL version
NetCDF support
NetCDF-4 support
NetCDF-4 MPI-IO support
METIS ordering support
Lua support

* Running on 8 nodes in parallel
>> Start of run:  23-JAN-2021   1:30:38

                           ***********************       
                           *  WELCOME TO SIESTA  *       
                           ***********************       

reinit: Reading from graphene-UA.fdf

reinit: -----------------------------------------------------------------------
reinit: System Name: 
reinit: -----------------------------------------------------------------------
reinit: System Label: graphene-UA
reinit: -----------------------------------------------------------------------

initatom: Reading input for the pseudopotentials and atomic orbitals ----------
Species number:   1 Atomic number:    6 Label: C

Ground state valence configuration:   2s02  2p02
Reading pseudopotential information in formatted form from C.psf

Valence configuration for pseudopotential generation:
2s( 2.00) rc: 1.49
2p( 2.00) rc: 1.52
3d( 0.00) rc: 1.58
relmxkb: Read Max KB Ang. Momentum=    2 for species C

<basis_specs>
===============================================================================
C                    Z=   6    Mass=  12.010        Charge= 0.17977+309
Lmxo=1 Lmxkb= 2    BasisType=split      Semic=F
L=0  Nsemic=0  Cnfigmx=2
          i=1  nzeta=1  polorb=0  (2s)
            splnorm:   0.15000    
               vcte:    0.0000    
               rinn:    0.0000    
               qcoe:    0.0000    
               qyuk:    0.0000    
               qwid:   0.10000E-01
                rcs:    0.0000    
            lambdas:    1.0000    
L=1  Nsemic=0  Cnfigmx=2
          i=1  nzeta=1  polorb=1  (2p)
            splnorm:   0.15000    
               vcte:    0.0000    
               rinn:    0.0000    
               qcoe:    0.0000    
               qyuk:    0.0000    
               qwid:   0.10000E-01
                rcs:    0.0000    
            lambdas:    1.0000    
-------------------------------------------------------------------------------
L=0  Nkbl=1  erefs: 0.17977+309
L=1  Nkbl=1  erefs: 0.17977+309
L=2  Nkbl=1  erefs: 0.17977+309
===============================================================================
</basis_specs>

atom: Called for C                     (Z =   6)

read_vps: Pseudopotential generation method:
read_vps: ATM3      Troullier-Martins                       
Valence charge for ps generation:    4.00000

xc_check: Exchange-correlation functional:
xc_check: Ceperley-Alder
V l=0 = -2*Zval/r beyond r=  1.4666
V l=1 = -2*Zval/r beyond r=  1.5038
V l=2 = -2*Zval/r beyond r=  1.5612
All V_l potentials equal beyond r=  1.5612
This should be close to max(r_c) in ps generation
All pots = -2*Zval/r beyond r=  1.5612

VLOCAL1: 99.0% of the norm of Vloc inside     17.809 Ry
VLOCAL1: 99.9% of the norm of Vloc inside     40.586 Ry
atom: Maximum radius for 4*pi*r*r*local-pseudopot. charge    1.88329
atom: Maximum radius for r*vlocal+2*Zval:    1.62091
GHOST: No ghost state for L =  0
GHOST: No ghost state for L =  1
GHOST: No ghost state for L =  2

KBgen: Kleinman-Bylander projectors: 
   l= 0   rc=  1.747182   el= -1.001947   Ekb=  5.181700   kbcos=  0.300603
   l= 1   rc=  1.747182   el= -0.398598   Ekb= -4.328763   kbcos= -0.367074
   l= 2   rc=  1.955272   el=  0.002326   Ekb= -1.016175   kbcos= -0.009979

KBgen: Total number of  Kleinman-Bylander projectors:    9
atom: -------------------------------------------------------------------------

atom: SANKEY-TYPE ORBITALS:

SPLIT: Orbitals with angular momentum L= 0

SPLIT: Basis orbitals for state 2s

SPLIT: PAO cut-off radius determined from an
SPLIT: energy shift=  0.020212 Ry

   izeta = 1
                 lambda =    1.000000
                     rc =    4.191849
                 energy =   -0.983897
                kinetic =    0.886956
    potential(screened) =   -1.870853
       potential(ionic) =   -5.479661

SPLIT: Orbitals with angular momentum L= 1

SPLIT: Basis orbitals for state 2p

SPLIT: PAO cut-off radius determined from an
SPLIT: energy shift=  0.020212 Ry

   izeta = 1
                 lambda =    1.000000
                     rc =    4.870301
                 energy =   -0.379093
                kinetic =    2.545357
    potential(screened) =   -2.924450
       potential(ionic) =   -6.433151

POLgen: Perturbative polarization orbital with L=  2

POLgen: Polarization orbital for state 2p

   izeta = 1
                     rc =    4.870301
                 energy =    1.280953
                kinetic =    2.629601
    potential(screened) =   -1.348648
       potential(ionic) =   -4.293268
atom: Total number of Sankey-type orbitals:  9

atm_pop: Valence configuration (for local Pseudopot. screening):
 2s( 2.00)                                                            
 2p( 2.00)                                                            
Vna: chval, zval:    4.00000   4.00000

Vna:  Cut-off radius for the neutral-atom potential:   4.870301

atom: _________________________________________________________________________

prinput: Basis input ----------------------------------------------------------

PAO.BasisType split     

%block ChemicalSpeciesLabel
    1    6 C                       # Species index, atomic number, species label
%endblock ChemicalSpeciesLabel

%block PAO.Basis                 # Define Basis set
C                     2                    # Species label, number of l-shells
 n=2   0   1                         # n, l, Nzeta 
   4.192   
   1.000   
 n=2   1   1 P   1                   # n, l, Nzeta, Polarization, NzetaPol
   4.870   
   1.000   
%endblock PAO.Basis

prinput: ----------------------------------------------------------------------

Dumping basis to NetCDF file C.ion.nc
coor:   Atomic-coordinates input format  =     Cartesian coordinates
coor:                                          (in Angstroms)

siesta: Atomic coordinates (Bohr) and species
siesta:      0.00000   0.00000   0.00000  1        1
siesta:      2.73066   0.00000   0.00000  1        2
siesta:      4.09598   2.36482   0.00000  1        3
siesta:      6.82664   2.36482   0.00000  1        4
siesta:      8.19197   4.72963   0.00000  1        5
siesta:     10.92262   4.72963   0.00000  1        6
siesta:     12.28795   7.09445   0.00000  1        7
siesta:     15.01860   7.09445   0.00000  1        8
siesta:     16.38393   9.45927   0.00000  1        9
siesta:     19.11459   9.45927   0.00000  1       10
siesta:     20.47992  11.82408   0.00000  1       11
siesta:     23.21057  11.82408   0.00000  1       12
siesta:     24.57590  14.18890   0.00000  1       13
siesta:     27.30655  14.18890   0.00000  1       14
siesta:     28.67188  16.55372   0.00000  1       15
siesta:     31.40254  16.55372   0.00000  1       16
siesta:     32.76786  18.91853   0.00000  1       17
siesta:     35.49852  18.91853   0.00000  1       18

siesta: System type = slab      

initatomlists: Number of atoms, orbitals, and projectors:     18   162   162

siesta: ******************** Simulation parameters ****************************
siesta:
siesta: The following are some of the parameters of the simulation.
siesta: A complete list of the parameters used, including default values,
siesta: can be found in file out.fdf
siesta:
redata: Spin configuration                          = none
redata: Number of spin components                   = 1
redata: Time-Reversal Symmetry                      = T
redata: Spin spiral                                 = F
redata: Long output                                 =   F
redata: Number of Atomic Species                    =        1
redata: Charge density info will appear in .RHO file
redata: Write Mulliken Pop.                         = Atomic and Orbital charges
redata: Matel table size (NRTAB)                    =     1024
redata: Mesh Cutoff                                 =   250.0000 Ry
redata: Net charge of the system                    =     0.0000 |e|
redata: Min. number of SCF Iter                     =        3
redata: Max. number of SCF Iter                     =      200
redata: SCF convergence failure will abort job
redata: SCF mix quantity                            = Hamiltonian
redata: Mix DM or H after convergence               =   F
redata: Recompute H after scf cycle                 =   F
redata: Mix DM in first SCF step                    =   T
redata: Write Pulay info on disk                    =   F
redata: New DM Occupancy tolerance                  = 0.000000000001
redata: No kicks to SCF
redata: DM Mixing Weight for Kicks                  =     0.5000
redata: Require Harris convergence for SCF          =   F
redata: Harris energy tolerance for SCF             =     0.000100 eV
redata: Require DM convergence for SCF              =   T
redata: DM tolerance for SCF                        =     0.000100
redata: Require EDM convergence for SCF             =   F
redata: EDM tolerance for SCF                       =     0.001000 eV
redata: Require H convergence for SCF               =   T
redata: Hamiltonian tolerance for SCF               =     0.001000 eV
redata: Require (free) Energy convergence for SCF   =   F
redata: (free) Energy tolerance for SCF             =     0.000100 eV
redata: Using Saved Data (generic)                  =   F
redata: Use continuation files for DM               =   T
redata: Neglect nonoverlap interactions             =   F
redata: Method of Calculation                       = Transiesta
redata: Fix the spin of the system                  =   F
redata: Dynamics option                             = Single-point calculation
mix.SCF: Pulay mixing                            = Pulay
mix.SCF:    Variant                              = stable
mix.SCF:    History steps                        = 6
mix.SCF:    Linear mixing weight                 =     0.100000
mix.SCF:    Mixing weight                        =     0.100000
mix.SCF:    SVD condition                        = 0.1000E-07
redata: Save all siesta data in one NC              =   F
redata: ***********************************************************************

%block SCF.Mixers
  Pulay
%endblock SCF.Mixers

%block SCF.Mixer.Pulay
  # Mixing method
  method pulay
  variant stable

  # Mixing options
  weight 0.1000
  weight.linear 0.1000
  history 6
%endblock SCF.Mixer.Pulay

DM_history_depth set to one: no extrapolation allowed by default for geometry relaxation
Size of DM history Fstack: 1
Total number of electrons:    72.000000
Total ionic charge:    72.000000

* ProcessorY, Blocksize:    2  21


* Orbital distribution balance (max,min):    21    15

k-point displ. along   1 input, could be:     0.00    0.50
 Kpoints in:          510 . Kpoints trimmed:          506

siesta: k-grid: Number of k-points =   506
siesta: k-grid: Cutoff (effective) =     7.225 Ang
siesta: k-grid: Supercell and displacements
siesta: k-grid:   10   0   0      0.000
siesta: k-grid:    0 101   0      0.000
siesta: k-grid:    0   0   1      0.000

diag: Algorithm                                     = D&C
diag: Parallel over k                               =   F
diag: Use parallel 2D distribution                  =   T
diag: Parallel block-size                           = 21
diag: Parallel distribution                         =     2 x     4
diag: Used triangular part                          = Lower
diag: Absolute tolerance                            =  0.100E-15
diag: Orthogonalization factor                      =  0.100E-05
diag: Memory factor                                 =  1.0000

superc: Internal auxiliary supercell:     3 x     5 x     1  =      15
superc: Number of atoms, orbitals, and projectors:    270   2430   2430

 Kpoints in:           51 . Kpoints trimmed:           51

transiesta: k-grid: Number of Green function k-points =    51
transiesta: k-grid: Supercell and displacements
transiesta: k-grid:    1   0   0      0.000
transiesta: k-grid:    0 101   0      0.000
transiesta: k-grid:    0   0   1      0.000

ts: **************************************************************
ts: Voltage                                         =    0.0000 Volts
ts: Save H and S matrices                           =    T
ts: Electronic temperature                          =  299.997806 K
ts: Transport along unit-cell vector                =    A1
ts: Transport along Cartesian vector                =    X
ts: Fixing Hartree potential at cell boundary       =    -A
ts: Fix Hartree potential fraction                  =    1.0000
ts: Hartree potential offset                        =    0.000000 eV
ts: Solution method                                 =    BTD
ts: BTD pivoting method                             =    atom+Left
ts: BTD creation algorithm                          =    speed
ts: SCF DM tolerance                                = 0.100E-03
ts: SCF Hamiltonian tolerance                       =    0.001000 eV
ts: SCF converge charge                             =    T
ts: SCF charge tolerance                            = 0.560E-01
ts: Initialize DM by                                =    diagon
ts: Will not correct charge fluctuations
ts: TS.SCF mixing options same as SCF
ts:           >> Electrodes << 
ts: >> Left
ts:   Electrode cell pivoting: E1, E2, E3           = A1, A2, A3
ts:   GF file                                       = graphene-UA.TSGFLeft
ts:   Reuse existing GF-file                        =    T
ts:   Electrode TSHS file                           = ../elec/elec.TSHS
ts:   # atoms used in electrode                     =    4
ts:   Electrode Bloch unity [E1 x E2 x E3]          = 1 x 1 x 1
ts:   Position in geometry                          = 3 -- 6
ts:   Semi-infinite direction for electrode         = negative wrt. E1
ts:   Chemical shift                                =    0.000000 eV
ts:   Electronic temperature                        =  299.997806 K
ts:   Gamma-only electrode                          =    F
ts:   Bulk H, S in electrode region                 =    T
ts:   Initial DM for electrodes                     = diagon
ts:   Cross-terms are updated
ts:   Manual delta-Ef shift                         =    0.000000 eV
ts:   Electrode self-energy imaginary Eta           =  0.1000E-02 eV
ts:   Electrode self-energy accuracy                =  0.1000E-12 eV
ts:   Electrode inter-layer distance (semi-inf)     =    1.6685 Ang
ts: >> Right
ts:   Electrode cell pivoting: E1, E2, E3           = A1, A2, A3
ts:   GF file                                       = graphene-UA.TSGFRight
ts:   Reuse existing GF-file                        =    T
ts:   Electrode TSHS file                           = ../elec/elec.TSHS
ts:   # atoms used in electrode                     =    4
ts:   Electrode Bloch unity [E1 x E2 x E3]          = 1 x 1 x 1
ts:   Position in geometry                          = 13 -- 16
ts:   Semi-infinite direction for electrode         = positive wrt. E1
ts:   Chemical shift                                =    0.000000 eV
ts:   Electronic temperature                        =  299.997806 K
ts:   Gamma-only electrode                          =    F
ts:   Bulk H, S in electrode region                 =    T
ts:   Initial DM for electrodes                     = diagon
ts:   Cross-terms are updated
ts:   Manual delta-Ef shift                         =    0.000000 eV
ts:   Electrode self-energy imaginary Eta           =  0.1000E-02 eV
ts:   Electrode self-energy accuracy                =  0.1000E-12 eV
ts:   Electrode inter-layer distance (semi-inf)     =    1.6685 Ang
ts:  ----------------- Contour ----------------- 
ts:            >> Residual contour << 
ts: Pole chemical potential                         =    0.0000 eV
ts:    Chemical potential temperature               =  299.9978 K
ts:    Number of poles                              =   16
ts:    Top energy point                             =    2.5989 eV
ts:          >> Equilibrium contour << 
ts: Contour name                                    =    TS.Contour.C-Left
ts:   circle contour E_min                          =  -40.0000 eV
ts:   circle contour E_max                          =   -0.2585 eV
ts:   circle contour points                         =   25
ts:   circle contour method                         =    Gauss-Legendre
ts: Contour name                                    =    TS.Contour.T-Left
ts:   tail contour E_min                            =   -0.2585 eV
ts:   tail contour E_max                            =     Infinity
ts:   tail contour points                           =   10
ts:   tail contour method                           =    Gauss-Fermi (0kT)
ts: **************************************************************

************************ Begin: TS CHECKS AND WARNINGS ************************
Without loosing performance you can increase the equilibrium integration precision.
You can add 5 more energy points in the equilibrium contours, for FREE!
This is 5 more energy points per chemical potential.
************************ End: TS CHECKS AND WARNINGS **************************


>>> TranSiesta block information for FDF-file START <<<

%block TS.ChemPots
  Left
%endblock TS.ChemPots

%block TS.ChemPot.Left
  mu  V/2
  contour.eq
   begin
    C-Left
    T-Left
   end
%endblock TS.ChemPot.Left
%block TS.Contour.C-Left
  part circle
     from -40. eV + V/2 to -10 kT + V/2
      points 25
        method g-legendre
%endblock TS.Contour.C-Left
%block TS.Contour.T-Left
  part tail
     from prev to + inf
      points 10
        method g-fermi
%endblock TS.Contour.T-Left

>>> TranSiesta block information for FDF-file END <<<


transiesta: Regions of atoms:
   // (4): Buffer
     [ 1 -- 2, 17 -- 18 ]
   ## (4): Elec.Left
     [ 3 -- 6 ]
   ## (4): Elec.Right
     [ 13 -- 16 ]
   -- (6): Device
     [ 7 -- 12 ]

  <sparsity:../elec/elec.TSHS
    nrows_g=54 nrows=54 sparsity=6.1667 nnzs=17982, refcount: 3>
  <sparsity:(TM [ 0,--,--] of: ../elec/elec.TSHS)
    nrows_g=54 nrows=54 sparsity=3.9444 nnzs=11502, refcount: 3>
  <sparsity:(TM [-1,--,--] of: ../elec/elec.TSHS)
    nrows_g=54 nrows=54 sparsity=1.1111 nnzs=3240, refcount: 3>
 Left principal cell is perfect!

Calculating all surface Green functions for: Left
 Fermi level shift in electrode (chemical potential) :        0.00000  eV
 Atoms available    / used atoms   :      6 /      4
 Orbitals available / used orbitals:     54 /     36
 Total self-energy calculations: 2601
 Saving surface Green functions in: graphene-UA.TSGFLeft
 Estimated file size:     53.453 MB
 Lopez Sancho, Lopez Sancho & Rubio recursive surface self-energy calculation...
 Lopez Sancho, Lopez Sancho & Rubio: Mean/std iterations:     3.8185 /     0.8156
 Lopez Sancho, Lopez Sancho & Rubio: Min/Max iterations :          3 /          9
Done creating 'graphene-UA.TSGFLeft'.

  <sparsity:../elec/elec.TSHS
    nrows_g=54 nrows=54 sparsity=6.1667 nnzs=17982, refcount: 3>
  <sparsity:(TM [ 0,--,--] of: ../elec/elec.TSHS)
    nrows_g=54 nrows=54 sparsity=3.9444 nnzs=11502, refcount: 3>
  <sparsity:(TM [ 1,--,--] of: ../elec/elec.TSHS)
    nrows_g=54 nrows=54 sparsity=1.1111 nnzs=3240, refcount: 3>
 Right principal cell is perfect!

Calculating all surface Green functions for: Right
 Fermi level shift in electrode (chemical potential) :        0.00000  eV
 Atoms available    / used atoms   :      6 /      4
 Orbitals available / used orbitals:     54 /     36
 Total self-energy calculations: 2601
 Saving surface Green functions in: graphene-UA.TSGFRight
 Estimated file size:     53.453 MB
 Lopez Sancho, Lopez Sancho & Rubio recursive surface self-energy calculation...
 Lopez Sancho, Lopez Sancho & Rubio: Mean/std iterations:     3.8185 /     0.8156
 Lopez Sancho, Lopez Sancho & Rubio: Min/Max iterations :          3 /          9
Done creating 'graphene-UA.TSGFRight'.


                     ====================================
                        Single-point calculation
                     ====================================

superc: Internal auxiliary supercell:     3 x     5 x     1  =      15
superc: Number of atoms, orbitals, and projectors:    270   2430   2430

outcell: Unit cell vectors (Ang):
       19.507500   11.262660    0.000000
        2.167500   -1.251407    0.000000
        0.000000    0.000000   14.450000

outcell: Cell vector modules (Ang)   :   22.525321    2.502813   14.450000
outcell: Cell angles (23,13,12) (deg):     90.0000     90.0000     60.0000
outcell: Cell volume (Ang**3)        :    705.5015
<dSpData1D:S at geom step 0
  <sparsity:sparsity for geom step 0
    nrows_g=162 nrows=21 sparsity=.2665 nnzs=6993, refcount: 7>
  <dData1D:(new from dSpData1D) n=6993, refcount: 1>
refcount: 1>
new_DM -- step:     1
Initializing Density Matrix...

Attempting to read DM, EDM from TSDE file... Failed...
Attempting to read DM from file... Failed...
DM filled with atomic data:
<dSpData2D:DM initialized from atoms
  <sparsity:sparsity for geom step 0
    nrows_g=162 nrows=21 sparsity=.2665 nnzs=6993, refcount: 8>
  <dData2D:DM n=6993 m=1, refcount: 1>
refcount: 1>

transiesta: Initialization run using siesta

No. of atoms with KB's overlaping orbs in proc 0. Max # of overlaps:      19     117
New grid distribution:   1
           1       1:   96    1:    6    1:   18
           2       1:   96    1:    6   19:   36
           3       1:   96    1:    6   37:   54
           4       1:   96    1:    6   55:   72
           5       1:   96    7:   12    1:   18
           6       1:   96    7:   12   19:   36
           7       1:   96    7:   12   37:   54
           8       1:   96    7:   12   55:   72

InitMesh: MESH =   192 x    24 x   144 =      663552
InitMesh: (bp) =    96 x    12 x    72 =       82944
InitMesh: Mesh cutoff (required, used) =   250.000   267.732 Ry
ExtMesh (bp) on 0 =   148 x    66 x    70 =      683760
New grid distribution:   2
           1      73:   96    1:   12    1:   10
           2       1:   24    1:   12   11:   72
           3      73:   96    1:   12   11:   72
           4       1:   24    1:   12    1:   10
           5      25:   48    1:   12    1:   10
           6      25:   48    1:   12   11:   72
           7      49:   72    1:   12   11:   72
           8      49:   72    1:   12    1:   10
New grid distribution:   3
           1      73:   96    1:   12    1:   13
           2       1:   24    1:   12   14:   72
           3      73:   96    1:   12   14:   72
           4       1:   24    1:   12    1:   13
           5      25:   48    1:   12    1:   13
           6      25:   48    1:   12   14:   72
           7      49:   72    1:   12   14:   72
           8      49:   72    1:   12    1:   13
Setting up quadratic distribution...
ExtMesh (bp) on 0 =    76 x    72 x    62 =      339264
PhiOnMesh: Number of (b)points on node 0 =                 2880
PhiOnMesh: nlist on node 0 =               169279
ts-Vha:  0.12325E-08 eV

stepf: Fermi-Dirac step function
ts-Vha: -0.12123E-01 eV

siesta: Program's energy decomposition (eV):
siesta: Ebs     =     -1072.606626
siesta: Eions   =      4487.129717
siesta: Ena     =       885.239345
siesta: Ekin    =      1845.153621
siesta: Enl     =      -240.914163
siesta: Eso     =         0.000000
siesta: Edftu   =         0.000000
siesta: DEna    =        38.686838
siesta: DUscf   =         2.664837
siesta: DUext   =         0.000000
siesta: Exc     =      -823.039537
siesta: eta*DQ  =         0.000000
siesta: Emadel  =         0.000000
siesta: Emeta   =         0.000000
siesta: Emolmec =         0.000000
siesta: Ekinion =         0.000000
siesta: Eharris =     -2772.223641
siesta: Etot    =     -2779.338777
siesta: FreeEng =     -2779.338889

        iscf     Eharris(eV)        E_KS(eV)     FreeEng(eV)     dDmax    Ef(eV) dHmax(eV)
   scf:    1    -2772.223641    -2779.338777    -2779.338889  1.482043 -4.992108  0.886763
timer: Routine,Calls,Time,% = IterSCF        1      16.641  75.47
ts-Vha: -0.12142E-01 eV
   scf:    2    -2779.344345    -2779.341552    -2779.341665  0.000546 -5.072183  0.792330
ts-Vha: -0.12247E-01 eV
   scf:    3    -2779.361929    -2779.352199    -2779.352314  0.004621 -5.749969  0.008352
ts-Vha: -0.11942E-01 eV
   scf:    4    -2779.352317    -2779.352266    -2779.352380  0.000206 -5.761300  0.003316
ts-Vha: -0.12155E-01 eV
   scf:    5    -2779.352264    -2779.352265    -2779.352380  0.000065 -5.757517  0.004619
ts-Vha: -0.12140E-01 eV
   scf:    6    -2779.352267    -2779.352266    -2779.352381  0.000039 -5.761254  0.001953
ts-Vha: -0.12150E-01 eV
   scf:    7    -2779.352267    -2779.352266    -2779.352381  0.000011 -5.760295  0.000199

SCF Convergence by DM+H criterion
max |DM_out - DM_in|         :     0.0000110448
max |H_out - H_in|      (eV) :     0.0001994053
SCF cycle converged after 7 iterations

                     ***************************
                     *  WELCOME TO TRANSIESTA  *
                     ***************************

ts-Vha: -0.12150E-01 eV

transiesta: created H and S sparsity pattern:
  <sparsity:(M of: G ((UC of: T T T T sparsity for geom step 0)))
    nrows_g=162 nrows=162 sparsity=.2593 nnzs=6804, refcount: 1>

transiesta: update sparsity pattern same as H and S.

transiesta: Determining an optimal tri-matrix using: atom+Left
transiesta: Established a near-optimal partition for the tri-diagonal matrix.
BTD partitions (4): 
  [ 18, [36] * 3 ]
transiesta: Matrix elements in % of full matrix:  67.34694 %

transiesta: mem of electrodes (static):                     0.04MB
transiesta: mem of global update arrays (static):           0.42MB
transiesta: mem of tri-diagonal matrices:                   0.33MB
transiesta: Total memory usage:                             0.78MB

transiesta: Charge distribution, target =     72.00000
Total charge                  [Q]  :     72.00000
Device                        [D]  :     23.26737
Left                          [E1] :     15.26734
Left                 / device [C1] :      0.73263
Right                         [E2] :     15.26730
Right                / device [C2] :      0.73263
Buffer                        [B]  :     15.26727
Other                         [O]  :      1.46546
Excess charge                [dQ]  :  2.84217E-14

ts-q:         D        E1        C1        E2        C2         B        dQ
ts-q:    23.267    15.267     0.733    15.267     0.733    15.267 -.102E-03
ts-Vha: -0.11873E-01 eV

siesta: Program's energy decomposition (eV):
siesta: Ebs     =     -1069.477528
siesta: Eions   =      4487.129717
siesta: Ena     =       885.239345
siesta: Ekin    =      1847.808524
siesta: Enl     =      -241.806482
siesta: Eso     =         0.000000
siesta: Edftu   =         0.000000
siesta: DEna    =        37.276121
siesta: DUscf   =         2.605845
siesta: DUext   =         0.000000
siesta: Exc     =      -823.344250
siesta: eta*DQ  =         0.000000
siesta: Emadel  =         0.000000
siesta: Emeta   =         0.000000
siesta: Emolmec =         0.000000
siesta: Ekinion =         0.000000
siesta: Eharris =     -2779.348966
siesta: Etot    =     -2779.350616
siesta: FreeEng =     -2779.350616
ts: E-dN      =         0.000000
ts: Band Stru =      -368.833444
ts: Kinetic   =       631.052604
ts: Ion-elec  =    -19575.582347
ts: Eharris   =     -3835.578147
ts: Etot      =     -3835.579796
ts: FreeEng   =     -3835.579796

        iscf     Eharris(eV)        E_KS(eV)     FreeEng(eV)     dDmax    Ef(eV) dHmax(eV)
ts-scf:    1    -3835.578147    -3835.579796    -3835.579796  0.000016 -5.760295  0.001185
timer: Routine,Calls,Time,% = TS             1       1.937   1.59
ts-q:         D        E1        C1        E2        C2         B        dQ
ts-q:    23.267    15.267     0.733    15.267     0.733    15.267 -.114E-04
ts-Vha: -0.12127E-01 eV
ts-scf:    2    -3835.582210    -3835.581004    -3835.581004  0.000010 -5.760295  0.000043

SCF Convergence by DM+H+dQ criterion
max |DM_out - DM_in|         :     0.0000102052
max |H_out - H_in|      (eV) :     0.0000426787
     Q(TS) - Q(dev)          :    -0.0000114316
SCF cycle converged after 2 iterations
SCF cycle continued for minimum number of iterations: 3
ts-q:         D        E1        C1        E2        C2         B        dQ
ts-q:    23.267    15.267     0.733    15.267     0.733    15.267 -.111E-04
ts-Vha: -0.12127E-01 eV
ts-scf:    3    -3835.581033    -3835.581018    -3835.581018  0.000000 -5.760295  0.000033

SCF Convergence by DM+H+dQ criterion
max |DM_out - DM_in|         :     0.0000004886
max |H_out - H_in|      (eV) :     0.0000332849
     Q(TS) - Q(dev)          :    -0.0000111396
SCF cycle converged after 3 iterations

Using DM_out to compute the final energy and forces
No. of atoms with KB's overlaping orbs in proc 0. Max # of overlaps:      19     117
ts-Vha: -0.12127E-01 eV

siesta: E_KS(eV) =            -2779.3518

siesta: E_KS - E_eggbox =     -2779.3518

siesta: Atomic forces (eV/Ang):
     1   -0.002570   -0.002117   -0.000000
     2   -0.002546    0.005892    0.000000
     3   -0.006475   -0.002421   -0.000000
     4   -0.010526   -0.011784    0.000000
     5    0.006798    0.009007   -0.000000
     6    0.008416    0.006381   -0.000000
     7   -0.002351   -0.002027    0.000000
     8   -0.002727    0.005869    0.000000
     9   -0.006291   -0.002397    0.000000
    10   -0.010711   -0.011815   -0.000000
    11    0.007005    0.009081    0.000000
    12    0.008274    0.006448    0.000000
    13   -0.002492   -0.001959   -0.000000
    14   -0.002529    0.005927   -0.000000
    15   -0.006473   -0.002422   -0.000000
    16   -0.010525   -0.011786    0.000000
    17    0.006818    0.009049   -0.000000
    18    0.008493    0.006536    0.000000
----------------------------------------
   Tot   -0.020414    0.015460    0.000000
----------------------------------------
   Max    0.011815
   Res    0.005731    sqrt( Sum f_i^2 / 3N )
----------------------------------------
   Max    0.011815    constrained

ts: Atomic forces (eV/Ang):
     1    0.000000    0.000000    0.000000
     2    0.000000    0.000000    0.000000
     3    0.000000    0.000000    0.000000
     4    0.000000    0.000000    0.000000
     5    0.000000    0.000000    0.000000
     6    0.000000    0.000000    0.000000
     7   -0.002351   -0.002027    0.000000
     8   -0.002727    0.005869    0.000000
     9   -0.006291   -0.002397    0.000000
    10   -0.010711   -0.011815   -0.000000
    11    0.007005    0.009081    0.000000
    12    0.008274    0.006448    0.000000
    13    0.000000    0.000000    0.000000
    14    0.000000    0.000000    0.000000
    15    0.000000    0.000000    0.000000
    16    0.000000    0.000000    0.000000
    17    0.000000    0.000000    0.000000
    18    0.000000    0.000000    0.000000
----------------------------------------
   Tot   -0.006802    0.005158    0.000000
----------------------------------------
   Max    0.011815
   Res    0.003757    sqrt( Sum f_i^2 / 3N )
----------------------------------------
   Max    0.011815    constrained

Stress tensor Voigt[x,y,z,yz,xz,xy] (kbar):       26.19       25.94        0.01        0.00       -0.00        0.25
(Free)E + p*V (eV/cell)    -2787.0061
Target enthalpy (eV/cell)    -2779.3518

mulliken: Atomic and Orbital Populations:

Species: C                   
Atom  Qatom  Qorb
               2s      2py     2pz     2px     3Pdxy   3Pdyz   3Pdz2   3Pdxz   
               3Pdx2-y2
   1  4.000   0.938   1.018   0.970   1.018   0.015   0.015  -0.004   0.015
              0.015
   2  4.000   0.938   1.018   0.970   1.018   0.015   0.015  -0.004   0.015
              0.015
   3  4.000   0.938   1.018   0.970   1.018   0.015   0.015  -0.004   0.015
              0.015
   4  4.000   0.938   1.018   0.970   1.018   0.015   0.015  -0.004   0.015
              0.015
   5  4.000   0.938   1.018   0.970   1.018   0.015   0.015  -0.004   0.015
              0.015
   6  4.000   0.938   1.018   0.970   1.018   0.015   0.015  -0.004   0.015
              0.015
   7  4.000   0.938   1.018   0.970   1.018   0.015   0.015  -0.004   0.015
              0.015
   8  4.000   0.938   1.018   0.970   1.018   0.015   0.015  -0.004   0.015
              0.015
   9  4.000   0.938   1.018   0.970   1.018   0.015   0.015  -0.004   0.015
              0.015
  10  4.000   0.938   1.018   0.970   1.018   0.015   0.015  -0.004   0.015
              0.015
  11  4.000   0.938   1.018   0.970   1.018   0.015   0.015  -0.004   0.015
              0.015
  12  4.000   0.938   1.018   0.970   1.018   0.015   0.015  -0.004   0.015
              0.015
  13  4.000   0.938   1.018   0.970   1.018   0.015   0.015  -0.004   0.015
              0.015
  14  4.000   0.938   1.018   0.970   1.018   0.015   0.015  -0.004   0.015
              0.015
  15  4.000   0.938   1.018   0.970   1.018   0.015   0.015  -0.004   0.015
              0.015
  16  4.000   0.938   1.018   0.970   1.018   0.015   0.015  -0.004   0.015
              0.015
  17  4.000   0.938   1.018   0.970   1.018   0.015   0.015  -0.004   0.015
              0.015
  18  4.000   0.938   1.018   0.970   1.018   0.015   0.015  -0.004   0.015
              0.015

mulliken: Qtot =       72.000

transiesta: Charge distribution, target =     72.00000
Total charge                  [Q]  :     71.99999
Device                        [D]  :     23.26738
Left                          [E1] :     15.26734
Left                 / device [C1] :      0.73262
Right                         [E2] :     15.26730
Right                / device [C2] :      0.73262
Buffer                        [B]  :     15.26727
Other                         [O]  :      1.46546
Excess charge                [dQ]  : -1.11396E-05


siesta: Program's energy decomposition (eV):
siesta: Ebs     =     -1069.438497
siesta: Eions   =      4487.129717
siesta: Ena     =       885.239345
siesta: Ekin    =      1847.810812
siesta: Enl     =      -241.806770
siesta: Eso     =         0.000000
siesta: Edftu   =         0.000000
siesta: DEna    =        37.274299
siesta: DUscf   =         2.605767
siesta: DUext   =         0.000000
siesta: Exc     =      -823.345573
siesta: eta*DQ  =         0.000000
siesta: Emadel  =         0.000000
siesta: Emeta   =         0.000000
siesta: Emolmec =         0.000000
siesta: Ekinion =         0.000000
siesta: Eharris =     -2779.351852
siesta: Etot    =     -2779.351838
siesta: FreeEng =     -2779.351838
ts: E-dN      =         0.000000
ts: Band Stru =      -368.811670
ts: Kinetic   =       631.054892
ts: Ion-elec  =    -19575.625195
ts: Eharris   =     -3835.581033
ts: Etot      =     -3835.581018
ts: FreeEng   =     -3835.581018

siesta: Final energy (eV):
siesta:  Band Struct. =   -1069.438497
siesta:       Kinetic =    1847.810812
siesta:       Hartree =    8947.554201
siesta:       Edftu   =       0.000000
siesta:       Eso     =       0.000000
siesta:    Ext. field =       0.000000
siesta:   Exch.-corr. =    -823.345573
siesta:  Ion-electron =  -19736.151934
siesta:       Ion-ion =    6984.780656
siesta:       Ekinion =       0.000000
siesta:         Total =   -2779.351838
ts:         E-dN  =       0.000000
ts:     Band Stru =    -368.811670
ts:       Kinetic =     631.054892
ts:      Ion-elec =  -19575.625195
ts:         Total =   -3835.581018
siesta:         Fermi =      -5.760295

siesta: Stress tensor (static) (eV/Ang**3):
siesta:     0.016349    0.000159   -0.000000
siesta:     0.000159    0.016191    0.000000
siesta:    -0.000000    0.000000    0.000008

siesta: Cell volume =        705.501493 Ang**3

siesta: Pressure (static):
siesta:                Solid            Molecule  Units
siesta:          -0.00011816         -0.00011905  Ry/Bohr**3
siesta:          -0.01084933         -0.01093090  eV/Ang**3
siesta:         -17.38273749        -17.51342286  kBar
(Free)E+ p_basis*V_orbitals  =       -2775.102165
(Free)Eharris+ p_basis*V_orbitals  =       -2775.102179

siesta: Electric dipole (a.u.)  =   -0.000000   -0.000000   -0.000000
siesta: Electric dipole (Debye) =   -0.000000   -0.000000   -0.000000

cite: Please see "graphene-UA.bib" for an exhaustive BiBTeX file.
cite: Please clearly indicate Siesta version in published work: v4.1-b4-351
cite: This calculation has made use of the following articles
cite: which are encouraged to be cited in a published work.
        Primary SIESTA paper
          DOI: www.doi.org/10.1088/0953-8984/14/11/302
        Primary TranSiesta paper
          DOI: www.doi.org/10.1103/PhysRevB.65.165401
        TranSiesta N-electrode
          DOI: www.doi.org/10.1016/j.cpc.2016.09.022

>> End of run:  23-JAN-2021   1:32:46
Job completed
[1611361966.783556] [n-62-21-35:16215:0]          mpool.c:42   UCX  WARN  object 0x44c3700 was not returned to mpool ucp_requests
[1611361966.797335] [n-62-21-35:16218:0]          mpool.c:42   UCX  WARN  object 0x3bff700 was not returned to mpool ucp_requests
