TBtrans Version: siesta-4.1--731
Architecture  : x86_64-linux-n-62-18-14
Compiler flags: mpifort -m64 -fPIC -O3 -march=native -ftree-vectorize -fexpensive-optimizatioons -funroll-loops -fprefetch-loop-arrays -fno-second-underscore  -flto -fuse-linker-plugin
PP flags      : -I/zdata/groups/common/nicpa/2016-oct/generic/build-tools/1.0/include -I/zdatta/groups/common/nicpa/2016-oct/generic/gmp/6.1.0/include -I/zdata/groups/common/nicpa/2016-oct/generic/mpfr/3.1.4/include -I/zdata/groups/common/nicpa/2016-oct/generic/mpc/1.0.3/include -I/zdata/groups/common/nicpa/2016-oct/generic/isl/0.16.1/include -I/zdata/groups/common/nicpa/2016-oct/generic/gcc/6.2.0/include -I/zdata/groups/common/nicpa/2016-oct/generic/numactl/2.0.11/include -I/zdata/groups/common/nicpa/2016-oct/XeonE5-2665/zlib/1.2.8/gnu-6.2.0/include -I/zdata/groups/common/nicpa/2016-oct/XeonE5-2665/libxml2/2.9.4/gnu-6.2.0/include -I/zdata/groups/common/nicpa/2016-oct/XeonE5-2665/hwloc/1.11.4/gnu-6.2.0/include -I/zdata/groups/common/nicpa/2016-oct/XeonE5-2665/openmpi/2.0.1/gnu-6.2.0/include -I/zdata/groups/common/nicpa/2016-oct/XeonE5-2665/hdf5/1.8.17/gnu-6.2.0/include -I/zdata/groups/common/nicpa/2016-oct/XeonE5-2665/pnetcdf/1.7.0/gnu-6.2.0/include -I/zdata/groups/common/nicpa/2016-oct/XeonE5-2665/netcdf/4.4.1/gnu-6.2.0/include -I/zdata/groups/common/nicpa/2016-oct/XeonE5-2665/flook/0.7.0/gnu-6.2.0/include -I/zdata/groups/common/nicpa/2016-oct/XeonE5-2665/parmetis/4.0.3/gnu-6.2.0/include -I/zdata/groups/common/nicpa/2016-oct/XeonE5-2665/scalapack/204/gnu-6.2.0/include -I/zdata/groups/common/nicpa/2016-oct/XeonE5-2665/openblas/0.2.19/gnu-6.2.0/include -I/zdata/groups/common/nicpa/2016-oct/XeonE5-2665/mumps/5.0.2/gnu-6.2.0/include -I/zdata/groups/common/nicpa/2016-oct/XeonE5-2665/fftw/3.3.5/gnu-6.2.0/include -DMPI -DFC_HAVE_FLUSH -DFC_HAVE_ABORT -DCDF -DCDF4 -DSIESTA__METIS -DSIESTA__MUMPS -DTS_NOCHECKS -DNCDF -DNCDF_4 -DNCDF_PARALLEL -DSIESTA__FLOOK  -DTBTRANS
Libraries     : -lnetcdff -lnetcdf -lpnetcdf -lhdf5_hl -lhdf5 -lz  -lzmumps -lmumps_common -llpord -lparmetis -lmetis -lscalapack -lopenblas  -lmetis -flto -fuse-linker-plugin  -L/zdata/groups/common/nicpa/2016-oct/XeonE5-2665/flook/0.7.0/gnu-6.2.0/lib -Wl,-rpath=/zdata/groups/common/nicpa/2016-oct/XeonE5-2665/flook/0.7.0/gnu-6.2.0/lib -lflookall -ldl
PARALLEL version
NetCDF support
NetCDF-4 support
NetCDF-4 MPI-IO support
METIS ordering support

* Running on 8 nodes in parallel
>> Start of run:   2-JUL-2017  23:01:24

                           ************************ 
                           *  WELCOME TO TBtrans  * 
                           ************************ 

reinit: Reading from graphene-UA.fdf

reinit: -----------------------------------------------------------------------
reinit: System Name: 
reinit: -----------------------------------------------------------------------
reinit: System Label: graphene-UA
reinit: -----------------------------------------------------------------------

 Kpoints in:           51 . Kpoints trimmed:           51
tbt: Number of transport k-points = 51
tbt: Method = Monkhorst-Pack grid.
tbt: k-grid: Supercell and displacements
tbt:            1   0   0      0.000
tbt:            0 101   0      0.000
tbt:            0   0   1      0.000

tbt: **************************************************************
tbt: Electronic temperature (reference)             =  299.9978 K
tbt: No applied bias
tbt: Calculate transmission only using diag(Gf)     =    F
tbt: Saving bulk transmission for electrodes        =    F
tbt: Saving DOS from bulk electrodes                =    F
tbt: Saving DOS from Green function                 =    F
tbt: Saving DOS from spectral functions             =    T
tbt: Saving bond currents (orb-orb)                 =    F
tbt: Calc. # transmission eigenvalues               =  0
tbt: Calc. T between all electrodes                 =    F
tbt: Calc. total T out of electrodes                =    F
tbt: Single spin Hamiltonian
tbt: BTD creation algorithm                         =    speed
tbt: BTD spectral function algorithm                =    propagation
tbt: Divide and conquer diagonalization             =    F
tbt: Assume LAPACK <i|S|j> = delta_ij               =    F
tbt: Saving down-folded self-energies               =    F
tbt: No delta-Hamiltonian
tbt: Data files stored in current folder
tbt: No compression of TBT.nc files
tbt: Default NetCDF precision                       =    single
tbt: Use parallel MPI-IO for NetCDF file            =    F
tbt:           >> Electrodes << 
tbt: >> Left
tbt:   Electrode cell pivoting: E1, E2, E3          = A1, A2, A3
tbt:   In-core GF
tbt:   Electrode TSHS file                          = ../elec/elec.TSHS
tbt:   # atoms used in electrode                    =    4
tbt:   Electrode Bloch expansion [E1 x E2 x E3]     = 1 x 1 x 1
tbt:   Position in geometry                         = 3 -- 6
tbt:   Semi-infinite direction for electrode        = negative wrt. E1
tbt:   Chemical shift                               =    0.000000 eV
tbt:   Electronic temperature                       =  299.997806 K
tbt:   Bulk values in electrode                     =    T
tbt:   Electrode self-energy imaginary Eta          =  0.1000E-03  eV
tbt:   Electrode self-energy accuracy               =  0.1000E-13  eV
tbt:   Electrode inter-layer distance (semi-inf)    =    1.6685  Ang
tbt: >> Right
tbt:   Electrode cell pivoting: E1, E2, E3          = A1, A2, A3
tbt:   In-core GF
tbt:   Electrode TSHS file                          = ../elec/elec.TSHS
tbt:   # atoms used in electrode                    =    4
tbt:   Electrode Bloch expansion [E1 x E2 x E3]     = 1 x 1 x 1
tbt:   Position in geometry                         = 13 -- 16
tbt:   Semi-infinite direction for electrode        = positive wrt. E1
tbt:   Chemical shift                               =    0.000000 eV
tbt:   Electronic temperature                       =  299.997806 K
tbt:   Bulk values in electrode                     =    T
tbt:   Electrode self-energy imaginary Eta          =  0.1000E-03  eV
tbt:   Electrode self-energy accuracy               =  0.1000E-13  eV
tbt:   Electrode inter-layer distance (semi-inf)    =    1.6685  Ang
ts:              >> TBtrans contour << 
ts: Device Green function imaginary Eta             =  0.000     eV
ts: Contour name                                    =    TBT.Contour.line
ts:   line contour E_min                            =   -1.0000 eV
ts:   line contour E_max                            =    1.0000 eV
ts:   line contour points                           =  200
ts:   line contour method                           =    Mid-rule
tbt: **************************************************************

tbt: <<<<<<<<<<<<<<<<<<<<<<<<<<<<<<<<<<<<<<<<<<<<<<<<<<<<<<<<<<<<<<
%block TBT.Contours
    line
%endblock TBT.Contours

%block TBT.Contour.line
     from -1. eV to 1. eV
      delta 0.01 eV
        method mid-rule
%endblock TBT.Contour.line
tbt: <<<<<<<<<<<<<<<<<<<<<<<<<<<<<<<<<<<<<<<<<<<<<<<<<<<<<<<<<<<<<<

************************ Begin: TBT CHECKS AND WARNINGS ************************
 ** Use TBT.Atoms.Device for faster execution
 ** Speed up the execution by utilizing parallel I/O
  > TBT.CDF.MPI true
************************ End: TBT CHECKS AND WARNINGS **************************

Device information (full):
  <sparsity:graphene-UA.TSHS
    nrows_g=162 nrows=162 sparsity=2.0556 nnzs=53946, refcount: 3>

Electrode information:

  <sparsity:../elec/elec.TSHS
    nrows_g=54 nrows=54 sparsity=6.1667 nnzs=17982, refcount: 3>
  <sparsity:(TM [ 0,--,--] of: ../elec/elec.TSHS)
    nrows_g=54 nrows=54 sparsity=3.9444 nnzs=11502, refcount: 3>
  <sparsity:(TM [-1,--,--] of: ../elec/elec.TSHS)
    nrows_g=54 nrows=54 sparsity=1.1111 nnzs=3240, refcount: 3>
 Left principal cell is perfect!

  <sparsity:../elec/elec.TSHS
    nrows_g=54 nrows=54 sparsity=6.1667 nnzs=17982, refcount: 3>
  <sparsity:(TM [ 0,--,--] of: ../elec/elec.TSHS)
    nrows_g=54 nrows=54 sparsity=3.9444 nnzs=11502, refcount: 3>
  <sparsity:(TM [ 1,--,--] of: ../elec/elec.TSHS)
    nrows_g=54 nrows=54 sparsity=1.1111 nnzs=3240, refcount: 3>
 Right principal cell is perfect!


tbtrans: Analyzing electrode sparsity pattern to create optimal tri-diagonal blocks
tbtrans: BTD pivoting scheme for electrode (Left): atom+Left

tbtrans: Analyzing device sparsity pattern to create optimal tri-diagonal blocks
tbtrans: BTD pivoting scheme in device: atom+Left
tbtrans: Done analyzing sparsity pattern

tbtrans: Reducing matrix (H, S) sparsity patterns by: 18468

Region (4): [A]-buffer
  [ 1 -- 2, 17 -- 18 ]
tbtrans: # of device region orbitals: 54
Region (6): [A]-device
  [ 7 -- 12 ]

tbtrans: # of Left scattering orbitals: 36
tbtrans: # of Left down-folding orbitals: 72
Region (4): [A]-Left folding region
  [ 3 -- 6 ]
Region (4): [A]-Left folding in D
  [ 7 -- 10 ]

tbtrans: # of Right scattering orbitals: 36
tbtrans: # of Right down-folding orbitals: 72
Region (4): [A]-Right folding region
  [ 13 -- 16 ]
Region (4): [A]-Right folding in D
  [ 9 -- 12 ]

tbtrans: Creating electrode tri-diagonal matrix blocks
tbtrans: Creating device tri-diagonal matrix blocks
Region (2): [TRI] device region
  [ 27, 27 ]
tbtrans: Matrix elements in BTD: 2916

tbtrans: Electrodes tri-diagonal matrices
Region (2): [TRI] Left
  [ 36, 36 ]
Region (2): [TRI] Right
  [ 36, 36 ]

tbtrans: Electrode memory:    0.489 MB
tbtrans: Sparse Hamiltonian and overlap memory:    0.478 MB
tbtrans: Sum of electrode and sparse memory:    0.968 MB

tbtrans: Initializing data file: graphene-UA.TBT.nc
tbtrans: LHS Green function size / memory: 37908 /     0.58 MB
tbtrans: RHS Green function size / memory: 2916 /     0.04 MB
tbt: Initial ETA in               42.036 s
tbt: Calculated   5.020 %, ETA in               19.392 s
tbt: Calculated  10.039 %, ETA in               18.286 s
tbt: Calculated  15.059 %, ETA in               17.229 s
tbt: Calculated  20.078 %, ETA in               16.214 s
tbt: Calculated  25.098 %, ETA in               15.206 s
tbt: Calculated  30.118 %, ETA in               14.210 s
tbt: Calculated  35.137 %, ETA in               13.212 s
tbt: Calculated  40.157 %, ETA in               12.258 s
tbt: Calculated  45.176 %, ETA in               11.362 s
tbt: Calculated  50.196 %, ETA in               10.493 s
tbt: Calculated  55.216 %, ETA in                9.922 s
tbt: Calculated  60.235 %, ETA in                9.347 s
tbt: Calculated  65.255 %, ETA in                9.008 s
tbt: Calculated  70.275 %, ETA in                8.387 s
tbt: Calculated  75.294 %, ETA in                7.286 s
tbt: Calculated  80.314 %, ETA in                5.823 s
tbt: Calculated  85.333 %, ETA in                4.254 s
tbt: Calculated  90.353 %, ETA in                2.737 s
tbt: Calculated  95.373 %, ETA in                1.286 s
tbt: Completed in               27.324 s

Currents (ensure entire Fermi function window):
Left -> Right, V [V] / I [A]:  0.00000     V /  0.00000     A
Left -> Right, V [V] / P [W]:  0.00000     V /  0.00000     W


             Section          Calls    Walltime       %
 global_section                   1      27.764  100.00
  tbtrans                         1      27.764  100.00
   tri-init                       1       0.031    0.11
    tri-init-elec                 1       0.002    0.01
     TS-rgn2tri                   1       0.000    0.00
    TS-rgn2tri                    1       0.027    0.10
   TBT                            1      27.604   99.42
    read-GS                    1275      24.277   87.44
    SE-dwn                     1275       0.625    2.25
     ts_expand                 2550       0.011    0.04
    Gf-prep                    1275       0.496    1.79
     V_TM_Pinv                 1275       0.347    1.25
    DOS-Gf-A-T                 1275       0.434    1.56
    cdf2ascii                     1       0.186    0.67
>> End of run:   2-JUL-2017  23:01:52
