TBtrans Version: v4.1-b4-351
Architecture  : x86_64-linux-n-62-26-19
Compiler flags: mpifort -m64 -fPIC -O3 -march=native -ftree-vectorize -fexpensive-optimizatioons -funroll-loops -fprefetch-loop-arrays -fno-second-underscore  -flto
PP flags      : -I/dtu/sw/dcc/SL73/2020-aug/generic/build-tools/1.0/include -I/dtu/sw/dcc/SL773/2020-aug/generic/gcc/9.3.0/include -I/dtu/sw/dcc/SL73/2020-aug/generic/gcc/9.3.0/include -I/dtu/sw/dcc/SL73/2020-aug/XeonE5-2660v3/gnu/9.3.0/zlib/1.2.11/include -I/dtu/sw/dcc/SL73/2020-aug/generic/numactl/2.0.12/include -I/dtu/sw/dcc/SL73/2020-aug/XeonE5-2660v3/gnu/9.3.0/libxml2/2.9.10/include -I/dtu/sw/dcc/SL73/2020-aug/XeonE5-2660v3/gnu/9.3.0/hwloc/2.2.0/include -I/dtu/sw/dcc/SL73/2020-aug/XeonE5-2660v3/gnu/9.3.0/knem/1.1.4/include -I/dtu/sw/dcc/SL73/2020-aug/XeonE5-2660v3/gnu/9.3.0/ucx/1.8.1/include -I/dtu/sw/dcc/SL73/2020-aug/XeonE5-2660v3/gnu/9.3.0/openmpi/4.0.4/include -I/dtu/sw/dcc/SL73/2020-aug/XeonE5-2660v3/gnu/9.3.0/szip/2.1.1/include -I/dtu/sw/dcc/SL73/2020-aug/XeonE5-2660v3/gnu/9.3.0/hdf5/1.12.0/include -I/dtu/sw/dcc/SL73/2020-aug/XeonE5-2660v3/gnu/9.3.0/pnetcdf/1.12.1/include -I/dtu/sw/dcc/SL73/2020-aug/generic/gen-zlib/1.2.11/include -I/dtu/sw/dcc/SL73/2020-aug/generic/openssl/1.1.1/include -I/dtu/sw/dcc/SL73/2020-aug/generic/libssh2/1.8.2/include -I/dtu/sw/dcc/SL73/2020-aug/generic/curl/7.65.1/include -I/dtu/sw/dcc/SL73/2020-aug/XeonE5-2660v3/gnu/9.3.0/netcdf/4.7.4/include -I/dtu/sw/dcc/SL73/2020-aug/XeonE5-2660v3/gnu/9.3.0/flook/0.8.1/include -I/dtu/sw/dcc/SL73/2020-aug/XeonE5-2660v3/gnu/9.3.0/fftw/3.3.8/include -I/dtu/sw/dcc/SL73/2020-aug/XeonE5-2660v3/gnu/9.3.0/parmetis/4.0.3/include -I/dtu/sw/dcc/SL73/2020-aug/XeonE5-2660v3/gnu/9.3.0/scalapack/2.1.0/include -I/dtu/sw/dcc/SL73/2020-aug/XeonE5-2660v3/gnu/9.3.0/lapack/3.9.0/include -I/dtu/sw/dcc/SL73/2020-aug/XeonE5-2660v3/gnu/9.3.0/blis/0.7.0/include -I/dtu/sw/dcc/SL73/2020-aug/XeonE5-2660v3/gnu/9.3.0/scotch/6.0.9/include -I/dtu/sw/dcc/SL73/2020-aug/XeonE5-2660v3/gnu/9.3.0/mumps/5.3.3/include -I/dtu/sw/dcc/SL73/2020-aug/XeonE5-2660v3/gnu/9.3.0/elpa/2020.05.001/include -DSIESTA__ELPA -DMPI -DFC_HAVE_FLUSH -DFC_HAVE_ABORT -DCDF -DCDF4 -DSIESTA__FLOOK  -DNCDF -DNCDF_4 -DNCDF_PARALLEL -DTS_NOCHECKS -DSIESTA__METIS -DSIESTA__MUMPS -DSIESTA__MRRR -I/dtu/sw/dcc/SL73/2020-aug/XeonE5-2660v3/gnu/9.3.0/elpa/2020.05.001/include/elpa  -DTBTRANS
Libraries     : libncdf.a libfdict.a -lnetcdff -lnetcdf -lpnetcdf -lhdf5_hl -lhdf5 -lz  -lzmuumps -lmumps_common -lesmumps -lscotch -lscotcherr -lpord -lparmetis -lmetis -lelpa -lscalapack -llapack -lblis  -L/dtu/sw/dcc/SL73/2020-aug/XeonE5-2660v3/gnu/9.3.0/flook/0.8.1/lib -Wl,-rpath=/dtu/sw/dcc/SL73/2020-aug/XeonE5-2660v3/gnu/9.3.0/flook/0.8.1/lib -lflookall -ldl  -flto -fuse-linker-plugin  -lmetis
PARALLEL version
NetCDF support
NetCDF-4 support
NetCDF-4 MPI-IO support
METIS ordering support

* Running on 8 nodes in parallel
>> Start of run:  23-JAN-2021   1:34:45

                           ************************ 
                           *  WELCOME TO TBtrans  * 
                           ************************ 

reinit: Reading from term3.fdf

reinit: -----------------------------------------------------------------------
reinit: System Name: 
reinit: -----------------------------------------------------------------------
reinit: System Label: term3
reinit: -----------------------------------------------------------------------

 Kpoints in:            1 . Kpoints trimmed:            1
tbt: Number of transport k-points = 1
tbt: Method = Monkhorst-Pack grid.
tbt: k-grid: Supercell and displacements
tbt:            1   0   0      0.000
tbt:            0   1   0      0.000
tbt:            0   0   1      0.000


tbt: **************************************************************
tbt: Electronic temperature (reference)             =  299.9978 K
tbt: No applied bias
tbt: Calculate transmission only using diag(Gf)     =    F
tbt: Saving bulk transmission for electrodes        =    F
tbt: Saving DOS from bulk electrodes                =    F
tbt: Saving DOS from Green function                 =    T
tbt: Saving DOS from spectral functions             =    T
tbt: Saving bond currents (orb-orb)                 =    F
tbt: Saving DM from Green function                  =    F
tbt: Saving DM from spectral functions              =    F
tbt: Saving COOP from Green function                =    F
tbt: Saving COOP from spectral functions            =    F
tbt: Saving COHP from Green function                =    F
tbt: Saving COHP from spectral functions            =    F
tbt: Calc. # transmission eigenvalues               =  0
tbt: Calc. T between all electrodes                 =    F
tbt: Calc. total T out of electrodes                =    F
tbt: Non-polarized Hamiltonian
tbt: BTD creation algorithm                         =    speed
tbt: BTD spectral function algorithm                =    propagation
tbt: Divide and conquer diagonalization             =    F
tbt: Assume LAPACK <i|S|j> = delta_ij               =    F
tbt: Saving downfolded self-energies                =    F
tbt: No delta Hamiltonian
tbt: No delta self-energy
tbt: Data files stored in current folder
tbt: No compression of TBT.nc files
tbt: Default NetCDF precision                       =    single
tbt: Use parallel MPI-IO for NetCDF file            =    F
tbt:           >> Electrodes << 
tbt: >> el-1
tbt:   Electrode cell pivoting: E1, E2, E3          = A1, A2, A3
tbt:   In-core self-energy calculation
tbt:   Electrode TSHS file                          = ../elec-x/elec-x.TSHS
tbt:   # atoms used in electrode                    =    4
tbt:   Electrode Bloch unity [E1 x E2 x E3]         = 1 x 1 x 1
tbt:   Position in geometry                         = 1 -- 4
tbt:   Semi-infinite direction for electrode        = negative wrt. E1
tbt:   Chemical shift                               =    0.000000 eV
tbt:   Electronic temperature                       =  299.997806 K
tbt:   Gamma-only electrode                         =    T
tbt:   Bulk H, S in electrode region                =    T
tbt:   Manual delta-Ef shift                        =    0.000000 eV
tbt:   Electrode self-energy imaginary Eta          =  0.1000E-02 eV
tbt:   Electrode self-energy accuracy               =  0.1000E-12 eV
tbt:   Electrode inter-layer distance (semi-inf)    =    1.2700 Ang
tbt: >> el-3
tbt:   Electrode cell pivoting: E1, E2, E3          = A3, A2, A1
tbt:   In-core self-energy calculation
tbt:   Electrode TSHS file                          = ../elec-z/elec-z.TSHS
tbt:   # atoms used in electrode                    =    4
tbt:   Electrode Bloch unity [E1 x E2 x E3]         = 1 x 1 x 1
tbt:   Position in geometry                         = 13 -- 16
tbt:   Semi-infinite direction for electrode        = negative wrt. E1
tbt:   Chemical shift                               =    0.000000 eV
tbt:   Electronic temperature                       =  299.997806 K
tbt:   Gamma-only electrode                         =    T
tbt:   Bulk H, S in electrode region                =    T
tbt:   Manual delta-Ef shift                        =    0.000000 eV
tbt:   Electrode self-energy imaginary Eta          =  0.1000E-02 eV
tbt:   Electrode self-energy accuracy               =  0.1000E-12 eV
tbt:   Electrode inter-layer distance (semi-inf)    =    1.2700 Ang
tbt: >> el-4
tbt:   Electrode cell pivoting: E1, E2, E3          = A3, A2, A1
tbt:   In-core self-energy calculation
tbt:   Electrode TSHS file                          = ../elec-z/elec-z.TSHS
tbt:   # atoms used in electrode                    =    4
tbt:   Electrode Bloch unity [E1 x E2 x E3]         = 1 x 1 x 1
tbt:   Position in geometry                         = 33 -- 36
tbt:   Semi-infinite direction for electrode        = positive wrt. E1
tbt:   Chemical shift                               =    0.000000 eV
tbt:   Electronic temperature                       =  299.997806 K
tbt:   Gamma-only electrode                         =    T
tbt:   Bulk H, S in electrode region                =    T
tbt:   Manual delta-Ef shift                        =    0.000000 eV
tbt:   Electrode self-energy imaginary Eta          =  0.1000E-02 eV
tbt:   Electrode self-energy accuracy               =  0.1000E-12 eV
tbt:   Electrode inter-layer distance (semi-inf)    =    1.2700 Ang
ts:              >> TBtrans contour << 
ts: Device Green function imaginary Eta             =  0.000     eV
ts: Contour name                                    =    TBT.Contour.line
ts:   line contour E_min                            =  -15.0000 eV
ts:   line contour E_max                            =   10.0000 eV
ts:   line contour points                           = 2500
ts:   line contour method                           =    Mid-rule
tbt: **************************************************************

tbt: <<<<<<<<<<<<<<<<<<<<<<<<<<<<<<<<<<<<<<<<<<<<<<<<<<<<<<<<<<<<<<
%block TBT.Contours
    line
%endblock TBT.Contours

%block TBT.Contour.line
     from -15. eV to 10. eV
      delta 0.01 eV
        method mid-rule
%endblock TBT.Contour.line
tbt: <<<<<<<<<<<<<<<<<<<<<<<<<<<<<<<<<<<<<<<<<<<<<<<<<<<<<<<<<<<<<<

************************ Begin: TBT CHECKS AND WARNINGS ************************
 ** Speed up the execution by utilizing parallel I/O
  > TBT.CDF.MPI true
************************ End: TBT CHECKS AND WARNINGS **************************

Device information (full):
  <sparsity:term3.TSHS
    nrows_g=387 nrows=387 sparsity=.2408 nnzs=36063, refcount: 3>

Electrode information:

  <sparsity:../elec-x/elec-x.TSHS
    nrows_g=36 nrows=36 sparsity=2.2500 nnzs=2916, refcount: 3>
  <sparsity:(TM [ 0,--,--] of: ../elec-x/elec-x.TSHS)
    nrows_g=36 nrows=36 sparsity=1.0000 nnzs=1296, refcount: 3>
  <sparsity:(TM [-1,--,--] of: ../elec-x/elec-x.TSHS)
    nrows_g=36 nrows=36 sparsity=.6250 nnzs=810, refcount: 3>
 el-1 principal cell is perfect!

  <sparsity:../elec-z/elec-z.TSHS
    nrows_g=36 nrows=36 sparsity=2.2500 nnzs=2916, refcount: 3>
  <sparsity:(TM [ 0,--,--] of: ../elec-z/elec-z.TSHS)
    nrows_g=36 nrows=36 sparsity=1.0000 nnzs=1296, refcount: 3>
  <sparsity:(TM [-1,--,--] of: ../elec-z/elec-z.TSHS)
    nrows_g=36 nrows=36 sparsity=.6250 nnzs=810, refcount: 3>
 el-3 principal cell is perfect!

  <sparsity:../elec-z/elec-z.TSHS
    nrows_g=36 nrows=36 sparsity=2.2500 nnzs=2916, refcount: 3>
  <sparsity:(TM [ 0,--,--] of: ../elec-z/elec-z.TSHS)
    nrows_g=36 nrows=36 sparsity=1.0000 nnzs=1296, refcount: 3>
  <sparsity:(TM [ 1,--,--] of: ../elec-z/elec-z.TSHS)
    nrows_g=36 nrows=36 sparsity=.6250 nnzs=810, refcount: 3>
 el-4 principal cell is perfect!


tbt: Analyzing electrode sparsity pattern and electrode pivot-tables
tbt: BTD pivoting scheme for electrode (el-1): atom+el-1

tbt: Analyzing device sparsity pattern and pivot-table
tbt: BTD pivoting scheme in device: atom+GGPS
tbt: Done analyzing electrode and device sparsity pattern and pivot-tables

tbt: Reducing matrix (H, S) sparsity patterns by: 1620

tbt: # of device region orbitals: 279
Region (31): [A]-device
  [ 5 -- 12, 17 -- 32, 37 -- 43 ]

tbt: # of el-1 downfolding orbitals: 72
tbt: # of el-1 device orbitals: 36
Region (4): [A]-el-1 folding region
  [ 1 -- 4 ]
Region (4): [A]-el-1 folding in D
  [ 5 -- 8 ]

tbt: # of el-3 downfolding orbitals: 72
tbt: # of el-3 device orbitals: 36
Region (4): [A]-el-3 folding region
  [ 13 -- 16 ]
Region (4): [A]-el-3 folding in D
  [ 17 -- 20 ]

tbt: # of el-4 downfolding orbitals: 72
tbt: # of el-4 device orbitals: 36
Region (4): [A]-el-4 folding region
  [ 33 -- 36 ]
Region (4): [A]-el-4 folding in D
  [ 29 -- 32 ]

tbt: Creating electrode tri-diagonal matrix blocks
tbt: Creating device tri-diagonal matrix blocks
Region (4): [TRI] device region
  [ 9, 36, [117] * 2 ]
tbt: Matrix elements in BTD: 65205

tbt: Electrodes tri-diagonal matrices
Region (2): [TRI] el-1
  [ [36] * 2 ]
Region (2): [TRI] el-3
  [ [36] * 2 ]
Region (2): [TRI] el-4
  [ [36] * 2 ]

tbt: Electrode memory:  184.125 KB
tbt: Sparse H, S and auxiliary matrices memory:    1.706 MB
tbt: Sum of electrode and sparse memory:    1.886 MB

tbt: Initializing data file: term3.TBT.nc
tbt: Estimated file size of term3.TBT.nc:   8.034 MB

tbt: LHS Green function padding / memory: 3 / 1018.875 KB
tbt: RHS Green function padding / memory: 0 / 1018.828 KB
tbt: Initial ETA in               21.995 s
tbt: Calculated   5.120 %, ETA in               18.085 s
tbt: Calculated  10.240 %, ETA in               16.659 s
tbt: Calculated  15.360 %, ETA in               15.623 s
tbt: Calculated  20.480 %, ETA in               14.731 s
tbt: Calculated  25.600 %, ETA in               13.271 s
tbt: Calculated  30.720 %, ETA in               11.710 s
tbt: Calculated  35.840 %, ETA in               10.415 s
tbt: Calculated  40.960 %, ETA in                9.422 s
tbt: Calculated  46.080 %, ETA in                8.738 s
tbt: Calculated  51.200 %, ETA in                8.058 s
tbt: Calculated  56.320 %, ETA in                7.303 s
tbt: Calculated  61.440 %, ETA in                6.512 s
tbt: Calculated  66.560 %, ETA in                5.699 s
tbt: Calculated  71.680 %, ETA in                4.862 s
tbt: Calculated  76.800 %, ETA in                4.010 s
tbt: Calculated  81.920 %, ETA in                3.154 s
tbt: Calculated  87.040 %, ETA in                2.276 s
tbt: Calculated  92.160 %, ETA in                1.384 s
tbt: Calculated  97.280 %, ETA in                0.482 s
tbt: Completed in               17.798 s

Currents (ensure entire Fermi function window):
el-1 -> el-3, V [V] / I [A]:  0.00000     V /  0.00000     A
el-1 -> el-3, V [V] / P [W]:  0.00000     V /  0.00000     W
el-1 -> el-4, V [V] / I [A]:  0.00000     V /  0.00000     A
el-1 -> el-4, V [V] / P [W]:  0.00000     V /  0.00000     W
el-3 -> el-4, V [V] / I [A]:  0.00000     V /  0.00000     A
el-3 -> el-4, V [V] / P [W]:  0.00000     V /  0.00000     W


             Section          Calls    Walltime       %
 global_section                   1      18.363  100.00
  tbtrans                         1      18.363  100.00
   init-region+sp                 1       0.003    0.02
   pivot-elec                     1       0.002    0.01
    pivot                         1       0.001    0.00
   pivot-device                   1       0.001    0.01
    pivot                         1       0.001    0.01
   tri-init                       1       0.004    0.02
    tri-init-elec                 1       0.000    0.00
     TS-rgn2tri                   1       0.000    0.00
    TS-rgn2tri                    1       0.001    0.00
   TBT                            1      18.276   99.53
    read-GS                     313       7.718   42.03
    SE-dwn                      313       0.480    2.62
     ts_expand                  936       0.006    0.03
    Gf-prep                     313       5.475   29.81
     V_TM_Pinv                  312       5.036   27.42
    analysis                    313       4.167   22.69
    cdf2ascii                     1       0.247    1.34
>> End of run:  23-JAN-2021   1:35:04
