TBtrans Version: v4.1-b4-351
Architecture  : x86_64-linux-n-62-26-19
Compiler flags: mpifort -m64 -fPIC -O3 -march=native -ftree-vectorize -fexpensive-optimizatioons -funroll-loops -fprefetch-loop-arrays -fno-second-underscore  -flto
PP flags      : -I/dtu/sw/dcc/SL73/2020-aug/generic/build-tools/1.0/include -I/dtu/sw/dcc/SL773/2020-aug/generic/gcc/9.3.0/include -I/dtu/sw/dcc/SL73/2020-aug/generic/gcc/9.3.0/include -I/dtu/sw/dcc/SL73/2020-aug/XeonE5-2660v3/gnu/9.3.0/zlib/1.2.11/include -I/dtu/sw/dcc/SL73/2020-aug/generic/numactl/2.0.12/include -I/dtu/sw/dcc/SL73/2020-aug/XeonE5-2660v3/gnu/9.3.0/libxml2/2.9.10/include -I/dtu/sw/dcc/SL73/2020-aug/XeonE5-2660v3/gnu/9.3.0/hwloc/2.2.0/include -I/dtu/sw/dcc/SL73/2020-aug/XeonE5-2660v3/gnu/9.3.0/knem/1.1.4/include -I/dtu/sw/dcc/SL73/2020-aug/XeonE5-2660v3/gnu/9.3.0/ucx/1.8.1/include -I/dtu/sw/dcc/SL73/2020-aug/XeonE5-2660v3/gnu/9.3.0/openmpi/4.0.4/include -I/dtu/sw/dcc/SL73/2020-aug/XeonE5-2660v3/gnu/9.3.0/szip/2.1.1/include -I/dtu/sw/dcc/SL73/2020-aug/XeonE5-2660v3/gnu/9.3.0/hdf5/1.12.0/include -I/dtu/sw/dcc/SL73/2020-aug/XeonE5-2660v3/gnu/9.3.0/pnetcdf/1.12.1/include -I/dtu/sw/dcc/SL73/2020-aug/generic/gen-zlib/1.2.11/include -I/dtu/sw/dcc/SL73/2020-aug/generic/openssl/1.1.1/include -I/dtu/sw/dcc/SL73/2020-aug/generic/libssh2/1.8.2/include -I/dtu/sw/dcc/SL73/2020-aug/generic/curl/7.65.1/include -I/dtu/sw/dcc/SL73/2020-aug/XeonE5-2660v3/gnu/9.3.0/netcdf/4.7.4/include -I/dtu/sw/dcc/SL73/2020-aug/XeonE5-2660v3/gnu/9.3.0/flook/0.8.1/include -I/dtu/sw/dcc/SL73/2020-aug/XeonE5-2660v3/gnu/9.3.0/fftw/3.3.8/include -I/dtu/sw/dcc/SL73/2020-aug/XeonE5-2660v3/gnu/9.3.0/parmetis/4.0.3/include -I/dtu/sw/dcc/SL73/2020-aug/XeonE5-2660v3/gnu/9.3.0/scalapack/2.1.0/include -I/dtu/sw/dcc/SL73/2020-aug/XeonE5-2660v3/gnu/9.3.0/lapack/3.9.0/include -I/dtu/sw/dcc/SL73/2020-aug/XeonE5-2660v3/gnu/9.3.0/blis/0.7.0/include -I/dtu/sw/dcc/SL73/2020-aug/XeonE5-2660v3/gnu/9.3.0/scotch/6.0.9/include -I/dtu/sw/dcc/SL73/2020-aug/XeonE5-2660v3/gnu/9.3.0/mumps/5.3.3/include -I/dtu/sw/dcc/SL73/2020-aug/XeonE5-2660v3/gnu/9.3.0/elpa/2020.05.001/include -DSIESTA__ELPA -DMPI -DFC_HAVE_FLUSH -DFC_HAVE_ABORT -DCDF -DCDF4 -DSIESTA__FLOOK  -DNCDF -DNCDF_4 -DNCDF_PARALLEL -DTS_NOCHECKS -DSIESTA__METIS -DSIESTA__MUMPS -DSIESTA__MRRR -I/dtu/sw/dcc/SL73/2020-aug/XeonE5-2660v3/gnu/9.3.0/elpa/2020.05.001/include/elpa  -DTBTRANS
Libraries     : libncdf.a libfdict.a -lnetcdff -lnetcdf -lpnetcdf -lhdf5_hl -lhdf5 -lz  -lzmuumps -lmumps_common -lesmumps -lscotch -lscotcherr -lpord -lparmetis -lmetis -lelpa -lscalapack -llapack -lblis  -L/dtu/sw/dcc/SL73/2020-aug/XeonE5-2660v3/gnu/9.3.0/flook/0.8.1/lib -Wl,-rpath=/dtu/sw/dcc/SL73/2020-aug/XeonE5-2660v3/gnu/9.3.0/flook/0.8.1/lib -lflookall -ldl  -flto -fuse-linker-plugin  -lmetis
PARALLEL version
NetCDF support
NetCDF-4 support
NetCDF-4 MPI-IO support
METIS ordering support

* Running on 8 nodes in parallel
>> Start of run:  23-JAN-2021   0:29:38

                           ************************ 
                           *  WELCOME TO TBtrans  * 
                           ************************ 

reinit: Reading from au_100.fdf

reinit: -----------------------------------------------------------------------
reinit: System Name: Au 100 with gold chain
reinit: -----------------------------------------------------------------------
reinit: System Label: au_100
reinit: -----------------------------------------------------------------------

k-point displ. along   1 input, could be:     0.00    0.50
k-point displ. along   2 input, could be:     0.00    0.50
 Kpoints in:            4 . Kpoints trimmed:            4
tbt: Number of transport k-points = 4
tbt: Method = Monkhorst-Pack grid.
tbt: k-grid: Supercell and displacements
tbt:            2   0   0      0.000
tbt:            0   2   0      0.000
tbt:            0   0   1      0.000


tbt: **************************************************************
tbt: Electronic temperature (reference)             =  299.9869 K
tbt: Voltage                                        =    0.2500 Volts
tbt: Calculate transmission only using diag(Gf)     =    F
tbt: Saving bulk transmission for electrodes        =    F
tbt: Saving DOS from bulk electrodes                =    F
tbt: Saving DOS from Green function                 =    F
tbt: Saving DOS from spectral functions             =    F
tbt: Saving bond currents (orb-orb)                 =    F
tbt: Saving DM from Green function                  =    F
tbt: Saving DM from spectral functions              =    F
tbt: Saving COOP from Green function                =    F
tbt: Saving COOP from spectral functions            =    F
tbt: Saving COHP from Green function                =    F
tbt: Saving COHP from spectral functions            =    F
tbt: Calc. # transmission eigenvalues               =  0
tbt: Calc. T between all electrodes                 =    F
tbt: Calc. total T out of electrodes                =    F
tbt: Non-polarized Hamiltonian
tbt: BTD creation algorithm                         =    speed
tbt: BTD spectral function algorithm                =    propagation
tbt: Divide and conquer diagonalization             =    F
tbt: Assume LAPACK <i|S|j> = delta_ij               =    F
tbt: Saving downfolded self-energies                =    F
tbt: No delta Hamiltonian
tbt: No delta self-energy
tbt: Data files stored in current folder
tbt: No compression of TBT.nc files
tbt: Default NetCDF precision                       =    single
tbt: Use parallel MPI-IO for NetCDF file            =    F
tbt:           >> Electrodes << 
tbt: >> Left
tbt:   Electrode cell pivoting: E1, E2, E3          = A1, A2, A3
tbt:   In-core self-energy calculation
tbt:   Electrode TSHS file                          = ./elec_au_100.TSHS
tbt:   # atoms used in electrode                    =   36
tbt:   Electrode Bloch unity [E1 x E2 x E3]         = 1 x 1 x 1
tbt:   Position in geometry                         = 1 -- 36
tbt:   Semi-infinite direction for electrode        = negative wrt. E3
tbt:   Chemical shift                               =    0.125000 eV
tbt:   Electronic temperature                       =  299.986869 K
tbt:   Gamma-only electrode                         =    F
tbt:   Bulk H, S in electrode region                =    T
tbt:   Manual delta-Ef shift                        =    0.000000 eV
tbt:   Hamiltonian E-C bias fractional shift        =    0.0000
tbt:   Electrode self-energy imaginary Eta          =  0.1000E-02 eV
tbt:   Electrode self-energy accuracy               =  0.1000E-12 eV
tbt:   Electrode inter-layer distance (semi-inf)    =    2.0391 Ang
tbt: >> Right
tbt:   Electrode cell pivoting: E1, E2, E3          = A1, A2, A3
tbt:   In-core self-energy calculation
tbt:   Electrode TSHS file                          = ./elec_au_100.TSHS
tbt:   # atoms used in electrode                    =   36
tbt:   Electrode Bloch unity [E1 x E2 x E3]         = 1 x 1 x 1
tbt:   Position in geometry                         = 77 -- 112
tbt:   Semi-infinite direction for electrode        = positive wrt. E3
tbt:   Chemical shift                               =   -0.125000 eV
tbt:   Electronic temperature                       =  299.986869 K
tbt:   Gamma-only electrode                         =    F
tbt:   Bulk H, S in electrode region                =    T
tbt:   Manual delta-Ef shift                        =    0.000000 eV
tbt:   Hamiltonian E-C bias fractional shift        =    0.0000
tbt:   Electrode self-energy imaginary Eta          =  0.1000E-02 eV
tbt:   Electrode self-energy accuracy               =  0.1000E-12 eV
tbt:   Electrode inter-layer distance (semi-inf)    =    2.0391 Ang
ts:              >> TBtrans contour << 
ts: Device Green function imaginary Eta             =  0.000     eV
ts: Contour name                                    =    TBT.Contour.line
ts:   line contour E_min                            =   -2.0000 eV
ts:   line contour E_max                            =    2.0000 eV
ts:   line contour points                           =  400
ts:   line contour method                           =    Mid-rule
tbt: **************************************************************

tbt: <<<<<<<<<<<<<<<<<<<<<<<<<<<<<<<<<<<<<<<<<<<<<<<<<<<<<<<<<<<<<<
%block TBT.Contours
    line
%endblock TBT.Contours

%block TBT.Contour.line
  part line
     from -2. eV to 2. eV
      delta 0.01 eV
        method mid-rule
%endblock TBT.Contour.line
tbt: <<<<<<<<<<<<<<<<<<<<<<<<<<<<<<<<<<<<<<<<<<<<<<<<<<<<<<<<<<<<<<

************************ Begin: TBT CHECKS AND WARNINGS ************************
 ** Speed up the execution by utilizing parallel I/O
  > TBT.CDF.MPI true
************************ End: TBT CHECKS AND WARNINGS **************************

Device information (full):
  <sparsity:au_100.TSHS
    nrows_g=1008 nrows=1008 sparsity=1.4229 nnzs=1445744, refcount: 3>

Electrode information:

  <sparsity:./elec_au_100.TSHS
    nrows_g=324 nrows=324 sparsity=5.1814 nnzs=543924, refcount: 3>
  <sparsity:(TM [--,--, 0] of: ./elec_au_100.TSHS)
    nrows_g=324 nrows=324 sparsity=2.9781 nnzs=312624, refcount: 3>
  <sparsity:(TM [--,--,-1] of: ./elec_au_100.TSHS)
    nrows_g=324 nrows=324 sparsity=1.1017 nnzs=115650, refcount: 3>
 Left principal cell is perfect!

  <sparsity:./elec_au_100.TSHS
    nrows_g=324 nrows=324 sparsity=5.1814 nnzs=543924, refcount: 3>
  <sparsity:(TM [--,--, 0] of: ./elec_au_100.TSHS)
    nrows_g=324 nrows=324 sparsity=2.9781 nnzs=312624, refcount: 3>
  <sparsity:(TM [--,--, 1] of: ./elec_au_100.TSHS)
    nrows_g=324 nrows=324 sparsity=1.1017 nnzs=115650, refcount: 3>
 Right principal cell is perfect!


tbt: Analyzing electrode sparsity pattern and electrode pivot-tables
tbt: BTD pivoting scheme for electrode (Left): atom+Left

tbt: Analyzing device sparsity pattern and pivot-table
tbt: BTD pivoting scheme in device: atom+Left
tbt: Done analyzing electrode and device sparsity pattern and pivot-tables

tbt: Reducing matrix (H, S) sparsity patterns by: 231300

tbt: # of device region orbitals: 360
Region (40): [A]-device
  [ 37 -- 76 ]

tbt: # of Left downfolding orbitals: 504
tbt: # of Left device orbitals: 180
Region (36): [A]-Left folding region
  [ 1 -- 36 ]
Region (20): [A]-Left folding in D
  [ 37 -- 56 ]

tbt: # of Right downfolding orbitals: 504
tbt: # of Right device orbitals: 180
Region (36): [A]-Right folding region
  [ 77 -- 112 ]
Region (20): [A]-Right folding in D
  [ 57 -- 76 ]

tbt: Creating electrode tri-diagonal matrix blocks
tbt: Creating device tri-diagonal matrix blocks
Region (2): [TRI] device region
  [ [180] * 2 ]
tbt: Matrix elements in BTD: 129600

tbt: Electrodes tri-diagonal matrices
Region (2): [TRI] Left
  [ 324, 180 ]
Region (2): [TRI] Right
  [ 324, 180 ]

tbt: Electrode memory:   19.541 MB
tbt: Sparse H, S and auxiliary matrices memory:   31.296 MB
tbt: Sum of electrode and sparse memory:   50.837 MB

tbt: Initializing data file: au_100.TBT.nc
tbt: Estimated file size of au_100.TBT.nc:  21.102 KB

tbt: LHS Green function padding / memory: 1130112 /   19.222 MB
tbt: RHS Green function padding / memory: 80352 /    3.204 MB
tbt: Initial ETA in              528.120 s
tbt: Calculated   5.000 %, ETA in              490.590 s
tbt: Calculated  10.000 %, ETA in              465.693 s
tbt: Calculated  15.000 %, ETA in              442.392 s
tbt: Calculated  20.000 %, ETA in              418.210 s
tbt: Calculated  25.000 %, ETA in              393.452 s
tbt: Calculated  30.000 %, ETA in              365.302 s
tbt: Calculated  35.000 %, ETA in              337.915 s
tbt: Calculated  40.000 %, ETA in              313.224 s
tbt: Calculated  45.000 %, ETA in              288.337 s
tbt: Calculated  50.000 %, ETA in              263.184 s
tbt: Calculated  55.000 %, ETA in              236.249 s
tbt: Calculated  60.000 %, ETA in              209.473 s
tbt: Calculated  65.000 %, ETA in              183.688 s
tbt: Calculated  70.000 %, ETA in              157.832 s
tbt: Calculated  75.000 %, ETA in              131.817 s
tbt: Calculated  80.000 %, ETA in              104.914 s
tbt: Calculated  85.000 %, ETA in               78.531 s
tbt: Calculated  90.000 %, ETA in               52.297 s
tbt: Calculated  95.000 %, ETA in               26.150 s
tbt: Completed in              524.040 s

Currents (ensure entire Fermi function window):
Left -> Right, V [V] / I [A]: 0.250000     V / 0.769618E-05 A
Left -> Right, V [V] / P [W]: 0.250000     V / -.936755E-06 W


             Section          Calls    Walltime       %
 global_section                   1     528.162  100.00
  tbtrans                         1     528.162  100.00
   init-region+sp                 1       0.140    0.03
   pivot-elec                     1       0.011    0.00
    pivot                         1       0.007    0.00
   pivot-device                   1       0.007    0.00
    pivot                         1       0.007    0.00
   tri-init                       1       0.099    0.02
    tri-init-elec                 1       0.004    0.00
     TS-rgn2tri                   1       0.001    0.00
    TS-rgn2tri                    1       0.001    0.00
   TBT                            1     525.715   99.54
    read-GS                     200     494.965   93.71
    SE-dwn                      200       9.862    1.87
     ts_expand                  400       0.189    0.04
    Gf-prep                     200       4.792    0.91
     V_TM_Pinv                  200       3.948    0.75
    analysis                    200      15.164    2.87
    cdf2ascii                     1       0.025    0.00
>> End of run:  23-JAN-2021   0:38:26
